C0_b0.01_s3_lik0: train=186 records, 2000 steps, eval every 40, device=cuda
/tmp/robust-ecg-ssl/scripts/train.py:143: UserWarning: Converting a tensor with requires_grad=True to a scalar may lead to unexpected behavior.
Consider using tensor.detach() first. (Triggered internally at /pytorch/torch/csrc/autograd/generated/python_variable_methods.cpp:836.)
  print(f"step {step}/{total}  loss {float(loss):.4f}  val macro-AUROC {auc:.4f} "
step 40/2000  loss 0.8990  val macro-AUROC 0.5646 (best 0.5646, 71 labels)  0.1 min
step 80/2000  loss 0.7543  val macro-AUROC 0.5567 (best 0.5646, 71 labels)  0.1 min
step 120/2000  loss 0.5832  val macro-AUROC 0.5963 (best 0.5963, 71 labels)  0.2 min
step 160/2000  loss 0.2954  val macro-AUROC 0.6194 (best 0.6194, 71 labels)  0.2 min
step 200/2000  loss 0.1023  val macro-AUROC 0.6617 (best 0.6617, 71 labels)  0.3 min
step 240/2000  loss 0.0651  val macro-AUROC 0.5289 (best 0.6617, 71 labels)  0.3 min
step 280/2000  loss 0.0449  val macro-AUROC 0.6788 (best 0.6788, 71 labels)  0.3 min
step 320/2000  loss 0.0348  val macro-AUROC 0.6434 (best 0.6788, 71 labels)  0.4 min
step 360/2000  loss 0.0251  val macro-AUROC 0.6634 (best 0.6788, 71 labels)  0.4 min
step 400/2000  loss 0.0208  val macro-AUROC 0.6312 (best 0.6788, 71 labels)  0.5 min
step 440/2000  loss 0.0149  val macro-AUROC 0.6722 (best 0.6788, 71 labels)  0.5 min
step 480/2000  loss 0.0154  val macro-AUROC 0.6325 (best 0.6788, 71 labels)  0.6 min
step 520/2000  loss 0.0098  val macro-AUROC 0.6490 (best 0.6788, 71 labels)  0.6 min
step 560/2000  loss 0.0082  val macro-AUROC 0.6245 (best 0.6788, 71 labels)  0.7 min
step 600/2000  loss 0.0069  val macro-AUROC 0.6797 (best 0.6797, 71 labels)  0.7 min
step 640/2000  loss 0.0068  val macro-AUROC 0.6292 (best 0.6797, 71 labels)  0.8 min
step 680/2000  loss 0.0078  val macro-AUROC 0.6530 (best 0.6797, 71 labels)  0.8 min
step 720/2000  loss 0.0069  val macro-AUROC 0.6679 (best 0.6797, 71 labels)  0.9 min
step 760/2000  loss 0.0051  val macro-AUROC 0.6658 (best 0.6797, 71 labels)  0.9 min
step 800/2000  loss 0.0045  val macro-AUROC 0.6864 (best 0.6864, 71 labels)  1.0 min
step 840/2000  loss 0.0042  val macro-AUROC 0.6751 (best 0.6864, 71 labels)  1.0 min
step 880/2000  loss 0.0045  val macro-AUROC 0.6777 (best 0.6864, 71 labels)  1.0 min
step 920/2000  loss 0.0032  val macro-AUROC 0.6970 (best 0.6970, 71 labels)  1.1 min
step 960/2000  loss 0.0036  val macro-AUROC 0.6773 (best 0.6970, 71 labels)  1.1 min
step 1000/2000  loss 0.0030  val macro-AUROC 0.6988 (best 0.6988, 71 labels)  1.2 min
step 1040/2000  loss 0.0029  val macro-AUROC 0.6826 (best 0.6988, 71 labels)  1.2 min
step 1080/2000  loss 0.0031  val macro-AUROC 0.6660 (best 0.6988, 71 labels)  1.3 min
step 1120/2000  loss 0.0024  val macro-AUROC 0.6528 (best 0.6988, 71 labels)  1.3 min
step 1160/2000  loss 0.0019  val macro-AUROC 0.6755 (best 0.6988, 71 labels)  1.4 min
step 1200/2000  loss 0.0020  val macro-AUROC 0.6762 (best 0.6988, 71 labels)  1.4 min
step 1240/2000  loss 0.0018  val macro-AUROC 0.6939 (best 0.6988, 71 labels)  1.5 min
step 1280/2000  loss 0.0020  val macro-AUROC 0.6779 (best 0.6988, 71 labels)  1.5 min
step 1320/2000  loss 0.0023  val macro-AUROC 0.6729 (best 0.6988, 71 labels)  1.5 min
step 1360/2000  loss 0.0018  val macro-AUROC 0.6876 (best 0.6988, 71 labels)  1.6 min
step 1400/2000  loss 0.0021  val macro-AUROC 0.6815 (best 0.6988, 71 labels)  1.6 min
step 1440/2000  loss 0.0014  val macro-AUROC 0.6864 (best 0.6988, 71 labels)  1.7 min
step 1480/2000  loss 0.0012  val macro-AUROC 0.6898 (best 0.6988, 71 labels)  1.7 min
step 1520/2000  loss 0.0017  val macro-AUROC 0.6801 (best 0.6988, 71 labels)  1.8 min
step 1560/2000  loss 0.0011  val macro-AUROC 0.6815 (best 0.6988, 71 labels)  1.8 min
step 1600/2000  loss 0.0020  val macro-AUROC 0.6780 (best 0.6988, 71 labels)  1.9 min
step 1640/2000  loss 0.0016  val macro-AUROC 0.6721 (best 0.6988, 71 labels)  1.9 min
step 1680/2000  loss 0.0015  val macro-AUROC 0.6796 (best 0.6988, 71 labels)  2.0 min
step 1720/2000  loss 0.0012  val macro-AUROC 0.6815 (best 0.6988, 71 labels)  2.0 min
step 1760/2000  loss 0.0019  val macro-AUROC 0.6774 (best 0.6988, 71 labels)  2.1 min
step 1800/2000  loss 0.0009  val macro-AUROC 0.6750 (best 0.6988, 71 labels)  2.1 min
step 1840/2000  loss 0.0017  val macro-AUROC 0.6789 (best 0.6988, 71 labels)  2.2 min
step 1880/2000  loss 0.0023  val macro-AUROC 0.6796 (best 0.6988, 71 labels)  2.2 min
step 1920/2000  loss 0.0012  val macro-AUROC 0.6796 (best 0.6988, 71 labels)  2.2 min
step 1960/2000  loss 0.0012  val macro-AUROC 0.6821 (best 0.6988, 71 labels)  2.3 min
step 2000/2000  loss 0.0016  val macro-AUROC 0.6800 (best 0.6988, 71 labels)  2.3 min
{"run_id": "C0_b0.01_s3_lik0", "test_macro_auroc": 0.6947609947178083, "test_e3_macro_auroc": 0.8618491715125606, "sph_e3_macro_auroc": 0.9046018022069189}
