C0_b0.05_s2_lik0: train=860 records, 2000 steps, eval every 40, device=cuda
/tmp/robust-ecg-ssl/scripts/train.py:143: UserWarning: Converting a tensor with requires_grad=True to a scalar may lead to unexpected behavior.
Consider using tensor.detach() first. (Triggered internally at /pytorch/torch/csrc/autograd/generated/python_variable_methods.cpp:836.)
  print(f"step {step}/{total}  loss {float(loss):.4f}  val macro-AUROC {auc:.4f} "
step 40/2000  loss 0.9110  val macro-AUROC 0.5904 (best 0.5904, 71 labels)  0.1 min
step 80/2000  loss 0.7802  val macro-AUROC 0.5911 (best 0.5911, 71 labels)  0.1 min
step 120/2000  loss 0.6177  val macro-AUROC 0.5874 (best 0.5911, 71 labels)  0.2 min
step 160/2000  loss 0.2887  val macro-AUROC 0.5938 (best 0.5938, 71 labels)  0.2 min
step 200/2000  loss 0.1137  val macro-AUROC 0.5827 (best 0.5938, 71 labels)  0.2 min
step 240/2000  loss 0.0901  val macro-AUROC 0.7703 (best 0.7703, 71 labels)  0.3 min
step 280/2000  loss 0.0869  val macro-AUROC 0.7753 (best 0.7753, 71 labels)  0.3 min
step 320/2000  loss 0.0957  val macro-AUROC 0.7613 (best 0.7753, 71 labels)  0.4 min
step 360/2000  loss 0.0790  val macro-AUROC 0.7051 (best 0.7753, 71 labels)  0.4 min
step 400/2000  loss 0.0828  val macro-AUROC 0.8054 (best 0.8054, 71 labels)  0.5 min
step 440/2000  loss 0.0675  val macro-AUROC 0.8109 (best 0.8109, 71 labels)  0.5 min
step 480/2000  loss 0.0741  val macro-AUROC 0.8152 (best 0.8152, 71 labels)  0.6 min
step 520/2000  loss 0.0686  val macro-AUROC 0.8067 (best 0.8152, 71 labels)  0.6 min
step 560/2000  loss 0.0546  val macro-AUROC 0.8181 (best 0.8181, 71 labels)  0.7 min
step 600/2000  loss 0.0535  val macro-AUROC 0.8083 (best 0.8181, 71 labels)  0.7 min
step 640/2000  loss 0.0463  val macro-AUROC 0.8173 (best 0.8181, 71 labels)  0.8 min
step 680/2000  loss 0.0426  val macro-AUROC 0.7968 (best 0.8181, 71 labels)  0.8 min
step 720/2000  loss 0.0524  val macro-AUROC 0.8159 (best 0.8181, 71 labels)  0.8 min
step 760/2000  loss 0.0475  val macro-AUROC 0.8079 (best 0.8181, 71 labels)  0.9 min
step 800/2000  loss 0.0404  val macro-AUROC 0.8076 (best 0.8181, 71 labels)  0.9 min
step 840/2000  loss 0.0295  val macro-AUROC 0.8167 (best 0.8181, 71 labels)  1.0 min
step 880/2000  loss 0.0332  val macro-AUROC 0.8059 (best 0.8181, 71 labels)  1.0 min
step 920/2000  loss 0.0251  val macro-AUROC 0.8057 (best 0.8181, 71 labels)  1.1 min
step 960/2000  loss 0.0346  val macro-AUROC 0.8086 (best 0.8181, 71 labels)  1.1 min
step 1000/2000  loss 0.0236  val macro-AUROC 0.8221 (best 0.8221, 71 labels)  1.2 min
step 1040/2000  loss 0.0225  val macro-AUROC 0.8059 (best 0.8221, 71 labels)  1.2 min
step 1080/2000  loss 0.0223  val macro-AUROC 0.8128 (best 0.8221, 71 labels)  1.3 min
step 1120/2000  loss 0.0220  val macro-AUROC 0.8117 (best 0.8221, 71 labels)  1.3 min
step 1160/2000  loss 0.0218  val macro-AUROC 0.8240 (best 0.8240, 71 labels)  1.4 min
step 1200/2000  loss 0.0164  val macro-AUROC 0.8191 (best 0.8240, 71 labels)  1.4 min
step 1240/2000  loss 0.0180  val macro-AUROC 0.8067 (best 0.8240, 71 labels)  1.4 min
step 1280/2000  loss 0.0186  val macro-AUROC 0.8181 (best 0.8240, 71 labels)  1.5 min
step 1320/2000  loss 0.0159  val macro-AUROC 0.8175 (best 0.8240, 71 labels)  1.5 min
step 1360/2000  loss 0.0133  val macro-AUROC 0.8043 (best 0.8240, 71 labels)  1.6 min
step 1400/2000  loss 0.0097  val macro-AUROC 0.8103 (best 0.8240, 71 labels)  1.6 min
step 1440/2000  loss 0.0122  val macro-AUROC 0.8138 (best 0.8240, 71 labels)  1.7 min
step 1480/2000  loss 0.0122  val macro-AUROC 0.8107 (best 0.8240, 71 labels)  1.7 min
step 1520/2000  loss 0.0099  val macro-AUROC 0.8151 (best 0.8240, 71 labels)  1.8 min
step 1560/2000  loss 0.0110  val macro-AUROC 0.8077 (best 0.8240, 71 labels)  1.8 min
step 1600/2000  loss 0.0119  val macro-AUROC 0.8060 (best 0.8240, 71 labels)  1.9 min
step 1640/2000  loss 0.0105  val macro-AUROC 0.8156 (best 0.8240, 71 labels)  1.9 min
step 1680/2000  loss 0.0064  val macro-AUROC 0.8052 (best 0.8240, 71 labels)  1.9 min
step 1720/2000  loss 0.0069  val macro-AUROC 0.8100 (best 0.8240, 71 labels)  2.0 min
step 1760/2000  loss 0.0079  val macro-AUROC 0.8130 (best 0.8240, 71 labels)  2.0 min
step 1800/2000  loss 0.0068  val macro-AUROC 0.8057 (best 0.8240, 71 labels)  2.1 min
step 1840/2000  loss 0.0104  val macro-AUROC 0.8068 (best 0.8240, 71 labels)  2.1 min
step 1880/2000  loss 0.0100  val macro-AUROC 0.8069 (best 0.8240, 71 labels)  2.2 min
step 1920/2000  loss 0.0074  val macro-AUROC 0.8069 (best 0.8240, 71 labels)  2.2 min
step 1960/2000  loss 0.0083  val macro-AUROC 0.8070 (best 0.8240, 71 labels)  2.3 min
step 2000/2000  loss 0.0084  val macro-AUROC 0.8075 (best 0.8240, 71 labels)  2.3 min
{"run_id": "C0_b0.05_s2_lik0", "test_macro_auroc": 0.8167946274251661, "test_e3_macro_auroc": 0.9183238885192212, "sph_e3_macro_auroc": 0.9443153461998993}
