C0_b0.25_s2_lik0: train=4378 records, 2000 steps, eval every 40, device=cuda
/tmp/robust-ecg-ssl/scripts/train.py:143: UserWarning: Converting a tensor with requires_grad=True to a scalar may lead to unexpected behavior.
Consider using tensor.detach() first. (Triggered internally at /pytorch/torch/csrc/autograd/generated/python_variable_methods.cpp:836.)
  print(f"step {step}/{total}  loss {float(loss):.4f}  val macro-AUROC {auc:.4f} "
step 40/2000  loss 0.9047  val macro-AUROC 0.5737 (best 0.5737, 71 labels)  0.1 min
step 80/2000  loss 0.7715  val macro-AUROC 0.5945 (best 0.5945, 71 labels)  0.1 min
step 120/2000  loss 0.6190  val macro-AUROC 0.6071 (best 0.6071, 71 labels)  0.2 min
step 160/2000  loss 0.2950  val macro-AUROC 0.6754 (best 0.6754, 71 labels)  0.2 min
step 200/2000  loss 0.1314  val macro-AUROC 0.5247 (best 0.6754, 71 labels)  0.2 min
step 240/2000  loss 0.0984  val macro-AUROC 0.7210 (best 0.7210, 71 labels)  0.3 min
step 280/2000  loss 0.1004  val macro-AUROC 0.7736 (best 0.7736, 71 labels)  0.3 min
step 320/2000  loss 0.0999  val macro-AUROC 0.7825 (best 0.7825, 71 labels)  0.4 min
step 360/2000  loss 0.0844  val macro-AUROC 0.7995 (best 0.7995, 71 labels)  0.4 min
step 400/2000  loss 0.0978  val macro-AUROC 0.7916 (best 0.7995, 71 labels)  0.5 min
step 440/2000  loss 0.0861  val macro-AUROC 0.8222 (best 0.8222, 71 labels)  0.5 min
step 480/2000  loss 0.0940  val macro-AUROC 0.7980 (best 0.8222, 71 labels)  0.6 min
step 520/2000  loss 0.0763  val macro-AUROC 0.8496 (best 0.8496, 71 labels)  0.6 min
step 560/2000  loss 0.0723  val macro-AUROC 0.8451 (best 0.8496, 71 labels)  0.7 min
step 600/2000  loss 0.0776  val macro-AUROC 0.8611 (best 0.8611, 71 labels)  0.7 min
step 640/2000  loss 0.0700  val macro-AUROC 0.8550 (best 0.8611, 71 labels)  0.8 min
step 680/2000  loss 0.0721  val macro-AUROC 0.8591 (best 0.8611, 71 labels)  0.8 min
step 720/2000  loss 0.0620  val macro-AUROC 0.8721 (best 0.8721, 71 labels)  0.8 min
step 760/2000  loss 0.0760  val macro-AUROC 0.8706 (best 0.8721, 71 labels)  0.9 min
step 800/2000  loss 0.0769  val macro-AUROC 0.8719 (best 0.8721, 71 labels)  0.9 min
step 840/2000  loss 0.0687  val macro-AUROC 0.8736 (best 0.8736, 71 labels)  1.0 min
step 880/2000  loss 0.0718  val macro-AUROC 0.8764 (best 0.8764, 71 labels)  1.0 min
step 920/2000  loss 0.0649  val macro-AUROC 0.8737 (best 0.8764, 71 labels)  1.1 min
step 960/2000  loss 0.0612  val macro-AUROC 0.8749 (best 0.8764, 71 labels)  1.1 min
step 1000/2000  loss 0.0719  val macro-AUROC 0.8798 (best 0.8798, 71 labels)  1.2 min
step 1040/2000  loss 0.0640  val macro-AUROC 0.8821 (best 0.8821, 71 labels)  1.2 min
step 1080/2000  loss 0.0599  val macro-AUROC 0.8853 (best 0.8853, 71 labels)  1.2 min
step 1120/2000  loss 0.0641  val macro-AUROC 0.8845 (best 0.8853, 71 labels)  1.3 min
step 1160/2000  loss 0.0597  val macro-AUROC 0.8839 (best 0.8853, 71 labels)  1.3 min
step 1200/2000  loss 0.0755  val macro-AUROC 0.8887 (best 0.8887, 71 labels)  1.4 min
step 1240/2000  loss 0.0545  val macro-AUROC 0.8922 (best 0.8922, 71 labels)  1.4 min
step 1280/2000  loss 0.0692  val macro-AUROC 0.8852 (best 0.8922, 71 labels)  1.5 min
step 1320/2000  loss 0.0676  val macro-AUROC 0.8842 (best 0.8922, 71 labels)  1.5 min
step 1360/2000  loss 0.0594  val macro-AUROC 0.8907 (best 0.8922, 71 labels)  1.6 min
step 1400/2000  loss 0.0663  val macro-AUROC 0.8910 (best 0.8922, 71 labels)  1.6 min
step 1440/2000  loss 0.0604  val macro-AUROC 0.8883 (best 0.8922, 71 labels)  1.7 min
step 1480/2000  loss 0.0639  val macro-AUROC 0.8927 (best 0.8927, 71 labels)  1.7 min
step 1520/2000  loss 0.0545  val macro-AUROC 0.8917 (best 0.8927, 71 labels)  1.7 min
step 1560/2000  loss 0.0482  val macro-AUROC 0.8908 (best 0.8927, 71 labels)  1.8 min
step 1600/2000  loss 0.0445  val macro-AUROC 0.8876 (best 0.8927, 71 labels)  1.8 min
step 1640/2000  loss 0.0592  val macro-AUROC 0.8927 (best 0.8927, 71 labels)  1.9 min
step 1680/2000  loss 0.0515  val macro-AUROC 0.8936 (best 0.8936, 71 labels)  1.9 min
step 1720/2000  loss 0.0540  val macro-AUROC 0.8918 (best 0.8936, 71 labels)  2.0 min
step 1760/2000  loss 0.0520  val macro-AUROC 0.8936 (best 0.8936, 71 labels)  2.0 min
step 1800/2000  loss 0.0503  val macro-AUROC 0.8921 (best 0.8936, 71 labels)  2.1 min
step 1840/2000  loss 0.0472  val macro-AUROC 0.8941 (best 0.8941, 71 labels)  2.1 min
step 1880/2000  loss 0.0538  val macro-AUROC 0.8916 (best 0.8941, 71 labels)  2.2 min
step 1920/2000  loss 0.0582  val macro-AUROC 0.8912 (best 0.8941, 71 labels)  2.2 min
step 1960/2000  loss 0.0399  val macro-AUROC 0.8911 (best 0.8941, 71 labels)  2.3 min
step 2000/2000  loss 0.0509  val macro-AUROC 0.8912 (best 0.8941, 71 labels)  2.3 min
{"run_id": "C0_b0.25_s2_lik0", "test_macro_auroc": 0.8832331091632543, "test_e3_macro_auroc": 0.9616882760437506, "sph_e3_macro_auroc": 0.9683442206414787}
