C0_b0.5_s2_lik0: train=8743 records, 3400 steps, eval every 68, device=cuda
/tmp/robust-ecg-ssl/scripts/train.py:143: UserWarning: Converting a tensor with requires_grad=True to a scalar may lead to unexpected behavior.
Consider using tensor.detach() first. (Triggered internally at /pytorch/torch/csrc/autograd/generated/python_variable_methods.cpp:836.)
  print(f"step {step}/{total}  loss {float(loss):.4f}  val macro-AUROC {auc:.4f} "
step 68/3400  loss 0.8478  val macro-AUROC 0.6138 (best 0.6138, 71 labels)  0.1 min
step 136/3400  loss 0.6679  val macro-AUROC 0.6444 (best 0.6444, 71 labels)  0.1 min
step 204/3400  loss 0.3147  val macro-AUROC 0.6523 (best 0.6523, 71 labels)  0.2 min
step 272/3400  loss 0.1304  val macro-AUROC 0.6848 (best 0.6848, 71 labels)  0.3 min
step 340/3400  loss 0.1167  val macro-AUROC 0.7443 (best 0.7443, 71 labels)  0.3 min
step 408/3400  loss 0.0845  val macro-AUROC 0.8085 (best 0.8085, 71 labels)  0.4 min
step 476/3400  loss 0.0909  val macro-AUROC 0.8042 (best 0.8085, 71 labels)  0.4 min
step 544/3400  loss 0.0819  val macro-AUROC 0.8321 (best 0.8321, 71 labels)  0.5 min
step 612/3400  loss 0.0773  val macro-AUROC 0.8460 (best 0.8460, 71 labels)  0.6 min
step 680/3400  loss 0.0789  val macro-AUROC 0.8557 (best 0.8557, 71 labels)  0.6 min
step 748/3400  loss 0.0738  val macro-AUROC 0.8578 (best 0.8578, 71 labels)  0.7 min
step 816/3400  loss 0.0763  val macro-AUROC 0.8653 (best 0.8653, 71 labels)  0.8 min
step 884/3400  loss 0.0762  val macro-AUROC 0.8580 (best 0.8653, 71 labels)  0.8 min
step 952/3400  loss 0.0768  val macro-AUROC 0.8730 (best 0.8730, 71 labels)  0.9 min
step 1020/3400  loss 0.0674  val macro-AUROC 0.8857 (best 0.8857, 71 labels)  1.0 min
step 1088/3400  loss 0.0757  val macro-AUROC 0.8648 (best 0.8857, 71 labels)  1.0 min
step 1156/3400  loss 0.0638  val macro-AUROC 0.8898 (best 0.8898, 71 labels)  1.1 min
step 1224/3400  loss 0.0669  val macro-AUROC 0.8868 (best 0.8898, 71 labels)  1.1 min
step 1292/3400  loss 0.0621  val macro-AUROC 0.8855 (best 0.8898, 71 labels)  1.2 min
step 1360/3400  loss 0.0601  val macro-AUROC 0.8856 (best 0.8898, 71 labels)  1.3 min
step 1428/3400  loss 0.0625  val macro-AUROC 0.8927 (best 0.8927, 71 labels)  1.3 min
step 1496/3400  loss 0.0611  val macro-AUROC 0.8961 (best 0.8961, 71 labels)  1.4 min
step 1564/3400  loss 0.0726  val macro-AUROC 0.8941 (best 0.8961, 71 labels)  1.4 min
step 1632/3400  loss 0.0646  val macro-AUROC 0.8989 (best 0.8989, 71 labels)  1.5 min
step 1700/3400  loss 0.0637  val macro-AUROC 0.9016 (best 0.9016, 71 labels)  1.6 min
step 1768/3400  loss 0.0654  val macro-AUROC 0.8956 (best 0.9016, 71 labels)  1.6 min
step 1836/3400  loss 0.0596  val macro-AUROC 0.9037 (best 0.9037, 71 labels)  1.7 min
step 1904/3400  loss 0.0654  val macro-AUROC 0.8999 (best 0.9037, 71 labels)  1.8 min
step 1972/3400  loss 0.0678  val macro-AUROC 0.9033 (best 0.9037, 71 labels)  1.8 min
step 2040/3400  loss 0.0614  val macro-AUROC 0.9044 (best 0.9044, 71 labels)  1.9 min
step 2108/3400  loss 0.0629  val macro-AUROC 0.9047 (best 0.9047, 71 labels)  1.9 min
step 2176/3400  loss 0.0657  val macro-AUROC 0.9054 (best 0.9054, 71 labels)  2.0 min
step 2244/3400  loss 0.0577  val macro-AUROC 0.9049 (best 0.9054, 71 labels)  2.1 min
step 2312/3400  loss 0.0590  val macro-AUROC 0.9097 (best 0.9097, 71 labels)  2.1 min
step 2380/3400  loss 0.0542  val macro-AUROC 0.9105 (best 0.9105, 71 labels)  2.2 min
step 2448/3400  loss 0.0549  val macro-AUROC 0.9091 (best 0.9105, 71 labels)  2.3 min
step 2516/3400  loss 0.0627  val macro-AUROC 0.9120 (best 0.9120, 71 labels)  2.3 min
step 2584/3400  loss 0.0603  val macro-AUROC 0.9083 (best 0.9120, 71 labels)  2.4 min
step 2652/3400  loss 0.0531  val macro-AUROC 0.9060 (best 0.9120, 71 labels)  2.4 min
step 2720/3400  loss 0.0517  val macro-AUROC 0.9088 (best 0.9120, 71 labels)  2.5 min
step 2788/3400  loss 0.0573  val macro-AUROC 0.9104 (best 0.9120, 71 labels)  2.6 min
step 2856/3400  loss 0.0554  val macro-AUROC 0.9095 (best 0.9120, 71 labels)  2.6 min
step 2924/3400  loss 0.0511  val macro-AUROC 0.9118 (best 0.9120, 71 labels)  2.7 min
step 2992/3400  loss 0.0543  val macro-AUROC 0.9086 (best 0.9120, 71 labels)  2.7 min
step 3060/3400  loss 0.0575  val macro-AUROC 0.9096 (best 0.9120, 71 labels)  2.8 min
step 3128/3400  loss 0.0388  val macro-AUROC 0.9090 (best 0.9120, 71 labels)  2.9 min
step 3196/3400  loss 0.0497  val macro-AUROC 0.9095 (best 0.9120, 71 labels)  2.9 min
step 3264/3400  loss 0.0410  val macro-AUROC 0.9098 (best 0.9120, 71 labels)  3.0 min
step 3332/3400  loss 0.0536  val macro-AUROC 0.9098 (best 0.9120, 71 labels)  3.1 min
step 3400/3400  loss 0.0424  val macro-AUROC 0.9093 (best 0.9120, 71 labels)  3.1 min
{"run_id": "C0_b0.5_s2_lik0", "test_macro_auroc": 0.9006997560828814, "test_e3_macro_auroc": 0.9705655607718163, "sph_e3_macro_auroc": 0.9716326543432822}
