C0_b0.05_s0_lik0: train=866 records, 2000 steps, eval every 40, device=cuda
/tmp/robust-ecg-ssl/scripts/train.py:143: UserWarning: Converting a tensor with requires_grad=True to a scalar may lead to unexpected behavior.
Consider using tensor.detach() first. (Triggered internally at /pytorch/torch/csrc/autograd/generated/python_variable_methods.cpp:836.)
  print(f"step {step}/{total}  loss {float(loss):.4f}  val macro-AUROC {auc:.4f} "
step 40/2000  loss 0.9108  val macro-AUROC 0.5762 (best 0.5762, 71 labels)  0.1 min
step 80/2000  loss 0.8015  val macro-AUROC 0.5912 (best 0.5912, 71 labels)  0.1 min
step 120/2000  loss 0.6142  val macro-AUROC 0.6346 (best 0.6346, 71 labels)  0.2 min
step 160/2000  loss 0.2963  val macro-AUROC 0.6302 (best 0.6346, 71 labels)  0.2 min
step 200/2000  loss 0.1197  val macro-AUROC 0.5763 (best 0.6346, 71 labels)  0.3 min
step 240/2000  loss 0.0934  val macro-AUROC 0.6991 (best 0.6991, 71 labels)  0.3 min
step 280/2000  loss 0.0866  val macro-AUROC 0.7113 (best 0.7113, 71 labels)  0.3 min
step 320/2000  loss 0.0773  val macro-AUROC 0.7066 (best 0.7113, 71 labels)  0.4 min
step 360/2000  loss 0.0822  val macro-AUROC 0.7835 (best 0.7835, 71 labels)  0.4 min
step 400/2000  loss 0.0833  val macro-AUROC 0.7559 (best 0.7835, 71 labels)  0.5 min
step 440/2000  loss 0.0684  val macro-AUROC 0.7837 (best 0.7837, 71 labels)  0.5 min
step 480/2000  loss 0.0662  val macro-AUROC 0.7683 (best 0.7837, 71 labels)  0.6 min
step 520/2000  loss 0.0657  val macro-AUROC 0.7845 (best 0.7845, 71 labels)  0.6 min
step 560/2000  loss 0.0493  val macro-AUROC 0.7537 (best 0.7845, 71 labels)  0.7 min
step 600/2000  loss 0.0542  val macro-AUROC 0.7799 (best 0.7845, 71 labels)  0.7 min
step 640/2000  loss 0.0537  val macro-AUROC 0.7990 (best 0.7990, 71 labels)  0.8 min
step 680/2000  loss 0.0479  val macro-AUROC 0.7758 (best 0.7990, 71 labels)  0.8 min
step 720/2000  loss 0.0479  val macro-AUROC 0.8005 (best 0.8005, 71 labels)  0.9 min
step 760/2000  loss 0.0352  val macro-AUROC 0.8071 (best 0.8071, 71 labels)  0.9 min
step 800/2000  loss 0.0560  val macro-AUROC 0.7967 (best 0.8071, 71 labels)  1.0 min
step 840/2000  loss 0.0354  val macro-AUROC 0.7872 (best 0.8071, 71 labels)  1.0 min
step 880/2000  loss 0.0353  val macro-AUROC 0.7782 (best 0.8071, 71 labels)  1.1 min
step 920/2000  loss 0.0305  val macro-AUROC 0.8000 (best 0.8071, 71 labels)  1.1 min
step 960/2000  loss 0.0313  val macro-AUROC 0.8091 (best 0.8091, 71 labels)  1.1 min
step 1000/2000  loss 0.0239  val macro-AUROC 0.8054 (best 0.8091, 71 labels)  1.2 min
step 1040/2000  loss 0.0255  val macro-AUROC 0.7928 (best 0.8091, 71 labels)  1.2 min
step 1080/2000  loss 0.0234  val macro-AUROC 0.7980 (best 0.8091, 71 labels)  1.3 min
step 1120/2000  loss 0.0197  val macro-AUROC 0.7990 (best 0.8091, 71 labels)  1.3 min
step 1160/2000  loss 0.0202  val macro-AUROC 0.7921 (best 0.8091, 71 labels)  1.4 min
step 1200/2000  loss 0.0180  val macro-AUROC 0.7966 (best 0.8091, 71 labels)  1.4 min
step 1240/2000  loss 0.0177  val macro-AUROC 0.7975 (best 0.8091, 71 labels)  1.5 min
step 1280/2000  loss 0.0137  val macro-AUROC 0.8015 (best 0.8091, 71 labels)  1.5 min
step 1320/2000  loss 0.0161  val macro-AUROC 0.7934 (best 0.8091, 71 labels)  1.6 min
step 1360/2000  loss 0.0135  val macro-AUROC 0.7878 (best 0.8091, 71 labels)  1.6 min
step 1400/2000  loss 0.0151  val macro-AUROC 0.7946 (best 0.8091, 71 labels)  1.7 min
step 1440/2000  loss 0.0122  val macro-AUROC 0.8000 (best 0.8091, 71 labels)  1.7 min
step 1480/2000  loss 0.0107  val macro-AUROC 0.7919 (best 0.8091, 71 labels)  1.8 min
step 1520/2000  loss 0.0090  val macro-AUROC 0.7992 (best 0.8091, 71 labels)  1.8 min
step 1560/2000  loss 0.0071  val macro-AUROC 0.7893 (best 0.8091, 71 labels)  1.8 min
step 1600/2000  loss 0.0109  val macro-AUROC 0.7978 (best 0.8091, 71 labels)  1.9 min
step 1640/2000  loss 0.0095  val macro-AUROC 0.8003 (best 0.8091, 71 labels)  1.9 min
step 1680/2000  loss 0.0097  val macro-AUROC 0.7830 (best 0.8091, 71 labels)  2.0 min
step 1720/2000  loss 0.0094  val macro-AUROC 0.7842 (best 0.8091, 71 labels)  2.0 min
step 1760/2000  loss 0.0071  val macro-AUROC 0.7861 (best 0.8091, 71 labels)  2.1 min
step 1800/2000  loss 0.0069  val macro-AUROC 0.7881 (best 0.8091, 71 labels)  2.1 min
step 1840/2000  loss 0.0065  val macro-AUROC 0.7891 (best 0.8091, 71 labels)  2.2 min
step 1880/2000  loss 0.0078  val macro-AUROC 0.7889 (best 0.8091, 71 labels)  2.2 min
step 1920/2000  loss 0.0093  val macro-AUROC 0.7894 (best 0.8091, 71 labels)  2.3 min
step 1960/2000  loss 0.0092  val macro-AUROC 0.7890 (best 0.8091, 71 labels)  2.3 min
step 2000/2000  loss 0.0077  val macro-AUROC 0.7879 (best 0.8091, 71 labels)  2.4 min
{"run_id": "C0_b0.05_s0_lik0", "test_macro_auroc": 0.795268349729907, "test_e3_macro_auroc": 0.9141187705818931, "sph_e3_macro_auroc": 0.9454560182742823}
