C0_b0.25_s1_lik0: train=4369 records, 2000 steps, eval every 40, device=cuda
/tmp/robust-ecg-ssl/scripts/train.py:143: UserWarning: Converting a tensor with requires_grad=True to a scalar may lead to unexpected behavior.
Consider using tensor.detach() first. (Triggered internally at /pytorch/torch/csrc/autograd/generated/python_variable_methods.cpp:836.)
  print(f"step {step}/{total}  loss {float(loss):.4f}  val macro-AUROC {auc:.4f} "
step 40/2000  loss 0.9175  val macro-AUROC 0.5931 (best 0.5931, 71 labels)  0.1 min
step 80/2000  loss 0.7883  val macro-AUROC 0.6108 (best 0.6108, 71 labels)  0.1 min
step 120/2000  loss 0.6051  val macro-AUROC 0.6087 (best 0.6108, 71 labels)  0.2 min
step 160/2000  loss 0.3114  val macro-AUROC 0.6095 (best 0.6108, 71 labels)  0.2 min
step 200/2000  loss 0.1189  val macro-AUROC 0.7415 (best 0.7415, 71 labels)  0.2 min
step 240/2000  loss 0.0990  val macro-AUROC 0.7756 (best 0.7756, 71 labels)  0.3 min
step 280/2000  loss 0.0859  val macro-AUROC 0.7861 (best 0.7861, 71 labels)  0.3 min
step 320/2000  loss 0.0961  val macro-AUROC 0.7871 (best 0.7871, 71 labels)  0.4 min
step 360/2000  loss 0.0769  val macro-AUROC 0.8307 (best 0.8307, 71 labels)  0.4 min
step 400/2000  loss 0.1143  val macro-AUROC 0.7793 (best 0.8307, 71 labels)  0.5 min
step 440/2000  loss 0.0794  val macro-AUROC 0.8281 (best 0.8307, 71 labels)  0.5 min
step 480/2000  loss 0.0796  val macro-AUROC 0.8272 (best 0.8307, 71 labels)  0.6 min
step 520/2000  loss 0.0738  val macro-AUROC 0.8526 (best 0.8526, 71 labels)  0.6 min
step 560/2000  loss 0.0724  val macro-AUROC 0.8124 (best 0.8526, 71 labels)  0.7 min
step 600/2000  loss 0.0708  val macro-AUROC 0.8521 (best 0.8526, 71 labels)  0.7 min
step 640/2000  loss 0.0675  val macro-AUROC 0.8643 (best 0.8643, 71 labels)  0.8 min
step 680/2000  loss 0.0794  val macro-AUROC 0.8721 (best 0.8721, 71 labels)  0.8 min
step 720/2000  loss 0.0709  val macro-AUROC 0.8650 (best 0.8721, 71 labels)  0.9 min
step 760/2000  loss 0.0688  val macro-AUROC 0.8686 (best 0.8721, 71 labels)  0.9 min
step 800/2000  loss 0.0621  val macro-AUROC 0.8712 (best 0.8721, 71 labels)  0.9 min
step 840/2000  loss 0.0629  val macro-AUROC 0.8701 (best 0.8721, 71 labels)  1.0 min
step 880/2000  loss 0.0662  val macro-AUROC 0.8796 (best 0.8796, 71 labels)  1.0 min
step 920/2000  loss 0.0647  val macro-AUROC 0.8823 (best 0.8823, 71 labels)  1.1 min
step 960/2000  loss 0.0630  val macro-AUROC 0.8894 (best 0.8894, 71 labels)  1.1 min
step 1000/2000  loss 0.0672  val macro-AUROC 0.8896 (best 0.8896, 71 labels)  1.2 min
step 1040/2000  loss 0.0701  val macro-AUROC 0.8826 (best 0.8896, 71 labels)  1.2 min
step 1080/2000  loss 0.0545  val macro-AUROC 0.8830 (best 0.8896, 71 labels)  1.3 min
step 1120/2000  loss 0.0732  val macro-AUROC 0.8848 (best 0.8896, 71 labels)  1.3 min
step 1160/2000  loss 0.0598  val macro-AUROC 0.8753 (best 0.8896, 71 labels)  1.4 min
step 1200/2000  loss 0.0510  val macro-AUROC 0.8867 (best 0.8896, 71 labels)  1.4 min
step 1240/2000  loss 0.0634  val macro-AUROC 0.8791 (best 0.8896, 71 labels)  1.4 min
step 1280/2000  loss 0.0575  val macro-AUROC 0.8788 (best 0.8896, 71 labels)  1.5 min
step 1320/2000  loss 0.0533  val macro-AUROC 0.8749 (best 0.8896, 71 labels)  1.5 min
step 1360/2000  loss 0.0502  val macro-AUROC 0.8787 (best 0.8896, 71 labels)  1.6 min
step 1400/2000  loss 0.0565  val macro-AUROC 0.8825 (best 0.8896, 71 labels)  1.6 min
step 1440/2000  loss 0.0476  val macro-AUROC 0.8809 (best 0.8896, 71 labels)  1.7 min
step 1480/2000  loss 0.0552  val macro-AUROC 0.8816 (best 0.8896, 71 labels)  1.7 min
step 1520/2000  loss 0.0532  val macro-AUROC 0.8820 (best 0.8896, 71 labels)  1.8 min
step 1560/2000  loss 0.0504  val macro-AUROC 0.8837 (best 0.8896, 71 labels)  1.8 min
step 1600/2000  loss 0.0470  val macro-AUROC 0.8804 (best 0.8896, 71 labels)  1.9 min
step 1640/2000  loss 0.0478  val macro-AUROC 0.8765 (best 0.8896, 71 labels)  1.9 min
step 1680/2000  loss 0.0498  val macro-AUROC 0.8748 (best 0.8896, 71 labels)  2.0 min
step 1720/2000  loss 0.0453  val macro-AUROC 0.8762 (best 0.8896, 71 labels)  2.0 min
step 1760/2000  loss 0.0410  val macro-AUROC 0.8782 (best 0.8896, 71 labels)  2.0 min
step 1800/2000  loss 0.0465  val macro-AUROC 0.8795 (best 0.8896, 71 labels)  2.1 min
step 1840/2000  loss 0.0374  val macro-AUROC 0.8783 (best 0.8896, 71 labels)  2.1 min
step 1880/2000  loss 0.0407  val macro-AUROC 0.8789 (best 0.8896, 71 labels)  2.2 min
step 1920/2000  loss 0.0377  val macro-AUROC 0.8778 (best 0.8896, 71 labels)  2.2 min
step 1960/2000  loss 0.0379  val macro-AUROC 0.8795 (best 0.8896, 71 labels)  2.3 min
step 2000/2000  loss 0.0469  val macro-AUROC 0.8796 (best 0.8896, 71 labels)  2.3 min
{"run_id": "C0_b0.25_s1_lik0", "test_macro_auroc": 0.8831098772675173, "test_e3_macro_auroc": 0.9587142261210411, "sph_e3_macro_auroc": 0.9702772832422563}
