C0_b0.25_s4_lik0: train=4396 records, 2000 steps, eval every 40, device=cuda
/tmp/robust-ecg-ssl/scripts/train.py:143: UserWarning: Converting a tensor with requires_grad=True to a scalar may lead to unexpected behavior.
Consider using tensor.detach() first. (Triggered internally at /pytorch/torch/csrc/autograd/generated/python_variable_methods.cpp:836.)
  print(f"step {step}/{total}  loss {float(loss):.4f}  val macro-AUROC {auc:.4f} "
step 40/2000  loss 0.8944  val macro-AUROC 0.5798 (best 0.5798, 71 labels)  0.1 min
step 80/2000  loss 0.7864  val macro-AUROC 0.6237 (best 0.6237, 71 labels)  0.1 min
step 120/2000  loss 0.6080  val macro-AUROC 0.6179 (best 0.6237, 71 labels)  0.2 min
step 160/2000  loss 0.3441  val macro-AUROC 0.6109 (best 0.6237, 71 labels)  0.2 min
step 200/2000  loss 0.1068  val macro-AUROC 0.7517 (best 0.7517, 71 labels)  0.2 min
step 240/2000  loss 0.1080  val macro-AUROC 0.7617 (best 0.7617, 71 labels)  0.3 min
step 280/2000  loss 0.0956  val macro-AUROC 0.7962 (best 0.7962, 71 labels)  0.3 min
step 320/2000  loss 0.0987  val macro-AUROC 0.8043 (best 0.8043, 71 labels)  0.4 min
step 360/2000  loss 0.0902  val macro-AUROC 0.8142 (best 0.8142, 71 labels)  0.4 min
step 400/2000  loss 0.0863  val macro-AUROC 0.8325 (best 0.8325, 71 labels)  0.5 min
step 440/2000  loss 0.0872  val macro-AUROC 0.8341 (best 0.8341, 71 labels)  0.5 min
step 480/2000  loss 0.0721  val macro-AUROC 0.8348 (best 0.8348, 71 labels)  0.6 min
step 520/2000  loss 0.0715  val macro-AUROC 0.8567 (best 0.8567, 71 labels)  0.6 min
step 560/2000  loss 0.0699  val macro-AUROC 0.8484 (best 0.8567, 71 labels)  0.7 min
step 600/2000  loss 0.0721  val macro-AUROC 0.8631 (best 0.8631, 71 labels)  0.7 min
step 640/2000  loss 0.0753  val macro-AUROC 0.8317 (best 0.8631, 71 labels)  0.8 min
step 680/2000  loss 0.0845  val macro-AUROC 0.8726 (best 0.8726, 71 labels)  0.8 min
step 720/2000  loss 0.0633  val macro-AUROC 0.8671 (best 0.8726, 71 labels)  0.8 min
step 760/2000  loss 0.0651  val macro-AUROC 0.8628 (best 0.8726, 71 labels)  0.9 min
step 800/2000  loss 0.0592  val macro-AUROC 0.8748 (best 0.8748, 71 labels)  0.9 min
step 840/2000  loss 0.0713  val macro-AUROC 0.8791 (best 0.8791, 71 labels)  1.0 min
step 880/2000  loss 0.0640  val macro-AUROC 0.8803 (best 0.8803, 71 labels)  1.0 min
step 920/2000  loss 0.0690  val macro-AUROC 0.8772 (best 0.8803, 71 labels)  1.1 min
step 960/2000  loss 0.0607  val macro-AUROC 0.8785 (best 0.8803, 71 labels)  1.1 min
step 1000/2000  loss 0.0676  val macro-AUROC 0.8833 (best 0.8833, 71 labels)  1.2 min
step 1040/2000  loss 0.0699  val macro-AUROC 0.8845 (best 0.8845, 71 labels)  1.2 min
step 1080/2000  loss 0.0726  val macro-AUROC 0.8839 (best 0.8845, 71 labels)  1.2 min
step 1120/2000  loss 0.0639  val macro-AUROC 0.8793 (best 0.8845, 71 labels)  1.3 min
step 1160/2000  loss 0.0619  val macro-AUROC 0.8874 (best 0.8874, 71 labels)  1.3 min
step 1200/2000  loss 0.0496  val macro-AUROC 0.8802 (best 0.8874, 71 labels)  1.4 min
step 1240/2000  loss 0.0553  val macro-AUROC 0.8882 (best 0.8882, 71 labels)  1.4 min
step 1280/2000  loss 0.0513  val macro-AUROC 0.8883 (best 0.8883, 71 labels)  1.5 min
step 1320/2000  loss 0.0557  val macro-AUROC 0.8812 (best 0.8883, 71 labels)  1.5 min
step 1360/2000  loss 0.0587  val macro-AUROC 0.8865 (best 0.8883, 71 labels)  1.6 min
step 1400/2000  loss 0.0547  val macro-AUROC 0.8919 (best 0.8919, 71 labels)  1.6 min
step 1440/2000  loss 0.0588  val macro-AUROC 0.8851 (best 0.8919, 71 labels)  1.6 min
step 1480/2000  loss 0.0506  val macro-AUROC 0.8879 (best 0.8919, 71 labels)  1.7 min
step 1520/2000  loss 0.0453  val macro-AUROC 0.8950 (best 0.8950, 71 labels)  1.7 min
step 1560/2000  loss 0.0532  val macro-AUROC 0.8771 (best 0.8950, 71 labels)  1.8 min
step 1600/2000  loss 0.0526  val macro-AUROC 0.8880 (best 0.8950, 71 labels)  1.8 min
step 1640/2000  loss 0.0463  val macro-AUROC 0.8847 (best 0.8950, 71 labels)  1.9 min
step 1680/2000  loss 0.0417  val macro-AUROC 0.8826 (best 0.8950, 71 labels)  1.9 min
step 1720/2000  loss 0.0429  val macro-AUROC 0.8864 (best 0.8950, 71 labels)  2.0 min
step 1760/2000  loss 0.0427  val macro-AUROC 0.8786 (best 0.8950, 71 labels)  2.0 min
step 1800/2000  loss 0.0437  val macro-AUROC 0.8841 (best 0.8950, 71 labels)  2.1 min
step 1840/2000  loss 0.0431  val macro-AUROC 0.8827 (best 0.8950, 71 labels)  2.1 min
step 1880/2000  loss 0.0438  val macro-AUROC 0.8814 (best 0.8950, 71 labels)  2.2 min
step 1920/2000  loss 0.0445  val macro-AUROC 0.8811 (best 0.8950, 71 labels)  2.2 min
step 1960/2000  loss 0.0434  val macro-AUROC 0.8815 (best 0.8950, 71 labels)  2.2 min
step 2000/2000  loss 0.0390  val macro-AUROC 0.8812 (best 0.8950, 71 labels)  2.3 min
{"run_id": "C0_b0.25_s4_lik0", "test_macro_auroc": 0.8839136995324284, "test_e3_macro_auroc": 0.961953750366144, "sph_e3_macro_auroc": 0.96771187929478}
