C0_b0.01_s1_lik0: train=182 records, 2000 steps, eval every 40, device=cuda
/tmp/robust-ecg-ssl/scripts/train.py:143: UserWarning: Converting a tensor with requires_grad=True to a scalar may lead to unexpected behavior.
Consider using tensor.detach() first. (Triggered internally at /pytorch/torch/csrc/autograd/generated/python_variable_methods.cpp:836.)
  print(f"step {step}/{total}  loss {float(loss):.4f}  val macro-AUROC {auc:.4f} "
step 40/2000  loss 0.9078  val macro-AUROC 0.5805 (best 0.5805, 71 labels)  0.1 min
step 80/2000  loss 0.7910  val macro-AUROC 0.6089 (best 0.6089, 71 labels)  0.1 min
step 120/2000  loss 0.6052  val macro-AUROC 0.6099 (best 0.6099, 71 labels)  0.2 min
step 160/2000  loss 0.3006  val macro-AUROC 0.6242 (best 0.6242, 71 labels)  0.2 min
step 200/2000  loss 0.1038  val macro-AUROC 0.6931 (best 0.6931, 71 labels)  0.2 min
step 240/2000  loss 0.0536  val macro-AUROC 0.6277 (best 0.6931, 71 labels)  0.3 min
step 280/2000  loss 0.0435  val macro-AUROC 0.6461 (best 0.6931, 71 labels)  0.3 min
step 320/2000  loss 0.0319  val macro-AUROC 0.6738 (best 0.6931, 71 labels)  0.4 min
step 360/2000  loss 0.0259  val macro-AUROC 0.6280 (best 0.6931, 71 labels)  0.4 min
step 400/2000  loss 0.0177  val macro-AUROC 0.6484 (best 0.6931, 71 labels)  0.5 min
step 440/2000  loss 0.0151  val macro-AUROC 0.6872 (best 0.6931, 71 labels)  0.5 min
step 480/2000  loss 0.0133  val macro-AUROC 0.6145 (best 0.6931, 71 labels)  0.6 min
step 520/2000  loss 0.0097  val macro-AUROC 0.6272 (best 0.6931, 71 labels)  0.6 min
step 560/2000  loss 0.0093  val macro-AUROC 0.6359 (best 0.6931, 71 labels)  0.7 min
step 600/2000  loss 0.0071  val macro-AUROC 0.6498 (best 0.6931, 71 labels)  0.7 min
step 640/2000  loss 0.0093  val macro-AUROC 0.6574 (best 0.6931, 71 labels)  0.7 min
step 680/2000  loss 0.0053  val macro-AUROC 0.6830 (best 0.6931, 71 labels)  0.8 min
step 720/2000  loss 0.0040  val macro-AUROC 0.6643 (best 0.6931, 71 labels)  0.8 min
step 760/2000  loss 0.0036  val macro-AUROC 0.6843 (best 0.6931, 71 labels)  0.9 min
step 800/2000  loss 0.0041  val macro-AUROC 0.6809 (best 0.6931, 71 labels)  0.9 min
step 840/2000  loss 0.0029  val macro-AUROC 0.6638 (best 0.6931, 71 labels)  1.0 min
step 880/2000  loss 0.0039  val macro-AUROC 0.6938 (best 0.6938, 71 labels)  1.0 min
step 920/2000  loss 0.0024  val macro-AUROC 0.6947 (best 0.6947, 71 labels)  1.1 min
step 960/2000  loss 0.0030  val macro-AUROC 0.6628 (best 0.6947, 71 labels)  1.1 min
step 1000/2000  loss 0.0028  val macro-AUROC 0.6735 (best 0.6947, 71 labels)  1.2 min
step 1040/2000  loss 0.0025  val macro-AUROC 0.6677 (best 0.6947, 71 labels)  1.2 min
step 1080/2000  loss 0.0029  val macro-AUROC 0.7003 (best 0.7003, 71 labels)  1.3 min
step 1120/2000  loss 0.0020  val macro-AUROC 0.6719 (best 0.7003, 71 labels)  1.3 min
step 1160/2000  loss 0.0020  val macro-AUROC 0.6932 (best 0.7003, 71 labels)  1.4 min
step 1200/2000  loss 0.0017  val macro-AUROC 0.6908 (best 0.7003, 71 labels)  1.4 min
step 1240/2000  loss 0.0021  val macro-AUROC 0.6764 (best 0.7003, 71 labels)  1.4 min
step 1280/2000  loss 0.0025  val macro-AUROC 0.7018 (best 0.7018, 71 labels)  1.5 min
step 1320/2000  loss 0.0015  val macro-AUROC 0.7201 (best 0.7201, 71 labels)  1.5 min
step 1360/2000  loss 0.0013  val macro-AUROC 0.6941 (best 0.7201, 71 labels)  1.6 min
step 1400/2000  loss 0.0019  val macro-AUROC 0.6918 (best 0.7201, 71 labels)  1.6 min
step 1440/2000  loss 0.0022  val macro-AUROC 0.6846 (best 0.7201, 71 labels)  1.7 min
step 1480/2000  loss 0.0014  val macro-AUROC 0.6928 (best 0.7201, 71 labels)  1.7 min
step 1520/2000  loss 0.0019  val macro-AUROC 0.6906 (best 0.7201, 71 labels)  1.8 min
step 1560/2000  loss 0.0013  val macro-AUROC 0.6769 (best 0.7201, 71 labels)  1.8 min
step 1600/2000  loss 0.0010  val macro-AUROC 0.6815 (best 0.7201, 71 labels)  1.9 min
step 1640/2000  loss 0.0016  val macro-AUROC 0.6923 (best 0.7201, 71 labels)  1.9 min
step 1680/2000  loss 0.0010  val macro-AUROC 0.6958 (best 0.7201, 71 labels)  2.0 min
step 1720/2000  loss 0.0019  val macro-AUROC 0.6958 (best 0.7201, 71 labels)  2.0 min
step 1760/2000  loss 0.0010  val macro-AUROC 0.6955 (best 0.7201, 71 labels)  2.0 min
step 1800/2000  loss 0.0010  val macro-AUROC 0.6960 (best 0.7201, 71 labels)  2.1 min
step 1840/2000  loss 0.0013  val macro-AUROC 0.6947 (best 0.7201, 71 labels)  2.1 min
step 1880/2000  loss 0.0014  val macro-AUROC 0.6933 (best 0.7201, 71 labels)  2.2 min
step 1920/2000  loss 0.0008  val macro-AUROC 0.6879 (best 0.7201, 71 labels)  2.2 min
step 1960/2000  loss 0.0014  val macro-AUROC 0.6880 (best 0.7201, 71 labels)  2.3 min
step 2000/2000  loss 0.0011  val macro-AUROC 0.6900 (best 0.7201, 71 labels)  2.3 min
{"run_id": "C0_b0.01_s1_lik0", "test_macro_auroc": 0.6945489503015312, "test_e3_macro_auroc": 0.8656204345815941, "sph_e3_macro_auroc": 0.8717041512173096}
