C0_b0.05_s1_lik0: train=873 records, 2000 steps, eval every 40, device=cuda
/tmp/robust-ecg-ssl/scripts/train.py:143: UserWarning: Converting a tensor with requires_grad=True to a scalar may lead to unexpected behavior.
Consider using tensor.detach() first. (Triggered internally at /pytorch/torch/csrc/autograd/generated/python_variable_methods.cpp:836.)
  print(f"step {step}/{total}  loss {float(loss):.4f}  val macro-AUROC {auc:.4f} "
step 40/2000  loss 0.9152  val macro-AUROC 0.5909 (best 0.5909, 71 labels)  0.1 min
step 80/2000  loss 0.8036  val macro-AUROC 0.6155 (best 0.6155, 71 labels)  0.1 min
step 120/2000  loss 0.6308  val macro-AUROC 0.6076 (best 0.6155, 71 labels)  0.2 min
step 160/2000  loss 0.2845  val macro-AUROC 0.6135 (best 0.6155, 71 labels)  0.2 min
step 200/2000  loss 0.1135  val macro-AUROC 0.7414 (best 0.7414, 71 labels)  0.2 min
step 240/2000  loss 0.1014  val macro-AUROC 0.7368 (best 0.7414, 71 labels)  0.3 min
step 280/2000  loss 0.0890  val macro-AUROC 0.7622 (best 0.7622, 71 labels)  0.3 min
step 320/2000  loss 0.0739  val macro-AUROC 0.7749 (best 0.7749, 71 labels)  0.4 min
step 360/2000  loss 0.0775  val macro-AUROC 0.6553 (best 0.7749, 71 labels)  0.4 min
step 400/2000  loss 0.0765  val macro-AUROC 0.7553 (best 0.7749, 71 labels)  0.5 min
step 440/2000  loss 0.0811  val macro-AUROC 0.7666 (best 0.7749, 71 labels)  0.5 min
step 480/2000  loss 0.0579  val macro-AUROC 0.7491 (best 0.7749, 71 labels)  0.6 min
step 520/2000  loss 0.0679  val macro-AUROC 0.7979 (best 0.7979, 71 labels)  0.6 min
step 560/2000  loss 0.0624  val macro-AUROC 0.7710 (best 0.7979, 71 labels)  0.7 min
step 600/2000  loss 0.0578  val macro-AUROC 0.7856 (best 0.7979, 71 labels)  0.7 min
step 640/2000  loss 0.0476  val macro-AUROC 0.7782 (best 0.7979, 71 labels)  0.7 min
step 680/2000  loss 0.0497  val macro-AUROC 0.7784 (best 0.7979, 71 labels)  0.8 min
step 720/2000  loss 0.0460  val macro-AUROC 0.8117 (best 0.8117, 71 labels)  0.8 min
step 760/2000  loss 0.0379  val macro-AUROC 0.7988 (best 0.8117, 71 labels)  0.9 min
step 800/2000  loss 0.0432  val macro-AUROC 0.7852 (best 0.8117, 71 labels)  0.9 min
step 840/2000  loss 0.0351  val macro-AUROC 0.7736 (best 0.8117, 71 labels)  1.0 min
step 880/2000  loss 0.0333  val macro-AUROC 0.8017 (best 0.8117, 71 labels)  1.0 min
step 920/2000  loss 0.0277  val macro-AUROC 0.7973 (best 0.8117, 71 labels)  1.1 min
step 960/2000  loss 0.0278  val macro-AUROC 0.7843 (best 0.8117, 71 labels)  1.1 min
step 1000/2000  loss 0.0262  val macro-AUROC 0.8078 (best 0.8117, 71 labels)  1.2 min
step 1040/2000  loss 0.0250  val macro-AUROC 0.7926 (best 0.8117, 71 labels)  1.2 min
step 1080/2000  loss 0.0266  val macro-AUROC 0.7866 (best 0.8117, 71 labels)  1.3 min
step 1120/2000  loss 0.0226  val macro-AUROC 0.7927 (best 0.8117, 71 labels)  1.3 min
step 1160/2000  loss 0.0199  val macro-AUROC 0.7748 (best 0.8117, 71 labels)  1.4 min
step 1200/2000  loss 0.0231  val macro-AUROC 0.8091 (best 0.8117, 71 labels)  1.4 min
step 1240/2000  loss 0.0189  val macro-AUROC 0.7933 (best 0.8117, 71 labels)  1.4 min
step 1280/2000  loss 0.0138  val macro-AUROC 0.7749 (best 0.8117, 71 labels)  1.5 min
step 1320/2000  loss 0.0166  val macro-AUROC 0.7844 (best 0.8117, 71 labels)  1.5 min
step 1360/2000  loss 0.0115  val macro-AUROC 0.7823 (best 0.8117, 71 labels)  1.6 min
step 1400/2000  loss 0.0134  val macro-AUROC 0.7873 (best 0.8117, 71 labels)  1.6 min
step 1440/2000  loss 0.0118  val macro-AUROC 0.7738 (best 0.8117, 71 labels)  1.7 min
step 1480/2000  loss 0.0124  val macro-AUROC 0.7821 (best 0.8117, 71 labels)  1.7 min
step 1520/2000  loss 0.0097  val macro-AUROC 0.7873 (best 0.8117, 71 labels)  1.8 min
step 1560/2000  loss 0.0086  val macro-AUROC 0.7778 (best 0.8117, 71 labels)  1.8 min
step 1600/2000  loss 0.0079  val macro-AUROC 0.7854 (best 0.8117, 71 labels)  1.9 min
step 1640/2000  loss 0.0090  val macro-AUROC 0.7702 (best 0.8117, 71 labels)  1.9 min
step 1680/2000  loss 0.0086  val macro-AUROC 0.7840 (best 0.8117, 71 labels)  1.9 min
step 1720/2000  loss 0.0074  val macro-AUROC 0.7779 (best 0.8117, 71 labels)  2.0 min
step 1760/2000  loss 0.0088  val macro-AUROC 0.7803 (best 0.8117, 71 labels)  2.0 min
step 1800/2000  loss 0.0083  val macro-AUROC 0.7812 (best 0.8117, 71 labels)  2.1 min
step 1840/2000  loss 0.0072  val macro-AUROC 0.7769 (best 0.8117, 71 labels)  2.1 min
step 1880/2000  loss 0.0081  val macro-AUROC 0.7798 (best 0.8117, 71 labels)  2.2 min
step 1920/2000  loss 0.0086  val macro-AUROC 0.7763 (best 0.8117, 71 labels)  2.2 min
step 1960/2000  loss 0.0062  val macro-AUROC 0.7764 (best 0.8117, 71 labels)  2.3 min
step 2000/2000  loss 0.0055  val macro-AUROC 0.7764 (best 0.8117, 71 labels)  2.3 min
{"run_id": "C0_b0.05_s1_lik0", "test_macro_auroc": 0.8139077211159863, "test_e3_macro_auroc": 0.923325734646147, "sph_e3_macro_auroc": 0.9455160694693154}
