C0_b0.1_s1_lik0: train=1739 records, 2000 steps, eval every 40, device=cuda
/tmp/robust-ecg-ssl/scripts/train.py:143: UserWarning: Converting a tensor with requires_grad=True to a scalar may lead to unexpected behavior.
Consider using tensor.detach() first. (Triggered internally at /pytorch/torch/csrc/autograd/generated/python_variable_methods.cpp:836.)
  print(f"step {step}/{total}  loss {float(loss):.4f}  val macro-AUROC {auc:.4f} "
step 40/2000  loss 0.9087  val macro-AUROC 0.6000 (best 0.6000, 71 labels)  0.1 min
step 80/2000  loss 0.7863  val macro-AUROC 0.6290 (best 0.6290, 71 labels)  0.1 min
step 120/2000  loss 0.6209  val macro-AUROC 0.5810 (best 0.6290, 71 labels)  0.2 min
step 160/2000  loss 0.3054  val macro-AUROC 0.6264 (best 0.6290, 71 labels)  0.2 min
step 200/2000  loss 0.1125  val macro-AUROC 0.7328 (best 0.7328, 71 labels)  0.3 min
step 240/2000  loss 0.0929  val macro-AUROC 0.7516 (best 0.7516, 71 labels)  0.3 min
step 280/2000  loss 0.1035  val macro-AUROC 0.7247 (best 0.7516, 71 labels)  0.3 min
step 320/2000  loss 0.0805  val macro-AUROC 0.7880 (best 0.7880, 71 labels)  0.4 min
step 360/2000  loss 0.0747  val macro-AUROC 0.7990 (best 0.7990, 71 labels)  0.4 min
step 400/2000  loss 0.0845  val macro-AUROC 0.8067 (best 0.8067, 71 labels)  0.5 min
step 440/2000  loss 0.0817  val macro-AUROC 0.8189 (best 0.8189, 71 labels)  0.5 min
step 480/2000  loss 0.0905  val macro-AUROC 0.7109 (best 0.8189, 71 labels)  0.6 min
step 520/2000  loss 0.0834  val macro-AUROC 0.8108 (best 0.8189, 71 labels)  0.6 min
step 560/2000  loss 0.0807  val macro-AUROC 0.8145 (best 0.8189, 71 labels)  0.7 min
step 600/2000  loss 0.0747  val macro-AUROC 0.8213 (best 0.8213, 71 labels)  0.7 min
step 640/2000  loss 0.0626  val macro-AUROC 0.8224 (best 0.8224, 71 labels)  0.8 min
step 680/2000  loss 0.0653  val macro-AUROC 0.8156 (best 0.8224, 71 labels)  0.8 min
step 720/2000  loss 0.0680  val macro-AUROC 0.8462 (best 0.8462, 71 labels)  0.9 min
step 760/2000  loss 0.0612  val macro-AUROC 0.8110 (best 0.8462, 71 labels)  0.9 min
step 800/2000  loss 0.0635  val macro-AUROC 0.8498 (best 0.8498, 71 labels)  0.9 min
step 840/2000  loss 0.0577  val macro-AUROC 0.8392 (best 0.8498, 71 labels)  1.0 min
step 880/2000  loss 0.0609  val macro-AUROC 0.8454 (best 0.8498, 71 labels)  1.0 min
step 920/2000  loss 0.0578  val macro-AUROC 0.8444 (best 0.8498, 71 labels)  1.1 min
step 960/2000  loss 0.0624  val macro-AUROC 0.8498 (best 0.8498, 71 labels)  1.1 min
step 1000/2000  loss 0.0579  val macro-AUROC 0.8509 (best 0.8509, 71 labels)  1.2 min
step 1040/2000  loss 0.0570  val macro-AUROC 0.8539 (best 0.8539, 71 labels)  1.2 min
step 1080/2000  loss 0.0528  val macro-AUROC 0.8415 (best 0.8539, 71 labels)  1.3 min
step 1120/2000  loss 0.0485  val macro-AUROC 0.8447 (best 0.8539, 71 labels)  1.3 min
step 1160/2000  loss 0.0551  val macro-AUROC 0.8462 (best 0.8539, 71 labels)  1.4 min
step 1200/2000  loss 0.0413  val macro-AUROC 0.8447 (best 0.8539, 71 labels)  1.4 min
step 1240/2000  loss 0.0490  val macro-AUROC 0.8423 (best 0.8539, 71 labels)  1.4 min
step 1280/2000  loss 0.0434  val macro-AUROC 0.8431 (best 0.8539, 71 labels)  1.5 min
step 1320/2000  loss 0.0482  val macro-AUROC 0.8524 (best 0.8539, 71 labels)  1.5 min
step 1360/2000  loss 0.0490  val macro-AUROC 0.8441 (best 0.8539, 71 labels)  1.6 min
step 1400/2000  loss 0.0392  val macro-AUROC 0.8387 (best 0.8539, 71 labels)  1.6 min
step 1440/2000  loss 0.0338  val macro-AUROC 0.8355 (best 0.8539, 71 labels)  1.7 min
step 1480/2000  loss 0.0364  val macro-AUROC 0.8348 (best 0.8539, 71 labels)  1.7 min
step 1520/2000  loss 0.0342  val macro-AUROC 0.8354 (best 0.8539, 71 labels)  1.8 min
step 1560/2000  loss 0.0367  val macro-AUROC 0.8332 (best 0.8539, 71 labels)  1.8 min
step 1600/2000  loss 0.0274  val macro-AUROC 0.8277 (best 0.8539, 71 labels)  1.9 min
step 1640/2000  loss 0.0342  val macro-AUROC 0.8361 (best 0.8539, 71 labels)  1.9 min
step 1680/2000  loss 0.0291  val macro-AUROC 0.8349 (best 0.8539, 71 labels)  1.9 min
step 1720/2000  loss 0.0297  val macro-AUROC 0.8334 (best 0.8539, 71 labels)  2.0 min
step 1760/2000  loss 0.0240  val macro-AUROC 0.8358 (best 0.8539, 71 labels)  2.0 min
step 1800/2000  loss 0.0258  val macro-AUROC 0.8323 (best 0.8539, 71 labels)  2.1 min
step 1840/2000  loss 0.0275  val macro-AUROC 0.8316 (best 0.8539, 71 labels)  2.1 min
step 1880/2000  loss 0.0228  val macro-AUROC 0.8332 (best 0.8539, 71 labels)  2.2 min
step 1920/2000  loss 0.0201  val macro-AUROC 0.8306 (best 0.8539, 71 labels)  2.2 min
step 1960/2000  loss 0.0239  val macro-AUROC 0.8310 (best 0.8539, 71 labels)  2.3 min
step 2000/2000  loss 0.0271  val macro-AUROC 0.8315 (best 0.8539, 71 labels)  2.3 min
{"run_id": "C0_b0.1_s1_lik0", "test_macro_auroc": 0.8465870241447214, "test_e3_macro_auroc": 0.941131832689305, "sph_e3_macro_auroc": 0.9617277723729889}
