C0_b1_s3_lik0: train=17418 records, 6800 steps, eval every 136, device=cuda
/tmp/robust-ecg-ssl/scripts/train.py:143: UserWarning: Converting a tensor with requires_grad=True to a scalar may lead to unexpected behavior.
Consider using tensor.detach() first. (Triggered internally at /pytorch/torch/csrc/autograd/generated/python_variable_methods.cpp:836.)
  print(f"step {step}/{total}  loss {float(loss):.4f}  val macro-AUROC {auc:.4f} "
step 136/6800  loss 0.7117  val macro-AUROC 0.6021 (best 0.6021, 71 labels)  0.1 min
step 272/6800  loss 0.2943  val macro-AUROC 0.6578 (best 0.6578, 71 labels)  0.2 min
step 408/6800  loss 0.1184  val macro-AUROC 0.7448 (best 0.7448, 71 labels)  0.3 min
step 544/6800  loss 0.0805  val macro-AUROC 0.7906 (best 0.7906, 71 labels)  0.4 min
step 680/6800  loss 0.0880  val macro-AUROC 0.7787 (best 0.7906, 71 labels)  0.5 min
step 816/6800  loss 0.0862  val macro-AUROC 0.8310 (best 0.8310, 71 labels)  0.7 min
step 952/6800  loss 0.0814  val macro-AUROC 0.8041 (best 0.8310, 71 labels)  0.8 min
step 1088/6800  loss 0.0760  val macro-AUROC 0.8569 (best 0.8569, 71 labels)  0.9 min
step 1224/6800  loss 0.0638  val macro-AUROC 0.8594 (best 0.8594, 71 labels)  1.0 min
step 1360/6800  loss 0.0668  val macro-AUROC 0.8830 (best 0.8830, 71 labels)  1.1 min
step 1496/6800  loss 0.0698  val macro-AUROC 0.8823 (best 0.8830, 71 labels)  1.2 min
step 1632/6800  loss 0.0763  val macro-AUROC 0.8870 (best 0.8870, 71 labels)  1.3 min
step 1768/6800  loss 0.0683  val macro-AUROC 0.8861 (best 0.8870, 71 labels)  1.4 min
step 1904/6800  loss 0.0653  val macro-AUROC 0.8870 (best 0.8870, 71 labels)  1.5 min
step 2040/6800  loss 0.0633  val macro-AUROC 0.8938 (best 0.8938, 71 labels)  1.6 min
step 2176/6800  loss 0.0699  val macro-AUROC 0.8908 (best 0.8938, 71 labels)  1.7 min
step 2312/6800  loss 0.0708  val macro-AUROC 0.9051 (best 0.9051, 71 labels)  1.8 min
step 2448/6800  loss 0.0583  val macro-AUROC 0.9015 (best 0.9051, 71 labels)  1.9 min
step 2584/6800  loss 0.0650  val macro-AUROC 0.9044 (best 0.9051, 71 labels)  2.0 min
step 2720/6800  loss 0.0618  val macro-AUROC 0.9085 (best 0.9085, 71 labels)  2.1 min
step 2856/6800  loss 0.0663  val macro-AUROC 0.9133 (best 0.9133, 71 labels)  2.2 min
step 2992/6800  loss 0.0646  val macro-AUROC 0.9041 (best 0.9133, 71 labels)  2.3 min
step 3128/6800  loss 0.0600  val macro-AUROC 0.9086 (best 0.9133, 71 labels)  2.4 min
step 3264/6800  loss 0.0640  val macro-AUROC 0.9077 (best 0.9133, 71 labels)  2.5 min
step 3400/6800  loss 0.0591  val macro-AUROC 0.9124 (best 0.9133, 71 labels)  2.6 min
step 3536/6800  loss 0.0569  val macro-AUROC 0.9131 (best 0.9133, 71 labels)  2.7 min
step 3672/6800  loss 0.0614  val macro-AUROC 0.9113 (best 0.9133, 71 labels)  2.8 min
step 3808/6800  loss 0.0589  val macro-AUROC 0.9109 (best 0.9133, 71 labels)  3.0 min
step 3944/6800  loss 0.0635  val macro-AUROC 0.9092 (best 0.9133, 71 labels)  3.1 min
step 4080/6800  loss 0.0638  val macro-AUROC 0.9067 (best 0.9133, 71 labels)  3.2 min
step 4216/6800  loss 0.0564  val macro-AUROC 0.9139 (best 0.9139, 71 labels)  3.3 min
step 4352/6800  loss 0.0621  val macro-AUROC 0.9166 (best 0.9166, 71 labels)  3.4 min
step 4488/6800  loss 0.0557  val macro-AUROC 0.9180 (best 0.9180, 71 labels)  3.5 min
step 4624/6800  loss 0.0554  val macro-AUROC 0.9142 (best 0.9180, 71 labels)  3.6 min
step 4760/6800  loss 0.0648  val macro-AUROC 0.9194 (best 0.9194, 71 labels)  3.7 min
step 4896/6800  loss 0.0581  val macro-AUROC 0.9211 (best 0.9211, 71 labels)  3.8 min
step 5032/6800  loss 0.0572  val macro-AUROC 0.9210 (best 0.9211, 71 labels)  3.9 min
step 5168/6800  loss 0.0515  val macro-AUROC 0.9184 (best 0.9211, 71 labels)  4.0 min
step 5304/6800  loss 0.0596  val macro-AUROC 0.9202 (best 0.9211, 71 labels)  4.1 min
step 5440/6800  loss 0.0496  val macro-AUROC 0.9196 (best 0.9211, 71 labels)  4.2 min
step 5576/6800  loss 0.0558  val macro-AUROC 0.9205 (best 0.9211, 71 labels)  4.4 min
step 5712/6800  loss 0.0557  val macro-AUROC 0.9237 (best 0.9237, 71 labels)  4.5 min
step 5848/6800  loss 0.0570  val macro-AUROC 0.9217 (best 0.9237, 71 labels)  4.6 min
step 5984/6800  loss 0.0523  val macro-AUROC 0.9234 (best 0.9237, 71 labels)  4.7 min
step 6120/6800  loss 0.0462  val macro-AUROC 0.9224 (best 0.9237, 71 labels)  4.8 min
step 6256/6800  loss 0.0450  val macro-AUROC 0.9203 (best 0.9237, 71 labels)  4.9 min
step 6392/6800  loss 0.0471  val macro-AUROC 0.9212 (best 0.9237, 71 labels)  5.0 min
step 6528/6800  loss 0.0493  val macro-AUROC 0.9211 (best 0.9237, 71 labels)  5.1 min
step 6664/6800  loss 0.0494  val macro-AUROC 0.9212 (best 0.9237, 71 labels)  5.2 min
step 6800/6800  loss 0.0449  val macro-AUROC 0.9207 (best 0.9237, 71 labels)  5.3 min
{"run_id": "C0_b1_s3_lik0", "test_macro_auroc": 0.925298535744096, "test_e3_macro_auroc": 0.9758423099409934, "sph_e3_macro_auroc": 0.9644506637171142}
