C0_b0.01_s0_lik0: train=175 records, 2000 steps, eval every 40, device=cuda
/tmp/robust-ecg-ssl/scripts/train.py:143: UserWarning: Converting a tensor with requires_grad=True to a scalar may lead to unexpected behavior.
Consider using tensor.detach() first. (Triggered internally at /pytorch/torch/csrc/autograd/generated/python_variable_methods.cpp:836.)
  print(f"step {step}/{total}  loss {float(loss):.4f}  val macro-AUROC {auc:.4f} "
step 40/2000  loss 0.8840  val macro-AUROC 0.5852 (best 0.5852, 71 labels)  0.1 min
step 80/2000  loss 0.7558  val macro-AUROC 0.6126 (best 0.6126, 71 labels)  0.1 min
step 120/2000  loss 0.5710  val macro-AUROC 0.6085 (best 0.6126, 71 labels)  0.2 min
step 160/2000  loss 0.2778  val macro-AUROC 0.6258 (best 0.6258, 71 labels)  0.2 min
step 200/2000  loss 0.1013  val macro-AUROC 0.6473 (best 0.6473, 71 labels)  0.2 min
step 240/2000  loss 0.0649  val macro-AUROC 0.7009 (best 0.7009, 71 labels)  0.3 min
step 280/2000  loss 0.0539  val macro-AUROC 0.6861 (best 0.7009, 71 labels)  0.3 min
step 320/2000  loss 0.0424  val macro-AUROC 0.6031 (best 0.7009, 71 labels)  0.4 min
step 360/2000  loss 0.0390  val macro-AUROC 0.6450 (best 0.7009, 71 labels)  0.4 min
step 400/2000  loss 0.0265  val macro-AUROC 0.6355 (best 0.7009, 71 labels)  0.5 min
step 440/2000  loss 0.0170  val macro-AUROC 0.6410 (best 0.7009, 71 labels)  0.5 min
step 480/2000  loss 0.0122  val macro-AUROC 0.6844 (best 0.7009, 71 labels)  0.6 min
step 520/2000  loss 0.0118  val macro-AUROC 0.6876 (best 0.7009, 71 labels)  0.6 min
step 560/2000  loss 0.0101  val macro-AUROC 0.6445 (best 0.7009, 71 labels)  0.7 min
step 600/2000  loss 0.0086  val macro-AUROC 0.6968 (best 0.7009, 71 labels)  0.7 min
step 640/2000  loss 0.0073  val macro-AUROC 0.6824 (best 0.7009, 71 labels)  0.8 min
step 680/2000  loss 0.0051  val macro-AUROC 0.6838 (best 0.7009, 71 labels)  0.8 min
step 720/2000  loss 0.0050  val macro-AUROC 0.6795 (best 0.7009, 71 labels)  0.8 min
step 760/2000  loss 0.0054  val macro-AUROC 0.6648 (best 0.7009, 71 labels)  0.9 min
step 800/2000  loss 0.0045  val macro-AUROC 0.6836 (best 0.7009, 71 labels)  0.9 min
step 840/2000  loss 0.0045  val macro-AUROC 0.6939 (best 0.7009, 71 labels)  1.0 min
step 880/2000  loss 0.0036  val macro-AUROC 0.6797 (best 0.7009, 71 labels)  1.0 min
step 920/2000  loss 0.0035  val macro-AUROC 0.6995 (best 0.7009, 71 labels)  1.1 min
step 960/2000  loss 0.0030  val macro-AUROC 0.7037 (best 0.7037, 71 labels)  1.1 min
step 1000/2000  loss 0.0063  val macro-AUROC 0.6959 (best 0.7037, 71 labels)  1.2 min
step 1040/2000  loss 0.0062  val macro-AUROC 0.6526 (best 0.7037, 71 labels)  1.2 min
step 1080/2000  loss 0.0026  val macro-AUROC 0.6851 (best 0.7037, 71 labels)  1.3 min
step 1120/2000  loss 0.0037  val macro-AUROC 0.6981 (best 0.7037, 71 labels)  1.3 min
step 1160/2000  loss 0.0034  val macro-AUROC 0.6856 (best 0.7037, 71 labels)  1.4 min
step 1200/2000  loss 0.0027  val macro-AUROC 0.6849 (best 0.7037, 71 labels)  1.4 min
step 1240/2000  loss 0.0039  val macro-AUROC 0.6797 (best 0.7037, 71 labels)  1.4 min
step 1280/2000  loss 0.0025  val macro-AUROC 0.6791 (best 0.7037, 71 labels)  1.5 min
step 1320/2000  loss 0.0014  val macro-AUROC 0.6838 (best 0.7037, 71 labels)  1.5 min
step 1360/2000  loss 0.0020  val macro-AUROC 0.6877 (best 0.7037, 71 labels)  1.6 min
step 1400/2000  loss 0.0024  val macro-AUROC 0.6904 (best 0.7037, 71 labels)  1.6 min
step 1440/2000  loss 0.0026  val macro-AUROC 0.6965 (best 0.7037, 71 labels)  1.7 min
step 1480/2000  loss 0.0020  val macro-AUROC 0.6945 (best 0.7037, 71 labels)  1.7 min
step 1520/2000  loss 0.0015  val macro-AUROC 0.6785 (best 0.7037, 71 labels)  1.8 min
step 1560/2000  loss 0.0021  val macro-AUROC 0.6826 (best 0.7037, 71 labels)  1.8 min
step 1600/2000  loss 0.0020  val macro-AUROC 0.6880 (best 0.7037, 71 labels)  1.9 min
step 1640/2000  loss 0.0016  val macro-AUROC 0.6961 (best 0.7037, 71 labels)  1.9 min
step 1680/2000  loss 0.0012  val macro-AUROC 0.6893 (best 0.7037, 71 labels)  2.0 min
step 1720/2000  loss 0.0022  val macro-AUROC 0.6855 (best 0.7037, 71 labels)  2.0 min
step 1760/2000  loss 0.0018  val macro-AUROC 0.6901 (best 0.7037, 71 labels)  2.0 min
step 1800/2000  loss 0.0010  val macro-AUROC 0.6877 (best 0.7037, 71 labels)  2.1 min
step 1840/2000  loss 0.0023  val macro-AUROC 0.6862 (best 0.7037, 71 labels)  2.1 min
step 1880/2000  loss 0.0014  val macro-AUROC 0.6855 (best 0.7037, 71 labels)  2.2 min
step 1920/2000  loss 0.0013  val macro-AUROC 0.6856 (best 0.7037, 71 labels)  2.2 min
step 1960/2000  loss 0.0017  val macro-AUROC 0.6877 (best 0.7037, 71 labels)  2.3 min
step 2000/2000  loss 0.0018  val macro-AUROC 0.6841 (best 0.7037, 71 labels)  2.3 min
{"run_id": "C0_b0.01_s0_lik0", "test_macro_auroc": 0.7143290760775144, "test_e3_macro_auroc": 0.8646812113390847, "sph_e3_macro_auroc": 0.8990743365426144}
