C0_b0.05_s3_lik0: train=887 records, 2000 steps, eval every 40, device=cuda
/tmp/robust-ecg-ssl/scripts/train.py:143: UserWarning: Converting a tensor with requires_grad=True to a scalar may lead to unexpected behavior.
Consider using tensor.detach() first. (Triggered internally at /pytorch/torch/csrc/autograd/generated/python_variable_methods.cpp:836.)
  print(f"step {step}/{total}  loss {float(loss):.4f}  val macro-AUROC {auc:.4f} "
step 40/2000  loss 0.8990  val macro-AUROC 0.5571 (best 0.5571, 71 labels)  0.1 min
step 80/2000  loss 0.7760  val macro-AUROC 0.5808 (best 0.5808, 71 labels)  0.1 min
step 120/2000  loss 0.6176  val macro-AUROC 0.6408 (best 0.6408, 71 labels)  0.2 min
step 160/2000  loss 0.2854  val macro-AUROC 0.6066 (best 0.6408, 71 labels)  0.2 min
step 200/2000  loss 0.1103  val macro-AUROC 0.7531 (best 0.7531, 71 labels)  0.2 min
step 240/2000  loss 0.0890  val macro-AUROC 0.7072 (best 0.7531, 71 labels)  0.3 min
step 280/2000  loss 0.0780  val macro-AUROC 0.7611 (best 0.7611, 71 labels)  0.3 min
step 320/2000  loss 0.0721  val macro-AUROC 0.7965 (best 0.7965, 71 labels)  0.4 min
step 360/2000  loss 0.0598  val macro-AUROC 0.7936 (best 0.7965, 71 labels)  0.4 min
step 400/2000  loss 0.0607  val macro-AUROC 0.7984 (best 0.7984, 71 labels)  0.5 min
step 440/2000  loss 0.0517  val macro-AUROC 0.8219 (best 0.8219, 71 labels)  0.5 min
step 480/2000  loss 0.0561  val macro-AUROC 0.7717 (best 0.8219, 71 labels)  0.6 min
step 520/2000  loss 0.0643  val macro-AUROC 0.8042 (best 0.8219, 71 labels)  0.6 min
step 560/2000  loss 0.0492  val macro-AUROC 0.8090 (best 0.8219, 71 labels)  0.7 min
step 600/2000  loss 0.0437  val macro-AUROC 0.7538 (best 0.8219, 71 labels)  0.7 min
step 640/2000  loss 0.0489  val macro-AUROC 0.7901 (best 0.8219, 71 labels)  0.7 min
step 680/2000  loss 0.0398  val macro-AUROC 0.7904 (best 0.8219, 71 labels)  0.8 min
step 720/2000  loss 0.0319  val macro-AUROC 0.7972 (best 0.8219, 71 labels)  0.8 min
step 760/2000  loss 0.0319  val macro-AUROC 0.7967 (best 0.8219, 71 labels)  0.9 min
step 800/2000  loss 0.0283  val macro-AUROC 0.7783 (best 0.8219, 71 labels)  0.9 min
step 840/2000  loss 0.0310  val macro-AUROC 0.7756 (best 0.8219, 71 labels)  1.0 min
step 880/2000  loss 0.0259  val macro-AUROC 0.8000 (best 0.8219, 71 labels)  1.0 min
step 920/2000  loss 0.0216  val macro-AUROC 0.7632 (best 0.8219, 71 labels)  1.1 min
step 960/2000  loss 0.0191  val macro-AUROC 0.7849 (best 0.8219, 71 labels)  1.1 min
step 1000/2000  loss 0.0251  val macro-AUROC 0.7873 (best 0.8219, 71 labels)  1.1 min
step 1040/2000  loss 0.0156  val macro-AUROC 0.7948 (best 0.8219, 71 labels)  1.2 min
step 1080/2000  loss 0.0168  val macro-AUROC 0.7984 (best 0.8219, 71 labels)  1.2 min
step 1120/2000  loss 0.0120  val macro-AUROC 0.7765 (best 0.8219, 71 labels)  1.3 min
step 1160/2000  loss 0.0166  val macro-AUROC 0.7906 (best 0.8219, 71 labels)  1.3 min
step 1200/2000  loss 0.0117  val macro-AUROC 0.7854 (best 0.8219, 71 labels)  1.4 min
step 1240/2000  loss 0.0122  val macro-AUROC 0.7926 (best 0.8219, 71 labels)  1.4 min
step 1280/2000  loss 0.0124  val macro-AUROC 0.7853 (best 0.8219, 71 labels)  1.5 min
step 1320/2000  loss 0.0125  val macro-AUROC 0.7928 (best 0.8219, 71 labels)  1.5 min
step 1360/2000  loss 0.0087  val macro-AUROC 0.7978 (best 0.8219, 71 labels)  1.6 min
step 1400/2000  loss 0.0085  val macro-AUROC 0.7909 (best 0.8219, 71 labels)  1.6 min
step 1440/2000  loss 0.0081  val macro-AUROC 0.7905 (best 0.8219, 71 labels)  1.6 min
step 1480/2000  loss 0.0082  val macro-AUROC 0.7857 (best 0.8219, 71 labels)  1.7 min
step 1520/2000  loss 0.0116  val macro-AUROC 0.7867 (best 0.8219, 71 labels)  1.7 min
step 1560/2000  loss 0.0094  val macro-AUROC 0.7901 (best 0.8219, 71 labels)  1.8 min
step 1600/2000  loss 0.0077  val macro-AUROC 0.7810 (best 0.8219, 71 labels)  1.8 min
step 1640/2000  loss 0.0077  val macro-AUROC 0.7846 (best 0.8219, 71 labels)  1.9 min
step 1680/2000  loss 0.0070  val macro-AUROC 0.7886 (best 0.8219, 71 labels)  1.9 min
step 1720/2000  loss 0.0068  val macro-AUROC 0.7845 (best 0.8219, 71 labels)  2.0 min
step 1760/2000  loss 0.0056  val macro-AUROC 0.7795 (best 0.8219, 71 labels)  2.0 min
step 1800/2000  loss 0.0059  val macro-AUROC 0.7814 (best 0.8219, 71 labels)  2.0 min
step 1840/2000  loss 0.0053  val macro-AUROC 0.7818 (best 0.8219, 71 labels)  2.1 min
step 1880/2000  loss 0.0061  val macro-AUROC 0.7801 (best 0.8219, 71 labels)  2.1 min
step 1920/2000  loss 0.0046  val macro-AUROC 0.7816 (best 0.8219, 71 labels)  2.2 min
step 1960/2000  loss 0.0069  val macro-AUROC 0.7809 (best 0.8219, 71 labels)  2.2 min
step 2000/2000  loss 0.0073  val macro-AUROC 0.7801 (best 0.8219, 71 labels)  2.3 min
{"run_id": "C0_b0.05_s3_lik0", "test_macro_auroc": 0.8084685066674488, "test_e3_macro_auroc": 0.9209611171443193, "sph_e3_macro_auroc": 0.940346539735102}
