C0_b0.5_s3_lik0: train=8716 records, 3400 steps, eval every 68, device=cuda
/tmp/robust-ecg-ssl/scripts/train.py:143: UserWarning: Converting a tensor with requires_grad=True to a scalar may lead to unexpected behavior.
Consider using tensor.detach() first. (Triggered internally at /pytorch/torch/csrc/autograd/generated/python_variable_methods.cpp:836.)
  print(f"step {step}/{total}  loss {float(loss):.4f}  val macro-AUROC {auc:.4f} "
step 68/3400  loss 0.8404  val macro-AUROC 0.5923 (best 0.5923, 71 labels)  0.1 min
step 136/3400  loss 0.6482  val macro-AUROC 0.6064 (best 0.6064, 71 labels)  0.1 min
step 204/3400  loss 0.3190  val macro-AUROC 0.6360 (best 0.6360, 71 labels)  0.2 min
step 272/3400  loss 0.1128  val macro-AUROC 0.7178 (best 0.7178, 71 labels)  0.3 min
step 340/3400  loss 0.1200  val macro-AUROC 0.7430 (best 0.7430, 71 labels)  0.3 min
step 408/3400  loss 0.0917  val macro-AUROC 0.7523 (best 0.7523, 71 labels)  0.4 min
step 476/3400  loss 0.0851  val macro-AUROC 0.8151 (best 0.8151, 71 labels)  0.5 min
step 544/3400  loss 0.0865  val macro-AUROC 0.8091 (best 0.8151, 71 labels)  0.5 min
step 612/3400  loss 0.0831  val macro-AUROC 0.8234 (best 0.8234, 71 labels)  0.6 min
step 680/3400  loss 0.0695  val macro-AUROC 0.8331 (best 0.8331, 71 labels)  0.7 min
step 748/3400  loss 0.0822  val macro-AUROC 0.8483 (best 0.8483, 71 labels)  0.7 min
step 816/3400  loss 0.0772  val macro-AUROC 0.8491 (best 0.8491, 71 labels)  0.8 min
step 884/3400  loss 0.0833  val macro-AUROC 0.8483 (best 0.8491, 71 labels)  0.9 min
step 952/3400  loss 0.0822  val macro-AUROC 0.8592 (best 0.8592, 71 labels)  0.9 min
step 1020/3400  loss 0.0728  val macro-AUROC 0.8706 (best 0.8706, 71 labels)  1.0 min
step 1088/3400  loss 0.0653  val macro-AUROC 0.8769 (best 0.8769, 71 labels)  1.1 min
step 1156/3400  loss 0.0692  val macro-AUROC 0.8815 (best 0.8815, 71 labels)  1.1 min
step 1224/3400  loss 0.0730  val macro-AUROC 0.8830 (best 0.8830, 71 labels)  1.2 min
step 1292/3400  loss 0.0716  val macro-AUROC 0.8816 (best 0.8830, 71 labels)  1.2 min
step 1360/3400  loss 0.0674  val macro-AUROC 0.8873 (best 0.8873, 71 labels)  1.3 min
step 1428/3400  loss 0.0657  val macro-AUROC 0.8833 (best 0.8873, 71 labels)  1.4 min
step 1496/3400  loss 0.0620  val macro-AUROC 0.8866 (best 0.8873, 71 labels)  1.4 min
step 1564/3400  loss 0.0739  val macro-AUROC 0.8928 (best 0.8928, 71 labels)  1.5 min
step 1632/3400  loss 0.0695  val macro-AUROC 0.8954 (best 0.8954, 71 labels)  1.6 min
step 1700/3400  loss 0.0761  val macro-AUROC 0.8970 (best 0.8970, 71 labels)  1.6 min
step 1768/3400  loss 0.0601  val macro-AUROC 0.8945 (best 0.8970, 71 labels)  1.7 min
step 1836/3400  loss 0.0574  val macro-AUROC 0.8959 (best 0.8970, 71 labels)  1.7 min
step 1904/3400  loss 0.0613  val macro-AUROC 0.9003 (best 0.9003, 71 labels)  1.8 min
step 1972/3400  loss 0.0704  val macro-AUROC 0.9022 (best 0.9022, 71 labels)  1.9 min
step 2040/3400  loss 0.0580  val macro-AUROC 0.9005 (best 0.9022, 71 labels)  1.9 min
step 2108/3400  loss 0.0728  val macro-AUROC 0.8980 (best 0.9022, 71 labels)  2.0 min
step 2176/3400  loss 0.0580  val macro-AUROC 0.8946 (best 0.9022, 71 labels)  2.1 min
step 2244/3400  loss 0.0550  val macro-AUROC 0.9012 (best 0.9022, 71 labels)  2.1 min
step 2312/3400  loss 0.0612  val macro-AUROC 0.9002 (best 0.9022, 71 labels)  2.2 min
step 2380/3400  loss 0.0647  val macro-AUROC 0.9028 (best 0.9028, 71 labels)  2.3 min
step 2448/3400  loss 0.0576  val macro-AUROC 0.9057 (best 0.9057, 71 labels)  2.3 min
step 2516/3400  loss 0.0611  val macro-AUROC 0.9062 (best 0.9062, 71 labels)  2.4 min
step 2584/3400  loss 0.0528  val macro-AUROC 0.9029 (best 0.9062, 71 labels)  2.4 min
step 2652/3400  loss 0.0581  val macro-AUROC 0.9059 (best 0.9062, 71 labels)  2.5 min
step 2720/3400  loss 0.0600  val macro-AUROC 0.9089 (best 0.9089, 71 labels)  2.6 min
step 2788/3400  loss 0.0543  val macro-AUROC 0.9084 (best 0.9089, 71 labels)  2.6 min
step 2856/3400  loss 0.0579  val macro-AUROC 0.9101 (best 0.9101, 71 labels)  2.7 min
step 2924/3400  loss 0.0556  val macro-AUROC 0.9050 (best 0.9101, 71 labels)  2.8 min
step 2992/3400  loss 0.0571  val macro-AUROC 0.9082 (best 0.9101, 71 labels)  2.8 min
step 3060/3400  loss 0.0505  val macro-AUROC 0.9077 (best 0.9101, 71 labels)  2.9 min
step 3128/3400  loss 0.0474  val macro-AUROC 0.9084 (best 0.9101, 71 labels)  2.9 min
step 3196/3400  loss 0.0563  val macro-AUROC 0.9076 (best 0.9101, 71 labels)  3.0 min
step 3264/3400  loss 0.0484  val macro-AUROC 0.9081 (best 0.9101, 71 labels)  3.1 min
step 3332/3400  loss 0.0514  val macro-AUROC 0.9078 (best 0.9101, 71 labels)  3.1 min
step 3400/3400  loss 0.0455  val macro-AUROC 0.9073 (best 0.9101, 71 labels)  3.2 min
{"run_id": "C0_b0.5_s3_lik0", "test_macro_auroc": 0.9142405644892365, "test_e3_macro_auroc": 0.9668585209136786, "sph_e3_macro_auroc": 0.9694995769558594}
