C0_b0.01_s4_lik0: train=173 records, 2000 steps, eval every 40, device=cuda
/tmp/robust-ecg-ssl/scripts/train.py:143: UserWarning: Converting a tensor with requires_grad=True to a scalar may lead to unexpected behavior.
Consider using tensor.detach() first. (Triggered internally at /pytorch/torch/csrc/autograd/generated/python_variable_methods.cpp:836.)
  print(f"step {step}/{total}  loss {float(loss):.4f}  val macro-AUROC {auc:.4f} "
step 40/2000  loss 0.8829  val macro-AUROC 0.5873 (best 0.5873, 71 labels)  0.1 min
step 80/2000  loss 0.7480  val macro-AUROC 0.5978 (best 0.5978, 71 labels)  0.1 min
step 120/2000  loss 0.5908  val macro-AUROC 0.6216 (best 0.6216, 71 labels)  0.2 min
step 160/2000  loss 0.2817  val macro-AUROC 0.6625 (best 0.6625, 71 labels)  0.2 min
step 200/2000  loss 0.0914  val macro-AUROC 0.7203 (best 0.7203, 71 labels)  0.3 min
step 240/2000  loss 0.0642  val macro-AUROC 0.7303 (best 0.7303, 71 labels)  0.3 min
step 280/2000  loss 0.0451  val macro-AUROC 0.6937 (best 0.7303, 71 labels)  0.3 min
step 320/2000  loss 0.0348  val macro-AUROC 0.6709 (best 0.7303, 71 labels)  0.4 min
step 360/2000  loss 0.0223  val macro-AUROC 0.6815 (best 0.7303, 71 labels)  0.4 min
step 400/2000  loss 0.0164  val macro-AUROC 0.6463 (best 0.7303, 71 labels)  0.5 min
step 440/2000  loss 0.0126  val macro-AUROC 0.6379 (best 0.7303, 71 labels)  0.5 min
step 480/2000  loss 0.0132  val macro-AUROC 0.6627 (best 0.7303, 71 labels)  0.6 min
step 520/2000  loss 0.0115  val macro-AUROC 0.6751 (best 0.7303, 71 labels)  0.6 min
step 560/2000  loss 0.0094  val macro-AUROC 0.6686 (best 0.7303, 71 labels)  0.7 min
step 600/2000  loss 0.0089  val macro-AUROC 0.6554 (best 0.7303, 71 labels)  0.7 min
step 640/2000  loss 0.0060  val macro-AUROC 0.6763 (best 0.7303, 71 labels)  0.8 min
step 680/2000  loss 0.0055  val macro-AUROC 0.6628 (best 0.7303, 71 labels)  0.8 min
step 720/2000  loss 0.0044  val macro-AUROC 0.6798 (best 0.7303, 71 labels)  0.9 min
step 760/2000  loss 0.0061  val macro-AUROC 0.6805 (best 0.7303, 71 labels)  0.9 min
step 800/2000  loss 0.0053  val macro-AUROC 0.6734 (best 0.7303, 71 labels)  1.0 min
step 840/2000  loss 0.0050  val macro-AUROC 0.6418 (best 0.7303, 71 labels)  1.0 min
step 880/2000  loss 0.0033  val macro-AUROC 0.6656 (best 0.7303, 71 labels)  1.0 min
step 920/2000  loss 0.0031  val macro-AUROC 0.6543 (best 0.7303, 71 labels)  1.1 min
step 960/2000  loss 0.0035  val macro-AUROC 0.6881 (best 0.7303, 71 labels)  1.1 min
step 1000/2000  loss 0.0035  val macro-AUROC 0.6671 (best 0.7303, 71 labels)  1.2 min
step 1040/2000  loss 0.0023  val macro-AUROC 0.6444 (best 0.7303, 71 labels)  1.2 min
step 1080/2000  loss 0.0026  val macro-AUROC 0.6592 (best 0.7303, 71 labels)  1.3 min
step 1120/2000  loss 0.0035  val macro-AUROC 0.6903 (best 0.7303, 71 labels)  1.3 min
step 1160/2000  loss 0.0031  val macro-AUROC 0.6935 (best 0.7303, 71 labels)  1.4 min
step 1200/2000  loss 0.0027  val macro-AUROC 0.6898 (best 0.7303, 71 labels)  1.4 min
step 1240/2000  loss 0.0019  val macro-AUROC 0.6824 (best 0.7303, 71 labels)  1.5 min
step 1280/2000  loss 0.0020  val macro-AUROC 0.6841 (best 0.7303, 71 labels)  1.5 min
step 1320/2000  loss 0.0022  val macro-AUROC 0.6885 (best 0.7303, 71 labels)  1.6 min
step 1360/2000  loss 0.0023  val macro-AUROC 0.6806 (best 0.7303, 71 labels)  1.6 min
step 1400/2000  loss 0.0017  val macro-AUROC 0.6811 (best 0.7303, 71 labels)  1.7 min
step 1440/2000  loss 0.0010  val macro-AUROC 0.6935 (best 0.7303, 71 labels)  1.7 min
step 1480/2000  loss 0.0013  val macro-AUROC 0.6827 (best 0.7303, 71 labels)  1.8 min
step 1520/2000  loss 0.0016  val macro-AUROC 0.6755 (best 0.7303, 71 labels)  1.8 min
step 1560/2000  loss 0.0024  val macro-AUROC 0.6762 (best 0.7303, 71 labels)  1.8 min
step 1600/2000  loss 0.0025  val macro-AUROC 0.6723 (best 0.7303, 71 labels)  1.9 min
step 1640/2000  loss 0.0020  val macro-AUROC 0.6921 (best 0.7303, 71 labels)  1.9 min
step 1680/2000  loss 0.0016  val macro-AUROC 0.6734 (best 0.7303, 71 labels)  2.0 min
step 1720/2000  loss 0.0021  val macro-AUROC 0.6848 (best 0.7303, 71 labels)  2.0 min
step 1760/2000  loss 0.0015  val macro-AUROC 0.6862 (best 0.7303, 71 labels)  2.1 min
step 1800/2000  loss 0.0023  val macro-AUROC 0.6802 (best 0.7303, 71 labels)  2.1 min
step 1840/2000  loss 0.0016  val macro-AUROC 0.6784 (best 0.7303, 71 labels)  2.2 min
step 1880/2000  loss 0.0011  val macro-AUROC 0.6755 (best 0.7303, 71 labels)  2.2 min
step 1920/2000  loss 0.0019  val macro-AUROC 0.6772 (best 0.7303, 71 labels)  2.3 min
step 1960/2000  loss 0.0017  val macro-AUROC 0.6785 (best 0.7303, 71 labels)  2.3 min
step 2000/2000  loss 0.0022  val macro-AUROC 0.6807 (best 0.7303, 71 labels)  2.4 min
{"run_id": "C0_b0.01_s4_lik0", "test_macro_auroc": 0.6908894704305869, "test_e3_macro_auroc": 0.8349210129123832, "sph_e3_macro_auroc": 0.8573876072317305}
