C0_b0.1_s3_lik0: train=1766 records, 2000 steps, eval every 40, device=cuda
/tmp/robust-ecg-ssl/scripts/train.py:143: UserWarning: Converting a tensor with requires_grad=True to a scalar may lead to unexpected behavior.
Consider using tensor.detach() first. (Triggered internally at /pytorch/torch/csrc/autograd/generated/python_variable_methods.cpp:836.)
  print(f"step {step}/{total}  loss {float(loss):.4f}  val macro-AUROC {auc:.4f} "
step 40/2000  loss 0.9207  val macro-AUROC 0.5709 (best 0.5709, 71 labels)  0.1 min
step 80/2000  loss 0.7845  val macro-AUROC 0.5744 (best 0.5744, 71 labels)  0.1 min
step 120/2000  loss 0.6052  val macro-AUROC 0.6194 (best 0.6194, 71 labels)  0.2 min
step 160/2000  loss 0.3328  val macro-AUROC 0.6625 (best 0.6625, 71 labels)  0.2 min
step 200/2000  loss 0.1170  val macro-AUROC 0.7059 (best 0.7059, 71 labels)  0.2 min
step 240/2000  loss 0.0953  val macro-AUROC 0.7571 (best 0.7571, 71 labels)  0.3 min
step 280/2000  loss 0.0952  val macro-AUROC 0.7409 (best 0.7571, 71 labels)  0.3 min
step 320/2000  loss 0.0819  val macro-AUROC 0.7945 (best 0.7945, 71 labels)  0.4 min
step 360/2000  loss 0.0921  val macro-AUROC 0.7947 (best 0.7947, 71 labels)  0.4 min
step 400/2000  loss 0.0816  val macro-AUROC 0.7811 (best 0.7947, 71 labels)  0.5 min
step 440/2000  loss 0.0667  val macro-AUROC 0.8129 (best 0.8129, 71 labels)  0.5 min
step 480/2000  loss 0.0768  val macro-AUROC 0.8184 (best 0.8184, 71 labels)  0.6 min
step 520/2000  loss 0.0579  val macro-AUROC 0.8038 (best 0.8184, 71 labels)  0.6 min
step 560/2000  loss 0.0676  val macro-AUROC 0.8143 (best 0.8184, 71 labels)  0.7 min
step 600/2000  loss 0.0575  val macro-AUROC 0.8041 (best 0.8184, 71 labels)  0.7 min
step 640/2000  loss 0.0649  val macro-AUROC 0.8385 (best 0.8385, 71 labels)  0.8 min
step 680/2000  loss 0.0630  val macro-AUROC 0.8205 (best 0.8385, 71 labels)  0.8 min
step 720/2000  loss 0.0567  val macro-AUROC 0.8402 (best 0.8402, 71 labels)  0.8 min
step 760/2000  loss 0.0595  val macro-AUROC 0.8287 (best 0.8402, 71 labels)  0.9 min
step 800/2000  loss 0.0495  val macro-AUROC 0.8332 (best 0.8402, 71 labels)  0.9 min
step 840/2000  loss 0.0512  val macro-AUROC 0.8426 (best 0.8426, 71 labels)  1.0 min
step 880/2000  loss 0.0510  val macro-AUROC 0.8341 (best 0.8426, 71 labels)  1.0 min
step 920/2000  loss 0.0516  val macro-AUROC 0.8371 (best 0.8426, 71 labels)  1.1 min
step 960/2000  loss 0.0487  val macro-AUROC 0.8418 (best 0.8426, 71 labels)  1.1 min
step 1000/2000  loss 0.0462  val macro-AUROC 0.8397 (best 0.8426, 71 labels)  1.2 min
step 1040/2000  loss 0.0462  val macro-AUROC 0.8221 (best 0.8426, 71 labels)  1.2 min
step 1080/2000  loss 0.0418  val macro-AUROC 0.8317 (best 0.8426, 71 labels)  1.3 min
step 1120/2000  loss 0.0415  val macro-AUROC 0.8367 (best 0.8426, 71 labels)  1.3 min
step 1160/2000  loss 0.0323  val macro-AUROC 0.8398 (best 0.8426, 71 labels)  1.4 min
step 1200/2000  loss 0.0304  val macro-AUROC 0.8357 (best 0.8426, 71 labels)  1.4 min
step 1240/2000  loss 0.0356  val macro-AUROC 0.8293 (best 0.8426, 71 labels)  1.5 min
step 1280/2000  loss 0.0252  val macro-AUROC 0.8364 (best 0.8426, 71 labels)  1.5 min
step 1320/2000  loss 0.0308  val macro-AUROC 0.8385 (best 0.8426, 71 labels)  1.5 min
step 1360/2000  loss 0.0282  val macro-AUROC 0.8374 (best 0.8426, 71 labels)  1.6 min
step 1400/2000  loss 0.0265  val macro-AUROC 0.8284 (best 0.8426, 71 labels)  1.6 min
step 1440/2000  loss 0.0252  val macro-AUROC 0.8349 (best 0.8426, 71 labels)  1.7 min
step 1480/2000  loss 0.0299  val macro-AUROC 0.8243 (best 0.8426, 71 labels)  1.7 min
step 1520/2000  loss 0.0189  val macro-AUROC 0.8340 (best 0.8426, 71 labels)  1.8 min
step 1560/2000  loss 0.0207  val macro-AUROC 0.8309 (best 0.8426, 71 labels)  1.8 min
step 1600/2000  loss 0.0190  val macro-AUROC 0.8342 (best 0.8426, 71 labels)  1.9 min
step 1640/2000  loss 0.0212  val macro-AUROC 0.8335 (best 0.8426, 71 labels)  1.9 min
step 1680/2000  loss 0.0202  val macro-AUROC 0.8336 (best 0.8426, 71 labels)  2.0 min
step 1720/2000  loss 0.0151  val macro-AUROC 0.8341 (best 0.8426, 71 labels)  2.0 min
step 1760/2000  loss 0.0146  val macro-AUROC 0.8323 (best 0.8426, 71 labels)  2.0 min
step 1800/2000  loss 0.0161  val macro-AUROC 0.8305 (best 0.8426, 71 labels)  2.1 min
step 1840/2000  loss 0.0189  val macro-AUROC 0.8330 (best 0.8426, 71 labels)  2.1 min
step 1880/2000  loss 0.0123  val macro-AUROC 0.8330 (best 0.8426, 71 labels)  2.2 min
step 1920/2000  loss 0.0182  val macro-AUROC 0.8333 (best 0.8426, 71 labels)  2.2 min
step 1960/2000  loss 0.0144  val macro-AUROC 0.8326 (best 0.8426, 71 labels)  2.3 min
step 2000/2000  loss 0.0157  val macro-AUROC 0.8324 (best 0.8426, 71 labels)  2.3 min
{"run_id": "C0_b0.1_s3_lik0", "test_macro_auroc": 0.8302845118861519, "test_e3_macro_auroc": 0.9457579675035611, "sph_e3_macro_auroc": 0.9556976682475824}
