C0_b0.01_s2_lik0: train=165 records, 2000 steps, eval every 40, device=cuda
/tmp/robust-ecg-ssl/scripts/train.py:143: UserWarning: Converting a tensor with requires_grad=True to a scalar may lead to unexpected behavior.
Consider using tensor.detach() first. (Triggered internally at /pytorch/torch/csrc/autograd/generated/python_variable_methods.cpp:836.)
  print(f"step {step}/{total}  loss {float(loss):.4f}  val macro-AUROC {auc:.4f} "
step 40/2000  loss 0.8872  val macro-AUROC 0.5909 (best 0.5909, 71 labels)  0.1 min
step 80/2000  loss 0.7740  val macro-AUROC 0.5842 (best 0.5909, 71 labels)  0.1 min
step 120/2000  loss 0.5986  val macro-AUROC 0.5917 (best 0.5917, 71 labels)  0.2 min
step 160/2000  loss 0.2779  val macro-AUROC 0.6130 (best 0.6130, 71 labels)  0.2 min
step 200/2000  loss 0.0959  val macro-AUROC 0.6733 (best 0.6733, 71 labels)  0.2 min
step 240/2000  loss 0.0577  val macro-AUROC 0.6299 (best 0.6733, 71 labels)  0.3 min
step 280/2000  loss 0.0439  val macro-AUROC 0.6958 (best 0.6958, 71 labels)  0.3 min
step 320/2000  loss 0.0450  val macro-AUROC 0.5907 (best 0.6958, 71 labels)  0.4 min
step 360/2000  loss 0.0265  val macro-AUROC 0.6834 (best 0.6958, 71 labels)  0.4 min
step 400/2000  loss 0.0189  val macro-AUROC 0.6593 (best 0.6958, 71 labels)  0.5 min
step 440/2000  loss 0.0145  val macro-AUROC 0.6759 (best 0.6958, 71 labels)  0.5 min
step 480/2000  loss 0.0099  val macro-AUROC 0.6986 (best 0.6986, 71 labels)  0.6 min
step 520/2000  loss 0.0120  val macro-AUROC 0.6594 (best 0.6986, 71 labels)  0.6 min
step 560/2000  loss 0.0082  val macro-AUROC 0.6388 (best 0.6986, 71 labels)  0.7 min
step 600/2000  loss 0.0056  val macro-AUROC 0.6664 (best 0.6986, 71 labels)  0.7 min
step 640/2000  loss 0.0061  val macro-AUROC 0.6934 (best 0.6986, 71 labels)  0.7 min
step 680/2000  loss 0.0051  val macro-AUROC 0.6853 (best 0.6986, 71 labels)  0.8 min
step 720/2000  loss 0.0055  val macro-AUROC 0.6703 (best 0.6986, 71 labels)  0.8 min
step 760/2000  loss 0.0061  val macro-AUROC 0.6483 (best 0.6986, 71 labels)  0.9 min
step 800/2000  loss 0.0044  val macro-AUROC 0.7045 (best 0.7045, 71 labels)  0.9 min
step 840/2000  loss 0.0038  val macro-AUROC 0.6897 (best 0.7045, 71 labels)  1.0 min
step 880/2000  loss 0.0036  val macro-AUROC 0.6874 (best 0.7045, 71 labels)  1.0 min
step 920/2000  loss 0.0053  val macro-AUROC 0.6699 (best 0.7045, 71 labels)  1.1 min
step 960/2000  loss 0.0033  val macro-AUROC 0.6699 (best 0.7045, 71 labels)  1.1 min
step 1000/2000  loss 0.0039  val macro-AUROC 0.6685 (best 0.7045, 71 labels)  1.2 min
step 1040/2000  loss 0.0033  val macro-AUROC 0.6922 (best 0.7045, 71 labels)  1.2 min
step 1080/2000  loss 0.0017  val macro-AUROC 0.6718 (best 0.7045, 71 labels)  1.2 min
step 1120/2000  loss 0.0026  val macro-AUROC 0.6896 (best 0.7045, 71 labels)  1.3 min
step 1160/2000  loss 0.0027  val macro-AUROC 0.6528 (best 0.7045, 71 labels)  1.3 min
step 1200/2000  loss 0.0019  val macro-AUROC 0.6656 (best 0.7045, 71 labels)  1.4 min
step 1240/2000  loss 0.0023  val macro-AUROC 0.6514 (best 0.7045, 71 labels)  1.4 min
step 1280/2000  loss 0.0022  val macro-AUROC 0.6723 (best 0.7045, 71 labels)  1.5 min
step 1320/2000  loss 0.0027  val macro-AUROC 0.6645 (best 0.7045, 71 labels)  1.5 min
step 1360/2000  loss 0.0017  val macro-AUROC 0.6721 (best 0.7045, 71 labels)  1.6 min
step 1400/2000  loss 0.0024  val macro-AUROC 0.6606 (best 0.7045, 71 labels)  1.6 min
step 1440/2000  loss 0.0019  val macro-AUROC 0.6519 (best 0.7045, 71 labels)  1.7 min
step 1480/2000  loss 0.0016  val macro-AUROC 0.6565 (best 0.7045, 71 labels)  1.7 min
step 1520/2000  loss 0.0013  val macro-AUROC 0.6864 (best 0.7045, 71 labels)  1.8 min
step 1560/2000  loss 0.0015  val macro-AUROC 0.6700 (best 0.7045, 71 labels)  1.8 min
step 1600/2000  loss 0.0012  val macro-AUROC 0.6654 (best 0.7045, 71 labels)  1.8 min
step 1640/2000  loss 0.0010  val macro-AUROC 0.6693 (best 0.7045, 71 labels)  1.9 min
step 1680/2000  loss 0.0025  val macro-AUROC 0.6750 (best 0.7045, 71 labels)  1.9 min
step 1720/2000  loss 0.0016  val macro-AUROC 0.6719 (best 0.7045, 71 labels)  2.0 min
step 1760/2000  loss 0.0011  val macro-AUROC 0.6679 (best 0.7045, 71 labels)  2.0 min
step 1800/2000  loss 0.0010  val macro-AUROC 0.6666 (best 0.7045, 71 labels)  2.1 min
step 1840/2000  loss 0.0022  val macro-AUROC 0.6709 (best 0.7045, 71 labels)  2.1 min
step 1880/2000  loss 0.0018  val macro-AUROC 0.6704 (best 0.7045, 71 labels)  2.2 min
step 1920/2000  loss 0.0010  val macro-AUROC 0.6693 (best 0.7045, 71 labels)  2.2 min
step 1960/2000  loss 0.0017  val macro-AUROC 0.6692 (best 0.7045, 71 labels)  2.2 min
step 2000/2000  loss 0.0007  val macro-AUROC 0.6703 (best 0.7045, 71 labels)  2.3 min
{"run_id": "C0_b0.01_s2_lik0", "test_macro_auroc": 0.6850466225898018, "test_e3_macro_auroc": 0.8605906064046382, "sph_e3_macro_auroc": 0.9019283283957085}
