C0_b0.1_s0_lik0: train=1746 records, 2000 steps, eval every 40, device=cuda
/tmp/robust-ecg-ssl/scripts/train.py:143: UserWarning: Converting a tensor with requires_grad=True to a scalar may lead to unexpected behavior.
Consider using tensor.detach() first. (Triggered internally at /pytorch/torch/csrc/autograd/generated/python_variable_methods.cpp:836.)
  print(f"step {step}/{total}  loss {float(loss):.4f}  val macro-AUROC {auc:.4f} "
step 40/2000  loss 0.9293  val macro-AUROC 0.5738 (best 0.5738, 71 labels)  0.1 min
step 80/2000  loss 0.8087  val macro-AUROC 0.5980 (best 0.5980, 71 labels)  0.1 min
step 120/2000  loss 0.6414  val macro-AUROC 0.6266 (best 0.6266, 71 labels)  0.1 min
step 160/2000  loss 0.3127  val macro-AUROC 0.6194 (best 0.6266, 71 labels)  0.2 min
step 200/2000  loss 0.1261  val macro-AUROC 0.6924 (best 0.6924, 71 labels)  0.2 min
step 240/2000  loss 0.0994  val macro-AUROC 0.7412 (best 0.7412, 71 labels)  0.3 min
step 280/2000  loss 0.0938  val macro-AUROC 0.6985 (best 0.7412, 71 labels)  0.3 min
step 320/2000  loss 0.0789  val macro-AUROC 0.7672 (best 0.7672, 71 labels)  0.4 min
step 360/2000  loss 0.0907  val macro-AUROC 0.7733 (best 0.7733, 71 labels)  0.4 min
step 400/2000  loss 0.0725  val macro-AUROC 0.7765 (best 0.7765, 71 labels)  0.5 min
step 440/2000  loss 0.0739  val macro-AUROC 0.7772 (best 0.7772, 71 labels)  0.5 min
step 480/2000  loss 0.0664  val macro-AUROC 0.8132 (best 0.8132, 71 labels)  0.6 min
step 520/2000  loss 0.0790  val macro-AUROC 0.8159 (best 0.8159, 71 labels)  0.6 min
step 560/2000  loss 0.0628  val macro-AUROC 0.8109 (best 0.8159, 71 labels)  0.7 min
step 600/2000  loss 0.0599  val macro-AUROC 0.8212 (best 0.8212, 71 labels)  0.7 min
step 640/2000  loss 0.0617  val macro-AUROC 0.8368 (best 0.8368, 71 labels)  0.7 min
step 680/2000  loss 0.0601  val macro-AUROC 0.8311 (best 0.8368, 71 labels)  0.8 min
step 720/2000  loss 0.0610  val macro-AUROC 0.8271 (best 0.8368, 71 labels)  0.8 min
step 760/2000  loss 0.0550  val macro-AUROC 0.8192 (best 0.8368, 71 labels)  0.9 min
step 800/2000  loss 0.0574  val macro-AUROC 0.8365 (best 0.8368, 71 labels)  0.9 min
step 840/2000  loss 0.0558  val macro-AUROC 0.8402 (best 0.8402, 71 labels)  1.0 min
step 880/2000  loss 0.0455  val macro-AUROC 0.8401 (best 0.8402, 71 labels)  1.0 min
step 920/2000  loss 0.0650  val macro-AUROC 0.8387 (best 0.8402, 71 labels)  1.1 min
step 960/2000  loss 0.0558  val macro-AUROC 0.8219 (best 0.8402, 71 labels)  1.1 min
step 1000/2000  loss 0.0555  val macro-AUROC 0.8259 (best 0.8402, 71 labels)  1.2 min
step 1040/2000  loss 0.0448  val macro-AUROC 0.8347 (best 0.8402, 71 labels)  1.2 min
step 1080/2000  loss 0.0400  val macro-AUROC 0.8283 (best 0.8402, 71 labels)  1.3 min
step 1120/2000  loss 0.0375  val macro-AUROC 0.8263 (best 0.8402, 71 labels)  1.3 min
step 1160/2000  loss 0.0369  val macro-AUROC 0.8178 (best 0.8402, 71 labels)  1.4 min
step 1200/2000  loss 0.0402  val macro-AUROC 0.8377 (best 0.8402, 71 labels)  1.4 min
step 1240/2000  loss 0.0318  val macro-AUROC 0.8299 (best 0.8402, 71 labels)  1.4 min
step 1280/2000  loss 0.0336  val macro-AUROC 0.8245 (best 0.8402, 71 labels)  1.5 min
step 1320/2000  loss 0.0317  val macro-AUROC 0.8300 (best 0.8402, 71 labels)  1.5 min
step 1360/2000  loss 0.0308  val macro-AUROC 0.8282 (best 0.8402, 71 labels)  1.6 min
step 1400/2000  loss 0.0319  val macro-AUROC 0.8300 (best 0.8402, 71 labels)  1.6 min
step 1440/2000  loss 0.0304  val macro-AUROC 0.8317 (best 0.8402, 71 labels)  1.7 min
step 1480/2000  loss 0.0266  val macro-AUROC 0.8309 (best 0.8402, 71 labels)  1.7 min
step 1520/2000  loss 0.0265  val macro-AUROC 0.8385 (best 0.8402, 71 labels)  1.8 min
step 1560/2000  loss 0.0277  val macro-AUROC 0.8312 (best 0.8402, 71 labels)  1.8 min
step 1600/2000  loss 0.0220  val macro-AUROC 0.8296 (best 0.8402, 71 labels)  1.9 min
step 1640/2000  loss 0.0194  val macro-AUROC 0.8271 (best 0.8402, 71 labels)  1.9 min
step 1680/2000  loss 0.0211  val macro-AUROC 0.8225 (best 0.8402, 71 labels)  2.0 min
step 1720/2000  loss 0.0244  val macro-AUROC 0.8292 (best 0.8402, 71 labels)  2.0 min
step 1760/2000  loss 0.0162  val macro-AUROC 0.8247 (best 0.8402, 71 labels)  2.1 min
step 1800/2000  loss 0.0157  val macro-AUROC 0.8254 (best 0.8402, 71 labels)  2.1 min
step 1840/2000  loss 0.0209  val macro-AUROC 0.8226 (best 0.8402, 71 labels)  2.1 min
step 1880/2000  loss 0.0166  val macro-AUROC 0.8243 (best 0.8402, 71 labels)  2.2 min
step 1920/2000  loss 0.0154  val macro-AUROC 0.8244 (best 0.8402, 71 labels)  2.2 min
step 1960/2000  loss 0.0165  val macro-AUROC 0.8242 (best 0.8402, 71 labels)  2.3 min
step 2000/2000  loss 0.0168  val macro-AUROC 0.8261 (best 0.8402, 71 labels)  2.3 min
{"run_id": "C0_b0.1_s0_lik0", "test_macro_auroc": 0.8425135600219924, "test_e3_macro_auroc": 0.9398231968360687, "sph_e3_macro_auroc": 0.9530804560726432}
