C0_b1_s1_lik0: train=17418 records, 6800 steps, eval every 136, device=cuda
/tmp/robust-ecg-ssl/scripts/train.py:143: UserWarning: Converting a tensor with requires_grad=True to a scalar may lead to unexpected behavior.
Consider using tensor.detach() first. (Triggered internally at /pytorch/torch/csrc/autograd/generated/python_variable_methods.cpp:836.)
  print(f"step {step}/{total}  loss {float(loss):.4f}  val macro-AUROC {auc:.4f} "
step 136/6800  loss 0.7458  val macro-AUROC 0.6321 (best 0.6321, 71 labels)  0.1 min
step 272/6800  loss 0.2797  val macro-AUROC 0.6727 (best 0.6727, 71 labels)  0.2 min
step 408/6800  loss 0.1129  val macro-AUROC 0.7578 (best 0.7578, 71 labels)  0.3 min
step 544/6800  loss 0.0936  val macro-AUROC 0.7751 (best 0.7751, 71 labels)  0.4 min
step 680/6800  loss 0.0833  val macro-AUROC 0.8113 (best 0.8113, 71 labels)  0.5 min
step 816/6800  loss 0.0813  val macro-AUROC 0.8301 (best 0.8301, 71 labels)  0.6 min
step 952/6800  loss 0.0801  val macro-AUROC 0.8385 (best 0.8385, 71 labels)  0.8 min
step 1088/6800  loss 0.0740  val macro-AUROC 0.8533 (best 0.8533, 71 labels)  0.9 min
step 1224/6800  loss 0.0711  val macro-AUROC 0.8701 (best 0.8701, 71 labels)  1.0 min
step 1360/6800  loss 0.0805  val macro-AUROC 0.8773 (best 0.8773, 71 labels)  1.1 min
step 1496/6800  loss 0.0627  val macro-AUROC 0.8893 (best 0.8893, 71 labels)  1.2 min
step 1632/6800  loss 0.0661  val macro-AUROC 0.8947 (best 0.8947, 71 labels)  1.3 min
step 1768/6800  loss 0.0647  val macro-AUROC 0.8948 (best 0.8948, 71 labels)  1.4 min
step 1904/6800  loss 0.0605  val macro-AUROC 0.9031 (best 0.9031, 71 labels)  1.5 min
step 2040/6800  loss 0.0731  val macro-AUROC 0.9025 (best 0.9031, 71 labels)  1.6 min
step 2176/6800  loss 0.0637  val macro-AUROC 0.9057 (best 0.9057, 71 labels)  1.7 min
step 2312/6800  loss 0.0635  val macro-AUROC 0.8983 (best 0.9057, 71 labels)  1.8 min
step 2448/6800  loss 0.0689  val macro-AUROC 0.9083 (best 0.9083, 71 labels)  1.9 min
step 2584/6800  loss 0.0699  val macro-AUROC 0.9163 (best 0.9163, 71 labels)  2.0 min
step 2720/6800  loss 0.0626  val macro-AUROC 0.9132 (best 0.9163, 71 labels)  2.1 min
step 2856/6800  loss 0.0579  val macro-AUROC 0.9131 (best 0.9163, 71 labels)  2.2 min
step 2992/6800  loss 0.0607  val macro-AUROC 0.9148 (best 0.9163, 71 labels)  2.3 min
step 3128/6800  loss 0.0608  val macro-AUROC 0.9091 (best 0.9163, 71 labels)  2.4 min
step 3264/6800  loss 0.0629  val macro-AUROC 0.9200 (best 0.9200, 71 labels)  2.5 min
step 3400/6800  loss 0.0534  val macro-AUROC 0.9092 (best 0.9200, 71 labels)  2.6 min
step 3536/6800  loss 0.0656  val macro-AUROC 0.9189 (best 0.9200, 71 labels)  2.7 min
step 3672/6800  loss 0.0621  val macro-AUROC 0.9122 (best 0.9200, 71 labels)  2.8 min
step 3808/6800  loss 0.0496  val macro-AUROC 0.9150 (best 0.9200, 71 labels)  3.0 min
step 3944/6800  loss 0.0539  val macro-AUROC 0.9162 (best 0.9200, 71 labels)  3.1 min
step 4080/6800  loss 0.0622  val macro-AUROC 0.9186 (best 0.9200, 71 labels)  3.2 min
step 4216/6800  loss 0.0569  val macro-AUROC 0.9210 (best 0.9210, 71 labels)  3.3 min
step 4352/6800  loss 0.0544  val macro-AUROC 0.9186 (best 0.9210, 71 labels)  3.4 min
step 4488/6800  loss 0.0538  val macro-AUROC 0.9157 (best 0.9210, 71 labels)  3.5 min
step 4624/6800  loss 0.0589  val macro-AUROC 0.9220 (best 0.9220, 71 labels)  3.6 min
step 4760/6800  loss 0.0497  val macro-AUROC 0.9222 (best 0.9222, 71 labels)  3.7 min
step 4896/6800  loss 0.0550  val macro-AUROC 0.9219 (best 0.9222, 71 labels)  3.8 min
step 5032/6800  loss 0.0554  val macro-AUROC 0.9233 (best 0.9233, 71 labels)  3.9 min
step 5168/6800  loss 0.0506  val macro-AUROC 0.9231 (best 0.9233, 71 labels)  4.0 min
step 5304/6800  loss 0.0499  val macro-AUROC 0.9214 (best 0.9233, 71 labels)  4.1 min
step 5440/6800  loss 0.0514  val macro-AUROC 0.9263 (best 0.9263, 71 labels)  4.2 min
step 5576/6800  loss 0.0590  val macro-AUROC 0.9252 (best 0.9263, 71 labels)  4.3 min
step 5712/6800  loss 0.0475  val macro-AUROC 0.9277 (best 0.9277, 71 labels)  4.4 min
step 5848/6800  loss 0.0510  val macro-AUROC 0.9249 (best 0.9277, 71 labels)  4.5 min
step 5984/6800  loss 0.0480  val macro-AUROC 0.9248 (best 0.9277, 71 labels)  4.6 min
step 6120/6800  loss 0.0521  val macro-AUROC 0.9249 (best 0.9277, 71 labels)  4.7 min
step 6256/6800  loss 0.0560  val macro-AUROC 0.9230 (best 0.9277, 71 labels)  4.8 min
step 6392/6800  loss 0.0590  val macro-AUROC 0.9248 (best 0.9277, 71 labels)  4.9 min
step 6528/6800  loss 0.0466  val macro-AUROC 0.9238 (best 0.9277, 71 labels)  5.0 min
step 6664/6800  loss 0.0484  val macro-AUROC 0.9241 (best 0.9277, 71 labels)  5.1 min
step 6800/6800  loss 0.0416  val macro-AUROC 0.9234 (best 0.9277, 71 labels)  5.2 min
{"run_id": "C0_b1_s1_lik0", "test_macro_auroc": 0.9215336308286384, "test_e3_macro_auroc": 0.9756743393251865, "sph_e3_macro_auroc": 0.9661990007143451}
