C0_b0.05_s4_lik0: train=873 records, 2000 steps, eval every 40, device=cuda
/tmp/robust-ecg-ssl/scripts/train.py:143: UserWarning: Converting a tensor with requires_grad=True to a scalar may lead to unexpected behavior.
Consider using tensor.detach() first. (Triggered internally at /pytorch/torch/csrc/autograd/generated/python_variable_methods.cpp:836.)
  print(f"step {step}/{total}  loss {float(loss):.4f}  val macro-AUROC {auc:.4f} "
step 40/2000  loss 0.9211  val macro-AUROC 0.5992 (best 0.5992, 71 labels)  0.1 min
step 80/2000  loss 0.7882  val macro-AUROC 0.6408 (best 0.6408, 71 labels)  0.1 min
step 120/2000  loss 0.6413  val macro-AUROC 0.6184 (best 0.6408, 71 labels)  0.2 min
step 160/2000  loss 0.2946  val macro-AUROC 0.5751 (best 0.6408, 71 labels)  0.2 min
step 200/2000  loss 0.1252  val macro-AUROC 0.6482 (best 0.6482, 71 labels)  0.3 min
step 240/2000  loss 0.0982  val macro-AUROC 0.7522 (best 0.7522, 71 labels)  0.3 min
step 280/2000  loss 0.0949  val macro-AUROC 0.7781 (best 0.7781, 71 labels)  0.3 min
step 320/2000  loss 0.0796  val macro-AUROC 0.7591 (best 0.7781, 71 labels)  0.4 min
step 360/2000  loss 0.0801  val macro-AUROC 0.7834 (best 0.7834, 71 labels)  0.4 min
step 400/2000  loss 0.0905  val macro-AUROC 0.5631 (best 0.7834, 71 labels)  0.5 min
step 440/2000  loss 0.0809  val macro-AUROC 0.7837 (best 0.7837, 71 labels)  0.5 min
step 480/2000  loss 0.0840  val macro-AUROC 0.7844 (best 0.7844, 71 labels)  0.6 min
step 520/2000  loss 0.0698  val macro-AUROC 0.8140 (best 0.8140, 71 labels)  0.6 min
step 560/2000  loss 0.0618  val macro-AUROC 0.8007 (best 0.8140, 71 labels)  0.7 min
step 600/2000  loss 0.0594  val macro-AUROC 0.7820 (best 0.8140, 71 labels)  0.7 min
step 640/2000  loss 0.0581  val macro-AUROC 0.8173 (best 0.8173, 71 labels)  0.8 min
step 680/2000  loss 0.0609  val macro-AUROC 0.8021 (best 0.8173, 71 labels)  0.8 min
step 720/2000  loss 0.0561  val macro-AUROC 0.8085 (best 0.8173, 71 labels)  0.8 min
step 760/2000  loss 0.0445  val macro-AUROC 0.7927 (best 0.8173, 71 labels)  0.9 min
step 800/2000  loss 0.0465  val macro-AUROC 0.7752 (best 0.8173, 71 labels)  0.9 min
step 840/2000  loss 0.0381  val macro-AUROC 0.7785 (best 0.8173, 71 labels)  1.0 min
step 880/2000  loss 0.0405  val macro-AUROC 0.8011 (best 0.8173, 71 labels)  1.0 min
step 920/2000  loss 0.0372  val macro-AUROC 0.7787 (best 0.8173, 71 labels)  1.1 min
step 960/2000  loss 0.0306  val macro-AUROC 0.7992 (best 0.8173, 71 labels)  1.1 min
step 1000/2000  loss 0.0371  val macro-AUROC 0.7681 (best 0.8173, 71 labels)  1.2 min
step 1040/2000  loss 0.0294  val macro-AUROC 0.7997 (best 0.8173, 71 labels)  1.2 min
step 1080/2000  loss 0.0310  val macro-AUROC 0.7861 (best 0.8173, 71 labels)  1.2 min
step 1120/2000  loss 0.0275  val macro-AUROC 0.7986 (best 0.8173, 71 labels)  1.3 min
step 1160/2000  loss 0.0246  val macro-AUROC 0.7954 (best 0.8173, 71 labels)  1.3 min
step 1200/2000  loss 0.0281  val macro-AUROC 0.7568 (best 0.8173, 71 labels)  1.4 min
step 1240/2000  loss 0.0177  val macro-AUROC 0.7736 (best 0.8173, 71 labels)  1.4 min
step 1280/2000  loss 0.0205  val macro-AUROC 0.7758 (best 0.8173, 71 labels)  1.5 min
step 1320/2000  loss 0.0188  val macro-AUROC 0.7825 (best 0.8173, 71 labels)  1.5 min
step 1360/2000  loss 0.0182  val macro-AUROC 0.7924 (best 0.8173, 71 labels)  1.6 min
step 1400/2000  loss 0.0135  val macro-AUROC 0.7860 (best 0.8173, 71 labels)  1.6 min
step 1440/2000  loss 0.0134  val macro-AUROC 0.7837 (best 0.8173, 71 labels)  1.7 min
step 1480/2000  loss 0.0153  val macro-AUROC 0.7853 (best 0.8173, 71 labels)  1.7 min
step 1520/2000  loss 0.0125  val macro-AUROC 0.7870 (best 0.8173, 71 labels)  1.7 min
step 1560/2000  loss 0.0118  val macro-AUROC 0.7685 (best 0.8173, 71 labels)  1.8 min
step 1600/2000  loss 0.0104  val macro-AUROC 0.7790 (best 0.8173, 71 labels)  1.8 min
step 1640/2000  loss 0.0113  val macro-AUROC 0.7803 (best 0.8173, 71 labels)  1.9 min
step 1680/2000  loss 0.0090  val macro-AUROC 0.7723 (best 0.8173, 71 labels)  1.9 min
step 1720/2000  loss 0.0100  val macro-AUROC 0.7816 (best 0.8173, 71 labels)  2.0 min
step 1760/2000  loss 0.0088  val macro-AUROC 0.7732 (best 0.8173, 71 labels)  2.0 min
step 1800/2000  loss 0.0080  val macro-AUROC 0.7723 (best 0.8173, 71 labels)  2.1 min
step 1840/2000  loss 0.0080  val macro-AUROC 0.7729 (best 0.8173, 71 labels)  2.1 min
step 1880/2000  loss 0.0085  val macro-AUROC 0.7726 (best 0.8173, 71 labels)  2.2 min
step 1920/2000  loss 0.0100  val macro-AUROC 0.7697 (best 0.8173, 71 labels)  2.2 min
step 1960/2000  loss 0.0074  val macro-AUROC 0.7714 (best 0.8173, 71 labels)  2.2 min
step 2000/2000  loss 0.0085  val macro-AUROC 0.7721 (best 0.8173, 71 labels)  2.3 min
{"run_id": "C0_b0.05_s4_lik0", "test_macro_auroc": 0.8167118448589875, "test_e3_macro_auroc": 0.9216330866568934, "sph_e3_macro_auroc": 0.9366830599677662}
