C1_b0.5_s2_lik0: train=8743 records, 3400 steps, eval every 68, device=cuda
/tmp/robust-ecg-ssl/scripts/train.py:143: UserWarning: Converting a tensor with requires_grad=True to a scalar may lead to unexpected behavior.
Consider using tensor.detach() first. (Triggered internally at /pytorch/torch/csrc/autograd/generated/python_variable_methods.cpp:836.)
  print(f"step {step}/{total}  loss {float(loss):.4f}  val macro-AUROC {auc:.4f} "
step 68/3400  loss 0.8470  val macro-AUROC 0.5768 (best 0.5768, 71 labels)  0.1 min
step 136/3400  loss 0.6764  val macro-AUROC 0.6144 (best 0.6144, 71 labels)  0.2 min
step 204/3400  loss 0.2929  val macro-AUROC 0.5985 (best 0.6144, 71 labels)  0.2 min
step 272/3400  loss 0.1322  val macro-AUROC 0.7217 (best 0.7217, 71 labels)  0.3 min
step 340/3400  loss 0.0962  val macro-AUROC 0.7834 (best 0.7834, 71 labels)  0.3 min
step 408/3400  loss 0.0887  val macro-AUROC 0.8022 (best 0.8022, 71 labels)  0.4 min
step 476/3400  loss 0.0832  val macro-AUROC 0.8266 (best 0.8266, 71 labels)  0.5 min
step 544/3400  loss 0.0855  val macro-AUROC 0.8197 (best 0.8266, 71 labels)  0.5 min
step 612/3400  loss 0.0835  val macro-AUROC 0.8466 (best 0.8466, 71 labels)  0.6 min
step 680/3400  loss 0.0844  val macro-AUROC 0.8465 (best 0.8466, 71 labels)  0.7 min
step 748/3400  loss 0.0770  val macro-AUROC 0.8607 (best 0.8607, 71 labels)  0.7 min
step 816/3400  loss 0.0762  val macro-AUROC 0.8557 (best 0.8607, 71 labels)  0.8 min
step 884/3400  loss 0.0697  val macro-AUROC 0.8636 (best 0.8636, 71 labels)  0.9 min
step 952/3400  loss 0.0743  val macro-AUROC 0.8790 (best 0.8790, 71 labels)  0.9 min
step 1020/3400  loss 0.0644  val macro-AUROC 0.8728 (best 0.8790, 71 labels)  1.0 min
step 1088/3400  loss 0.0696  val macro-AUROC 0.8807 (best 0.8807, 71 labels)  1.1 min
step 1156/3400  loss 0.0639  val macro-AUROC 0.8836 (best 0.8836, 71 labels)  1.1 min
step 1224/3400  loss 0.0672  val macro-AUROC 0.8876 (best 0.8876, 71 labels)  1.2 min
step 1292/3400  loss 0.0605  val macro-AUROC 0.8907 (best 0.8907, 71 labels)  1.2 min
step 1360/3400  loss 0.0606  val macro-AUROC 0.8888 (best 0.8907, 71 labels)  1.3 min
step 1428/3400  loss 0.0618  val macro-AUROC 0.8969 (best 0.8969, 71 labels)  1.4 min
step 1496/3400  loss 0.0638  val macro-AUROC 0.8778 (best 0.8969, 71 labels)  1.4 min
step 1564/3400  loss 0.0752  val macro-AUROC 0.8939 (best 0.8969, 71 labels)  1.5 min
step 1632/3400  loss 0.0637  val macro-AUROC 0.8966 (best 0.8969, 71 labels)  1.6 min
step 1700/3400  loss 0.0633  val macro-AUROC 0.9009 (best 0.9009, 71 labels)  1.6 min
step 1768/3400  loss 0.0669  val macro-AUROC 0.8988 (best 0.9009, 71 labels)  1.7 min
step 1836/3400  loss 0.0611  val macro-AUROC 0.9017 (best 0.9017, 71 labels)  1.8 min
step 1904/3400  loss 0.0645  val macro-AUROC 0.9037 (best 0.9037, 71 labels)  1.8 min
step 1972/3400  loss 0.0657  val macro-AUROC 0.9045 (best 0.9045, 71 labels)  1.9 min
step 2040/3400  loss 0.0575  val macro-AUROC 0.9019 (best 0.9045, 71 labels)  2.0 min
step 2108/3400  loss 0.0645  val macro-AUROC 0.9050 (best 0.9050, 71 labels)  2.0 min
step 2176/3400  loss 0.0643  val macro-AUROC 0.9063 (best 0.9063, 71 labels)  2.1 min
step 2244/3400  loss 0.0581  val macro-AUROC 0.9067 (best 0.9067, 71 labels)  2.2 min
step 2312/3400  loss 0.0623  val macro-AUROC 0.9093 (best 0.9093, 71 labels)  2.2 min
step 2380/3400  loss 0.0540  val macro-AUROC 0.9066 (best 0.9093, 71 labels)  2.3 min
step 2448/3400  loss 0.0547  val macro-AUROC 0.9078 (best 0.9093, 71 labels)  2.3 min
step 2516/3400  loss 0.0640  val macro-AUROC 0.9085 (best 0.9093, 71 labels)  2.4 min
step 2584/3400  loss 0.0628  val macro-AUROC 0.9079 (best 0.9093, 71 labels)  2.5 min
step 2652/3400  loss 0.0553  val macro-AUROC 0.9058 (best 0.9093, 71 labels)  2.5 min
step 2720/3400  loss 0.0538  val macro-AUROC 0.9088 (best 0.9093, 71 labels)  2.6 min
step 2788/3400  loss 0.0608  val macro-AUROC 0.9103 (best 0.9103, 71 labels)  2.7 min
step 2856/3400  loss 0.0544  val macro-AUROC 0.9117 (best 0.9117, 71 labels)  2.7 min
step 2924/3400  loss 0.0527  val macro-AUROC 0.9077 (best 0.9117, 71 labels)  2.8 min
step 2992/3400  loss 0.0528  val macro-AUROC 0.9094 (best 0.9117, 71 labels)  2.9 min
step 3060/3400  loss 0.0609  val macro-AUROC 0.9087 (best 0.9117, 71 labels)  2.9 min
step 3128/3400  loss 0.0398  val macro-AUROC 0.9097 (best 0.9117, 71 labels)  3.0 min
step 3196/3400  loss 0.0507  val macro-AUROC 0.9100 (best 0.9117, 71 labels)  3.1 min
step 3264/3400  loss 0.0439  val macro-AUROC 0.9101 (best 0.9117, 71 labels)  3.1 min
step 3332/3400  loss 0.0536  val macro-AUROC 0.9092 (best 0.9117, 71 labels)  3.2 min
step 3400/3400  loss 0.0441  val macro-AUROC 0.9092 (best 0.9117, 71 labels)  3.2 min
{"run_id": "C1_b0.5_s2_lik0", "test_macro_auroc": 0.9020121475469681, "test_e3_macro_auroc": 0.9688167078823174, "sph_e3_macro_auroc": 0.9675113896611427}
