C1_b0.05_s2_lik0: train=860 records, 2000 steps, eval every 40, device=cuda
/tmp/robust-ecg-ssl/scripts/train.py:143: UserWarning: Converting a tensor with requires_grad=True to a scalar may lead to unexpected behavior.
Consider using tensor.detach() first. (Triggered internally at /pytorch/torch/csrc/autograd/generated/python_variable_methods.cpp:836.)
  print(f"step {step}/{total}  loss {float(loss):.4f}  val macro-AUROC {auc:.4f} "
step 40/2000  loss 0.8983  val macro-AUROC 0.5733 (best 0.5733, 71 labels)  0.1 min
step 80/2000  loss 0.7844  val macro-AUROC 0.6048 (best 0.6048, 71 labels)  0.1 min
step 120/2000  loss 0.6310  val macro-AUROC 0.5950 (best 0.6048, 71 labels)  0.2 min
step 160/2000  loss 0.3054  val macro-AUROC 0.6076 (best 0.6076, 71 labels)  0.2 min
step 200/2000  loss 0.1151  val macro-AUROC 0.7296 (best 0.7296, 71 labels)  0.3 min
step 240/2000  loss 0.0892  val macro-AUROC 0.7570 (best 0.7570, 71 labels)  0.3 min
step 280/2000  loss 0.0896  val macro-AUROC 0.7949 (best 0.7949, 71 labels)  0.4 min
step 320/2000  loss 0.0930  val macro-AUROC 0.7133 (best 0.7949, 71 labels)  0.4 min
step 360/2000  loss 0.0826  val macro-AUROC 0.7970 (best 0.7970, 71 labels)  0.5 min
step 400/2000  loss 0.0949  val macro-AUROC 0.7693 (best 0.7970, 71 labels)  0.5 min
step 440/2000  loss 0.0876  val macro-AUROC 0.7941 (best 0.7970, 71 labels)  0.6 min
step 480/2000  loss 0.0884  val macro-AUROC 0.8153 (best 0.8153, 71 labels)  0.6 min
step 520/2000  loss 0.0731  val macro-AUROC 0.8245 (best 0.8245, 71 labels)  0.6 min
step 560/2000  loss 0.0693  val macro-AUROC 0.8368 (best 0.8368, 71 labels)  0.7 min
step 600/2000  loss 0.0603  val macro-AUROC 0.8294 (best 0.8368, 71 labels)  0.7 min
step 640/2000  loss 0.0506  val macro-AUROC 0.8281 (best 0.8368, 71 labels)  0.8 min
step 680/2000  loss 0.0522  val macro-AUROC 0.8253 (best 0.8368, 71 labels)  0.8 min
step 720/2000  loss 0.0664  val macro-AUROC 0.8213 (best 0.8368, 71 labels)  0.9 min
step 760/2000  loss 0.0573  val macro-AUROC 0.8184 (best 0.8368, 71 labels)  0.9 min
step 800/2000  loss 0.0487  val macro-AUROC 0.8328 (best 0.8368, 71 labels)  1.0 min
step 840/2000  loss 0.0398  val macro-AUROC 0.8279 (best 0.8368, 71 labels)  1.0 min
step 880/2000  loss 0.0456  val macro-AUROC 0.8126 (best 0.8368, 71 labels)  1.1 min
step 920/2000  loss 0.0369  val macro-AUROC 0.8311 (best 0.8368, 71 labels)  1.1 min
step 960/2000  loss 0.0386  val macro-AUROC 0.8093 (best 0.8368, 71 labels)  1.2 min
step 1000/2000  loss 0.0338  val macro-AUROC 0.8170 (best 0.8368, 71 labels)  1.2 min
step 1040/2000  loss 0.0290  val macro-AUROC 0.8101 (best 0.8368, 71 labels)  1.3 min
step 1080/2000  loss 0.0305  val macro-AUROC 0.7993 (best 0.8368, 71 labels)  1.3 min
step 1120/2000  loss 0.0249  val macro-AUROC 0.8152 (best 0.8368, 71 labels)  1.4 min
step 1160/2000  loss 0.0238  val macro-AUROC 0.8103 (best 0.8368, 71 labels)  1.4 min
step 1200/2000  loss 0.0204  val macro-AUROC 0.8050 (best 0.8368, 71 labels)  1.4 min
step 1240/2000  loss 0.0220  val macro-AUROC 0.8101 (best 0.8368, 71 labels)  1.5 min
step 1280/2000  loss 0.0259  val macro-AUROC 0.8056 (best 0.8368, 71 labels)  1.5 min
step 1320/2000  loss 0.0211  val macro-AUROC 0.7984 (best 0.8368, 71 labels)  1.6 min
step 1360/2000  loss 0.0183  val macro-AUROC 0.8020 (best 0.8368, 71 labels)  1.6 min
step 1400/2000  loss 0.0133  val macro-AUROC 0.8066 (best 0.8368, 71 labels)  1.7 min
step 1440/2000  loss 0.0160  val macro-AUROC 0.8085 (best 0.8368, 71 labels)  1.7 min
step 1480/2000  loss 0.0100  val macro-AUROC 0.8115 (best 0.8368, 71 labels)  1.8 min
step 1520/2000  loss 0.0118  val macro-AUROC 0.7965 (best 0.8368, 71 labels)  1.8 min
step 1560/2000  loss 0.0141  val macro-AUROC 0.8063 (best 0.8368, 71 labels)  1.9 min
step 1600/2000  loss 0.0130  val macro-AUROC 0.7973 (best 0.8368, 71 labels)  1.9 min
step 1640/2000  loss 0.0111  val macro-AUROC 0.8072 (best 0.8368, 71 labels)  2.0 min
step 1680/2000  loss 0.0097  val macro-AUROC 0.7973 (best 0.8368, 71 labels)  2.0 min
step 1720/2000  loss 0.0095  val macro-AUROC 0.8046 (best 0.8368, 71 labels)  2.1 min
step 1760/2000  loss 0.0087  val macro-AUROC 0.7961 (best 0.8368, 71 labels)  2.1 min
step 1800/2000  loss 0.0131  val macro-AUROC 0.7984 (best 0.8368, 71 labels)  2.2 min
step 1840/2000  loss 0.0127  val macro-AUROC 0.7989 (best 0.8368, 71 labels)  2.2 min
step 1880/2000  loss 0.0135  val macro-AUROC 0.7988 (best 0.8368, 71 labels)  2.3 min
step 1920/2000  loss 0.0083  val macro-AUROC 0.7996 (best 0.8368, 71 labels)  2.3 min
step 1960/2000  loss 0.0099  val macro-AUROC 0.7992 (best 0.8368, 71 labels)  2.4 min
step 2000/2000  loss 0.0131  val macro-AUROC 0.7995 (best 0.8368, 71 labels)  2.4 min
{"run_id": "C1_b0.05_s2_lik0", "test_macro_auroc": 0.8260677126170134, "test_e3_macro_auroc": 0.9134259048997602, "sph_e3_macro_auroc": 0.9384404382437488}
