C1_b0.1_s0_lik0: train=1746 records, 2000 steps, eval every 40, device=cuda
/tmp/robust-ecg-ssl/scripts/train.py:143: UserWarning: Converting a tensor with requires_grad=True to a scalar may lead to unexpected behavior.
Consider using tensor.detach() first. (Triggered internally at /pytorch/torch/csrc/autograd/generated/python_variable_methods.cpp:836.)
  print(f"step {step}/{total}  loss {float(loss):.4f}  val macro-AUROC {auc:.4f} "
step 40/2000  loss 0.9058  val macro-AUROC 0.5805 (best 0.5805, 71 labels)  0.1 min
step 80/2000  loss 0.7778  val macro-AUROC 0.5932 (best 0.5932, 71 labels)  0.1 min
step 120/2000  loss 0.6322  val macro-AUROC 0.6099 (best 0.6099, 71 labels)  0.2 min
step 160/2000  loss 0.3307  val macro-AUROC 0.5728 (best 0.6099, 71 labels)  0.2 min
step 200/2000  loss 0.1250  val macro-AUROC 0.7080 (best 0.7080, 71 labels)  0.3 min
step 240/2000  loss 0.1002  val macro-AUROC 0.7523 (best 0.7523, 71 labels)  0.3 min
step 280/2000  loss 0.1038  val macro-AUROC 0.6766 (best 0.7523, 71 labels)  0.3 min
step 320/2000  loss 0.0748  val macro-AUROC 0.7801 (best 0.7801, 71 labels)  0.4 min
step 360/2000  loss 0.0875  val macro-AUROC 0.7986 (best 0.7986, 71 labels)  0.4 min
step 400/2000  loss 0.0743  val macro-AUROC 0.7955 (best 0.7986, 71 labels)  0.5 min
step 440/2000  loss 0.0749  val macro-AUROC 0.8127 (best 0.8127, 71 labels)  0.5 min
step 480/2000  loss 0.0715  val macro-AUROC 0.7770 (best 0.8127, 71 labels)  0.6 min
step 520/2000  loss 0.0808  val macro-AUROC 0.8218 (best 0.8218, 71 labels)  0.6 min
step 560/2000  loss 0.0652  val macro-AUROC 0.8151 (best 0.8218, 71 labels)  0.7 min
step 600/2000  loss 0.0645  val macro-AUROC 0.8204 (best 0.8218, 71 labels)  0.7 min
step 640/2000  loss 0.0675  val macro-AUROC 0.8185 (best 0.8218, 71 labels)  0.7 min
step 680/2000  loss 0.0679  val macro-AUROC 0.8024 (best 0.8218, 71 labels)  0.8 min
step 720/2000  loss 0.0673  val macro-AUROC 0.7850 (best 0.8218, 71 labels)  0.8 min
step 760/2000  loss 0.0597  val macro-AUROC 0.8301 (best 0.8301, 71 labels)  0.9 min
step 800/2000  loss 0.0656  val macro-AUROC 0.8368 (best 0.8368, 71 labels)  0.9 min
step 840/2000  loss 0.0648  val macro-AUROC 0.8192 (best 0.8368, 71 labels)  1.0 min
step 880/2000  loss 0.0561  val macro-AUROC 0.8235 (best 0.8368, 71 labels)  1.0 min
step 920/2000  loss 0.0696  val macro-AUROC 0.8363 (best 0.8368, 71 labels)  1.1 min
step 960/2000  loss 0.0657  val macro-AUROC 0.8382 (best 0.8382, 71 labels)  1.1 min
step 1000/2000  loss 0.0616  val macro-AUROC 0.8293 (best 0.8382, 71 labels)  1.2 min
step 1040/2000  loss 0.0520  val macro-AUROC 0.8446 (best 0.8446, 71 labels)  1.2 min
step 1080/2000  loss 0.0458  val macro-AUROC 0.8389 (best 0.8446, 71 labels)  1.3 min
step 1120/2000  loss 0.0490  val macro-AUROC 0.8075 (best 0.8446, 71 labels)  1.3 min
step 1160/2000  loss 0.0494  val macro-AUROC 0.8423 (best 0.8446, 71 labels)  1.4 min
step 1200/2000  loss 0.0516  val macro-AUROC 0.8406 (best 0.8446, 71 labels)  1.4 min
step 1240/2000  loss 0.0397  val macro-AUROC 0.8304 (best 0.8446, 71 labels)  1.5 min
step 1280/2000  loss 0.0461  val macro-AUROC 0.8300 (best 0.8446, 71 labels)  1.5 min
step 1320/2000  loss 0.0395  val macro-AUROC 0.8356 (best 0.8446, 71 labels)  1.6 min
step 1360/2000  loss 0.0417  val macro-AUROC 0.8362 (best 0.8446, 71 labels)  1.6 min
step 1400/2000  loss 0.0418  val macro-AUROC 0.8422 (best 0.8446, 71 labels)  1.6 min
step 1440/2000  loss 0.0418  val macro-AUROC 0.8426 (best 0.8446, 71 labels)  1.7 min
step 1480/2000  loss 0.0375  val macro-AUROC 0.8382 (best 0.8446, 71 labels)  1.7 min
step 1520/2000  loss 0.0450  val macro-AUROC 0.8377 (best 0.8446, 71 labels)  1.8 min
step 1560/2000  loss 0.0353  val macro-AUROC 0.8352 (best 0.8446, 71 labels)  1.8 min
step 1600/2000  loss 0.0342  val macro-AUROC 0.8328 (best 0.8446, 71 labels)  1.9 min
step 1640/2000  loss 0.0321  val macro-AUROC 0.8384 (best 0.8446, 71 labels)  1.9 min
step 1680/2000  loss 0.0322  val macro-AUROC 0.8361 (best 0.8446, 71 labels)  2.0 min
step 1720/2000  loss 0.0331  val macro-AUROC 0.8392 (best 0.8446, 71 labels)  2.0 min
step 1760/2000  loss 0.0263  val macro-AUROC 0.8310 (best 0.8446, 71 labels)  2.1 min
step 1800/2000  loss 0.0253  val macro-AUROC 0.8330 (best 0.8446, 71 labels)  2.1 min
step 1840/2000  loss 0.0289  val macro-AUROC 0.8290 (best 0.8446, 71 labels)  2.2 min
step 1880/2000  loss 0.0267  val macro-AUROC 0.8309 (best 0.8446, 71 labels)  2.2 min
step 1920/2000  loss 0.0267  val macro-AUROC 0.8301 (best 0.8446, 71 labels)  2.3 min
step 1960/2000  loss 0.0285  val macro-AUROC 0.8292 (best 0.8446, 71 labels)  2.3 min
step 2000/2000  loss 0.0264  val macro-AUROC 0.8305 (best 0.8446, 71 labels)  2.3 min
{"run_id": "C1_b0.1_s0_lik0", "test_macro_auroc": 0.8576349156061913, "test_e3_macro_auroc": 0.9414713025948335, "sph_e3_macro_auroc": 0.9633241431194166}
