C1_b0.01_s0_lik0: train=175 records, 2000 steps, eval every 40, device=cuda
/tmp/robust-ecg-ssl/scripts/train.py:143: UserWarning: Converting a tensor with requires_grad=True to a scalar may lead to unexpected behavior.
Consider using tensor.detach() first. (Triggered internally at /pytorch/torch/csrc/autograd/generated/python_variable_methods.cpp:836.)
  print(f"step {step}/{total}  loss {float(loss):.4f}  val macro-AUROC {auc:.4f} "
step 40/2000  loss 0.8938  val macro-AUROC 0.5876 (best 0.5876, 71 labels)  0.1 min
step 80/2000  loss 0.7585  val macro-AUROC 0.6243 (best 0.6243, 71 labels)  0.1 min
step 120/2000  loss 0.6194  val macro-AUROC 0.6106 (best 0.6243, 71 labels)  0.2 min
step 160/2000  loss 0.2722  val macro-AUROC 0.6222 (best 0.6243, 71 labels)  0.2 min
step 200/2000  loss 0.1048  val macro-AUROC 0.7027 (best 0.7027, 71 labels)  0.3 min
step 240/2000  loss 0.0680  val macro-AUROC 0.7143 (best 0.7143, 71 labels)  0.3 min
step 280/2000  loss 0.0518  val macro-AUROC 0.7084 (best 0.7143, 71 labels)  0.4 min
step 320/2000  loss 0.0450  val macro-AUROC 0.6854 (best 0.7143, 71 labels)  0.4 min
step 360/2000  loss 0.0324  val macro-AUROC 0.6517 (best 0.7143, 71 labels)  0.5 min
step 400/2000  loss 0.0242  val macro-AUROC 0.5951 (best 0.7143, 71 labels)  0.5 min
step 440/2000  loss 0.0246  val macro-AUROC 0.6788 (best 0.7143, 71 labels)  0.6 min
step 480/2000  loss 0.0181  val macro-AUROC 0.6366 (best 0.7143, 71 labels)  0.6 min
step 520/2000  loss 0.0129  val macro-AUROC 0.6372 (best 0.7143, 71 labels)  0.7 min
step 560/2000  loss 0.0092  val macro-AUROC 0.6723 (best 0.7143, 71 labels)  0.7 min
step 600/2000  loss 0.0094  val macro-AUROC 0.6511 (best 0.7143, 71 labels)  0.8 min
step 640/2000  loss 0.0088  val macro-AUROC 0.6296 (best 0.7143, 71 labels)  0.8 min
step 680/2000  loss 0.0062  val macro-AUROC 0.6440 (best 0.7143, 71 labels)  0.9 min
step 720/2000  loss 0.0071  val macro-AUROC 0.6501 (best 0.7143, 71 labels)  0.9 min
step 760/2000  loss 0.0076  val macro-AUROC 0.6635 (best 0.7143, 71 labels)  1.0 min
step 800/2000  loss 0.0084  val macro-AUROC 0.6532 (best 0.7143, 71 labels)  1.0 min
step 840/2000  loss 0.0031  val macro-AUROC 0.6622 (best 0.7143, 71 labels)  1.0 min
step 880/2000  loss 0.0051  val macro-AUROC 0.6600 (best 0.7143, 71 labels)  1.1 min
step 920/2000  loss 0.0065  val macro-AUROC 0.6851 (best 0.7143, 71 labels)  1.1 min
step 960/2000  loss 0.0037  val macro-AUROC 0.6954 (best 0.7143, 71 labels)  1.2 min
step 1000/2000  loss 0.0040  val macro-AUROC 0.6587 (best 0.7143, 71 labels)  1.2 min
step 1040/2000  loss 0.0034  val macro-AUROC 0.6457 (best 0.7143, 71 labels)  1.3 min
step 1080/2000  loss 0.0031  val macro-AUROC 0.6549 (best 0.7143, 71 labels)  1.3 min
step 1120/2000  loss 0.0024  val macro-AUROC 0.6732 (best 0.7143, 71 labels)  1.4 min
step 1160/2000  loss 0.0031  val macro-AUROC 0.6615 (best 0.7143, 71 labels)  1.4 min
step 1200/2000  loss 0.0039  val macro-AUROC 0.6544 (best 0.7143, 71 labels)  1.5 min
step 1240/2000  loss 0.0018  val macro-AUROC 0.6467 (best 0.7143, 71 labels)  1.5 min
step 1280/2000  loss 0.0037  val macro-AUROC 0.6455 (best 0.7143, 71 labels)  1.6 min
step 1320/2000  loss 0.0026  val macro-AUROC 0.6688 (best 0.7143, 71 labels)  1.6 min
step 1360/2000  loss 0.0023  val macro-AUROC 0.6700 (best 0.7143, 71 labels)  1.7 min
step 1400/2000  loss 0.0024  val macro-AUROC 0.6740 (best 0.7143, 71 labels)  1.7 min
step 1440/2000  loss 0.0022  val macro-AUROC 0.6586 (best 0.7143, 71 labels)  1.8 min
step 1480/2000  loss 0.0022  val macro-AUROC 0.6555 (best 0.7143, 71 labels)  1.8 min
step 1520/2000  loss 0.0029  val macro-AUROC 0.6599 (best 0.7143, 71 labels)  1.9 min
step 1560/2000  loss 0.0011  val macro-AUROC 0.6627 (best 0.7143, 71 labels)  1.9 min
step 1600/2000  loss 0.0030  val macro-AUROC 0.6609 (best 0.7143, 71 labels)  1.9 min
step 1640/2000  loss 0.0013  val macro-AUROC 0.6622 (best 0.7143, 71 labels)  2.0 min
step 1680/2000  loss 0.0021  val macro-AUROC 0.6576 (best 0.7143, 71 labels)  2.0 min
step 1720/2000  loss 0.0010  val macro-AUROC 0.6657 (best 0.7143, 71 labels)  2.1 min
step 1760/2000  loss 0.0015  val macro-AUROC 0.6658 (best 0.7143, 71 labels)  2.1 min
step 1800/2000  loss 0.0017  val macro-AUROC 0.6632 (best 0.7143, 71 labels)  2.2 min
step 1840/2000  loss 0.0015  val macro-AUROC 0.6631 (best 0.7143, 71 labels)  2.2 min
step 1880/2000  loss 0.0019  val macro-AUROC 0.6622 (best 0.7143, 71 labels)  2.3 min
step 1920/2000  loss 0.0018  val macro-AUROC 0.6633 (best 0.7143, 71 labels)  2.3 min
step 1960/2000  loss 0.0024  val macro-AUROC 0.6649 (best 0.7143, 71 labels)  2.4 min
step 2000/2000  loss 0.0012  val macro-AUROC 0.6611 (best 0.7143, 71 labels)  2.4 min
{"run_id": "C1_b0.01_s0_lik0", "test_macro_auroc": 0.679546812336943, "test_e3_macro_auroc": 0.8477509270793134, "sph_e3_macro_auroc": 0.8541951360787351}
