C1_b0.25_s2_lik0: train=4378 records, 2000 steps, eval every 40, device=cuda
/tmp/robust-ecg-ssl/scripts/train.py:143: UserWarning: Converting a tensor with requires_grad=True to a scalar may lead to unexpected behavior.
Consider using tensor.detach() first. (Triggered internally at /pytorch/torch/csrc/autograd/generated/python_variable_methods.cpp:836.)
  print(f"step {step}/{total}  loss {float(loss):.4f}  val macro-AUROC {auc:.4f} "
step 40/2000  loss 0.9114  val macro-AUROC 0.5914 (best 0.5914, 71 labels)  0.1 min
step 80/2000  loss 0.7903  val macro-AUROC 0.6223 (best 0.6223, 71 labels)  0.1 min
step 120/2000  loss 0.6227  val macro-AUROC 0.6348 (best 0.6348, 71 labels)  0.2 min
step 160/2000  loss 0.2988  val macro-AUROC 0.6681 (best 0.6681, 71 labels)  0.2 min
step 200/2000  loss 0.1311  val macro-AUROC 0.7327 (best 0.7327, 71 labels)  0.3 min
step 240/2000  loss 0.1071  val macro-AUROC 0.7709 (best 0.7709, 71 labels)  0.3 min
step 280/2000  loss 0.0905  val macro-AUROC 0.8088 (best 0.8088, 71 labels)  0.4 min
step 320/2000  loss 0.0929  val macro-AUROC 0.7923 (best 0.8088, 71 labels)  0.4 min
step 360/2000  loss 0.0903  val macro-AUROC 0.8279 (best 0.8279, 71 labels)  0.5 min
step 400/2000  loss 0.0918  val macro-AUROC 0.8101 (best 0.8279, 71 labels)  0.5 min
step 440/2000  loss 0.1115  val macro-AUROC 0.5015 (best 0.8279, 71 labels)  0.6 min
step 480/2000  loss 0.0950  val macro-AUROC 0.8288 (best 0.8288, 71 labels)  0.6 min
step 520/2000  loss 0.0816  val macro-AUROC 0.8090 (best 0.8288, 71 labels)  0.6 min
step 560/2000  loss 0.0771  val macro-AUROC 0.8372 (best 0.8372, 71 labels)  0.7 min
step 600/2000  loss 0.0837  val macro-AUROC 0.8412 (best 0.8412, 71 labels)  0.7 min
step 640/2000  loss 0.0708  val macro-AUROC 0.8537 (best 0.8537, 71 labels)  0.8 min
step 680/2000  loss 0.0751  val macro-AUROC 0.8459 (best 0.8537, 71 labels)  0.8 min
step 720/2000  loss 0.0620  val macro-AUROC 0.8506 (best 0.8537, 71 labels)  0.9 min
step 760/2000  loss 0.0721  val macro-AUROC 0.8717 (best 0.8717, 71 labels)  0.9 min
step 800/2000  loss 0.0809  val macro-AUROC 0.8706 (best 0.8717, 71 labels)  1.0 min
step 840/2000  loss 0.0631  val macro-AUROC 0.8728 (best 0.8728, 71 labels)  1.0 min
step 880/2000  loss 0.0682  val macro-AUROC 0.8768 (best 0.8768, 71 labels)  1.1 min
step 920/2000  loss 0.0668  val macro-AUROC 0.8684 (best 0.8768, 71 labels)  1.1 min
step 960/2000  loss 0.0623  val macro-AUROC 0.8753 (best 0.8768, 71 labels)  1.2 min
step 1000/2000  loss 0.0700  val macro-AUROC 0.8785 (best 0.8785, 71 labels)  1.2 min
step 1040/2000  loss 0.0668  val macro-AUROC 0.8834 (best 0.8834, 71 labels)  1.3 min
step 1080/2000  loss 0.0619  val macro-AUROC 0.8812 (best 0.8834, 71 labels)  1.3 min
step 1120/2000  loss 0.0681  val macro-AUROC 0.8777 (best 0.8834, 71 labels)  1.4 min
step 1160/2000  loss 0.0624  val macro-AUROC 0.8807 (best 0.8834, 71 labels)  1.4 min
step 1200/2000  loss 0.0733  val macro-AUROC 0.8864 (best 0.8864, 71 labels)  1.5 min
step 1240/2000  loss 0.0576  val macro-AUROC 0.8875 (best 0.8875, 71 labels)  1.5 min
step 1280/2000  loss 0.0747  val macro-AUROC 0.8866 (best 0.8875, 71 labels)  1.6 min
step 1320/2000  loss 0.0686  val macro-AUROC 0.8839 (best 0.8875, 71 labels)  1.6 min
step 1360/2000  loss 0.0620  val macro-AUROC 0.8883 (best 0.8883, 71 labels)  1.6 min
step 1400/2000  loss 0.0676  val macro-AUROC 0.8886 (best 0.8886, 71 labels)  1.7 min
step 1440/2000  loss 0.0630  val macro-AUROC 0.8851 (best 0.8886, 71 labels)  1.7 min
step 1480/2000  loss 0.0637  val macro-AUROC 0.8881 (best 0.8886, 71 labels)  1.8 min
step 1520/2000  loss 0.0542  val macro-AUROC 0.8868 (best 0.8886, 71 labels)  1.8 min
step 1560/2000  loss 0.0510  val macro-AUROC 0.8887 (best 0.8887, 71 labels)  1.9 min
step 1600/2000  loss 0.0491  val macro-AUROC 0.8863 (best 0.8887, 71 labels)  1.9 min
step 1640/2000  loss 0.0633  val macro-AUROC 0.8911 (best 0.8911, 71 labels)  2.0 min
step 1680/2000  loss 0.0555  val macro-AUROC 0.8886 (best 0.8911, 71 labels)  2.0 min
step 1720/2000  loss 0.0579  val macro-AUROC 0.8881 (best 0.8911, 71 labels)  2.1 min
step 1760/2000  loss 0.0540  val macro-AUROC 0.8914 (best 0.8914, 71 labels)  2.1 min
step 1800/2000  loss 0.0546  val macro-AUROC 0.8890 (best 0.8914, 71 labels)  2.2 min
step 1840/2000  loss 0.0509  val macro-AUROC 0.8912 (best 0.8914, 71 labels)  2.2 min
step 1880/2000  loss 0.0546  val macro-AUROC 0.8907 (best 0.8914, 71 labels)  2.3 min
step 1920/2000  loss 0.0621  val macro-AUROC 0.8907 (best 0.8914, 71 labels)  2.3 min
step 1960/2000  loss 0.0460  val macro-AUROC 0.8906 (best 0.8914, 71 labels)  2.4 min
step 2000/2000  loss 0.0564  val macro-AUROC 0.8903 (best 0.8914, 71 labels)  2.4 min
{"run_id": "C1_b0.25_s2_lik0", "test_macro_auroc": 0.8753453361192245, "test_e3_macro_auroc": 0.9629834969831533, "sph_e3_macro_auroc": 0.968214631318151}
