C1_b1_s2_lik0: train=17418 records, 6800 steps, eval every 136, device=cuda
/tmp/robust-ecg-ssl/scripts/train.py:143: UserWarning: Converting a tensor with requires_grad=True to a scalar may lead to unexpected behavior.
Consider using tensor.detach() first. (Triggered internally at /pytorch/torch/csrc/autograd/generated/python_variable_methods.cpp:836.)
  print(f"step {step}/{total}  loss {float(loss):.4f}  val macro-AUROC {auc:.4f} "
step 136/6800  loss 0.7364  val macro-AUROC 0.6257 (best 0.6257, 71 labels)  0.1 min
step 272/6800  loss 0.3319  val macro-AUROC 0.6843 (best 0.6843, 71 labels)  0.2 min
step 408/6800  loss 0.1176  val macro-AUROC 0.7595 (best 0.7595, 71 labels)  0.3 min
step 544/6800  loss 0.0886  val macro-AUROC 0.7861 (best 0.7861, 71 labels)  0.5 min
step 680/6800  loss 0.0827  val macro-AUROC 0.8192 (best 0.8192, 71 labels)  0.6 min
step 816/6800  loss 0.0828  val macro-AUROC 0.8323 (best 0.8323, 71 labels)  0.7 min
step 952/6800  loss 0.0781  val macro-AUROC 0.8480 (best 0.8480, 71 labels)  0.8 min
step 1088/6800  loss 0.0834  val macro-AUROC 0.8580 (best 0.8580, 71 labels)  0.9 min
step 1224/6800  loss 0.0758  val macro-AUROC 0.8666 (best 0.8666, 71 labels)  1.0 min
step 1360/6800  loss 0.0789  val macro-AUROC 0.8750 (best 0.8750, 71 labels)  1.1 min
step 1496/6800  loss 0.0700  val macro-AUROC 0.8831 (best 0.8831, 71 labels)  1.2 min
step 1632/6800  loss 0.0595  val macro-AUROC 0.8875 (best 0.8875, 71 labels)  1.3 min
step 1768/6800  loss 0.0656  val macro-AUROC 0.8937 (best 0.8937, 71 labels)  1.4 min
step 1904/6800  loss 0.0637  val macro-AUROC 0.8946 (best 0.8946, 71 labels)  1.5 min
step 2040/6800  loss 0.0674  val macro-AUROC 0.9057 (best 0.9057, 71 labels)  1.7 min
step 2176/6800  loss 0.0593  val macro-AUROC 0.9001 (best 0.9057, 71 labels)  1.8 min
step 2312/6800  loss 0.0650  val macro-AUROC 0.9029 (best 0.9057, 71 labels)  1.9 min
step 2448/6800  loss 0.0663  val macro-AUROC 0.9059 (best 0.9059, 71 labels)  2.0 min
step 2584/6800  loss 0.0657  val macro-AUROC 0.9139 (best 0.9139, 71 labels)  2.1 min
step 2720/6800  loss 0.0652  val macro-AUROC 0.9110 (best 0.9139, 71 labels)  2.2 min
step 2856/6800  loss 0.0622  val macro-AUROC 0.9159 (best 0.9159, 71 labels)  2.3 min
step 2992/6800  loss 0.0627  val macro-AUROC 0.9124 (best 0.9159, 71 labels)  2.4 min
step 3128/6800  loss 0.0595  val macro-AUROC 0.9111 (best 0.9159, 71 labels)  2.5 min
step 3264/6800  loss 0.0549  val macro-AUROC 0.9156 (best 0.9159, 71 labels)  2.6 min
step 3400/6800  loss 0.0620  val macro-AUROC 0.9136 (best 0.9159, 71 labels)  2.8 min
step 3536/6800  loss 0.0552  val macro-AUROC 0.9138 (best 0.9159, 71 labels)  2.9 min
step 3672/6800  loss 0.0557  val macro-AUROC 0.9169 (best 0.9169, 71 labels)  3.0 min
step 3808/6800  loss 0.0572  val macro-AUROC 0.9180 (best 0.9180, 71 labels)  3.1 min
step 3944/6800  loss 0.0504  val macro-AUROC 0.9145 (best 0.9180, 71 labels)  3.2 min
step 4080/6800  loss 0.0632  val macro-AUROC 0.9144 (best 0.9180, 71 labels)  3.3 min
step 4216/6800  loss 0.0661  val macro-AUROC 0.9189 (best 0.9189, 71 labels)  3.4 min
step 4352/6800  loss 0.0664  val macro-AUROC 0.9196 (best 0.9196, 71 labels)  3.6 min
step 4488/6800  loss 0.0586  val macro-AUROC 0.9200 (best 0.9200, 71 labels)  3.7 min
step 4624/6800  loss 0.0654  val macro-AUROC 0.9160 (best 0.9200, 71 labels)  3.8 min
step 4760/6800  loss 0.0592  val macro-AUROC 0.9246 (best 0.9246, 71 labels)  3.9 min
step 4896/6800  loss 0.0575  val macro-AUROC 0.9211 (best 0.9246, 71 labels)  4.0 min
step 5032/6800  loss 0.0533  val macro-AUROC 0.9230 (best 0.9246, 71 labels)  4.1 min
step 5168/6800  loss 0.0655  val macro-AUROC 0.9233 (best 0.9246, 71 labels)  4.2 min
step 5304/6800  loss 0.0522  val macro-AUROC 0.9264 (best 0.9264, 71 labels)  4.3 min
step 5440/6800  loss 0.0568  val macro-AUROC 0.9283 (best 0.9283, 71 labels)  4.4 min
step 5576/6800  loss 0.0489  val macro-AUROC 0.9260 (best 0.9283, 71 labels)  4.6 min
step 5712/6800  loss 0.0520  val macro-AUROC 0.9284 (best 0.9284, 71 labels)  4.7 min
step 5848/6800  loss 0.0472  val macro-AUROC 0.9291 (best 0.9291, 71 labels)  4.8 min
step 5984/6800  loss 0.0511  val macro-AUROC 0.9266 (best 0.9291, 71 labels)  4.9 min
step 6120/6800  loss 0.0497  val macro-AUROC 0.9276 (best 0.9291, 71 labels)  5.0 min
step 6256/6800  loss 0.0554  val macro-AUROC 0.9272 (best 0.9291, 71 labels)  5.1 min
step 6392/6800  loss 0.0476  val macro-AUROC 0.9281 (best 0.9291, 71 labels)  5.2 min
step 6528/6800  loss 0.0530  val macro-AUROC 0.9274 (best 0.9291, 71 labels)  5.3 min
step 6664/6800  loss 0.0532  val macro-AUROC 0.9267 (best 0.9291, 71 labels)  5.4 min
step 6800/6800  loss 0.0504  val macro-AUROC 0.9266 (best 0.9291, 71 labels)  5.5 min
{"run_id": "C1_b1_s2_lik0", "test_macro_auroc": 0.9222527057154308, "test_e3_macro_auroc": 0.9758794500748706, "sph_e3_macro_auroc": 0.973473906625884}
