C1_b0.01_s1_lik0: train=182 records, 2000 steps, eval every 40, device=cuda
/tmp/robust-ecg-ssl/scripts/train.py:143: UserWarning: Converting a tensor with requires_grad=True to a scalar may lead to unexpected behavior.
Consider using tensor.detach() first. (Triggered internally at /pytorch/torch/csrc/autograd/generated/python_variable_methods.cpp:836.)
  print(f"step {step}/{total}  loss {float(loss):.4f}  val macro-AUROC {auc:.4f} "
step 40/2000  loss 0.9074  val macro-AUROC 0.5572 (best 0.5572, 71 labels)  0.1 min
step 80/2000  loss 0.7867  val macro-AUROC 0.5862 (best 0.5862, 71 labels)  0.1 min
step 120/2000  loss 0.5954  val macro-AUROC 0.5818 (best 0.5862, 71 labels)  0.2 min
step 160/2000  loss 0.2937  val macro-AUROC 0.5855 (best 0.5862, 71 labels)  0.2 min
step 200/2000  loss 0.0870  val macro-AUROC 0.6588 (best 0.6588, 71 labels)  0.3 min
step 240/2000  loss 0.0612  val macro-AUROC 0.6369 (best 0.6588, 71 labels)  0.3 min
step 280/2000  loss 0.0500  val macro-AUROC 0.6123 (best 0.6588, 71 labels)  0.4 min
step 320/2000  loss 0.0331  val macro-AUROC 0.6103 (best 0.6588, 71 labels)  0.4 min
step 360/2000  loss 0.0237  val macro-AUROC 0.6186 (best 0.6588, 71 labels)  0.5 min
step 400/2000  loss 0.0195  val macro-AUROC 0.6667 (best 0.6667, 71 labels)  0.5 min
step 440/2000  loss 0.0170  val macro-AUROC 0.6701 (best 0.6701, 71 labels)  0.5 min
step 480/2000  loss 0.0133  val macro-AUROC 0.6989 (best 0.6989, 71 labels)  0.6 min
step 520/2000  loss 0.0100  val macro-AUROC 0.6516 (best 0.6989, 71 labels)  0.6 min
step 560/2000  loss 0.0087  val macro-AUROC 0.6735 (best 0.6989, 71 labels)  0.7 min
step 600/2000  loss 0.0063  val macro-AUROC 0.6816 (best 0.6989, 71 labels)  0.7 min
step 640/2000  loss 0.0070  val macro-AUROC 0.6496 (best 0.6989, 71 labels)  0.8 min
step 680/2000  loss 0.0047  val macro-AUROC 0.6851 (best 0.6989, 71 labels)  0.8 min
step 720/2000  loss 0.0043  val macro-AUROC 0.6503 (best 0.6989, 71 labels)  0.9 min
step 760/2000  loss 0.0052  val macro-AUROC 0.6543 (best 0.6989, 71 labels)  0.9 min
step 800/2000  loss 0.0045  val macro-AUROC 0.6950 (best 0.6989, 71 labels)  1.0 min
step 840/2000  loss 0.0047  val macro-AUROC 0.6607 (best 0.6989, 71 labels)  1.0 min
step 880/2000  loss 0.0033  val macro-AUROC 0.6959 (best 0.6989, 71 labels)  1.1 min
step 920/2000  loss 0.0030  val macro-AUROC 0.6660 (best 0.6989, 71 labels)  1.1 min
step 960/2000  loss 0.0033  val macro-AUROC 0.6401 (best 0.6989, 71 labels)  1.2 min
step 1000/2000  loss 0.0025  val macro-AUROC 0.6756 (best 0.6989, 71 labels)  1.2 min
step 1040/2000  loss 0.0040  val macro-AUROC 0.6415 (best 0.6989, 71 labels)  1.3 min
step 1080/2000  loss 0.0030  val macro-AUROC 0.6630 (best 0.6989, 71 labels)  1.3 min
step 1120/2000  loss 0.0022  val macro-AUROC 0.6677 (best 0.6989, 71 labels)  1.4 min
step 1160/2000  loss 0.0022  val macro-AUROC 0.6821 (best 0.6989, 71 labels)  1.4 min
step 1200/2000  loss 0.0030  val macro-AUROC 0.6721 (best 0.6989, 71 labels)  1.5 min
step 1240/2000  loss 0.0022  val macro-AUROC 0.6646 (best 0.6989, 71 labels)  1.5 min
step 1280/2000  loss 0.0016  val macro-AUROC 0.6802 (best 0.6989, 71 labels)  1.5 min
step 1320/2000  loss 0.0035  val macro-AUROC 0.6751 (best 0.6989, 71 labels)  1.6 min
step 1360/2000  loss 0.0021  val macro-AUROC 0.6864 (best 0.6989, 71 labels)  1.6 min
step 1400/2000  loss 0.0013  val macro-AUROC 0.6688 (best 0.6989, 71 labels)  1.7 min
step 1440/2000  loss 0.0024  val macro-AUROC 0.6792 (best 0.6989, 71 labels)  1.7 min
step 1480/2000  loss 0.0019  val macro-AUROC 0.6672 (best 0.6989, 71 labels)  1.8 min
step 1520/2000  loss 0.0023  val macro-AUROC 0.6724 (best 0.6989, 71 labels)  1.8 min
step 1560/2000  loss 0.0025  val macro-AUROC 0.6714 (best 0.6989, 71 labels)  1.9 min
step 1600/2000  loss 0.0021  val macro-AUROC 0.6734 (best 0.6989, 71 labels)  1.9 min
step 1640/2000  loss 0.0013  val macro-AUROC 0.6631 (best 0.6989, 71 labels)  2.0 min
step 1680/2000  loss 0.0012  val macro-AUROC 0.6615 (best 0.6989, 71 labels)  2.0 min
step 1720/2000  loss 0.0011  val macro-AUROC 0.6651 (best 0.6989, 71 labels)  2.1 min
step 1760/2000  loss 0.0015  val macro-AUROC 0.6562 (best 0.6989, 71 labels)  2.1 min
step 1800/2000  loss 0.0014  val macro-AUROC 0.6594 (best 0.6989, 71 labels)  2.2 min
step 1840/2000  loss 0.0014  val macro-AUROC 0.6662 (best 0.6989, 71 labels)  2.2 min
step 1880/2000  loss 0.0009  val macro-AUROC 0.6703 (best 0.6989, 71 labels)  2.3 min
step 1920/2000  loss 0.0013  val macro-AUROC 0.6701 (best 0.6989, 71 labels)  2.3 min
step 1960/2000  loss 0.0012  val macro-AUROC 0.6673 (best 0.6989, 71 labels)  2.4 min
step 2000/2000  loss 0.0012  val macro-AUROC 0.6684 (best 0.6989, 71 labels)  2.4 min
{"run_id": "C1_b0.01_s1_lik0", "test_macro_auroc": 0.6772438295168627, "test_e3_macro_auroc": 0.8644736356370694, "sph_e3_macro_auroc": 0.8869015283687169}
