C1_b0.05_s4_lik0: train=873 records, 2000 steps, eval every 40, device=cuda
/tmp/robust-ecg-ssl/scripts/train.py:143: UserWarning: Converting a tensor with requires_grad=True to a scalar may lead to unexpected behavior.
Consider using tensor.detach() first. (Triggered internally at /pytorch/torch/csrc/autograd/generated/python_variable_methods.cpp:836.)
  print(f"step {step}/{total}  loss {float(loss):.4f}  val macro-AUROC {auc:.4f} "
step 40/2000  loss 0.9111  val macro-AUROC 0.5889 (best 0.5889, 71 labels)  0.1 min
step 80/2000  loss 0.7938  val macro-AUROC 0.6097 (best 0.6097, 71 labels)  0.1 min
step 120/2000  loss 0.6370  val macro-AUROC 0.6401 (best 0.6401, 71 labels)  0.2 min
step 160/2000  loss 0.2921  val macro-AUROC 0.6207 (best 0.6401, 71 labels)  0.2 min
step 200/2000  loss 0.1261  val macro-AUROC 0.6711 (best 0.6711, 71 labels)  0.3 min
step 240/2000  loss 0.0936  val macro-AUROC 0.7603 (best 0.7603, 71 labels)  0.3 min
step 280/2000  loss 0.0924  val macro-AUROC 0.7764 (best 0.7764, 71 labels)  0.4 min
step 320/2000  loss 0.0818  val macro-AUROC 0.7968 (best 0.7968, 71 labels)  0.4 min
step 360/2000  loss 0.0786  val macro-AUROC 0.7881 (best 0.7968, 71 labels)  0.5 min
step 400/2000  loss 0.0662  val macro-AUROC 0.8069 (best 0.8069, 71 labels)  0.5 min
step 440/2000  loss 0.0677  val macro-AUROC 0.8144 (best 0.8144, 71 labels)  0.6 min
step 480/2000  loss 0.0763  val macro-AUROC 0.7886 (best 0.8144, 71 labels)  0.6 min
step 520/2000  loss 0.0601  val macro-AUROC 0.8136 (best 0.8144, 71 labels)  0.6 min
step 560/2000  loss 0.0545  val macro-AUROC 0.8132 (best 0.8144, 71 labels)  0.7 min
step 600/2000  loss 0.0533  val macro-AUROC 0.8056 (best 0.8144, 71 labels)  0.7 min
step 640/2000  loss 0.0529  val macro-AUROC 0.8176 (best 0.8176, 71 labels)  0.8 min
step 680/2000  loss 0.0531  val macro-AUROC 0.7982 (best 0.8176, 71 labels)  0.8 min
step 720/2000  loss 0.0496  val macro-AUROC 0.8006 (best 0.8176, 71 labels)  0.9 min
step 760/2000  loss 0.0425  val macro-AUROC 0.8051 (best 0.8176, 71 labels)  0.9 min
step 800/2000  loss 0.0448  val macro-AUROC 0.7553 (best 0.8176, 71 labels)  1.0 min
step 840/2000  loss 0.0352  val macro-AUROC 0.7938 (best 0.8176, 71 labels)  1.0 min
step 880/2000  loss 0.0418  val macro-AUROC 0.7938 (best 0.8176, 71 labels)  1.1 min
step 920/2000  loss 0.0371  val macro-AUROC 0.7947 (best 0.8176, 71 labels)  1.1 min
step 960/2000  loss 0.0314  val macro-AUROC 0.8103 (best 0.8176, 71 labels)  1.2 min
step 1000/2000  loss 0.0334  val macro-AUROC 0.7967 (best 0.8176, 71 labels)  1.2 min
step 1040/2000  loss 0.0264  val macro-AUROC 0.7920 (best 0.8176, 71 labels)  1.2 min
step 1080/2000  loss 0.0290  val macro-AUROC 0.7887 (best 0.8176, 71 labels)  1.3 min
step 1120/2000  loss 0.0227  val macro-AUROC 0.7985 (best 0.8176, 71 labels)  1.3 min
step 1160/2000  loss 0.0251  val macro-AUROC 0.7955 (best 0.8176, 71 labels)  1.4 min
step 1200/2000  loss 0.0239  val macro-AUROC 0.7930 (best 0.8176, 71 labels)  1.4 min
step 1240/2000  loss 0.0144  val macro-AUROC 0.7922 (best 0.8176, 71 labels)  1.5 min
step 1280/2000  loss 0.0213  val macro-AUROC 0.7842 (best 0.8176, 71 labels)  1.5 min
step 1320/2000  loss 0.0161  val macro-AUROC 0.7891 (best 0.8176, 71 labels)  1.6 min
step 1360/2000  loss 0.0173  val macro-AUROC 0.7943 (best 0.8176, 71 labels)  1.6 min
step 1400/2000  loss 0.0136  val macro-AUROC 0.7959 (best 0.8176, 71 labels)  1.7 min
step 1440/2000  loss 0.0105  val macro-AUROC 0.8001 (best 0.8176, 71 labels)  1.7 min
step 1480/2000  loss 0.0113  val macro-AUROC 0.7957 (best 0.8176, 71 labels)  1.8 min
step 1520/2000  loss 0.0120  val macro-AUROC 0.7914 (best 0.8176, 71 labels)  1.8 min
step 1560/2000  loss 0.0113  val macro-AUROC 0.7993 (best 0.8176, 71 labels)  1.8 min
step 1600/2000  loss 0.0130  val macro-AUROC 0.7794 (best 0.8176, 71 labels)  1.9 min
step 1640/2000  loss 0.0100  val macro-AUROC 0.7891 (best 0.8176, 71 labels)  1.9 min
step 1680/2000  loss 0.0078  val macro-AUROC 0.7886 (best 0.8176, 71 labels)  2.0 min
step 1720/2000  loss 0.0105  val macro-AUROC 0.7952 (best 0.8176, 71 labels)  2.0 min
step 1760/2000  loss 0.0090  val macro-AUROC 0.7876 (best 0.8176, 71 labels)  2.1 min
step 1800/2000  loss 0.0096  val macro-AUROC 0.7915 (best 0.8176, 71 labels)  2.1 min
step 1840/2000  loss 0.0073  val macro-AUROC 0.7921 (best 0.8176, 71 labels)  2.2 min
step 1880/2000  loss 0.0070  val macro-AUROC 0.7912 (best 0.8176, 71 labels)  2.2 min
step 1920/2000  loss 0.0069  val macro-AUROC 0.7904 (best 0.8176, 71 labels)  2.3 min
step 1960/2000  loss 0.0077  val macro-AUROC 0.7911 (best 0.8176, 71 labels)  2.3 min
step 2000/2000  loss 0.0068  val macro-AUROC 0.7920 (best 0.8176, 71 labels)  2.4 min
{"run_id": "C1_b0.05_s4_lik0", "test_macro_auroc": 0.8206841614013284, "test_e3_macro_auroc": 0.9200942454995622, "sph_e3_macro_auroc": 0.9448804314401242}
