C1_b0.01_s4_lik0: train=173 records, 2000 steps, eval every 40, device=cuda
/tmp/robust-ecg-ssl/scripts/train.py:143: UserWarning: Converting a tensor with requires_grad=True to a scalar may lead to unexpected behavior.
Consider using tensor.detach() first. (Triggered internally at /pytorch/torch/csrc/autograd/generated/python_variable_methods.cpp:836.)
  print(f"step {step}/{total}  loss {float(loss):.4f}  val macro-AUROC {auc:.4f} "
step 40/2000  loss 0.8600  val macro-AUROC 0.5769 (best 0.5769, 71 labels)  0.1 min
step 80/2000  loss 0.7302  val macro-AUROC 0.6160 (best 0.6160, 71 labels)  0.1 min
step 120/2000  loss 0.5887  val macro-AUROC 0.6132 (best 0.6160, 71 labels)  0.2 min
step 160/2000  loss 0.2952  val macro-AUROC 0.6084 (best 0.6160, 71 labels)  0.2 min
step 200/2000  loss 0.0952  val macro-AUROC 0.6652 (best 0.6652, 71 labels)  0.3 min
step 240/2000  loss 0.0663  val macro-AUROC 0.7279 (best 0.7279, 71 labels)  0.3 min
step 280/2000  loss 0.0526  val macro-AUROC 0.7320 (best 0.7320, 71 labels)  0.4 min
step 320/2000  loss 0.0385  val macro-AUROC 0.6992 (best 0.7320, 71 labels)  0.4 min
step 360/2000  loss 0.0246  val macro-AUROC 0.6896 (best 0.7320, 71 labels)  0.4 min
step 400/2000  loss 0.0211  val macro-AUROC 0.6447 (best 0.7320, 71 labels)  0.5 min
step 440/2000  loss 0.0139  val macro-AUROC 0.6601 (best 0.7320, 71 labels)  0.5 min
step 480/2000  loss 0.0149  val macro-AUROC 0.6709 (best 0.7320, 71 labels)  0.6 min
step 520/2000  loss 0.0115  val macro-AUROC 0.6698 (best 0.7320, 71 labels)  0.6 min
step 560/2000  loss 0.0100  val macro-AUROC 0.6739 (best 0.7320, 71 labels)  0.7 min
step 600/2000  loss 0.0121  val macro-AUROC 0.6911 (best 0.7320, 71 labels)  0.7 min
step 640/2000  loss 0.0064  val macro-AUROC 0.6689 (best 0.7320, 71 labels)  0.8 min
step 680/2000  loss 0.0054  val macro-AUROC 0.6886 (best 0.7320, 71 labels)  0.8 min
step 720/2000  loss 0.0073  val macro-AUROC 0.6808 (best 0.7320, 71 labels)  0.9 min
step 760/2000  loss 0.0066  val macro-AUROC 0.6606 (best 0.7320, 71 labels)  0.9 min
step 800/2000  loss 0.0034  val macro-AUROC 0.7012 (best 0.7320, 71 labels)  1.0 min
step 840/2000  loss 0.0034  val macro-AUROC 0.7072 (best 0.7320, 71 labels)  1.0 min
step 880/2000  loss 0.0044  val macro-AUROC 0.7124 (best 0.7320, 71 labels)  1.1 min
step 920/2000  loss 0.0045  val macro-AUROC 0.6845 (best 0.7320, 71 labels)  1.1 min
step 960/2000  loss 0.0030  val macro-AUROC 0.6953 (best 0.7320, 71 labels)  1.2 min
step 1000/2000  loss 0.0035  val macro-AUROC 0.7034 (best 0.7320, 71 labels)  1.2 min
step 1040/2000  loss 0.0045  val macro-AUROC 0.7043 (best 0.7320, 71 labels)  1.2 min
step 1080/2000  loss 0.0041  val macro-AUROC 0.7024 (best 0.7320, 71 labels)  1.3 min
step 1120/2000  loss 0.0042  val macro-AUROC 0.6903 (best 0.7320, 71 labels)  1.3 min
step 1160/2000  loss 0.0020  val macro-AUROC 0.7066 (best 0.7320, 71 labels)  1.4 min
step 1200/2000  loss 0.0033  val macro-AUROC 0.7007 (best 0.7320, 71 labels)  1.4 min
step 1240/2000  loss 0.0028  val macro-AUROC 0.7065 (best 0.7320, 71 labels)  1.5 min
step 1280/2000  loss 0.0031  val macro-AUROC 0.7161 (best 0.7320, 71 labels)  1.5 min
step 1320/2000  loss 0.0026  val macro-AUROC 0.7032 (best 0.7320, 71 labels)  1.6 min
step 1360/2000  loss 0.0015  val macro-AUROC 0.6894 (best 0.7320, 71 labels)  1.6 min
step 1400/2000  loss 0.0025  val macro-AUROC 0.6965 (best 0.7320, 71 labels)  1.7 min
step 1440/2000  loss 0.0020  val macro-AUROC 0.7086 (best 0.7320, 71 labels)  1.7 min
step 1480/2000  loss 0.0026  val macro-AUROC 0.7044 (best 0.7320, 71 labels)  1.8 min
step 1520/2000  loss 0.0019  val macro-AUROC 0.6987 (best 0.7320, 71 labels)  1.8 min
step 1560/2000  loss 0.0014  val macro-AUROC 0.6996 (best 0.7320, 71 labels)  1.9 min
step 1600/2000  loss 0.0016  val macro-AUROC 0.7026 (best 0.7320, 71 labels)  1.9 min
step 1640/2000  loss 0.0014  val macro-AUROC 0.7112 (best 0.7320, 71 labels)  2.0 min
step 1680/2000  loss 0.0020  val macro-AUROC 0.7053 (best 0.7320, 71 labels)  2.0 min
step 1720/2000  loss 0.0012  val macro-AUROC 0.7149 (best 0.7320, 71 labels)  2.1 min
step 1760/2000  loss 0.0011  val macro-AUROC 0.7077 (best 0.7320, 71 labels)  2.1 min
step 1800/2000  loss 0.0012  val macro-AUROC 0.7053 (best 0.7320, 71 labels)  2.1 min
step 1840/2000  loss 0.0017  val macro-AUROC 0.7105 (best 0.7320, 71 labels)  2.2 min
step 1880/2000  loss 0.0015  val macro-AUROC 0.7094 (best 0.7320, 71 labels)  2.2 min
step 1920/2000  loss 0.0018  val macro-AUROC 0.7103 (best 0.7320, 71 labels)  2.3 min
step 1960/2000  loss 0.0013  val macro-AUROC 0.7103 (best 0.7320, 71 labels)  2.3 min
step 2000/2000  loss 0.0014  val macro-AUROC 0.7123 (best 0.7320, 71 labels)  2.4 min
{"run_id": "C1_b0.01_s4_lik0", "test_macro_auroc": 0.6929718516313123, "test_e3_macro_auroc": 0.8344712816572974, "sph_e3_macro_auroc": 0.854046301113442}
