C1_b0.25_s1_lik0: train=4369 records, 2000 steps, eval every 40, device=cuda
/tmp/robust-ecg-ssl/scripts/train.py:143: UserWarning: Converting a tensor with requires_grad=True to a scalar may lead to unexpected behavior.
Consider using tensor.detach() first. (Triggered internally at /pytorch/torch/csrc/autograd/generated/python_variable_methods.cpp:836.)
  print(f"step {step}/{total}  loss {float(loss):.4f}  val macro-AUROC {auc:.4f} "
step 40/2000  loss 0.9270  val macro-AUROC 0.5931 (best 0.5931, 71 labels)  0.1 min
step 80/2000  loss 0.7840  val macro-AUROC 0.6130 (best 0.6130, 71 labels)  0.1 min
step 120/2000  loss 0.6078  val macro-AUROC 0.6087 (best 0.6130, 71 labels)  0.2 min
step 160/2000  loss 0.3120  val macro-AUROC 0.6393 (best 0.6393, 71 labels)  0.2 min
step 200/2000  loss 0.1281  val macro-AUROC 0.7060 (best 0.7060, 71 labels)  0.3 min
step 240/2000  loss 0.1021  val macro-AUROC 0.7772 (best 0.7772, 71 labels)  0.3 min
step 280/2000  loss 0.0989  val macro-AUROC 0.7672 (best 0.7772, 71 labels)  0.3 min
step 320/2000  loss 0.0942  val macro-AUROC 0.7916 (best 0.7916, 71 labels)  0.4 min
step 360/2000  loss 0.0780  val macro-AUROC 0.8263 (best 0.8263, 71 labels)  0.4 min
step 400/2000  loss 0.1022  val macro-AUROC 0.8246 (best 0.8263, 71 labels)  0.5 min
step 440/2000  loss 0.0803  val macro-AUROC 0.8386 (best 0.8386, 71 labels)  0.5 min
step 480/2000  loss 0.0868  val macro-AUROC 0.8300 (best 0.8386, 71 labels)  0.6 min
step 520/2000  loss 0.0819  val macro-AUROC 0.7746 (best 0.8386, 71 labels)  0.6 min
step 560/2000  loss 0.0696  val macro-AUROC 0.8430 (best 0.8430, 71 labels)  0.7 min
step 600/2000  loss 0.0690  val macro-AUROC 0.8456 (best 0.8456, 71 labels)  0.7 min
step 640/2000  loss 0.0680  val macro-AUROC 0.8584 (best 0.8584, 71 labels)  0.8 min
step 680/2000  loss 0.0802  val macro-AUROC 0.8676 (best 0.8676, 71 labels)  0.8 min
step 720/2000  loss 0.0681  val macro-AUROC 0.8614 (best 0.8676, 71 labels)  0.9 min
step 760/2000  loss 0.0936  val macro-AUROC 0.7339 (best 0.8676, 71 labels)  0.9 min
step 800/2000  loss 0.0704  val macro-AUROC 0.8406 (best 0.8676, 71 labels)  1.0 min
step 840/2000  loss 0.0684  val macro-AUROC 0.8592 (best 0.8676, 71 labels)  1.0 min
step 880/2000  loss 0.0734  val macro-AUROC 0.8680 (best 0.8680, 71 labels)  1.1 min
step 920/2000  loss 0.0688  val macro-AUROC 0.8735 (best 0.8735, 71 labels)  1.1 min
step 960/2000  loss 0.0637  val macro-AUROC 0.8675 (best 0.8735, 71 labels)  1.2 min
step 1000/2000  loss 0.0707  val macro-AUROC 0.8786 (best 0.8786, 71 labels)  1.2 min
step 1040/2000  loss 0.0788  val macro-AUROC 0.8721 (best 0.8786, 71 labels)  1.2 min
step 1080/2000  loss 0.0602  val macro-AUROC 0.8780 (best 0.8786, 71 labels)  1.3 min
step 1120/2000  loss 0.0776  val macro-AUROC 0.8816 (best 0.8816, 71 labels)  1.3 min
step 1160/2000  loss 0.0631  val macro-AUROC 0.8852 (best 0.8852, 71 labels)  1.4 min
step 1200/2000  loss 0.0584  val macro-AUROC 0.8853 (best 0.8853, 71 labels)  1.4 min
step 1240/2000  loss 0.0680  val macro-AUROC 0.8839 (best 0.8853, 71 labels)  1.5 min
step 1280/2000  loss 0.0626  val macro-AUROC 0.8785 (best 0.8853, 71 labels)  1.5 min
step 1320/2000  loss 0.0599  val macro-AUROC 0.8800 (best 0.8853, 71 labels)  1.6 min
step 1360/2000  loss 0.0575  val macro-AUROC 0.8860 (best 0.8860, 71 labels)  1.6 min
step 1400/2000  loss 0.0629  val macro-AUROC 0.8870 (best 0.8870, 71 labels)  1.7 min
step 1440/2000  loss 0.0536  val macro-AUROC 0.8861 (best 0.8870, 71 labels)  1.7 min
step 1480/2000  loss 0.0573  val macro-AUROC 0.8779 (best 0.8870, 71 labels)  1.8 min
step 1520/2000  loss 0.0585  val macro-AUROC 0.8896 (best 0.8896, 71 labels)  1.8 min
step 1560/2000  loss 0.0575  val macro-AUROC 0.8849 (best 0.8896, 71 labels)  1.8 min
step 1600/2000  loss 0.0533  val macro-AUROC 0.8866 (best 0.8896, 71 labels)  1.9 min
step 1640/2000  loss 0.0570  val macro-AUROC 0.8857 (best 0.8896, 71 labels)  1.9 min
step 1680/2000  loss 0.0586  val macro-AUROC 0.8902 (best 0.8902, 71 labels)  2.0 min
step 1720/2000  loss 0.0528  val macro-AUROC 0.8882 (best 0.8902, 71 labels)  2.0 min
step 1760/2000  loss 0.0483  val macro-AUROC 0.8853 (best 0.8902, 71 labels)  2.1 min
step 1800/2000  loss 0.0553  val macro-AUROC 0.8868 (best 0.8902, 71 labels)  2.1 min
step 1840/2000  loss 0.0483  val macro-AUROC 0.8854 (best 0.8902, 71 labels)  2.2 min
step 1880/2000  loss 0.0499  val macro-AUROC 0.8854 (best 0.8902, 71 labels)  2.2 min
step 1920/2000  loss 0.0464  val macro-AUROC 0.8848 (best 0.8902, 71 labels)  2.3 min
step 1960/2000  loss 0.0467  val macro-AUROC 0.8864 (best 0.8902, 71 labels)  2.3 min
step 2000/2000  loss 0.0557  val macro-AUROC 0.8867 (best 0.8902, 71 labels)  2.4 min
{"run_id": "C1_b0.25_s1_lik0", "test_macro_auroc": 0.8864158548694331, "test_e3_macro_auroc": 0.9637097764025069, "sph_e3_macro_auroc": 0.9668888669041945}
