C1_b0.1_s2_lik0: train=1717 records, 2000 steps, eval every 40, device=cuda
/tmp/robust-ecg-ssl/scripts/train.py:143: UserWarning: Converting a tensor with requires_grad=True to a scalar may lead to unexpected behavior.
Consider using tensor.detach() first. (Triggered internally at /pytorch/torch/csrc/autograd/generated/python_variable_methods.cpp:836.)
  print(f"step {step}/{total}  loss {float(loss):.4f}  val macro-AUROC {auc:.4f} "
step 40/2000  loss 0.8931  val macro-AUROC 0.5904 (best 0.5904, 71 labels)  0.1 min
step 80/2000  loss 0.7798  val macro-AUROC 0.5868 (best 0.5904, 71 labels)  0.1 min
step 120/2000  loss 0.6033  val macro-AUROC 0.6397 (best 0.6397, 71 labels)  0.2 min
step 160/2000  loss 0.3345  val macro-AUROC 0.6421 (best 0.6421, 71 labels)  0.2 min
step 200/2000  loss 0.1324  val macro-AUROC 0.7532 (best 0.7532, 71 labels)  0.3 min
step 240/2000  loss 0.0859  val macro-AUROC 0.7574 (best 0.7574, 71 labels)  0.3 min
step 280/2000  loss 0.0858  val macro-AUROC 0.7834 (best 0.7834, 71 labels)  0.4 min
step 320/2000  loss 0.0866  val macro-AUROC 0.8031 (best 0.8031, 71 labels)  0.4 min
step 360/2000  loss 0.0783  val macro-AUROC 0.8086 (best 0.8086, 71 labels)  0.4 min
step 400/2000  loss 0.0896  val macro-AUROC 0.8193 (best 0.8193, 71 labels)  0.5 min
step 440/2000  loss 0.0834  val macro-AUROC 0.7967 (best 0.8193, 71 labels)  0.5 min
step 480/2000  loss 0.0733  val macro-AUROC 0.8215 (best 0.8215, 71 labels)  0.6 min
step 520/2000  loss 0.0689  val macro-AUROC 0.8372 (best 0.8372, 71 labels)  0.6 min
step 560/2000  loss 0.0586  val macro-AUROC 0.6775 (best 0.8372, 71 labels)  0.7 min
step 600/2000  loss 0.0721  val macro-AUROC 0.8519 (best 0.8519, 71 labels)  0.7 min
step 640/2000  loss 0.0643  val macro-AUROC 0.8532 (best 0.8532, 71 labels)  0.8 min
step 680/2000  loss 0.0651  val macro-AUROC 0.8631 (best 0.8631, 71 labels)  0.8 min
step 720/2000  loss 0.0526  val macro-AUROC 0.8576 (best 0.8631, 71 labels)  0.9 min
step 760/2000  loss 0.0569  val macro-AUROC 0.8598 (best 0.8631, 71 labels)  0.9 min
step 800/2000  loss 0.0588  val macro-AUROC 0.8679 (best 0.8679, 71 labels)  1.0 min
step 840/2000  loss 0.0624  val macro-AUROC 0.8642 (best 0.8679, 71 labels)  1.0 min
step 880/2000  loss 0.0579  val macro-AUROC 0.8537 (best 0.8679, 71 labels)  1.1 min
step 920/2000  loss 0.0678  val macro-AUROC 0.8537 (best 0.8679, 71 labels)  1.1 min
step 960/2000  loss 0.0649  val macro-AUROC 0.8480 (best 0.8679, 71 labels)  1.1 min
step 1000/2000  loss 0.0602  val macro-AUROC 0.8503 (best 0.8679, 71 labels)  1.2 min
step 1040/2000  loss 0.0514  val macro-AUROC 0.8585 (best 0.8679, 71 labels)  1.2 min
step 1080/2000  loss 0.0436  val macro-AUROC 0.8573 (best 0.8679, 71 labels)  1.3 min
step 1120/2000  loss 0.0444  val macro-AUROC 0.8481 (best 0.8679, 71 labels)  1.3 min
step 1160/2000  loss 0.0453  val macro-AUROC 0.8575 (best 0.8679, 71 labels)  1.4 min
step 1200/2000  loss 0.0368  val macro-AUROC 0.8505 (best 0.8679, 71 labels)  1.4 min
step 1240/2000  loss 0.0425  val macro-AUROC 0.8548 (best 0.8679, 71 labels)  1.5 min
step 1280/2000  loss 0.0453  val macro-AUROC 0.8484 (best 0.8679, 71 labels)  1.5 min
step 1320/2000  loss 0.0324  val macro-AUROC 0.8558 (best 0.8679, 71 labels)  1.6 min
step 1360/2000  loss 0.0331  val macro-AUROC 0.8511 (best 0.8679, 71 labels)  1.6 min
step 1400/2000  loss 0.0319  val macro-AUROC 0.8468 (best 0.8679, 71 labels)  1.7 min
step 1440/2000  loss 0.0278  val macro-AUROC 0.8521 (best 0.8679, 71 labels)  1.7 min
step 1480/2000  loss 0.0382  val macro-AUROC 0.8554 (best 0.8679, 71 labels)  1.8 min
step 1520/2000  loss 0.0248  val macro-AUROC 0.8583 (best 0.8679, 71 labels)  1.8 min
step 1560/2000  loss 0.0300  val macro-AUROC 0.8514 (best 0.8679, 71 labels)  1.8 min
step 1600/2000  loss 0.0231  val macro-AUROC 0.8492 (best 0.8679, 71 labels)  1.9 min
step 1640/2000  loss 0.0189  val macro-AUROC 0.8518 (best 0.8679, 71 labels)  1.9 min
step 1680/2000  loss 0.0215  val macro-AUROC 0.8459 (best 0.8679, 71 labels)  2.0 min
step 1720/2000  loss 0.0173  val macro-AUROC 0.8521 (best 0.8679, 71 labels)  2.0 min
step 1760/2000  loss 0.0161  val macro-AUROC 0.8454 (best 0.8679, 71 labels)  2.1 min
step 1800/2000  loss 0.0182  val macro-AUROC 0.8472 (best 0.8679, 71 labels)  2.1 min
step 1840/2000  loss 0.0192  val macro-AUROC 0.8464 (best 0.8679, 71 labels)  2.2 min
step 1880/2000  loss 0.0176  val macro-AUROC 0.8453 (best 0.8679, 71 labels)  2.2 min
step 1920/2000  loss 0.0218  val macro-AUROC 0.8451 (best 0.8679, 71 labels)  2.3 min
step 1960/2000  loss 0.0206  val macro-AUROC 0.8464 (best 0.8679, 71 labels)  2.3 min
step 2000/2000  loss 0.0202  val macro-AUROC 0.8463 (best 0.8679, 71 labels)  2.4 min
{"run_id": "C1_b0.1_s2_lik0", "test_macro_auroc": 0.842503981209836, "test_e3_macro_auroc": 0.9460772737790253, "sph_e3_macro_auroc": 0.9589660526364846}
