C1_b0.05_s0_lik0: train=866 records, 2000 steps, eval every 40, device=cuda
/tmp/robust-ecg-ssl/scripts/train.py:143: UserWarning: Converting a tensor with requires_grad=True to a scalar may lead to unexpected behavior.
Consider using tensor.detach() first. (Triggered internally at /pytorch/torch/csrc/autograd/generated/python_variable_methods.cpp:836.)
  print(f"step {step}/{total}  loss {float(loss):.4f}  val macro-AUROC {auc:.4f} "
step 40/2000  loss 0.9024  val macro-AUROC 0.5823 (best 0.5823, 71 labels)  0.1 min
step 80/2000  loss 0.8033  val macro-AUROC 0.6208 (best 0.6208, 71 labels)  0.1 min
step 120/2000  loss 0.6314  val macro-AUROC 0.6365 (best 0.6365, 71 labels)  0.2 min
step 160/2000  loss 0.3061  val macro-AUROC 0.6281 (best 0.6365, 71 labels)  0.2 min
step 200/2000  loss 0.1129  val macro-AUROC 0.7100 (best 0.7100, 71 labels)  0.2 min
step 240/2000  loss 0.0981  val macro-AUROC 0.7259 (best 0.7259, 71 labels)  0.3 min
step 280/2000  loss 0.0791  val macro-AUROC 0.7494 (best 0.7494, 71 labels)  0.3 min
step 320/2000  loss 0.0712  val macro-AUROC 0.7414 (best 0.7494, 71 labels)  0.4 min
step 360/2000  loss 0.0747  val macro-AUROC 0.7769 (best 0.7769, 71 labels)  0.4 min
step 400/2000  loss 0.0758  val macro-AUROC 0.7864 (best 0.7864, 71 labels)  0.5 min
step 440/2000  loss 0.0625  val macro-AUROC 0.7823 (best 0.7864, 71 labels)  0.5 min
step 480/2000  loss 0.0585  val macro-AUROC 0.8016 (best 0.8016, 71 labels)  0.6 min
step 520/2000  loss 0.0597  val macro-AUROC 0.7717 (best 0.8016, 71 labels)  0.6 min
step 560/2000  loss 0.0513  val macro-AUROC 0.7819 (best 0.8016, 71 labels)  0.7 min
step 600/2000  loss 0.0539  val macro-AUROC 0.8171 (best 0.8171, 71 labels)  0.7 min
step 640/2000  loss 0.0600  val macro-AUROC 0.5370 (best 0.8171, 71 labels)  0.8 min
step 680/2000  loss 0.0526  val macro-AUROC 0.8114 (best 0.8171, 71 labels)  0.8 min
step 720/2000  loss 0.0517  val macro-AUROC 0.7702 (best 0.8171, 71 labels)  0.8 min
step 760/2000  loss 0.0382  val macro-AUROC 0.7693 (best 0.8171, 71 labels)  0.9 min
step 800/2000  loss 0.0501  val macro-AUROC 0.7942 (best 0.8171, 71 labels)  0.9 min
step 840/2000  loss 0.0372  val macro-AUROC 0.7999 (best 0.8171, 71 labels)  1.0 min
step 880/2000  loss 0.0376  val macro-AUROC 0.8161 (best 0.8171, 71 labels)  1.0 min
step 920/2000  loss 0.0323  val macro-AUROC 0.7805 (best 0.8171, 71 labels)  1.1 min
step 960/2000  loss 0.0313  val macro-AUROC 0.7914 (best 0.8171, 71 labels)  1.1 min
step 1000/2000  loss 0.0300  val macro-AUROC 0.8034 (best 0.8171, 71 labels)  1.2 min
step 1040/2000  loss 0.0246  val macro-AUROC 0.7808 (best 0.8171, 71 labels)  1.2 min
step 1080/2000  loss 0.0275  val macro-AUROC 0.7977 (best 0.8171, 71 labels)  1.3 min
step 1120/2000  loss 0.0210  val macro-AUROC 0.7979 (best 0.8171, 71 labels)  1.3 min
step 1160/2000  loss 0.0219  val macro-AUROC 0.8031 (best 0.8171, 71 labels)  1.4 min
step 1200/2000  loss 0.0208  val macro-AUROC 0.8000 (best 0.8171, 71 labels)  1.4 min
step 1240/2000  loss 0.0192  val macro-AUROC 0.7850 (best 0.8171, 71 labels)  1.5 min
step 1280/2000  loss 0.0142  val macro-AUROC 0.7974 (best 0.8171, 71 labels)  1.5 min
step 1320/2000  loss 0.0181  val macro-AUROC 0.8041 (best 0.8171, 71 labels)  1.5 min
step 1360/2000  loss 0.0142  val macro-AUROC 0.8168 (best 0.8171, 71 labels)  1.6 min
step 1400/2000  loss 0.0158  val macro-AUROC 0.8114 (best 0.8171, 71 labels)  1.6 min
step 1440/2000  loss 0.0103  val macro-AUROC 0.7993 (best 0.8171, 71 labels)  1.7 min
step 1480/2000  loss 0.0129  val macro-AUROC 0.8166 (best 0.8171, 71 labels)  1.7 min
step 1520/2000  loss 0.0110  val macro-AUROC 0.8099 (best 0.8171, 71 labels)  1.8 min
step 1560/2000  loss 0.0093  val macro-AUROC 0.8066 (best 0.8171, 71 labels)  1.8 min
step 1600/2000  loss 0.0101  val macro-AUROC 0.8072 (best 0.8171, 71 labels)  1.9 min
step 1640/2000  loss 0.0100  val macro-AUROC 0.8031 (best 0.8171, 71 labels)  1.9 min
step 1680/2000  loss 0.0081  val macro-AUROC 0.8016 (best 0.8171, 71 labels)  1.9 min
step 1720/2000  loss 0.0102  val macro-AUROC 0.8026 (best 0.8171, 71 labels)  2.0 min
step 1760/2000  loss 0.0080  val macro-AUROC 0.8022 (best 0.8171, 71 labels)  2.0 min
step 1800/2000  loss 0.0092  val macro-AUROC 0.8023 (best 0.8171, 71 labels)  2.1 min
step 1840/2000  loss 0.0087  val macro-AUROC 0.8018 (best 0.8171, 71 labels)  2.1 min
step 1880/2000  loss 0.0064  val macro-AUROC 0.8039 (best 0.8171, 71 labels)  2.2 min
step 1920/2000  loss 0.0072  val macro-AUROC 0.8048 (best 0.8171, 71 labels)  2.2 min
step 1960/2000  loss 0.0072  val macro-AUROC 0.8060 (best 0.8171, 71 labels)  2.3 min
step 2000/2000  loss 0.0089  val macro-AUROC 0.8043 (best 0.8171, 71 labels)  2.3 min
{"run_id": "C1_b0.05_s0_lik0", "test_macro_auroc": 0.8113489293022462, "test_e3_macro_auroc": 0.9180734437322015, "sph_e3_macro_auroc": 0.952090111209674}
