C1_b0.01_s3_lik0: train=186 records, 2000 steps, eval every 40, device=cuda
/tmp/robust-ecg-ssl/scripts/train.py:143: UserWarning: Converting a tensor with requires_grad=True to a scalar may lead to unexpected behavior.
Consider using tensor.detach() first. (Triggered internally at /pytorch/torch/csrc/autograd/generated/python_variable_methods.cpp:836.)
  print(f"step {step}/{total}  loss {float(loss):.4f}  val macro-AUROC {auc:.4f} "
step 40/2000  loss 0.9013  val macro-AUROC 0.5609 (best 0.5609, 71 labels)  0.1 min
step 80/2000  loss 0.7883  val macro-AUROC 0.5809 (best 0.5809, 71 labels)  0.1 min
step 120/2000  loss 0.6140  val macro-AUROC 0.5964 (best 0.5964, 71 labels)  0.2 min
step 160/2000  loss 0.2766  val macro-AUROC 0.5973 (best 0.5973, 71 labels)  0.2 min
step 200/2000  loss 0.0985  val macro-AUROC 0.6772 (best 0.6772, 71 labels)  0.2 min
step 240/2000  loss 0.0614  val macro-AUROC 0.7231 (best 0.7231, 71 labels)  0.3 min
step 280/2000  loss 0.0426  val macro-AUROC 0.6474 (best 0.7231, 71 labels)  0.3 min
step 320/2000  loss 0.0411  val macro-AUROC 0.6679 (best 0.7231, 71 labels)  0.4 min
step 360/2000  loss 0.0300  val macro-AUROC 0.6473 (best 0.7231, 71 labels)  0.4 min
step 400/2000  loss 0.0224  val macro-AUROC 0.6614 (best 0.7231, 71 labels)  0.5 min
step 440/2000  loss 0.0187  val macro-AUROC 0.6098 (best 0.7231, 71 labels)  0.5 min
step 480/2000  loss 0.0155  val macro-AUROC 0.6835 (best 0.7231, 71 labels)  0.6 min
step 520/2000  loss 0.0105  val macro-AUROC 0.6641 (best 0.7231, 71 labels)  0.6 min
step 560/2000  loss 0.0114  val macro-AUROC 0.6514 (best 0.7231, 71 labels)  0.7 min
step 600/2000  loss 0.0084  val macro-AUROC 0.6546 (best 0.7231, 71 labels)  0.7 min
step 640/2000  loss 0.0100  val macro-AUROC 0.6202 (best 0.7231, 71 labels)  0.8 min
step 680/2000  loss 0.0056  val macro-AUROC 0.6189 (best 0.7231, 71 labels)  0.8 min
step 720/2000  loss 0.0066  val macro-AUROC 0.6766 (best 0.7231, 71 labels)  0.9 min
step 760/2000  loss 0.0073  val macro-AUROC 0.6465 (best 0.7231, 71 labels)  0.9 min
step 800/2000  loss 0.0050  val macro-AUROC 0.6687 (best 0.7231, 71 labels)  1.0 min
step 840/2000  loss 0.0046  val macro-AUROC 0.6523 (best 0.7231, 71 labels)  1.0 min
step 880/2000  loss 0.0055  val macro-AUROC 0.6465 (best 0.7231, 71 labels)  1.0 min
step 920/2000  loss 0.0039  val macro-AUROC 0.6563 (best 0.7231, 71 labels)  1.1 min
step 960/2000  loss 0.0041  val macro-AUROC 0.6800 (best 0.7231, 71 labels)  1.1 min
step 1000/2000  loss 0.0042  val macro-AUROC 0.6420 (best 0.7231, 71 labels)  1.2 min
step 1040/2000  loss 0.0045  val macro-AUROC 0.6527 (best 0.7231, 71 labels)  1.2 min
step 1080/2000  loss 0.0033  val macro-AUROC 0.6730 (best 0.7231, 71 labels)  1.3 min
step 1120/2000  loss 0.0025  val macro-AUROC 0.7069 (best 0.7231, 71 labels)  1.3 min
step 1160/2000  loss 0.0025  val macro-AUROC 0.6723 (best 0.7231, 71 labels)  1.4 min
step 1200/2000  loss 0.0024  val macro-AUROC 0.6907 (best 0.7231, 71 labels)  1.4 min
step 1240/2000  loss 0.0020  val macro-AUROC 0.6908 (best 0.7231, 71 labels)  1.5 min
step 1280/2000  loss 0.0025  val macro-AUROC 0.6657 (best 0.7231, 71 labels)  1.5 min
step 1320/2000  loss 0.0019  val macro-AUROC 0.6810 (best 0.7231, 71 labels)  1.6 min
step 1360/2000  loss 0.0031  val macro-AUROC 0.7023 (best 0.7231, 71 labels)  1.6 min
step 1400/2000  loss 0.0015  val macro-AUROC 0.6788 (best 0.7231, 71 labels)  1.7 min
step 1440/2000  loss 0.0016  val macro-AUROC 0.6847 (best 0.7231, 71 labels)  1.7 min
step 1480/2000  loss 0.0017  val macro-AUROC 0.6695 (best 0.7231, 71 labels)  1.7 min
step 1520/2000  loss 0.0020  val macro-AUROC 0.6752 (best 0.7231, 71 labels)  1.8 min
step 1560/2000  loss 0.0020  val macro-AUROC 0.6859 (best 0.7231, 71 labels)  1.8 min
step 1600/2000  loss 0.0016  val macro-AUROC 0.6782 (best 0.7231, 71 labels)  1.9 min
step 1640/2000  loss 0.0010  val macro-AUROC 0.6777 (best 0.7231, 71 labels)  1.9 min
step 1680/2000  loss 0.0017  val macro-AUROC 0.6862 (best 0.7231, 71 labels)  2.0 min
step 1720/2000  loss 0.0018  val macro-AUROC 0.6814 (best 0.7231, 71 labels)  2.0 min
step 1760/2000  loss 0.0018  val macro-AUROC 0.6773 (best 0.7231, 71 labels)  2.1 min
step 1800/2000  loss 0.0015  val macro-AUROC 0.6715 (best 0.7231, 71 labels)  2.1 min
step 1840/2000  loss 0.0011  val macro-AUROC 0.6702 (best 0.7231, 71 labels)  2.2 min
step 1880/2000  loss 0.0009  val macro-AUROC 0.6761 (best 0.7231, 71 labels)  2.2 min
step 1920/2000  loss 0.0015  val macro-AUROC 0.6773 (best 0.7231, 71 labels)  2.3 min
step 1960/2000  loss 0.0011  val macro-AUROC 0.6778 (best 0.7231, 71 labels)  2.3 min
step 2000/2000  loss 0.0013  val macro-AUROC 0.6748 (best 0.7231, 71 labels)  2.4 min
{"run_id": "C1_b0.01_s3_lik0", "test_macro_auroc": 0.6719733036395684, "test_e3_macro_auroc": 0.8691616555719333, "sph_e3_macro_auroc": 0.909528606297624}
