C1_b0.1_s4_lik0: train=1752 records, 2000 steps, eval every 40, device=cuda
/tmp/robust-ecg-ssl/scripts/train.py:143: UserWarning: Converting a tensor with requires_grad=True to a scalar may lead to unexpected behavior.
Consider using tensor.detach() first. (Triggered internally at /pytorch/torch/csrc/autograd/generated/python_variable_methods.cpp:836.)
  print(f"step {step}/{total}  loss {float(loss):.4f}  val macro-AUROC {auc:.4f} "
step 40/2000  loss 0.8949  val macro-AUROC 0.6004 (best 0.6004, 71 labels)  0.1 min
step 80/2000  loss 0.8042  val macro-AUROC 0.6439 (best 0.6439, 71 labels)  0.1 min
step 120/2000  loss 0.6328  val macro-AUROC 0.6755 (best 0.6755, 71 labels)  0.2 min
step 160/2000  loss 0.3394  val macro-AUROC 0.6962 (best 0.6962, 71 labels)  0.2 min
step 200/2000  loss 0.1150  val macro-AUROC 0.7180 (best 0.7180, 71 labels)  0.3 min
step 240/2000  loss 0.1159  val macro-AUROC 0.7514 (best 0.7514, 71 labels)  0.3 min
step 280/2000  loss 0.1263  val macro-AUROC 0.6974 (best 0.7514, 71 labels)  0.3 min
step 320/2000  loss 0.0927  val macro-AUROC 0.7747 (best 0.7747, 71 labels)  0.4 min
step 360/2000  loss 0.0981  val macro-AUROC 0.6974 (best 0.7747, 71 labels)  0.4 min
step 400/2000  loss 0.0882  val macro-AUROC 0.8094 (best 0.8094, 71 labels)  0.5 min
step 440/2000  loss 0.0974  val macro-AUROC 0.7579 (best 0.8094, 71 labels)  0.5 min
step 480/2000  loss 0.0771  val macro-AUROC 0.8002 (best 0.8094, 71 labels)  0.6 min
step 520/2000  loss 0.0725  val macro-AUROC 0.8343 (best 0.8343, 71 labels)  0.6 min
step 560/2000  loss 0.0880  val macro-AUROC 0.8377 (best 0.8377, 71 labels)  0.7 min
step 600/2000  loss 0.0825  val macro-AUROC 0.8341 (best 0.8377, 71 labels)  0.7 min
step 640/2000  loss 0.0639  val macro-AUROC 0.8370 (best 0.8377, 71 labels)  0.8 min
step 680/2000  loss 0.0646  val macro-AUROC 0.8448 (best 0.8448, 71 labels)  0.8 min
step 720/2000  loss 0.0658  val macro-AUROC 0.8451 (best 0.8451, 71 labels)  0.9 min
step 760/2000  loss 0.0650  val macro-AUROC 0.8335 (best 0.8451, 71 labels)  0.9 min
step 800/2000  loss 0.0609  val macro-AUROC 0.8496 (best 0.8496, 71 labels)  1.0 min
step 840/2000  loss 0.0602  val macro-AUROC 0.8510 (best 0.8510, 71 labels)  1.0 min
step 880/2000  loss 0.0635  val macro-AUROC 0.8482 (best 0.8510, 71 labels)  1.0 min
step 920/2000  loss 0.0541  val macro-AUROC 0.8453 (best 0.8510, 71 labels)  1.1 min
step 960/2000  loss 0.0581  val macro-AUROC 0.8557 (best 0.8557, 71 labels)  1.1 min
step 1000/2000  loss 0.0522  val macro-AUROC 0.8521 (best 0.8557, 71 labels)  1.2 min
step 1040/2000  loss 0.0594  val macro-AUROC 0.8519 (best 0.8557, 71 labels)  1.2 min
step 1080/2000  loss 0.0601  val macro-AUROC 0.8460 (best 0.8557, 71 labels)  1.3 min
step 1120/2000  loss 0.0510  val macro-AUROC 0.8419 (best 0.8557, 71 labels)  1.3 min
step 1160/2000  loss 0.0532  val macro-AUROC 0.8591 (best 0.8591, 71 labels)  1.4 min
step 1200/2000  loss 0.0454  val macro-AUROC 0.8493 (best 0.8591, 71 labels)  1.4 min
step 1240/2000  loss 0.0439  val macro-AUROC 0.8487 (best 0.8591, 71 labels)  1.5 min
step 1280/2000  loss 0.0433  val macro-AUROC 0.8634 (best 0.8634, 71 labels)  1.5 min
step 1320/2000  loss 0.0467  val macro-AUROC 0.8539 (best 0.8634, 71 labels)  1.6 min
step 1360/2000  loss 0.0370  val macro-AUROC 0.8631 (best 0.8634, 71 labels)  1.6 min
step 1400/2000  loss 0.0368  val macro-AUROC 0.8392 (best 0.8634, 71 labels)  1.7 min
step 1440/2000  loss 0.0395  val macro-AUROC 0.8561 (best 0.8634, 71 labels)  1.7 min
step 1480/2000  loss 0.0357  val macro-AUROC 0.8504 (best 0.8634, 71 labels)  1.8 min
step 1520/2000  loss 0.0345  val macro-AUROC 0.8566 (best 0.8634, 71 labels)  1.8 min
step 1560/2000  loss 0.0330  val macro-AUROC 0.8559 (best 0.8634, 71 labels)  1.8 min
step 1600/2000  loss 0.0308  val macro-AUROC 0.8577 (best 0.8634, 71 labels)  1.9 min
step 1640/2000  loss 0.0303  val macro-AUROC 0.8538 (best 0.8634, 71 labels)  1.9 min
step 1680/2000  loss 0.0280  val macro-AUROC 0.8562 (best 0.8634, 71 labels)  2.0 min
step 1720/2000  loss 0.0255  val macro-AUROC 0.8497 (best 0.8634, 71 labels)  2.0 min
step 1760/2000  loss 0.0273  val macro-AUROC 0.8502 (best 0.8634, 71 labels)  2.1 min
step 1800/2000  loss 0.0272  val macro-AUROC 0.8500 (best 0.8634, 71 labels)  2.1 min
step 1840/2000  loss 0.0275  val macro-AUROC 0.8492 (best 0.8634, 71 labels)  2.2 min
step 1880/2000  loss 0.0222  val macro-AUROC 0.8500 (best 0.8634, 71 labels)  2.2 min
step 1920/2000  loss 0.0255  val macro-AUROC 0.8503 (best 0.8634, 71 labels)  2.3 min
step 1960/2000  loss 0.0240  val macro-AUROC 0.8493 (best 0.8634, 71 labels)  2.3 min
step 2000/2000  loss 0.0267  val macro-AUROC 0.8504 (best 0.8634, 71 labels)  2.4 min
{"run_id": "C1_b0.1_s4_lik0", "test_macro_auroc": 0.8479921359969269, "test_e3_macro_auroc": 0.9430322119600493, "sph_e3_macro_auroc": 0.9504960523500741}
