C1_b0.05_s3_lik0: train=887 records, 2000 steps, eval every 40, device=cuda
/tmp/robust-ecg-ssl/scripts/train.py:143: UserWarning: Converting a tensor with requires_grad=True to a scalar may lead to unexpected behavior.
Consider using tensor.detach() first. (Triggered internally at /pytorch/torch/csrc/autograd/generated/python_variable_methods.cpp:836.)
  print(f"step {step}/{total}  loss {float(loss):.4f}  val macro-AUROC {auc:.4f} "
step 40/2000  loss 0.9003  val macro-AUROC 0.5780 (best 0.5780, 71 labels)  0.1 min
step 80/2000  loss 0.7989  val macro-AUROC 0.6063 (best 0.6063, 71 labels)  0.1 min
step 120/2000  loss 0.6304  val macro-AUROC 0.6396 (best 0.6396, 71 labels)  0.2 min
step 160/2000  loss 0.3026  val macro-AUROC 0.6535 (best 0.6535, 71 labels)  0.2 min
step 200/2000  loss 0.1062  val macro-AUROC 0.7350 (best 0.7350, 71 labels)  0.2 min
step 240/2000  loss 0.0825  val macro-AUROC 0.7560 (best 0.7560, 71 labels)  0.3 min
step 280/2000  loss 0.0804  val macro-AUROC 0.7577 (best 0.7577, 71 labels)  0.3 min
step 320/2000  loss 0.0750  val macro-AUROC 0.8010 (best 0.8010, 71 labels)  0.4 min
step 360/2000  loss 0.0642  val macro-AUROC 0.7860 (best 0.8010, 71 labels)  0.4 min
step 400/2000  loss 0.0608  val macro-AUROC 0.7836 (best 0.8010, 71 labels)  0.5 min
step 440/2000  loss 0.0581  val macro-AUROC 0.8088 (best 0.8088, 71 labels)  0.5 min
step 480/2000  loss 0.0642  val macro-AUROC 0.8057 (best 0.8088, 71 labels)  0.6 min
step 520/2000  loss 0.0643  val macro-AUROC 0.7934 (best 0.8088, 71 labels)  0.6 min
step 560/2000  loss 0.0560  val macro-AUROC 0.7849 (best 0.8088, 71 labels)  0.7 min
step 600/2000  loss 0.0486  val macro-AUROC 0.7927 (best 0.8088, 71 labels)  0.7 min
step 640/2000  loss 0.0515  val macro-AUROC 0.8037 (best 0.8088, 71 labels)  0.8 min
step 680/2000  loss 0.0432  val macro-AUROC 0.8196 (best 0.8196, 71 labels)  0.8 min
step 720/2000  loss 0.0366  val macro-AUROC 0.7879 (best 0.8196, 71 labels)  0.9 min
step 760/2000  loss 0.0353  val macro-AUROC 0.8089 (best 0.8196, 71 labels)  0.9 min
step 800/2000  loss 0.0330  val macro-AUROC 0.7888 (best 0.8196, 71 labels)  1.0 min
step 840/2000  loss 0.0385  val macro-AUROC 0.7813 (best 0.8196, 71 labels)  1.0 min
step 880/2000  loss 0.0336  val macro-AUROC 0.7804 (best 0.8196, 71 labels)  1.1 min
step 920/2000  loss 0.0237  val macro-AUROC 0.7969 (best 0.8196, 71 labels)  1.1 min
step 960/2000  loss 0.0270  val macro-AUROC 0.8001 (best 0.8196, 71 labels)  1.1 min
step 1000/2000  loss 0.0235  val macro-AUROC 0.7890 (best 0.8196, 71 labels)  1.2 min
step 1040/2000  loss 0.0213  val macro-AUROC 0.7770 (best 0.8196, 71 labels)  1.2 min
step 1080/2000  loss 0.0245  val macro-AUROC 0.7821 (best 0.8196, 71 labels)  1.3 min
step 1120/2000  loss 0.0198  val macro-AUROC 0.7844 (best 0.8196, 71 labels)  1.3 min
step 1160/2000  loss 0.0173  val macro-AUROC 0.7847 (best 0.8196, 71 labels)  1.4 min
step 1200/2000  loss 0.0199  val macro-AUROC 0.7764 (best 0.8196, 71 labels)  1.4 min
step 1240/2000  loss 0.0169  val macro-AUROC 0.7947 (best 0.8196, 71 labels)  1.5 min
step 1280/2000  loss 0.0194  val macro-AUROC 0.7917 (best 0.8196, 71 labels)  1.5 min
step 1320/2000  loss 0.0124  val macro-AUROC 0.7879 (best 0.8196, 71 labels)  1.6 min
step 1360/2000  loss 0.0105  val macro-AUROC 0.7782 (best 0.8196, 71 labels)  1.6 min
step 1400/2000  loss 0.0117  val macro-AUROC 0.7783 (best 0.8196, 71 labels)  1.7 min
step 1440/2000  loss 0.0101  val macro-AUROC 0.7946 (best 0.8196, 71 labels)  1.7 min
step 1480/2000  loss 0.0086  val macro-AUROC 0.7887 (best 0.8196, 71 labels)  1.8 min
step 1520/2000  loss 0.0111  val macro-AUROC 0.7877 (best 0.8196, 71 labels)  1.8 min
step 1560/2000  loss 0.0110  val macro-AUROC 0.7876 (best 0.8196, 71 labels)  1.9 min
step 1600/2000  loss 0.0090  val macro-AUROC 0.7804 (best 0.8196, 71 labels)  1.9 min
step 1640/2000  loss 0.0092  val macro-AUROC 0.7903 (best 0.8196, 71 labels)  1.9 min
step 1680/2000  loss 0.0073  val macro-AUROC 0.7894 (best 0.8196, 71 labels)  2.0 min
step 1720/2000  loss 0.0070  val macro-AUROC 0.7882 (best 0.8196, 71 labels)  2.0 min
step 1760/2000  loss 0.0075  val macro-AUROC 0.7873 (best 0.8196, 71 labels)  2.1 min
step 1800/2000  loss 0.0064  val macro-AUROC 0.7881 (best 0.8196, 71 labels)  2.1 min
step 1840/2000  loss 0.0067  val macro-AUROC 0.7822 (best 0.8196, 71 labels)  2.2 min
step 1880/2000  loss 0.0056  val macro-AUROC 0.7799 (best 0.8196, 71 labels)  2.2 min
step 1920/2000  loss 0.0057  val macro-AUROC 0.7831 (best 0.8196, 71 labels)  2.3 min
step 1960/2000  loss 0.0052  val macro-AUROC 0.7824 (best 0.8196, 71 labels)  2.3 min
step 2000/2000  loss 0.0066  val macro-AUROC 0.7816 (best 0.8196, 71 labels)  2.4 min
{"run_id": "C1_b0.05_s3_lik0", "test_macro_auroc": 0.7995306498759776, "test_e3_macro_auroc": 0.9300116009794832, "sph_e3_macro_auroc": 0.9534584167063831}
