C1_b0.05_s1_lik0: train=873 records, 2000 steps, eval every 40, device=cuda
/tmp/robust-ecg-ssl/scripts/train.py:143: UserWarning: Converting a tensor with requires_grad=True to a scalar may lead to unexpected behavior.
Consider using tensor.detach() first. (Triggered internally at /pytorch/torch/csrc/autograd/generated/python_variable_methods.cpp:836.)
  print(f"step {step}/{total}  loss {float(loss):.4f}  val macro-AUROC {auc:.4f} "
step 40/2000  loss 0.9120  val macro-AUROC 0.5961 (best 0.5961, 71 labels)  0.1 min
step 80/2000  loss 0.7772  val macro-AUROC 0.6245 (best 0.6245, 71 labels)  0.1 min
step 120/2000  loss 0.6086  val macro-AUROC 0.6119 (best 0.6245, 71 labels)  0.2 min
step 160/2000  loss 0.2860  val macro-AUROC 0.6533 (best 0.6533, 71 labels)  0.2 min
step 200/2000  loss 0.1202  val macro-AUROC 0.6380 (best 0.6533, 71 labels)  0.3 min
step 240/2000  loss 0.1007  val macro-AUROC 0.7464 (best 0.7464, 71 labels)  0.3 min
step 280/2000  loss 0.0922  val macro-AUROC 0.7406 (best 0.7464, 71 labels)  0.4 min
step 320/2000  loss 0.0794  val macro-AUROC 0.7094 (best 0.7464, 71 labels)  0.4 min
step 360/2000  loss 0.0833  val macro-AUROC 0.7731 (best 0.7731, 71 labels)  0.4 min
step 400/2000  loss 0.0872  val macro-AUROC 0.7794 (best 0.7794, 71 labels)  0.5 min
step 440/2000  loss 0.0690  val macro-AUROC 0.7976 (best 0.7976, 71 labels)  0.5 min
step 480/2000  loss 0.0643  val macro-AUROC 0.7716 (best 0.7976, 71 labels)  0.6 min
step 520/2000  loss 0.0668  val macro-AUROC 0.7988 (best 0.7988, 71 labels)  0.6 min
step 560/2000  loss 0.0622  val macro-AUROC 0.8060 (best 0.8060, 71 labels)  0.7 min
step 600/2000  loss 0.0586  val macro-AUROC 0.8090 (best 0.8090, 71 labels)  0.7 min
step 640/2000  loss 0.0478  val macro-AUROC 0.8040 (best 0.8090, 71 labels)  0.8 min
step 680/2000  loss 0.0551  val macro-AUROC 0.7875 (best 0.8090, 71 labels)  0.8 min
step 720/2000  loss 0.0508  val macro-AUROC 0.8195 (best 0.8195, 71 labels)  0.9 min
step 760/2000  loss 0.0383  val macro-AUROC 0.8048 (best 0.8195, 71 labels)  0.9 min
step 800/2000  loss 0.0404  val macro-AUROC 0.8071 (best 0.8195, 71 labels)  1.0 min
step 840/2000  loss 0.0395  val macro-AUROC 0.8001 (best 0.8195, 71 labels)  1.0 min
step 880/2000  loss 0.0316  val macro-AUROC 0.7882 (best 0.8195, 71 labels)  1.1 min
step 920/2000  loss 0.0336  val macro-AUROC 0.7844 (best 0.8195, 71 labels)  1.1 min
step 960/2000  loss 0.0325  val macro-AUROC 0.8021 (best 0.8195, 71 labels)  1.2 min
step 1000/2000  loss 0.0217  val macro-AUROC 0.7943 (best 0.8195, 71 labels)  1.2 min
step 1040/2000  loss 0.0253  val macro-AUROC 0.7933 (best 0.8195, 71 labels)  1.2 min
step 1080/2000  loss 0.0296  val macro-AUROC 0.7975 (best 0.8195, 71 labels)  1.3 min
step 1120/2000  loss 0.0257  val macro-AUROC 0.8037 (best 0.8195, 71 labels)  1.3 min
step 1160/2000  loss 0.0189  val macro-AUROC 0.7995 (best 0.8195, 71 labels)  1.4 min
step 1200/2000  loss 0.0256  val macro-AUROC 0.8051 (best 0.8195, 71 labels)  1.4 min
step 1240/2000  loss 0.0211  val macro-AUROC 0.8055 (best 0.8195, 71 labels)  1.5 min
step 1280/2000  loss 0.0155  val macro-AUROC 0.7866 (best 0.8195, 71 labels)  1.5 min
step 1320/2000  loss 0.0149  val macro-AUROC 0.7955 (best 0.8195, 71 labels)  1.6 min
step 1360/2000  loss 0.0143  val macro-AUROC 0.8094 (best 0.8195, 71 labels)  1.6 min
step 1400/2000  loss 0.0133  val macro-AUROC 0.7882 (best 0.8195, 71 labels)  1.7 min
step 1440/2000  loss 0.0123  val macro-AUROC 0.8006 (best 0.8195, 71 labels)  1.7 min
step 1480/2000  loss 0.0159  val macro-AUROC 0.8098 (best 0.8195, 71 labels)  1.8 min
step 1520/2000  loss 0.0100  val macro-AUROC 0.7938 (best 0.8195, 71 labels)  1.8 min
step 1560/2000  loss 0.0092  val macro-AUROC 0.7913 (best 0.8195, 71 labels)  1.9 min
step 1600/2000  loss 0.0085  val macro-AUROC 0.8037 (best 0.8195, 71 labels)  1.9 min
step 1640/2000  loss 0.0092  val macro-AUROC 0.7986 (best 0.8195, 71 labels)  2.0 min
step 1680/2000  loss 0.0096  val macro-AUROC 0.8000 (best 0.8195, 71 labels)  2.0 min
step 1720/2000  loss 0.0073  val macro-AUROC 0.8038 (best 0.8195, 71 labels)  2.0 min
step 1760/2000  loss 0.0092  val macro-AUROC 0.7979 (best 0.8195, 71 labels)  2.1 min
step 1800/2000  loss 0.0110  val macro-AUROC 0.7982 (best 0.8195, 71 labels)  2.1 min
step 1840/2000  loss 0.0101  val macro-AUROC 0.7974 (best 0.8195, 71 labels)  2.2 min
step 1880/2000  loss 0.0107  val macro-AUROC 0.7994 (best 0.8195, 71 labels)  2.2 min
step 1920/2000  loss 0.0122  val macro-AUROC 0.7987 (best 0.8195, 71 labels)  2.3 min
step 1960/2000  loss 0.0061  val macro-AUROC 0.7989 (best 0.8195, 71 labels)  2.3 min
step 2000/2000  loss 0.0057  val macro-AUROC 0.7977 (best 0.8195, 71 labels)  2.4 min
{"run_id": "C1_b0.05_s1_lik0", "test_macro_auroc": 0.8019543848506907, "test_e3_macro_auroc": 0.9205411235968073, "sph_e3_macro_auroc": 0.9430595549737587}
