C1_b0.25_s3_lik0: train=4384 records, 2000 steps, eval every 40, device=cuda
/tmp/robust-ecg-ssl/scripts/train.py:143: UserWarning: Converting a tensor with requires_grad=True to a scalar may lead to unexpected behavior.
Consider using tensor.detach() first. (Triggered internally at /pytorch/torch/csrc/autograd/generated/python_variable_methods.cpp:836.)
  print(f"step {step}/{total}  loss {float(loss):.4f}  val macro-AUROC {auc:.4f} "
step 40/2000  loss 0.9033  val macro-AUROC 0.5709 (best 0.5709, 71 labels)  0.1 min
step 80/2000  loss 0.7931  val macro-AUROC 0.6054 (best 0.6054, 71 labels)  0.1 min
step 120/2000  loss 0.6060  val macro-AUROC 0.6117 (best 0.6117, 71 labels)  0.2 min
step 160/2000  loss 0.3110  val macro-AUROC 0.5908 (best 0.6117, 71 labels)  0.2 min
step 200/2000  loss 0.1223  val macro-AUROC 0.7175 (best 0.7175, 71 labels)  0.2 min
step 240/2000  loss 0.0929  val macro-AUROC 0.7579 (best 0.7579, 71 labels)  0.3 min
step 280/2000  loss 0.0975  val macro-AUROC 0.7867 (best 0.7867, 71 labels)  0.3 min
step 320/2000  loss 0.0863  val macro-AUROC 0.7930 (best 0.7930, 71 labels)  0.4 min
step 360/2000  loss 0.0796  val macro-AUROC 0.8172 (best 0.8172, 71 labels)  0.4 min
step 400/2000  loss 0.0961  val macro-AUROC 0.7459 (best 0.8172, 71 labels)  0.5 min
step 440/2000  loss 0.0798  val macro-AUROC 0.8250 (best 0.8250, 71 labels)  0.5 min
step 480/2000  loss 0.0745  val macro-AUROC 0.8372 (best 0.8372, 71 labels)  0.6 min
step 520/2000  loss 0.0903  val macro-AUROC 0.7846 (best 0.8372, 71 labels)  0.6 min
step 560/2000  loss 0.0961  val macro-AUROC 0.8117 (best 0.8372, 71 labels)  0.7 min
step 600/2000  loss 0.0728  val macro-AUROC 0.8469 (best 0.8469, 71 labels)  0.7 min
step 640/2000  loss 0.0861  val macro-AUROC 0.8472 (best 0.8472, 71 labels)  0.8 min
step 680/2000  loss 0.0723  val macro-AUROC 0.8457 (best 0.8472, 71 labels)  0.8 min
step 720/2000  loss 0.0709  val macro-AUROC 0.8462 (best 0.8472, 71 labels)  0.9 min
step 760/2000  loss 0.0721  val macro-AUROC 0.8490 (best 0.8490, 71 labels)  0.9 min
step 800/2000  loss 0.0768  val macro-AUROC 0.8637 (best 0.8637, 71 labels)  1.0 min
step 840/2000  loss 0.0668  val macro-AUROC 0.8558 (best 0.8637, 71 labels)  1.0 min
step 880/2000  loss 0.0644  val macro-AUROC 0.8639 (best 0.8639, 71 labels)  1.0 min
step 920/2000  loss 0.0768  val macro-AUROC 0.8692 (best 0.8692, 71 labels)  1.1 min
step 960/2000  loss 0.0622  val macro-AUROC 0.8706 (best 0.8706, 71 labels)  1.1 min
step 1000/2000  loss 0.0727  val macro-AUROC 0.8620 (best 0.8706, 71 labels)  1.2 min
step 1040/2000  loss 0.0651  val macro-AUROC 0.8710 (best 0.8710, 71 labels)  1.2 min
step 1080/2000  loss 0.0662  val macro-AUROC 0.8689 (best 0.8710, 71 labels)  1.3 min
step 1120/2000  loss 0.0639  val macro-AUROC 0.8699 (best 0.8710, 71 labels)  1.3 min
step 1160/2000  loss 0.0597  val macro-AUROC 0.8766 (best 0.8766, 71 labels)  1.4 min
step 1200/2000  loss 0.0613  val macro-AUROC 0.8728 (best 0.8766, 71 labels)  1.4 min
step 1240/2000  loss 0.0637  val macro-AUROC 0.8714 (best 0.8766, 71 labels)  1.5 min
step 1280/2000  loss 0.0579  val macro-AUROC 0.8780 (best 0.8780, 71 labels)  1.5 min
step 1320/2000  loss 0.0634  val macro-AUROC 0.8735 (best 0.8780, 71 labels)  1.6 min
step 1360/2000  loss 0.0609  val macro-AUROC 0.8639 (best 0.8780, 71 labels)  1.6 min
step 1400/2000  loss 0.0579  val macro-AUROC 0.8817 (best 0.8817, 71 labels)  1.7 min
step 1440/2000  loss 0.0509  val macro-AUROC 0.8776 (best 0.8817, 71 labels)  1.7 min
step 1480/2000  loss 0.0553  val macro-AUROC 0.8771 (best 0.8817, 71 labels)  1.8 min
step 1520/2000  loss 0.0573  val macro-AUROC 0.8764 (best 0.8817, 71 labels)  1.8 min
step 1560/2000  loss 0.0540  val macro-AUROC 0.8762 (best 0.8817, 71 labels)  1.8 min
step 1600/2000  loss 0.0567  val macro-AUROC 0.8816 (best 0.8817, 71 labels)  1.9 min
step 1640/2000  loss 0.0464  val macro-AUROC 0.8789 (best 0.8817, 71 labels)  1.9 min
step 1680/2000  loss 0.0562  val macro-AUROC 0.8788 (best 0.8817, 71 labels)  2.0 min
step 1720/2000  loss 0.0527  val macro-AUROC 0.8812 (best 0.8817, 71 labels)  2.0 min
step 1760/2000  loss 0.0560  val macro-AUROC 0.8799 (best 0.8817, 71 labels)  2.1 min
step 1800/2000  loss 0.0549  val macro-AUROC 0.8787 (best 0.8817, 71 labels)  2.1 min
step 1840/2000  loss 0.0598  val macro-AUROC 0.8808 (best 0.8817, 71 labels)  2.2 min
step 1880/2000  loss 0.0590  val macro-AUROC 0.8804 (best 0.8817, 71 labels)  2.2 min
step 1920/2000  loss 0.0568  val macro-AUROC 0.8806 (best 0.8817, 71 labels)  2.3 min
step 1960/2000  loss 0.0557  val macro-AUROC 0.8810 (best 0.8817, 71 labels)  2.3 min
step 2000/2000  loss 0.0531  val macro-AUROC 0.8806 (best 0.8817, 71 labels)  2.4 min
{"run_id": "C1_b0.25_s3_lik0", "test_macro_auroc": 0.8832471029013292, "test_e3_macro_auroc": 0.9623326075985046, "sph_e3_macro_auroc": 0.9637408285894469}
