C1_b0.5_s3_lik0: train=8716 records, 3400 steps, eval every 68, device=cuda
/tmp/robust-ecg-ssl/scripts/train.py:143: UserWarning: Converting a tensor with requires_grad=True to a scalar may lead to unexpected behavior.
Consider using tensor.detach() first. (Triggered internally at /pytorch/torch/csrc/autograd/generated/python_variable_methods.cpp:836.)
  print(f"step {step}/{total}  loss {float(loss):.4f}  val macro-AUROC {auc:.4f} "
step 68/3400  loss 0.8458  val macro-AUROC 0.5730 (best 0.5730, 71 labels)  0.1 min
step 136/3400  loss 0.6478  val macro-AUROC 0.6313 (best 0.6313, 71 labels)  0.1 min
step 204/3400  loss 0.3241  val macro-AUROC 0.6769 (best 0.6769, 71 labels)  0.2 min
step 272/3400  loss 0.1058  val macro-AUROC 0.7535 (best 0.7535, 71 labels)  0.3 min
step 340/3400  loss 0.1064  val macro-AUROC 0.7195 (best 0.7535, 71 labels)  0.3 min
step 408/3400  loss 0.0874  val macro-AUROC 0.7077 (best 0.7535, 71 labels)  0.4 min
step 476/3400  loss 0.0848  val macro-AUROC 0.8188 (best 0.8188, 71 labels)  0.5 min
step 544/3400  loss 0.0773  val macro-AUROC 0.8302 (best 0.8302, 71 labels)  0.5 min
step 612/3400  loss 0.0852  val macro-AUROC 0.8226 (best 0.8302, 71 labels)  0.6 min
step 680/3400  loss 0.0685  val macro-AUROC 0.8445 (best 0.8445, 71 labels)  0.6 min
step 748/3400  loss 0.0746  val macro-AUROC 0.8535 (best 0.8535, 71 labels)  0.7 min
step 816/3400  loss 0.0767  val macro-AUROC 0.8551 (best 0.8551, 71 labels)  0.8 min
step 884/3400  loss 0.0812  val macro-AUROC 0.8669 (best 0.8669, 71 labels)  0.8 min
step 952/3400  loss 0.0858  val macro-AUROC 0.8679 (best 0.8679, 71 labels)  0.9 min
step 1020/3400  loss 0.0748  val macro-AUROC 0.8534 (best 0.8679, 71 labels)  1.0 min
step 1088/3400  loss 0.0731  val macro-AUROC 0.8073 (best 0.8679, 71 labels)  1.0 min
step 1156/3400  loss 0.0722  val macro-AUROC 0.8748 (best 0.8748, 71 labels)  1.1 min
step 1224/3400  loss 0.0752  val macro-AUROC 0.8779 (best 0.8779, 71 labels)  1.1 min
step 1292/3400  loss 0.0708  val macro-AUROC 0.8818 (best 0.8818, 71 labels)  1.2 min
step 1360/3400  loss 0.0675  val macro-AUROC 0.8856 (best 0.8856, 71 labels)  1.3 min
step 1428/3400  loss 0.0700  val macro-AUROC 0.8871 (best 0.8871, 71 labels)  1.3 min
step 1496/3400  loss 0.0664  val macro-AUROC 0.8837 (best 0.8871, 71 labels)  1.4 min
step 1564/3400  loss 0.0732  val macro-AUROC 0.8835 (best 0.8871, 71 labels)  1.5 min
step 1632/3400  loss 0.0695  val macro-AUROC 0.8885 (best 0.8885, 71 labels)  1.5 min
step 1700/3400  loss 0.0726  val macro-AUROC 0.8948 (best 0.8948, 71 labels)  1.6 min
step 1768/3400  loss 0.0634  val macro-AUROC 0.8947 (best 0.8948, 71 labels)  1.7 min
step 1836/3400  loss 0.0571  val macro-AUROC 0.8975 (best 0.8975, 71 labels)  1.7 min
step 1904/3400  loss 0.0687  val macro-AUROC 0.8951 (best 0.8975, 71 labels)  1.8 min
step 1972/3400  loss 0.0721  val macro-AUROC 0.9010 (best 0.9010, 71 labels)  1.8 min
step 2040/3400  loss 0.0598  val macro-AUROC 0.8984 (best 0.9010, 71 labels)  1.9 min
step 2108/3400  loss 0.0732  val macro-AUROC 0.9014 (best 0.9014, 71 labels)  2.0 min
step 2176/3400  loss 0.0627  val macro-AUROC 0.9034 (best 0.9034, 71 labels)  2.0 min
step 2244/3400  loss 0.0583  val macro-AUROC 0.8997 (best 0.9034, 71 labels)  2.1 min
step 2312/3400  loss 0.0639  val macro-AUROC 0.9022 (best 0.9034, 71 labels)  2.2 min
step 2380/3400  loss 0.0652  val macro-AUROC 0.9052 (best 0.9052, 71 labels)  2.2 min
step 2448/3400  loss 0.0616  val macro-AUROC 0.9066 (best 0.9066, 71 labels)  2.3 min
step 2516/3400  loss 0.0632  val macro-AUROC 0.9079 (best 0.9079, 71 labels)  2.4 min
step 2584/3400  loss 0.0534  val macro-AUROC 0.9052 (best 0.9079, 71 labels)  2.4 min
step 2652/3400  loss 0.0601  val macro-AUROC 0.9113 (best 0.9113, 71 labels)  2.5 min
step 2720/3400  loss 0.0644  val macro-AUROC 0.9098 (best 0.9113, 71 labels)  2.6 min
step 2788/3400  loss 0.0542  val macro-AUROC 0.9105 (best 0.9113, 71 labels)  2.6 min
step 2856/3400  loss 0.0609  val macro-AUROC 0.9106 (best 0.9113, 71 labels)  2.7 min
step 2924/3400  loss 0.0583  val macro-AUROC 0.9099 (best 0.9113, 71 labels)  2.7 min
step 2992/3400  loss 0.0572  val macro-AUROC 0.9149 (best 0.9149, 71 labels)  2.8 min
step 3060/3400  loss 0.0557  val macro-AUROC 0.9121 (best 0.9149, 71 labels)  2.9 min
step 3128/3400  loss 0.0470  val macro-AUROC 0.9123 (best 0.9149, 71 labels)  2.9 min
step 3196/3400  loss 0.0606  val macro-AUROC 0.9127 (best 0.9149, 71 labels)  3.0 min
step 3264/3400  loss 0.0530  val macro-AUROC 0.9121 (best 0.9149, 71 labels)  3.1 min
step 3332/3400  loss 0.0548  val macro-AUROC 0.9130 (best 0.9149, 71 labels)  3.1 min
step 3400/3400  loss 0.0524  val macro-AUROC 0.9126 (best 0.9149, 71 labels)  3.2 min
{"run_id": "C1_b0.5_s3_lik0", "test_macro_auroc": 0.9129304856246935, "test_e3_macro_auroc": 0.9708685663066636, "sph_e3_macro_auroc": 0.9682339636885116}
