C1_b0.1_s3_lik0: train=1766 records, 2000 steps, eval every 40, device=cuda
/tmp/robust-ecg-ssl/scripts/train.py:143: UserWarning: Converting a tensor with requires_grad=True to a scalar may lead to unexpected behavior.
Consider using tensor.detach() first. (Triggered internally at /pytorch/torch/csrc/autograd/generated/python_variable_methods.cpp:836.)
  print(f"step {step}/{total}  loss {float(loss):.4f}  val macro-AUROC {auc:.4f} "
step 40/2000  loss 0.9123  val macro-AUROC 0.5788 (best 0.5788, 71 labels)  0.1 min
step 80/2000  loss 0.8013  val macro-AUROC 0.6019 (best 0.6019, 71 labels)  0.1 min
step 120/2000  loss 0.6182  val macro-AUROC 0.6085 (best 0.6085, 71 labels)  0.2 min
step 160/2000  loss 0.2978  val macro-AUROC 0.6560 (best 0.6560, 71 labels)  0.2 min
step 200/2000  loss 0.1092  val macro-AUROC 0.6682 (best 0.6682, 71 labels)  0.2 min
step 240/2000  loss 0.0979  val macro-AUROC 0.7594 (best 0.7594, 71 labels)  0.3 min
step 280/2000  loss 0.0862  val macro-AUROC 0.7884 (best 0.7884, 71 labels)  0.3 min
step 320/2000  loss 0.0847  val macro-AUROC 0.7452 (best 0.7884, 71 labels)  0.4 min
step 360/2000  loss 0.1038  val macro-AUROC 0.7945 (best 0.7945, 71 labels)  0.4 min
step 400/2000  loss 0.0935  val macro-AUROC 0.8146 (best 0.8146, 71 labels)  0.5 min
step 440/2000  loss 0.0749  val macro-AUROC 0.8134 (best 0.8146, 71 labels)  0.5 min
step 480/2000  loss 0.0838  val macro-AUROC 0.8008 (best 0.8146, 71 labels)  0.6 min
step 520/2000  loss 0.0603  val macro-AUROC 0.7962 (best 0.8146, 71 labels)  0.6 min
step 560/2000  loss 0.0689  val macro-AUROC 0.8357 (best 0.8357, 71 labels)  0.7 min
step 600/2000  loss 0.0602  val macro-AUROC 0.8445 (best 0.8445, 71 labels)  0.7 min
step 640/2000  loss 0.0716  val macro-AUROC 0.8342 (best 0.8445, 71 labels)  0.7 min
step 680/2000  loss 0.0644  val macro-AUROC 0.8347 (best 0.8445, 71 labels)  0.8 min
step 720/2000  loss 0.0637  val macro-AUROC 0.8353 (best 0.8445, 71 labels)  0.8 min
step 760/2000  loss 0.0678  val macro-AUROC 0.8364 (best 0.8445, 71 labels)  0.9 min
step 800/2000  loss 0.0556  val macro-AUROC 0.8387 (best 0.8445, 71 labels)  0.9 min
step 840/2000  loss 0.0552  val macro-AUROC 0.8550 (best 0.8550, 71 labels)  1.0 min
step 880/2000  loss 0.0582  val macro-AUROC 0.8314 (best 0.8550, 71 labels)  1.0 min
step 920/2000  loss 0.0542  val macro-AUROC 0.8502 (best 0.8550, 71 labels)  1.1 min
step 960/2000  loss 0.0504  val macro-AUROC 0.8478 (best 0.8550, 71 labels)  1.1 min
step 1000/2000  loss 0.0524  val macro-AUROC 0.8483 (best 0.8550, 71 labels)  1.2 min
step 1040/2000  loss 0.0452  val macro-AUROC 0.8429 (best 0.8550, 71 labels)  1.2 min
step 1080/2000  loss 0.0505  val macro-AUROC 0.8463 (best 0.8550, 71 labels)  1.3 min
step 1120/2000  loss 0.0478  val macro-AUROC 0.8500 (best 0.8550, 71 labels)  1.3 min
step 1160/2000  loss 0.0378  val macro-AUROC 0.8439 (best 0.8550, 71 labels)  1.3 min
step 1200/2000  loss 0.0352  val macro-AUROC 0.8334 (best 0.8550, 71 labels)  1.4 min
step 1240/2000  loss 0.0440  val macro-AUROC 0.8510 (best 0.8550, 71 labels)  1.4 min
step 1280/2000  loss 0.0325  val macro-AUROC 0.8431 (best 0.8550, 71 labels)  1.5 min
step 1320/2000  loss 0.0340  val macro-AUROC 0.8392 (best 0.8550, 71 labels)  1.5 min
step 1360/2000  loss 0.0363  val macro-AUROC 0.8437 (best 0.8550, 71 labels)  1.6 min
step 1400/2000  loss 0.0343  val macro-AUROC 0.8456 (best 0.8550, 71 labels)  1.6 min
step 1440/2000  loss 0.0365  val macro-AUROC 0.8452 (best 0.8550, 71 labels)  1.7 min
step 1480/2000  loss 0.0349  val macro-AUROC 0.8398 (best 0.8550, 71 labels)  1.7 min
step 1520/2000  loss 0.0249  val macro-AUROC 0.8428 (best 0.8550, 71 labels)  1.8 min
step 1560/2000  loss 0.0266  val macro-AUROC 0.8428 (best 0.8550, 71 labels)  1.8 min
step 1600/2000  loss 0.0234  val macro-AUROC 0.8465 (best 0.8550, 71 labels)  1.8 min
step 1640/2000  loss 0.0264  val macro-AUROC 0.8416 (best 0.8550, 71 labels)  1.9 min
step 1680/2000  loss 0.0234  val macro-AUROC 0.8380 (best 0.8550, 71 labels)  1.9 min
step 1720/2000  loss 0.0207  val macro-AUROC 0.8395 (best 0.8550, 71 labels)  2.0 min
step 1760/2000  loss 0.0194  val macro-AUROC 0.8363 (best 0.8550, 71 labels)  2.0 min
step 1800/2000  loss 0.0207  val macro-AUROC 0.8357 (best 0.8550, 71 labels)  2.1 min
step 1840/2000  loss 0.0245  val macro-AUROC 0.8358 (best 0.8550, 71 labels)  2.1 min
step 1880/2000  loss 0.0206  val macro-AUROC 0.8359 (best 0.8550, 71 labels)  2.2 min
step 1920/2000  loss 0.0242  val macro-AUROC 0.8357 (best 0.8550, 71 labels)  2.2 min
step 1960/2000  loss 0.0184  val macro-AUROC 0.8358 (best 0.8550, 71 labels)  2.3 min
step 2000/2000  loss 0.0218  val macro-AUROC 0.8354 (best 0.8550, 71 labels)  2.3 min
{"run_id": "C1_b0.1_s3_lik0", "test_macro_auroc": 0.8493151045739101, "test_e3_macro_auroc": 0.9481309453906436, "sph_e3_macro_auroc": 0.9597432374977147}
