S0_b1_s1_lik0: train=17418 records, 6800 steps, eval every 136, device=cuda
/tmp/robust-ecg-ssl/scripts/train.py:143: UserWarning: Converting a tensor with requires_grad=True to a scalar may lead to unexpected behavior.
Consider using tensor.detach() first. (Triggered internally at /pytorch/torch/csrc/autograd/generated/python_variable_methods.cpp:836.)
  print(f"step {step}/{total}  loss {float(loss):.4f}  val macro-AUROC {auc:.4f} "
step 136/6800  loss 0.7087  val macro-AUROC 0.5977 (best 0.5977, 71 labels)  0.1 min
step 272/6800  loss 0.3097  val macro-AUROC 0.6550 (best 0.6550, 71 labels)  0.2 min
step 408/6800  loss 0.1117  val macro-AUROC 0.7560 (best 0.7560, 71 labels)  0.3 min
step 544/6800  loss 0.1078  val macro-AUROC 0.7658 (best 0.7658, 71 labels)  0.4 min
step 680/6800  loss 0.0857  val macro-AUROC 0.7855 (best 0.7855, 71 labels)  0.5 min
step 816/6800  loss 0.0873  val macro-AUROC 0.8229 (best 0.8229, 71 labels)  0.6 min
step 952/6800  loss 0.0813  val macro-AUROC 0.8321 (best 0.8321, 71 labels)  0.7 min
step 1088/6800  loss 0.0775  val macro-AUROC 0.8453 (best 0.8453, 71 labels)  0.9 min
step 1224/6800  loss 0.0794  val macro-AUROC 0.8638 (best 0.8638, 71 labels)  1.0 min
step 1360/6800  loss 0.0814  val macro-AUROC 0.8551 (best 0.8638, 71 labels)  1.1 min
step 1496/6800  loss 0.0673  val macro-AUROC 0.8760 (best 0.8760, 71 labels)  1.2 min
step 1632/6800  loss 0.0743  val macro-AUROC 0.8762 (best 0.8762, 71 labels)  1.3 min
step 1768/6800  loss 0.0639  val macro-AUROC 0.8866 (best 0.8866, 71 labels)  1.4 min
step 1904/6800  loss 0.0618  val macro-AUROC 0.8923 (best 0.8923, 71 labels)  1.5 min
step 2040/6800  loss 0.0763  val macro-AUROC 0.8954 (best 0.8954, 71 labels)  1.6 min
step 2176/6800  loss 0.0638  val macro-AUROC 0.9029 (best 0.9029, 71 labels)  1.7 min
step 2312/6800  loss 0.0650  val macro-AUROC 0.9044 (best 0.9044, 71 labels)  1.8 min
step 2448/6800  loss 0.0653  val macro-AUROC 0.9003 (best 0.9044, 71 labels)  1.9 min
step 2584/6800  loss 0.0701  val macro-AUROC 0.9081 (best 0.9081, 71 labels)  2.0 min
step 2720/6800  loss 0.0617  val macro-AUROC 0.9121 (best 0.9121, 71 labels)  2.1 min
step 2856/6800  loss 0.0574  val macro-AUROC 0.9079 (best 0.9121, 71 labels)  2.2 min
step 2992/6800  loss 0.0618  val macro-AUROC 0.9175 (best 0.9175, 71 labels)  2.3 min
step 3128/6800  loss 0.0589  val macro-AUROC 0.9135 (best 0.9175, 71 labels)  2.4 min
step 3264/6800  loss 0.0617  val macro-AUROC 0.9127 (best 0.9175, 71 labels)  2.5 min
step 3400/6800  loss 0.0525  val macro-AUROC 0.9125 (best 0.9175, 71 labels)  2.6 min
step 3536/6800  loss 0.0656  val macro-AUROC 0.9088 (best 0.9175, 71 labels)  2.7 min
step 3672/6800  loss 0.0631  val macro-AUROC 0.9122 (best 0.9175, 71 labels)  2.9 min
step 3808/6800  loss 0.0525  val macro-AUROC 0.9140 (best 0.9175, 71 labels)  3.0 min
step 3944/6800  loss 0.0532  val macro-AUROC 0.9171 (best 0.9175, 71 labels)  3.1 min
step 4080/6800  loss 0.0621  val macro-AUROC 0.9150 (best 0.9175, 71 labels)  3.2 min
step 4216/6800  loss 0.0589  val macro-AUROC 0.9187 (best 0.9187, 71 labels)  3.3 min
step 4352/6800  loss 0.0551  val macro-AUROC 0.9226 (best 0.9226, 71 labels)  3.4 min
step 4488/6800  loss 0.0552  val macro-AUROC 0.9167 (best 0.9226, 71 labels)  3.5 min
step 4624/6800  loss 0.0617  val macro-AUROC 0.9207 (best 0.9226, 71 labels)  3.6 min
step 4760/6800  loss 0.0504  val macro-AUROC 0.9200 (best 0.9226, 71 labels)  3.7 min
step 4896/6800  loss 0.0537  val macro-AUROC 0.9232 (best 0.9232, 71 labels)  3.8 min
step 5032/6800  loss 0.0557  val macro-AUROC 0.9262 (best 0.9262, 71 labels)  3.9 min
step 5168/6800  loss 0.0535  val macro-AUROC 0.9209 (best 0.9262, 71 labels)  4.0 min
step 5304/6800  loss 0.0529  val macro-AUROC 0.9259 (best 0.9262, 71 labels)  4.1 min
step 5440/6800  loss 0.0555  val macro-AUROC 0.9264 (best 0.9264, 71 labels)  4.2 min
step 5576/6800  loss 0.0590  val macro-AUROC 0.9218 (best 0.9264, 71 labels)  4.3 min
step 5712/6800  loss 0.0484  val macro-AUROC 0.9263 (best 0.9264, 71 labels)  4.4 min
step 5848/6800  loss 0.0508  val macro-AUROC 0.9262 (best 0.9264, 71 labels)  4.5 min
step 5984/6800  loss 0.0523  val macro-AUROC 0.9264 (best 0.9264, 71 labels)  4.6 min
step 6120/6800  loss 0.0545  val macro-AUROC 0.9250 (best 0.9264, 71 labels)  4.7 min
step 6256/6800  loss 0.0604  val macro-AUROC 0.9245 (best 0.9264, 71 labels)  4.8 min
step 6392/6800  loss 0.0603  val macro-AUROC 0.9241 (best 0.9264, 71 labels)  5.0 min
step 6528/6800  loss 0.0532  val macro-AUROC 0.9246 (best 0.9264, 71 labels)  5.1 min
step 6664/6800  loss 0.0479  val macro-AUROC 0.9244 (best 0.9264, 71 labels)  5.2 min
step 6800/6800  loss 0.0491  val macro-AUROC 0.9245 (best 0.9264, 71 labels)  5.3 min
{"run_id": "S0_b1_s1_lik0", "test_macro_auroc": 0.9230645588196685, "test_e3_macro_auroc": 0.9758338086207652, "sph_e3_macro_auroc": 0.9662605167802195}
