S0_b1_s2_lik0: train=17418 records, 6800 steps, eval every 136, device=cuda
/tmp/robust-ecg-ssl/scripts/train.py:143: UserWarning: Converting a tensor with requires_grad=True to a scalar may lead to unexpected behavior.
Consider using tensor.detach() first. (Triggered internally at /pytorch/torch/csrc/autograd/generated/python_variable_methods.cpp:836.)
  print(f"step {step}/{total}  loss {float(loss):.4f}  val macro-AUROC {auc:.4f} "
step 136/6800  loss 0.7021  val macro-AUROC 0.5905 (best 0.5905, 71 labels)  0.1 min
step 272/6800  loss 0.3103  val macro-AUROC 0.6311 (best 0.6311, 71 labels)  0.2 min
step 408/6800  loss 0.1202  val macro-AUROC 0.6390 (best 0.6390, 71 labels)  0.3 min
step 544/6800  loss 0.0942  val macro-AUROC 0.7789 (best 0.7789, 71 labels)  0.4 min
step 680/6800  loss 0.0777  val macro-AUROC 0.8061 (best 0.8061, 71 labels)  0.5 min
step 816/6800  loss 0.0866  val macro-AUROC 0.8232 (best 0.8232, 71 labels)  0.6 min
step 952/6800  loss 0.0770  val macro-AUROC 0.8342 (best 0.8342, 71 labels)  0.7 min
step 1088/6800  loss 0.0800  val macro-AUROC 0.8553 (best 0.8553, 71 labels)  0.9 min
step 1224/6800  loss 0.0778  val macro-AUROC 0.8592 (best 0.8592, 71 labels)  1.0 min
step 1360/6800  loss 0.0922  val macro-AUROC 0.7000 (best 0.8592, 71 labels)  1.1 min
step 1496/6800  loss 0.0724  val macro-AUROC 0.8419 (best 0.8592, 71 labels)  1.2 min
step 1632/6800  loss 0.0600  val macro-AUROC 0.8823 (best 0.8823, 71 labels)  1.3 min
step 1768/6800  loss 0.0678  val macro-AUROC 0.8873 (best 0.8873, 71 labels)  1.4 min
step 1904/6800  loss 0.0657  val macro-AUROC 0.8928 (best 0.8928, 71 labels)  1.5 min
step 2040/6800  loss 0.0663  val macro-AUROC 0.8963 (best 0.8963, 71 labels)  1.6 min
step 2176/6800  loss 0.0572  val macro-AUROC 0.9003 (best 0.9003, 71 labels)  1.7 min
step 2312/6800  loss 0.0650  val macro-AUROC 0.9030 (best 0.9030, 71 labels)  1.8 min
step 2448/6800  loss 0.0673  val macro-AUROC 0.9056 (best 0.9056, 71 labels)  1.9 min
step 2584/6800  loss 0.0626  val macro-AUROC 0.9089 (best 0.9089, 71 labels)  2.0 min
step 2720/6800  loss 0.0623  val macro-AUROC 0.9050 (best 0.9089, 71 labels)  2.1 min
step 2856/6800  loss 0.0612  val macro-AUROC 0.9091 (best 0.9091, 71 labels)  2.2 min
step 2992/6800  loss 0.0608  val macro-AUROC 0.9142 (best 0.9142, 71 labels)  2.3 min
step 3128/6800  loss 0.0633  val macro-AUROC 0.9129 (best 0.9142, 71 labels)  2.4 min
step 3264/6800  loss 0.0549  val macro-AUROC 0.9124 (best 0.9142, 71 labels)  2.5 min
step 3400/6800  loss 0.0590  val macro-AUROC 0.9132 (best 0.9142, 71 labels)  2.6 min
step 3536/6800  loss 0.0573  val macro-AUROC 0.9090 (best 0.9142, 71 labels)  2.7 min
step 3672/6800  loss 0.0588  val macro-AUROC 0.9127 (best 0.9142, 71 labels)  2.8 min
step 3808/6800  loss 0.0586  val macro-AUROC 0.9132 (best 0.9142, 71 labels)  3.0 min
step 3944/6800  loss 0.0530  val macro-AUROC 0.9159 (best 0.9159, 71 labels)  3.1 min
step 4080/6800  loss 0.0641  val macro-AUROC 0.9149 (best 0.9159, 71 labels)  3.2 min
step 4216/6800  loss 0.0630  val macro-AUROC 0.9172 (best 0.9172, 71 labels)  3.3 min
step 4352/6800  loss 0.0661  val macro-AUROC 0.9248 (best 0.9248, 71 labels)  3.4 min
step 4488/6800  loss 0.0570  val macro-AUROC 0.9198 (best 0.9248, 71 labels)  3.5 min
step 4624/6800  loss 0.0629  val macro-AUROC 0.9196 (best 0.9248, 71 labels)  3.6 min
step 4760/6800  loss 0.0572  val macro-AUROC 0.9222 (best 0.9248, 71 labels)  3.7 min
step 4896/6800  loss 0.0601  val macro-AUROC 0.9241 (best 0.9248, 71 labels)  3.8 min
step 5032/6800  loss 0.0544  val macro-AUROC 0.9246 (best 0.9248, 71 labels)  3.9 min
step 5168/6800  loss 0.0653  val macro-AUROC 0.9247 (best 0.9248, 71 labels)  4.0 min
step 5304/6800  loss 0.0545  val macro-AUROC 0.9228 (best 0.9248, 71 labels)  4.1 min
step 5440/6800  loss 0.0587  val macro-AUROC 0.9241 (best 0.9248, 71 labels)  4.2 min
step 5576/6800  loss 0.0503  val macro-AUROC 0.9238 (best 0.9248, 71 labels)  4.3 min
step 5712/6800  loss 0.0533  val macro-AUROC 0.9260 (best 0.9260, 71 labels)  4.4 min
step 5848/6800  loss 0.0471  val macro-AUROC 0.9261 (best 0.9261, 71 labels)  4.5 min
step 5984/6800  loss 0.0519  val macro-AUROC 0.9276 (best 0.9276, 71 labels)  4.6 min
step 6120/6800  loss 0.0498  val macro-AUROC 0.9263 (best 0.9276, 71 labels)  4.7 min
step 6256/6800  loss 0.0565  val macro-AUROC 0.9262 (best 0.9276, 71 labels)  4.8 min
step 6392/6800  loss 0.0474  val macro-AUROC 0.9266 (best 0.9276, 71 labels)  4.9 min
step 6528/6800  loss 0.0491  val macro-AUROC 0.9269 (best 0.9276, 71 labels)  5.1 min
step 6664/6800  loss 0.0522  val macro-AUROC 0.9265 (best 0.9276, 71 labels)  5.2 min
step 6800/6800  loss 0.0506  val macro-AUROC 0.9265 (best 0.9276, 71 labels)  5.3 min
{"run_id": "S0_b1_s2_lik0", "test_macro_auroc": 0.9235532041263831, "test_e3_macro_auroc": 0.9763109853541676, "sph_e3_macro_auroc": 0.9699254704489982}
