S0_b0.05_s2_lik0: train=860 records, 2000 steps, eval every 40, device=cuda
/tmp/robust-ecg-ssl/scripts/train.py:143: UserWarning: Converting a tensor with requires_grad=True to a scalar may lead to unexpected behavior.
Consider using tensor.detach() first. (Triggered internally at /pytorch/torch/csrc/autograd/generated/python_variable_methods.cpp:836.)
  print(f"step {step}/{total}  loss {float(loss):.4f}  val macro-AUROC {auc:.4f} "
step 40/2000  loss 0.8883  val macro-AUROC 0.5591 (best 0.5591, 71 labels)  0.1 min
step 80/2000  loss 0.7689  val macro-AUROC 0.5733 (best 0.5733, 71 labels)  0.1 min
step 120/2000  loss 0.6313  val macro-AUROC 0.5871 (best 0.5871, 71 labels)  0.2 min
step 160/2000  loss 0.3161  val macro-AUROC 0.6059 (best 0.6059, 71 labels)  0.2 min
step 200/2000  loss 0.1086  val macro-AUROC 0.5867 (best 0.6059, 71 labels)  0.3 min
step 240/2000  loss 0.0941  val macro-AUROC 0.7535 (best 0.7535, 71 labels)  0.3 min
step 280/2000  loss 0.0938  val macro-AUROC 0.7321 (best 0.7535, 71 labels)  0.3 min
step 320/2000  loss 0.0881  val macro-AUROC 0.7591 (best 0.7591, 71 labels)  0.4 min
step 360/2000  loss 0.0784  val macro-AUROC 0.8086 (best 0.8086, 71 labels)  0.4 min
step 400/2000  loss 0.0966  val macro-AUROC 0.7965 (best 0.8086, 71 labels)  0.5 min
step 440/2000  loss 0.0681  val macro-AUROC 0.8126 (best 0.8126, 71 labels)  0.5 min
step 480/2000  loss 0.0823  val macro-AUROC 0.7915 (best 0.8126, 71 labels)  0.6 min
step 520/2000  loss 0.0837  val macro-AUROC 0.7826 (best 0.8126, 71 labels)  0.6 min
step 560/2000  loss 0.0660  val macro-AUROC 0.7806 (best 0.8126, 71 labels)  0.7 min
step 600/2000  loss 0.0579  val macro-AUROC 0.7867 (best 0.8126, 71 labels)  0.7 min
step 640/2000  loss 0.0505  val macro-AUROC 0.8065 (best 0.8126, 71 labels)  0.8 min
step 680/2000  loss 0.0500  val macro-AUROC 0.7820 (best 0.8126, 71 labels)  0.8 min
step 720/2000  loss 0.0553  val macro-AUROC 0.7985 (best 0.8126, 71 labels)  0.9 min
step 760/2000  loss 0.0474  val macro-AUROC 0.8035 (best 0.8126, 71 labels)  0.9 min
step 800/2000  loss 0.0435  val macro-AUROC 0.8107 (best 0.8126, 71 labels)  0.9 min
step 840/2000  loss 0.0383  val macro-AUROC 0.8028 (best 0.8126, 71 labels)  1.0 min
step 880/2000  loss 0.0333  val macro-AUROC 0.7950 (best 0.8126, 71 labels)  1.0 min
step 920/2000  loss 0.0273  val macro-AUROC 0.7831 (best 0.8126, 71 labels)  1.1 min
step 960/2000  loss 0.0415  val macro-AUROC 0.7858 (best 0.8126, 71 labels)  1.1 min
step 1000/2000  loss 0.0279  val macro-AUROC 0.7991 (best 0.8126, 71 labels)  1.2 min
step 1040/2000  loss 0.0265  val macro-AUROC 0.8042 (best 0.8126, 71 labels)  1.2 min
step 1080/2000  loss 0.0266  val macro-AUROC 0.8020 (best 0.8126, 71 labels)  1.3 min
step 1120/2000  loss 0.0215  val macro-AUROC 0.8100 (best 0.8126, 71 labels)  1.3 min
step 1160/2000  loss 0.0232  val macro-AUROC 0.7957 (best 0.8126, 71 labels)  1.4 min
step 1200/2000  loss 0.0167  val macro-AUROC 0.8090 (best 0.8126, 71 labels)  1.4 min
step 1240/2000  loss 0.0176  val macro-AUROC 0.8067 (best 0.8126, 71 labels)  1.5 min
step 1280/2000  loss 0.0211  val macro-AUROC 0.8179 (best 0.8179, 71 labels)  1.5 min
step 1320/2000  loss 0.0164  val macro-AUROC 0.8128 (best 0.8179, 71 labels)  1.6 min
step 1360/2000  loss 0.0167  val macro-AUROC 0.7957 (best 0.8179, 71 labels)  1.6 min
step 1400/2000  loss 0.0121  val macro-AUROC 0.7977 (best 0.8179, 71 labels)  1.6 min
step 1440/2000  loss 0.0120  val macro-AUROC 0.7989 (best 0.8179, 71 labels)  1.7 min
step 1480/2000  loss 0.0102  val macro-AUROC 0.8042 (best 0.8179, 71 labels)  1.7 min
step 1520/2000  loss 0.0093  val macro-AUROC 0.7971 (best 0.8179, 71 labels)  1.8 min
step 1560/2000  loss 0.0146  val macro-AUROC 0.8035 (best 0.8179, 71 labels)  1.8 min
step 1600/2000  loss 0.0124  val macro-AUROC 0.8007 (best 0.8179, 71 labels)  1.9 min
step 1640/2000  loss 0.0117  val macro-AUROC 0.8020 (best 0.8179, 71 labels)  1.9 min
step 1680/2000  loss 0.0069  val macro-AUROC 0.7964 (best 0.8179, 71 labels)  2.0 min
step 1720/2000  loss 0.0089  val macro-AUROC 0.7998 (best 0.8179, 71 labels)  2.0 min
step 1760/2000  loss 0.0099  val macro-AUROC 0.7950 (best 0.8179, 71 labels)  2.1 min
step 1800/2000  loss 0.0094  val macro-AUROC 0.7928 (best 0.8179, 71 labels)  2.1 min
step 1840/2000  loss 0.0094  val macro-AUROC 0.7949 (best 0.8179, 71 labels)  2.2 min
step 1880/2000  loss 0.0109  val macro-AUROC 0.7941 (best 0.8179, 71 labels)  2.2 min
step 1920/2000  loss 0.0086  val macro-AUROC 0.7954 (best 0.8179, 71 labels)  2.3 min
step 1960/2000  loss 0.0096  val macro-AUROC 0.7943 (best 0.8179, 71 labels)  2.3 min
step 2000/2000  loss 0.0087  val macro-AUROC 0.7951 (best 0.8179, 71 labels)  2.3 min
{"run_id": "S0_b0.05_s2_lik0", "test_macro_auroc": 0.7996126185393305, "test_e3_macro_auroc": 0.9135567034959696, "sph_e3_macro_auroc": 0.934662512956733}
