S0_b0.05_s4_lik0: train=873 records, 2000 steps, eval every 40, device=cuda
/tmp/robust-ecg-ssl/scripts/train.py:143: UserWarning: Converting a tensor with requires_grad=True to a scalar may lead to unexpected behavior.
Consider using tensor.detach() first. (Triggered internally at /pytorch/torch/csrc/autograd/generated/python_variable_methods.cpp:836.)
  print(f"step {step}/{total}  loss {float(loss):.4f}  val macro-AUROC {auc:.4f} "
step 40/2000  loss 0.8545  val macro-AUROC 0.5968 (best 0.5968, 71 labels)  0.1 min
step 80/2000  loss 0.7409  val macro-AUROC 0.6048 (best 0.6048, 71 labels)  0.1 min
step 120/2000  loss 0.5907  val macro-AUROC 0.6188 (best 0.6188, 71 labels)  0.2 min
step 160/2000  loss 0.3022  val macro-AUROC 0.6389 (best 0.6389, 71 labels)  0.2 min
step 200/2000  loss 0.1283  val macro-AUROC 0.7186 (best 0.7186, 71 labels)  0.3 min
step 240/2000  loss 0.1010  val macro-AUROC 0.6944 (best 0.7186, 71 labels)  0.3 min
step 280/2000  loss 0.1009  val macro-AUROC 0.7189 (best 0.7189, 71 labels)  0.3 min
step 320/2000  loss 0.0935  val macro-AUROC 0.7696 (best 0.7696, 71 labels)  0.4 min
step 360/2000  loss 0.0923  val macro-AUROC 0.7793 (best 0.7793, 71 labels)  0.4 min
step 400/2000  loss 0.0853  val macro-AUROC 0.7309 (best 0.7793, 71 labels)  0.5 min
step 440/2000  loss 0.0762  val macro-AUROC 0.7882 (best 0.7882, 71 labels)  0.5 min
step 480/2000  loss 0.0940  val macro-AUROC 0.7792 (best 0.7882, 71 labels)  0.6 min
step 520/2000  loss 0.0690  val macro-AUROC 0.7892 (best 0.7892, 71 labels)  0.6 min
step 560/2000  loss 0.0684  val macro-AUROC 0.8021 (best 0.8021, 71 labels)  0.7 min
step 600/2000  loss 0.0603  val macro-AUROC 0.7707 (best 0.8021, 71 labels)  0.7 min
step 640/2000  loss 0.0551  val macro-AUROC 0.7983 (best 0.8021, 71 labels)  0.7 min
step 680/2000  loss 0.0584  val macro-AUROC 0.7925 (best 0.8021, 71 labels)  0.8 min
step 720/2000  loss 0.0525  val macro-AUROC 0.8059 (best 0.8059, 71 labels)  0.8 min
step 760/2000  loss 0.0437  val macro-AUROC 0.7912 (best 0.8059, 71 labels)  0.9 min
step 800/2000  loss 0.0479  val macro-AUROC 0.7956 (best 0.8059, 71 labels)  0.9 min
step 840/2000  loss 0.0377  val macro-AUROC 0.7825 (best 0.8059, 71 labels)  1.0 min
step 880/2000  loss 0.0432  val macro-AUROC 0.8012 (best 0.8059, 71 labels)  1.0 min
step 920/2000  loss 0.0392  val macro-AUROC 0.7999 (best 0.8059, 71 labels)  1.1 min
step 960/2000  loss 0.0369  val macro-AUROC 0.8114 (best 0.8114, 71 labels)  1.1 min
step 1000/2000  loss 0.0363  val macro-AUROC 0.7777 (best 0.8114, 71 labels)  1.2 min
step 1040/2000  loss 0.0333  val macro-AUROC 0.7735 (best 0.8114, 71 labels)  1.2 min
step 1080/2000  loss 0.0275  val macro-AUROC 0.8050 (best 0.8114, 71 labels)  1.3 min
step 1120/2000  loss 0.0252  val macro-AUROC 0.7861 (best 0.8114, 71 labels)  1.3 min
step 1160/2000  loss 0.0241  val macro-AUROC 0.7935 (best 0.8114, 71 labels)  1.4 min
step 1200/2000  loss 0.0298  val macro-AUROC 0.7747 (best 0.8114, 71 labels)  1.4 min
step 1240/2000  loss 0.0179  val macro-AUROC 0.7829 (best 0.8114, 71 labels)  1.4 min
step 1280/2000  loss 0.0186  val macro-AUROC 0.7857 (best 0.8114, 71 labels)  1.5 min
step 1320/2000  loss 0.0140  val macro-AUROC 0.7804 (best 0.8114, 71 labels)  1.5 min
step 1360/2000  loss 0.0173  val macro-AUROC 0.7735 (best 0.8114, 71 labels)  1.6 min
step 1400/2000  loss 0.0151  val macro-AUROC 0.7804 (best 0.8114, 71 labels)  1.6 min
step 1440/2000  loss 0.0118  val macro-AUROC 0.7739 (best 0.8114, 71 labels)  1.7 min
step 1480/2000  loss 0.0130  val macro-AUROC 0.7689 (best 0.8114, 71 labels)  1.7 min
step 1520/2000  loss 0.0090  val macro-AUROC 0.7785 (best 0.8114, 71 labels)  1.8 min
step 1560/2000  loss 0.0119  val macro-AUROC 0.7797 (best 0.8114, 71 labels)  1.8 min
step 1600/2000  loss 0.0097  val macro-AUROC 0.7741 (best 0.8114, 71 labels)  1.9 min
step 1640/2000  loss 0.0098  val macro-AUROC 0.7757 (best 0.8114, 71 labels)  1.9 min
step 1680/2000  loss 0.0099  val macro-AUROC 0.7674 (best 0.8114, 71 labels)  1.9 min
step 1720/2000  loss 0.0101  val macro-AUROC 0.7745 (best 0.8114, 71 labels)  2.0 min
step 1760/2000  loss 0.0076  val macro-AUROC 0.7705 (best 0.8114, 71 labels)  2.0 min
step 1800/2000  loss 0.0108  val macro-AUROC 0.7737 (best 0.8114, 71 labels)  2.1 min
step 1840/2000  loss 0.0100  val macro-AUROC 0.7731 (best 0.8114, 71 labels)  2.1 min
step 1880/2000  loss 0.0084  val macro-AUROC 0.7752 (best 0.8114, 71 labels)  2.2 min
step 1920/2000  loss 0.0090  val macro-AUROC 0.7741 (best 0.8114, 71 labels)  2.2 min
step 1960/2000  loss 0.0076  val macro-AUROC 0.7744 (best 0.8114, 71 labels)  2.3 min
step 2000/2000  loss 0.0093  val macro-AUROC 0.7745 (best 0.8114, 71 labels)  2.3 min
{"run_id": "S0_b0.05_s4_lik0", "test_macro_auroc": 0.8054640343476278, "test_e3_macro_auroc": 0.914131158915377, "sph_e3_macro_auroc": 0.9385067961560188}
