S0_b0.25_s4_lik0: train=4396 records, 2000 steps, eval every 40, device=cuda
/tmp/robust-ecg-ssl/scripts/train.py:143: UserWarning: Converting a tensor with requires_grad=True to a scalar may lead to unexpected behavior.
Consider using tensor.detach() first. (Triggered internally at /pytorch/torch/csrc/autograd/generated/python_variable_methods.cpp:836.)
  print(f"step {step}/{total}  loss {float(loss):.4f}  val macro-AUROC {auc:.4f} "
step 40/2000  loss 0.8697  val macro-AUROC 0.5669 (best 0.5669, 71 labels)  0.1 min
step 80/2000  loss 0.7662  val macro-AUROC 0.6060 (best 0.6060, 71 labels)  0.1 min
step 120/2000  loss 0.6157  val macro-AUROC 0.6321 (best 0.6321, 71 labels)  0.2 min
step 160/2000  loss 0.3557  val macro-AUROC 0.6558 (best 0.6558, 71 labels)  0.2 min
step 200/2000  loss 0.1101  val macro-AUROC 0.6383 (best 0.6558, 71 labels)  0.3 min
step 240/2000  loss 0.1093  val macro-AUROC 0.7440 (best 0.7440, 71 labels)  0.3 min
step 280/2000  loss 0.1024  val macro-AUROC 0.7677 (best 0.7677, 71 labels)  0.4 min
step 320/2000  loss 0.0969  val macro-AUROC 0.7878 (best 0.7878, 71 labels)  0.4 min
step 360/2000  loss 0.0967  val macro-AUROC 0.8067 (best 0.8067, 71 labels)  0.5 min
step 400/2000  loss 0.0907  val macro-AUROC 0.7996 (best 0.8067, 71 labels)  0.5 min
step 440/2000  loss 0.0924  val macro-AUROC 0.8038 (best 0.8067, 71 labels)  0.5 min
step 480/2000  loss 0.0761  val macro-AUROC 0.8043 (best 0.8067, 71 labels)  0.6 min
step 520/2000  loss 0.0767  val macro-AUROC 0.8322 (best 0.8322, 71 labels)  0.6 min
step 560/2000  loss 0.0729  val macro-AUROC 0.8418 (best 0.8418, 71 labels)  0.7 min
step 600/2000  loss 0.0807  val macro-AUROC 0.8374 (best 0.8418, 71 labels)  0.7 min
step 640/2000  loss 0.0770  val macro-AUROC 0.8444 (best 0.8444, 71 labels)  0.8 min
step 680/2000  loss 0.0861  val macro-AUROC 0.8513 (best 0.8513, 71 labels)  0.8 min
step 720/2000  loss 0.0679  val macro-AUROC 0.8460 (best 0.8513, 71 labels)  0.9 min
step 760/2000  loss 0.0696  val macro-AUROC 0.8543 (best 0.8543, 71 labels)  0.9 min
step 800/2000  loss 0.0601  val macro-AUROC 0.8532 (best 0.8543, 71 labels)  1.0 min
step 840/2000  loss 0.0733  val macro-AUROC 0.8628 (best 0.8628, 71 labels)  1.0 min
step 880/2000  loss 0.0687  val macro-AUROC 0.8646 (best 0.8646, 71 labels)  1.1 min
step 920/2000  loss 0.0715  val macro-AUROC 0.8644 (best 0.8646, 71 labels)  1.1 min
step 960/2000  loss 0.0637  val macro-AUROC 0.8729 (best 0.8729, 71 labels)  1.2 min
step 1000/2000  loss 0.0731  val macro-AUROC 0.8719 (best 0.8729, 71 labels)  1.2 min
step 1040/2000  loss 0.0771  val macro-AUROC 0.8709 (best 0.8729, 71 labels)  1.2 min
step 1080/2000  loss 0.0765  val macro-AUROC 0.8788 (best 0.8788, 71 labels)  1.3 min
step 1120/2000  loss 0.0686  val macro-AUROC 0.8790 (best 0.8790, 71 labels)  1.3 min
step 1160/2000  loss 0.0653  val macro-AUROC 0.8771 (best 0.8790, 71 labels)  1.4 min
step 1200/2000  loss 0.0507  val macro-AUROC 0.8763 (best 0.8790, 71 labels)  1.4 min
step 1240/2000  loss 0.0584  val macro-AUROC 0.8831 (best 0.8831, 71 labels)  1.5 min
step 1280/2000  loss 0.0535  val macro-AUROC 0.8793 (best 0.8831, 71 labels)  1.5 min
step 1320/2000  loss 0.0627  val macro-AUROC 0.8779 (best 0.8831, 71 labels)  1.6 min
step 1360/2000  loss 0.0620  val macro-AUROC 0.8832 (best 0.8832, 71 labels)  1.6 min
step 1400/2000  loss 0.0581  val macro-AUROC 0.8864 (best 0.8864, 71 labels)  1.7 min
step 1440/2000  loss 0.0639  val macro-AUROC 0.8831 (best 0.8864, 71 labels)  1.7 min
step 1480/2000  loss 0.0551  val macro-AUROC 0.8863 (best 0.8864, 71 labels)  1.8 min
step 1520/2000  loss 0.0490  val macro-AUROC 0.8841 (best 0.8864, 71 labels)  1.8 min
step 1560/2000  loss 0.0551  val macro-AUROC 0.8914 (best 0.8914, 71 labels)  1.9 min
step 1600/2000  loss 0.0583  val macro-AUROC 0.8911 (best 0.8914, 71 labels)  1.9 min
step 1640/2000  loss 0.0532  val macro-AUROC 0.8882 (best 0.8914, 71 labels)  1.9 min
step 1680/2000  loss 0.0486  val macro-AUROC 0.8855 (best 0.8914, 71 labels)  2.0 min
step 1720/2000  loss 0.0514  val macro-AUROC 0.8880 (best 0.8914, 71 labels)  2.0 min
step 1760/2000  loss 0.0510  val macro-AUROC 0.8865 (best 0.8914, 71 labels)  2.1 min
step 1800/2000  loss 0.0510  val macro-AUROC 0.8870 (best 0.8914, 71 labels)  2.1 min
step 1840/2000  loss 0.0507  val macro-AUROC 0.8846 (best 0.8914, 71 labels)  2.2 min
step 1880/2000  loss 0.0510  val macro-AUROC 0.8840 (best 0.8914, 71 labels)  2.2 min
step 1920/2000  loss 0.0538  val macro-AUROC 0.8869 (best 0.8914, 71 labels)  2.3 min
step 1960/2000  loss 0.0518  val macro-AUROC 0.8856 (best 0.8914, 71 labels)  2.3 min
step 2000/2000  loss 0.0449  val macro-AUROC 0.8864 (best 0.8914, 71 labels)  2.4 min
{"run_id": "S0_b0.25_s4_lik0", "test_macro_auroc": 0.8894996143071101, "test_e3_macro_auroc": 0.9645882704912316, "sph_e3_macro_auroc": 0.9653925301557931}
