S0_b0.05_s0_lik0: train=866 records, 2000 steps, eval every 40, device=cuda
/tmp/robust-ecg-ssl/scripts/train.py:143: UserWarning: Converting a tensor with requires_grad=True to a scalar may lead to unexpected behavior.
Consider using tensor.detach() first. (Triggered internally at /pytorch/torch/csrc/autograd/generated/python_variable_methods.cpp:836.)
  print(f"step {step}/{total}  loss {float(loss):.4f}  val macro-AUROC {auc:.4f} "
step 40/2000  loss 0.8333  val macro-AUROC 0.5427 (best 0.5427, 71 labels)  0.1 min
step 80/2000  loss 0.7554  val macro-AUROC 0.5633 (best 0.5633, 71 labels)  0.1 min
step 120/2000  loss 0.6223  val macro-AUROC 0.6266 (best 0.6266, 71 labels)  0.2 min
step 160/2000  loss 0.3308  val macro-AUROC 0.6559 (best 0.6559, 71 labels)  0.2 min
step 200/2000  loss 0.1297  val macro-AUROC 0.6923 (best 0.6923, 71 labels)  0.3 min
step 240/2000  loss 0.0944  val macro-AUROC 0.7229 (best 0.7229, 71 labels)  0.3 min
step 280/2000  loss 0.0867  val macro-AUROC 0.6751 (best 0.7229, 71 labels)  0.3 min
step 320/2000  loss 0.0826  val macro-AUROC 0.7342 (best 0.7342, 71 labels)  0.4 min
step 360/2000  loss 0.0863  val macro-AUROC 0.7632 (best 0.7632, 71 labels)  0.4 min
step 400/2000  loss 0.0784  val macro-AUROC 0.7827 (best 0.7827, 71 labels)  0.5 min
step 440/2000  loss 0.0744  val macro-AUROC 0.7830 (best 0.7830, 71 labels)  0.5 min
step 480/2000  loss 0.0665  val macro-AUROC 0.7645 (best 0.7830, 71 labels)  0.6 min
step 520/2000  loss 0.0688  val macro-AUROC 0.7828 (best 0.7830, 71 labels)  0.6 min
step 560/2000  loss 0.0601  val macro-AUROC 0.7881 (best 0.7881, 71 labels)  0.7 min
step 600/2000  loss 0.0617  val macro-AUROC 0.7746 (best 0.7881, 71 labels)  0.7 min
step 640/2000  loss 0.0628  val macro-AUROC 0.7917 (best 0.7917, 71 labels)  0.8 min
step 680/2000  loss 0.0567  val macro-AUROC 0.7791 (best 0.7917, 71 labels)  0.8 min
step 720/2000  loss 0.0472  val macro-AUROC 0.7805 (best 0.7917, 71 labels)  0.9 min
step 760/2000  loss 0.0359  val macro-AUROC 0.8028 (best 0.8028, 71 labels)  0.9 min
step 800/2000  loss 0.0526  val macro-AUROC 0.7595 (best 0.8028, 71 labels)  1.0 min
step 840/2000  loss 0.0344  val macro-AUROC 0.8081 (best 0.8081, 71 labels)  1.0 min
step 880/2000  loss 0.0386  val macro-AUROC 0.7859 (best 0.8081, 71 labels)  1.1 min
step 920/2000  loss 0.0344  val macro-AUROC 0.7475 (best 0.8081, 71 labels)  1.1 min
step 960/2000  loss 0.0358  val macro-AUROC 0.7865 (best 0.8081, 71 labels)  1.1 min
step 1000/2000  loss 0.0250  val macro-AUROC 0.7518 (best 0.8081, 71 labels)  1.2 min
step 1040/2000  loss 0.0259  val macro-AUROC 0.7785 (best 0.8081, 71 labels)  1.2 min
step 1080/2000  loss 0.0238  val macro-AUROC 0.7711 (best 0.8081, 71 labels)  1.3 min
step 1120/2000  loss 0.0219  val macro-AUROC 0.7522 (best 0.8081, 71 labels)  1.3 min
step 1160/2000  loss 0.0202  val macro-AUROC 0.7578 (best 0.8081, 71 labels)  1.4 min
step 1200/2000  loss 0.0168  val macro-AUROC 0.7801 (best 0.8081, 71 labels)  1.4 min
step 1240/2000  loss 0.0161  val macro-AUROC 0.7775 (best 0.8081, 71 labels)  1.5 min
step 1280/2000  loss 0.0162  val macro-AUROC 0.7599 (best 0.8081, 71 labels)  1.5 min
step 1320/2000  loss 0.0179  val macro-AUROC 0.7848 (best 0.8081, 71 labels)  1.6 min
step 1360/2000  loss 0.0142  val macro-AUROC 0.7776 (best 0.8081, 71 labels)  1.6 min
step 1400/2000  loss 0.0149  val macro-AUROC 0.7768 (best 0.8081, 71 labels)  1.7 min
step 1440/2000  loss 0.0122  val macro-AUROC 0.7688 (best 0.8081, 71 labels)  1.7 min
step 1480/2000  loss 0.0130  val macro-AUROC 0.7741 (best 0.8081, 71 labels)  1.8 min
step 1520/2000  loss 0.0134  val macro-AUROC 0.7682 (best 0.8081, 71 labels)  1.8 min
step 1560/2000  loss 0.0105  val macro-AUROC 0.7718 (best 0.8081, 71 labels)  1.8 min
step 1600/2000  loss 0.0094  val macro-AUROC 0.7692 (best 0.8081, 71 labels)  1.9 min
step 1640/2000  loss 0.0084  val macro-AUROC 0.7770 (best 0.8081, 71 labels)  1.9 min
step 1680/2000  loss 0.0095  val macro-AUROC 0.7702 (best 0.8081, 71 labels)  2.0 min
step 1720/2000  loss 0.0107  val macro-AUROC 0.7703 (best 0.8081, 71 labels)  2.0 min
step 1760/2000  loss 0.0073  val macro-AUROC 0.7731 (best 0.8081, 71 labels)  2.1 min
step 1800/2000  loss 0.0106  val macro-AUROC 0.7705 (best 0.8081, 71 labels)  2.1 min
step 1840/2000  loss 0.0074  val macro-AUROC 0.7715 (best 0.8081, 71 labels)  2.2 min
step 1880/2000  loss 0.0064  val macro-AUROC 0.7729 (best 0.8081, 71 labels)  2.2 min
step 1920/2000  loss 0.0098  val macro-AUROC 0.7729 (best 0.8081, 71 labels)  2.3 min
step 1960/2000  loss 0.0076  val macro-AUROC 0.7736 (best 0.8081, 71 labels)  2.3 min
step 2000/2000  loss 0.0094  val macro-AUROC 0.7731 (best 0.8081, 71 labels)  2.4 min
{"run_id": "S0_b0.05_s0_lik0", "test_macro_auroc": 0.8123645335895776, "test_e3_macro_auroc": 0.9090223161500748, "sph_e3_macro_auroc": 0.936073333788221}
