S0_b0.1_s3_lik0: train=1766 records, 2000 steps, eval every 40, device=cuda
/tmp/robust-ecg-ssl/scripts/train.py:143: UserWarning: Converting a tensor with requires_grad=True to a scalar may lead to unexpected behavior.
Consider using tensor.detach() first. (Triggered internally at /pytorch/torch/csrc/autograd/generated/python_variable_methods.cpp:836.)
  print(f"step {step}/{total}  loss {float(loss):.4f}  val macro-AUROC {auc:.4f} "
step 40/2000  loss 0.8841  val macro-AUROC 0.5783 (best 0.5783, 71 labels)  0.1 min
step 80/2000  loss 0.7692  val macro-AUROC 0.6186 (best 0.6186, 71 labels)  0.1 min
step 120/2000  loss 0.6145  val macro-AUROC 0.6395 (best 0.6395, 71 labels)  0.2 min
step 160/2000  loss 0.3248  val macro-AUROC 0.6469 (best 0.6469, 71 labels)  0.2 min
step 200/2000  loss 0.1239  val macro-AUROC 0.6758 (best 0.6758, 71 labels)  0.2 min
step 240/2000  loss 0.1086  val macro-AUROC 0.7365 (best 0.7365, 71 labels)  0.3 min
step 280/2000  loss 0.1099  val macro-AUROC 0.7469 (best 0.7469, 71 labels)  0.3 min
step 320/2000  loss 0.0918  val macro-AUROC 0.7723 (best 0.7723, 71 labels)  0.4 min
step 360/2000  loss 0.1099  val macro-AUROC 0.6848 (best 0.7723, 71 labels)  0.4 min
step 400/2000  loss 0.0929  val macro-AUROC 0.7950 (best 0.7950, 71 labels)  0.5 min
step 440/2000  loss 0.0791  val macro-AUROC 0.7883 (best 0.7950, 71 labels)  0.5 min
step 480/2000  loss 0.0859  val macro-AUROC 0.7995 (best 0.7995, 71 labels)  0.6 min
step 520/2000  loss 0.0641  val macro-AUROC 0.8052 (best 0.8052, 71 labels)  0.6 min
step 560/2000  loss 0.0757  val macro-AUROC 0.8093 (best 0.8093, 71 labels)  0.6 min
step 600/2000  loss 0.0631  val macro-AUROC 0.8182 (best 0.8182, 71 labels)  0.7 min
step 640/2000  loss 0.0762  val macro-AUROC 0.8293 (best 0.8293, 71 labels)  0.7 min
step 680/2000  loss 0.0664  val macro-AUROC 0.8341 (best 0.8341, 71 labels)  0.8 min
step 720/2000  loss 0.0671  val macro-AUROC 0.8331 (best 0.8341, 71 labels)  0.8 min
step 760/2000  loss 0.0712  val macro-AUROC 0.8273 (best 0.8341, 71 labels)  0.9 min
step 800/2000  loss 0.0605  val macro-AUROC 0.8312 (best 0.8341, 71 labels)  0.9 min
step 840/2000  loss 0.0628  val macro-AUROC 0.8434 (best 0.8434, 71 labels)  1.0 min
step 880/2000  loss 0.0592  val macro-AUROC 0.8355 (best 0.8434, 71 labels)  1.0 min
step 920/2000  loss 0.0563  val macro-AUROC 0.8423 (best 0.8434, 71 labels)  1.1 min
step 960/2000  loss 0.0540  val macro-AUROC 0.8395 (best 0.8434, 71 labels)  1.1 min
step 1000/2000  loss 0.0597  val macro-AUROC 0.8432 (best 0.8434, 71 labels)  1.1 min
step 1040/2000  loss 0.0546  val macro-AUROC 0.8443 (best 0.8443, 71 labels)  1.2 min
step 1080/2000  loss 0.0561  val macro-AUROC 0.8352 (best 0.8443, 71 labels)  1.2 min
step 1120/2000  loss 0.0526  val macro-AUROC 0.8265 (best 0.8443, 71 labels)  1.3 min
step 1160/2000  loss 0.0437  val macro-AUROC 0.8497 (best 0.8497, 71 labels)  1.3 min
step 1200/2000  loss 0.0355  val macro-AUROC 0.8304 (best 0.8497, 71 labels)  1.4 min
step 1240/2000  loss 0.0474  val macro-AUROC 0.8403 (best 0.8497, 71 labels)  1.4 min
step 1280/2000  loss 0.0359  val macro-AUROC 0.8292 (best 0.8497, 71 labels)  1.5 min
step 1320/2000  loss 0.0375  val macro-AUROC 0.8348 (best 0.8497, 71 labels)  1.5 min
step 1360/2000  loss 0.0418  val macro-AUROC 0.8302 (best 0.8497, 71 labels)  1.5 min
step 1400/2000  loss 0.0392  val macro-AUROC 0.8355 (best 0.8497, 71 labels)  1.6 min
step 1440/2000  loss 0.0341  val macro-AUROC 0.8418 (best 0.8497, 71 labels)  1.6 min
step 1480/2000  loss 0.0422  val macro-AUROC 0.8248 (best 0.8497, 71 labels)  1.7 min
step 1520/2000  loss 0.0315  val macro-AUROC 0.8395 (best 0.8497, 71 labels)  1.7 min
step 1560/2000  loss 0.0309  val macro-AUROC 0.8386 (best 0.8497, 71 labels)  1.8 min
step 1600/2000  loss 0.0265  val macro-AUROC 0.8392 (best 0.8497, 71 labels)  1.8 min
step 1640/2000  loss 0.0294  val macro-AUROC 0.8364 (best 0.8497, 71 labels)  1.9 min
step 1680/2000  loss 0.0271  val macro-AUROC 0.8360 (best 0.8497, 71 labels)  1.9 min
step 1720/2000  loss 0.0247  val macro-AUROC 0.8365 (best 0.8497, 71 labels)  1.9 min
step 1760/2000  loss 0.0210  val macro-AUROC 0.8323 (best 0.8497, 71 labels)  2.0 min
step 1800/2000  loss 0.0271  val macro-AUROC 0.8296 (best 0.8497, 71 labels)  2.0 min
step 1840/2000  loss 0.0261  val macro-AUROC 0.8292 (best 0.8497, 71 labels)  2.1 min
step 1880/2000  loss 0.0212  val macro-AUROC 0.8309 (best 0.8497, 71 labels)  2.1 min
step 1920/2000  loss 0.0290  val macro-AUROC 0.8310 (best 0.8497, 71 labels)  2.2 min
step 1960/2000  loss 0.0215  val macro-AUROC 0.8306 (best 0.8497, 71 labels)  2.2 min
step 2000/2000  loss 0.0231  val macro-AUROC 0.8297 (best 0.8497, 71 labels)  2.3 min
{"run_id": "S0_b0.1_s3_lik0", "test_macro_auroc": 0.8486748152332482, "test_e3_macro_auroc": 0.946620137714959, "sph_e3_macro_auroc": 0.9518620329651297}
