S0_b0.1_s0_lik0: train=1746 records, 2000 steps, eval every 40, device=cuda
/tmp/robust-ecg-ssl/scripts/train.py:143: UserWarning: Converting a tensor with requires_grad=True to a scalar may lead to unexpected behavior.
Consider using tensor.detach() first. (Triggered internally at /pytorch/torch/csrc/autograd/generated/python_variable_methods.cpp:836.)
  print(f"step {step}/{total}  loss {float(loss):.4f}  val macro-AUROC {auc:.4f} "
step 40/2000  loss 0.8276  val macro-AUROC 0.5456 (best 0.5456, 71 labels)  0.1 min
step 80/2000  loss 0.7757  val macro-AUROC 0.5617 (best 0.5617, 71 labels)  0.1 min
step 120/2000  loss 0.6115  val macro-AUROC 0.5895 (best 0.5895, 71 labels)  0.2 min
step 160/2000  loss 0.2958  val macro-AUROC 0.6562 (best 0.6562, 71 labels)  0.2 min
step 200/2000  loss 0.1241  val macro-AUROC 0.6926 (best 0.6926, 71 labels)  0.3 min
step 240/2000  loss 0.1054  val macro-AUROC 0.6993 (best 0.6993, 71 labels)  0.3 min
step 280/2000  loss 0.0922  val macro-AUROC 0.7085 (best 0.7085, 71 labels)  0.3 min
step 320/2000  loss 0.1024  val macro-AUROC 0.7447 (best 0.7447, 71 labels)  0.4 min
step 360/2000  loss 0.0875  val macro-AUROC 0.7650 (best 0.7650, 71 labels)  0.4 min
step 400/2000  loss 0.0806  val macro-AUROC 0.7639 (best 0.7650, 71 labels)  0.5 min
step 440/2000  loss 0.0903  val macro-AUROC 0.7827 (best 0.7827, 71 labels)  0.5 min
step 480/2000  loss 0.0793  val macro-AUROC 0.8042 (best 0.8042, 71 labels)  0.6 min
step 520/2000  loss 0.0878  val macro-AUROC 0.7881 (best 0.8042, 71 labels)  0.6 min
step 560/2000  loss 0.0655  val macro-AUROC 0.8156 (best 0.8156, 71 labels)  0.6 min
step 600/2000  loss 0.0666  val macro-AUROC 0.8025 (best 0.8156, 71 labels)  0.7 min
step 640/2000  loss 0.0663  val macro-AUROC 0.8266 (best 0.8266, 71 labels)  0.7 min
step 680/2000  loss 0.0690  val macro-AUROC 0.8114 (best 0.8266, 71 labels)  0.8 min
step 720/2000  loss 0.0645  val macro-AUROC 0.8143 (best 0.8266, 71 labels)  0.8 min
step 760/2000  loss 0.0600  val macro-AUROC 0.8321 (best 0.8321, 71 labels)  0.9 min
step 800/2000  loss 0.0622  val macro-AUROC 0.8371 (best 0.8371, 71 labels)  0.9 min
step 840/2000  loss 0.0599  val macro-AUROC 0.8362 (best 0.8371, 71 labels)  1.0 min
step 880/2000  loss 0.0567  val macro-AUROC 0.8438 (best 0.8438, 71 labels)  1.0 min
step 920/2000  loss 0.0670  val macro-AUROC 0.8417 (best 0.8438, 71 labels)  1.1 min
step 960/2000  loss 0.0638  val macro-AUROC 0.8396 (best 0.8438, 71 labels)  1.1 min
step 1000/2000  loss 0.0586  val macro-AUROC 0.8422 (best 0.8438, 71 labels)  1.2 min
step 1040/2000  loss 0.0529  val macro-AUROC 0.8482 (best 0.8482, 71 labels)  1.2 min
step 1080/2000  loss 0.0454  val macro-AUROC 0.8493 (best 0.8493, 71 labels)  1.3 min
step 1120/2000  loss 0.0454  val macro-AUROC 0.8471 (best 0.8493, 71 labels)  1.3 min
step 1160/2000  loss 0.0426  val macro-AUROC 0.8309 (best 0.8493, 71 labels)  1.3 min
step 1200/2000  loss 0.0550  val macro-AUROC 0.8418 (best 0.8493, 71 labels)  1.4 min
step 1240/2000  loss 0.0371  val macro-AUROC 0.8364 (best 0.8493, 71 labels)  1.4 min
step 1280/2000  loss 0.0404  val macro-AUROC 0.8418 (best 0.8493, 71 labels)  1.5 min
step 1320/2000  loss 0.0378  val macro-AUROC 0.8463 (best 0.8493, 71 labels)  1.5 min
step 1360/2000  loss 0.0378  val macro-AUROC 0.8433 (best 0.8493, 71 labels)  1.6 min
step 1400/2000  loss 0.0409  val macro-AUROC 0.8504 (best 0.8504, 71 labels)  1.6 min
step 1440/2000  loss 0.0389  val macro-AUROC 0.8470 (best 0.8504, 71 labels)  1.7 min
step 1480/2000  loss 0.0330  val macro-AUROC 0.8351 (best 0.8504, 71 labels)  1.7 min
step 1520/2000  loss 0.0360  val macro-AUROC 0.8406 (best 0.8504, 71 labels)  1.8 min
step 1560/2000  loss 0.0349  val macro-AUROC 0.8374 (best 0.8504, 71 labels)  1.8 min
step 1600/2000  loss 0.0291  val macro-AUROC 0.8396 (best 0.8504, 71 labels)  1.9 min
step 1640/2000  loss 0.0294  val macro-AUROC 0.8412 (best 0.8504, 71 labels)  1.9 min
step 1680/2000  loss 0.0285  val macro-AUROC 0.8394 (best 0.8504, 71 labels)  2.0 min
step 1720/2000  loss 0.0334  val macro-AUROC 0.8399 (best 0.8504, 71 labels)  2.0 min
step 1760/2000  loss 0.0232  val macro-AUROC 0.8388 (best 0.8504, 71 labels)  2.0 min
step 1800/2000  loss 0.0223  val macro-AUROC 0.8384 (best 0.8504, 71 labels)  2.1 min
step 1840/2000  loss 0.0265  val macro-AUROC 0.8394 (best 0.8504, 71 labels)  2.1 min
step 1880/2000  loss 0.0245  val macro-AUROC 0.8397 (best 0.8504, 71 labels)  2.2 min
step 1920/2000  loss 0.0232  val macro-AUROC 0.8394 (best 0.8504, 71 labels)  2.2 min
step 1960/2000  loss 0.0242  val macro-AUROC 0.8385 (best 0.8504, 71 labels)  2.3 min
step 2000/2000  loss 0.0242  val macro-AUROC 0.8398 (best 0.8504, 71 labels)  2.3 min
{"run_id": "S0_b0.1_s0_lik0", "test_macro_auroc": 0.855197215912379, "test_e3_macro_auroc": 0.9384578402555243, "sph_e3_macro_auroc": 0.9578798044888583}
