S0_b0.01_s1_lik0: train=182 records, 2000 steps, eval every 40, device=cuda
/tmp/robust-ecg-ssl/scripts/train.py:143: UserWarning: Converting a tensor with requires_grad=True to a scalar may lead to unexpected behavior.
Consider using tensor.detach() first. (Triggered internally at /pytorch/torch/csrc/autograd/generated/python_variable_methods.cpp:836.)
  print(f"step {step}/{total}  loss {float(loss):.4f}  val macro-AUROC {auc:.4f} "
step 40/2000  loss 0.8099  val macro-AUROC 0.5384 (best 0.5384, 71 labels)  0.1 min
step 80/2000  loss 0.7647  val macro-AUROC 0.5701 (best 0.5701, 71 labels)  0.1 min
step 120/2000  loss 0.6059  val macro-AUROC 0.5920 (best 0.5920, 71 labels)  0.1 min
step 160/2000  loss 0.3443  val macro-AUROC 0.6468 (best 0.6468, 71 labels)  0.2 min
step 200/2000  loss 0.1163  val macro-AUROC 0.6523 (best 0.6523, 71 labels)  0.3 min
step 240/2000  loss 0.0796  val macro-AUROC 0.6480 (best 0.6523, 71 labels)  0.3 min
step 280/2000  loss 0.0601  val macro-AUROC 0.6716 (best 0.6716, 71 labels)  0.3 min
step 320/2000  loss 0.0494  val macro-AUROC 0.6682 (best 0.6716, 71 labels)  0.4 min
step 360/2000  loss 0.0336  val macro-AUROC 0.6250 (best 0.6716, 71 labels)  0.4 min
step 400/2000  loss 0.0243  val macro-AUROC 0.5923 (best 0.6716, 71 labels)  0.5 min
step 440/2000  loss 0.0204  val macro-AUROC 0.6290 (best 0.6716, 71 labels)  0.5 min
step 480/2000  loss 0.0161  val macro-AUROC 0.5704 (best 0.6716, 71 labels)  0.6 min
step 520/2000  loss 0.0137  val macro-AUROC 0.6088 (best 0.6716, 71 labels)  0.6 min
step 560/2000  loss 0.0090  val macro-AUROC 0.5919 (best 0.6716, 71 labels)  0.7 min
step 600/2000  loss 0.0083  val macro-AUROC 0.6196 (best 0.6716, 71 labels)  0.7 min
step 640/2000  loss 0.0061  val macro-AUROC 0.5892 (best 0.6716, 71 labels)  0.8 min
step 680/2000  loss 0.0065  val macro-AUROC 0.6291 (best 0.6716, 71 labels)  0.8 min
step 720/2000  loss 0.0051  val macro-AUROC 0.6446 (best 0.6716, 71 labels)  0.9 min
step 760/2000  loss 0.0051  val macro-AUROC 0.6646 (best 0.6716, 71 labels)  0.9 min
step 800/2000  loss 0.0051  val macro-AUROC 0.6471 (best 0.6716, 71 labels)  1.0 min
step 840/2000  loss 0.0043  val macro-AUROC 0.6368 (best 0.6716, 71 labels)  1.0 min
step 880/2000  loss 0.0043  val macro-AUROC 0.6445 (best 0.6716, 71 labels)  1.1 min
step 920/2000  loss 0.0027  val macro-AUROC 0.6236 (best 0.6716, 71 labels)  1.1 min
step 960/2000  loss 0.0033  val macro-AUROC 0.6408 (best 0.6716, 71 labels)  1.2 min
step 1000/2000  loss 0.0034  val macro-AUROC 0.6485 (best 0.6716, 71 labels)  1.2 min
step 1040/2000  loss 0.0025  val macro-AUROC 0.6582 (best 0.6716, 71 labels)  1.2 min
step 1080/2000  loss 0.0034  val macro-AUROC 0.6534 (best 0.6716, 71 labels)  1.3 min
step 1120/2000  loss 0.0027  val macro-AUROC 0.6627 (best 0.6716, 71 labels)  1.3 min
step 1160/2000  loss 0.0022  val macro-AUROC 0.6645 (best 0.6716, 71 labels)  1.4 min
step 1200/2000  loss 0.0025  val macro-AUROC 0.6709 (best 0.6716, 71 labels)  1.4 min
step 1240/2000  loss 0.0026  val macro-AUROC 0.6799 (best 0.6799, 71 labels)  1.5 min
step 1280/2000  loss 0.0015  val macro-AUROC 0.6875 (best 0.6875, 71 labels)  1.5 min
step 1320/2000  loss 0.0024  val macro-AUROC 0.6744 (best 0.6875, 71 labels)  1.6 min
step 1360/2000  loss 0.0016  val macro-AUROC 0.6582 (best 0.6875, 71 labels)  1.6 min
step 1400/2000  loss 0.0024  val macro-AUROC 0.6810 (best 0.6875, 71 labels)  1.7 min
step 1440/2000  loss 0.0018  val macro-AUROC 0.6790 (best 0.6875, 71 labels)  1.7 min
step 1480/2000  loss 0.0019  val macro-AUROC 0.6668 (best 0.6875, 71 labels)  1.8 min
step 1520/2000  loss 0.0019  val macro-AUROC 0.6788 (best 0.6875, 71 labels)  1.8 min
step 1560/2000  loss 0.0011  val macro-AUROC 0.6695 (best 0.6875, 71 labels)  1.9 min
step 1600/2000  loss 0.0011  val macro-AUROC 0.6600 (best 0.6875, 71 labels)  1.9 min
step 1640/2000  loss 0.0013  val macro-AUROC 0.6692 (best 0.6875, 71 labels)  1.9 min
step 1680/2000  loss 0.0016  val macro-AUROC 0.6698 (best 0.6875, 71 labels)  2.0 min
step 1720/2000  loss 0.0015  val macro-AUROC 0.6795 (best 0.6875, 71 labels)  2.0 min
step 1760/2000  loss 0.0007  val macro-AUROC 0.6786 (best 0.6875, 71 labels)  2.1 min
step 1800/2000  loss 0.0014  val macro-AUROC 0.6746 (best 0.6875, 71 labels)  2.1 min
step 1840/2000  loss 0.0015  val macro-AUROC 0.6747 (best 0.6875, 71 labels)  2.2 min
step 1880/2000  loss 0.0014  val macro-AUROC 0.6744 (best 0.6875, 71 labels)  2.2 min
step 1920/2000  loss 0.0014  val macro-AUROC 0.6751 (best 0.6875, 71 labels)  2.3 min
step 1960/2000  loss 0.0015  val macro-AUROC 0.6742 (best 0.6875, 71 labels)  2.3 min
step 2000/2000  loss 0.0016  val macro-AUROC 0.6739 (best 0.6875, 71 labels)  2.4 min
{"run_id": "S0_b0.01_s1_lik0", "test_macro_auroc": 0.6888561994359682, "test_e3_macro_auroc": 0.8113410797929965, "sph_e3_macro_auroc": 0.8500085182960084}
