S0_b1_s3_lik0: train=17418 records, 6800 steps, eval every 136, device=cuda
/tmp/robust-ecg-ssl/scripts/train.py:143: UserWarning: Converting a tensor with requires_grad=True to a scalar may lead to unexpected behavior.
Consider using tensor.detach() first. (Triggered internally at /pytorch/torch/csrc/autograd/generated/python_variable_methods.cpp:836.)
  print(f"step {step}/{total}  loss {float(loss):.4f}  val macro-AUROC {auc:.4f} "
step 136/6800  loss 0.7183  val macro-AUROC 0.6428 (best 0.6428, 71 labels)  0.1 min
step 272/6800  loss 0.3302  val macro-AUROC 0.6651 (best 0.6651, 71 labels)  0.2 min
step 408/6800  loss 0.1254  val macro-AUROC 0.7356 (best 0.7356, 71 labels)  0.3 min
step 544/6800  loss 0.1016  val macro-AUROC 0.7634 (best 0.7634, 71 labels)  0.4 min
step 680/6800  loss 0.0881  val macro-AUROC 0.8069 (best 0.8069, 71 labels)  0.6 min
step 816/6800  loss 0.0861  val macro-AUROC 0.8180 (best 0.8180, 71 labels)  0.7 min
step 952/6800  loss 0.0866  val macro-AUROC 0.8289 (best 0.8289, 71 labels)  0.8 min
step 1088/6800  loss 0.0797  val macro-AUROC 0.8441 (best 0.8441, 71 labels)  0.9 min
step 1224/6800  loss 0.0636  val macro-AUROC 0.8541 (best 0.8541, 71 labels)  1.0 min
step 1360/6800  loss 0.0676  val macro-AUROC 0.8653 (best 0.8653, 71 labels)  1.1 min
step 1496/6800  loss 0.0664  val macro-AUROC 0.8732 (best 0.8732, 71 labels)  1.2 min
step 1632/6800  loss 0.0754  val macro-AUROC 0.8896 (best 0.8896, 71 labels)  1.3 min
step 1768/6800  loss 0.0680  val macro-AUROC 0.8855 (best 0.8896, 71 labels)  1.4 min
step 1904/6800  loss 0.0653  val macro-AUROC 0.8921 (best 0.8921, 71 labels)  1.5 min
step 2040/6800  loss 0.0643  val macro-AUROC 0.8999 (best 0.8999, 71 labels)  1.6 min
step 2176/6800  loss 0.0689  val macro-AUROC 0.8975 (best 0.8999, 71 labels)  1.7 min
step 2312/6800  loss 0.0731  val macro-AUROC 0.8998 (best 0.8999, 71 labels)  1.8 min
step 2448/6800  loss 0.0607  val macro-AUROC 0.8997 (best 0.8999, 71 labels)  1.9 min
step 2584/6800  loss 0.0657  val macro-AUROC 0.9081 (best 0.9081, 71 labels)  2.0 min
step 2720/6800  loss 0.0621  val macro-AUROC 0.9094 (best 0.9094, 71 labels)  2.1 min
step 2856/6800  loss 0.0640  val macro-AUROC 0.9112 (best 0.9112, 71 labels)  2.2 min
step 2992/6800  loss 0.0634  val macro-AUROC 0.9130 (best 0.9130, 71 labels)  2.3 min
step 3128/6800  loss 0.0605  val macro-AUROC 0.9151 (best 0.9151, 71 labels)  2.4 min
step 3264/6800  loss 0.0669  val macro-AUROC 0.9085 (best 0.9151, 71 labels)  2.5 min
step 3400/6800  loss 0.0575  val macro-AUROC 0.9106 (best 0.9151, 71 labels)  2.7 min
step 3536/6800  loss 0.0591  val macro-AUROC 0.9163 (best 0.9163, 71 labels)  2.8 min
step 3672/6800  loss 0.0613  val macro-AUROC 0.9150 (best 0.9163, 71 labels)  2.9 min
step 3808/6800  loss 0.0603  val macro-AUROC 0.9126 (best 0.9163, 71 labels)  3.0 min
step 3944/6800  loss 0.0626  val macro-AUROC 0.9184 (best 0.9184, 71 labels)  3.1 min
step 4080/6800  loss 0.0665  val macro-AUROC 0.9195 (best 0.9195, 71 labels)  3.2 min
step 4216/6800  loss 0.0546  val macro-AUROC 0.9241 (best 0.9241, 71 labels)  3.3 min
step 4352/6800  loss 0.0640  val macro-AUROC 0.9229 (best 0.9241, 71 labels)  3.4 min
step 4488/6800  loss 0.0540  val macro-AUROC 0.9252 (best 0.9252, 71 labels)  3.5 min
step 4624/6800  loss 0.0567  val macro-AUROC 0.9239 (best 0.9252, 71 labels)  3.6 min
step 4760/6800  loss 0.0652  val macro-AUROC 0.9252 (best 0.9252, 71 labels)  3.7 min
step 4896/6800  loss 0.0622  val macro-AUROC 0.9294 (best 0.9294, 71 labels)  3.8 min
step 5032/6800  loss 0.0572  val macro-AUROC 0.9258 (best 0.9294, 71 labels)  3.9 min
step 5168/6800  loss 0.0511  val macro-AUROC 0.9277 (best 0.9294, 71 labels)  4.0 min
step 5304/6800  loss 0.0617  val macro-AUROC 0.9293 (best 0.9294, 71 labels)  4.1 min
step 5440/6800  loss 0.0507  val macro-AUROC 0.9286 (best 0.9294, 71 labels)  4.2 min
step 5576/6800  loss 0.0546  val macro-AUROC 0.9283 (best 0.9294, 71 labels)  4.3 min
step 5712/6800  loss 0.0557  val macro-AUROC 0.9292 (best 0.9294, 71 labels)  4.4 min
step 5848/6800  loss 0.0583  val macro-AUROC 0.9303 (best 0.9303, 71 labels)  4.5 min
step 5984/6800  loss 0.0522  val macro-AUROC 0.9300 (best 0.9303, 71 labels)  4.6 min
step 6120/6800  loss 0.0478  val macro-AUROC 0.9300 (best 0.9303, 71 labels)  4.7 min
step 6256/6800  loss 0.0467  val macro-AUROC 0.9293 (best 0.9303, 71 labels)  4.8 min
step 6392/6800  loss 0.0478  val macro-AUROC 0.9294 (best 0.9303, 71 labels)  5.0 min
step 6528/6800  loss 0.0514  val macro-AUROC 0.9296 (best 0.9303, 71 labels)  5.1 min
step 6664/6800  loss 0.0508  val macro-AUROC 0.9297 (best 0.9303, 71 labels)  5.2 min
step 6800/6800  loss 0.0464  val macro-AUROC 0.9293 (best 0.9303, 71 labels)  5.3 min
{"run_id": "S0_b1_s3_lik0", "test_macro_auroc": 0.9207247303578312, "test_e3_macro_auroc": 0.9750992651639332, "sph_e3_macro_auroc": 0.9703519886695864}
