S0_b1_s4_lik0: train=17418 records, 6800 steps, eval every 136, device=cuda
/tmp/robust-ecg-ssl/scripts/train.py:143: UserWarning: Converting a tensor with requires_grad=True to a scalar may lead to unexpected behavior.
Consider using tensor.detach() first. (Triggered internally at /pytorch/torch/csrc/autograd/generated/python_variable_methods.cpp:836.)
  print(f"step {step}/{total}  loss {float(loss):.4f}  val macro-AUROC {auc:.4f} "
step 136/6800  loss 0.7013  val macro-AUROC 0.6066 (best 0.6066, 71 labels)  0.1 min
step 272/6800  loss 0.2897  val macro-AUROC 0.6620 (best 0.6620, 71 labels)  0.2 min
step 408/6800  loss 0.1253  val macro-AUROC 0.7277 (best 0.7277, 71 labels)  0.3 min
step 544/6800  loss 0.1046  val macro-AUROC 0.7807 (best 0.7807, 71 labels)  0.4 min
step 680/6800  loss 0.0841  val macro-AUROC 0.8110 (best 0.8110, 71 labels)  0.5 min
step 816/6800  loss 0.1062  val macro-AUROC 0.7982 (best 0.8110, 71 labels)  0.6 min
step 952/6800  loss 0.0911  val macro-AUROC 0.8253 (best 0.8253, 71 labels)  0.7 min
step 1088/6800  loss 0.0814  val macro-AUROC 0.8447 (best 0.8447, 71 labels)  0.8 min
step 1224/6800  loss 0.0787  val macro-AUROC 0.8550 (best 0.8550, 71 labels)  0.9 min
step 1360/6800  loss 0.0777  val macro-AUROC 0.8596 (best 0.8596, 71 labels)  1.1 min
step 1496/6800  loss 0.0708  val macro-AUROC 0.8564 (best 0.8596, 71 labels)  1.2 min
step 1632/6800  loss 0.0607  val macro-AUROC 0.8841 (best 0.8841, 71 labels)  1.3 min
step 1768/6800  loss 0.0910  val macro-AUROC 0.8920 (best 0.8920, 71 labels)  1.4 min
step 1904/6800  loss 0.0698  val macro-AUROC 0.8982 (best 0.8982, 71 labels)  1.5 min
step 2040/6800  loss 0.0745  val macro-AUROC 0.9028 (best 0.9028, 71 labels)  1.6 min
step 2176/6800  loss 0.0601  val macro-AUROC 0.9057 (best 0.9057, 71 labels)  1.7 min
step 2312/6800  loss 0.0631  val macro-AUROC 0.9023 (best 0.9057, 71 labels)  1.8 min
step 2448/6800  loss 0.0635  val macro-AUROC 0.9054 (best 0.9057, 71 labels)  1.9 min
step 2584/6800  loss 0.0588  val macro-AUROC 0.9085 (best 0.9085, 71 labels)  2.0 min
step 2720/6800  loss 0.0583  val macro-AUROC 0.9156 (best 0.9156, 71 labels)  2.1 min
step 2856/6800  loss 0.0668  val macro-AUROC 0.9082 (best 0.9156, 71 labels)  2.2 min
step 2992/6800  loss 0.0626  val macro-AUROC 0.9063 (best 0.9156, 71 labels)  2.3 min
step 3128/6800  loss 0.0707  val macro-AUROC 0.9173 (best 0.9173, 71 labels)  2.4 min
step 3264/6800  loss 0.0593  val macro-AUROC 0.9165 (best 0.9173, 71 labels)  2.5 min
step 3400/6800  loss 0.0620  val macro-AUROC 0.9164 (best 0.9173, 71 labels)  2.7 min
step 3536/6800  loss 0.0582  val macro-AUROC 0.9177 (best 0.9177, 71 labels)  2.8 min
step 3672/6800  loss 0.0588  val macro-AUROC 0.9165 (best 0.9177, 71 labels)  2.9 min
step 3808/6800  loss 0.0660  val macro-AUROC 0.9163 (best 0.9177, 71 labels)  3.0 min
step 3944/6800  loss 0.0521  val macro-AUROC 0.9146 (best 0.9177, 71 labels)  3.1 min
step 4080/6800  loss 0.0525  val macro-AUROC 0.9160 (best 0.9177, 71 labels)  3.2 min
step 4216/6800  loss 0.0614  val macro-AUROC 0.9216 (best 0.9216, 71 labels)  3.3 min
step 4352/6800  loss 0.0662  val macro-AUROC 0.9216 (best 0.9216, 71 labels)  3.4 min
step 4488/6800  loss 0.0625  val macro-AUROC 0.9189 (best 0.9216, 71 labels)  3.5 min
step 4624/6800  loss 0.0582  val macro-AUROC 0.9229 (best 0.9229, 71 labels)  3.6 min
step 4760/6800  loss 0.0548  val macro-AUROC 0.9225 (best 0.9229, 71 labels)  3.7 min
step 4896/6800  loss 0.0518  val macro-AUROC 0.9251 (best 0.9251, 71 labels)  3.8 min
step 5032/6800  loss 0.0589  val macro-AUROC 0.9249 (best 0.9251, 71 labels)  4.0 min
step 5168/6800  loss 0.0544  val macro-AUROC 0.9208 (best 0.9251, 71 labels)  4.1 min
step 5304/6800  loss 0.0674  val macro-AUROC 0.9223 (best 0.9251, 71 labels)  4.2 min
step 5440/6800  loss 0.0560  val macro-AUROC 0.9219 (best 0.9251, 71 labels)  4.3 min
step 5576/6800  loss 0.0480  val macro-AUROC 0.9251 (best 0.9251, 71 labels)  4.4 min
step 5712/6800  loss 0.0498  val macro-AUROC 0.9207 (best 0.9251, 71 labels)  4.5 min
step 5848/6800  loss 0.0502  val macro-AUROC 0.9244 (best 0.9251, 71 labels)  4.6 min
step 5984/6800  loss 0.0524  val macro-AUROC 0.9215 (best 0.9251, 71 labels)  4.7 min
step 6120/6800  loss 0.0433  val macro-AUROC 0.9233 (best 0.9251, 71 labels)  4.8 min
step 6256/6800  loss 0.0552  val macro-AUROC 0.9243 (best 0.9251, 71 labels)  4.9 min
step 6392/6800  loss 0.0423  val macro-AUROC 0.9238 (best 0.9251, 71 labels)  5.0 min
step 6528/6800  loss 0.0559  val macro-AUROC 0.9233 (best 0.9251, 71 labels)  5.1 min
step 6664/6800  loss 0.0476  val macro-AUROC 0.9234 (best 0.9251, 71 labels)  5.2 min
step 6800/6800  loss 0.0501  val macro-AUROC 0.9233 (best 0.9251, 71 labels)  5.3 min
{"run_id": "S0_b1_s4_lik0", "test_macro_auroc": 0.9237279702937686, "test_e3_macro_auroc": 0.976558064541651, "sph_e3_macro_auroc": 0.9727634152173056}
