S0_b0.05_s3_lik0: train=887 records, 2000 steps, eval every 40, device=cuda
/tmp/robust-ecg-ssl/scripts/train.py:143: UserWarning: Converting a tensor with requires_grad=True to a scalar may lead to unexpected behavior.
Consider using tensor.detach() first. (Triggered internally at /pytorch/torch/csrc/autograd/generated/python_variable_methods.cpp:836.)
  print(f"step {step}/{total}  loss {float(loss):.4f}  val macro-AUROC {auc:.4f} "
step 40/2000  loss 0.8680  val macro-AUROC 0.5731 (best 0.5731, 71 labels)  0.1 min
step 80/2000  loss 0.7685  val macro-AUROC 0.6180 (best 0.6180, 71 labels)  0.1 min
step 120/2000  loss 0.6389  val macro-AUROC 0.6374 (best 0.6374, 71 labels)  0.2 min
step 160/2000  loss 0.3013  val macro-AUROC 0.6396 (best 0.6396, 71 labels)  0.2 min
step 200/2000  loss 0.1225  val macro-AUROC 0.7182 (best 0.7182, 71 labels)  0.2 min
step 240/2000  loss 0.0967  val macro-AUROC 0.7380 (best 0.7380, 71 labels)  0.3 min
step 280/2000  loss 0.0896  val macro-AUROC 0.7376 (best 0.7380, 71 labels)  0.3 min
step 320/2000  loss 0.0801  val macro-AUROC 0.7482 (best 0.7482, 71 labels)  0.4 min
step 360/2000  loss 0.0752  val macro-AUROC 0.7091 (best 0.7482, 71 labels)  0.4 min
step 400/2000  loss 0.0729  val macro-AUROC 0.7218 (best 0.7482, 71 labels)  0.5 min
step 440/2000  loss 0.0692  val macro-AUROC 0.7401 (best 0.7482, 71 labels)  0.5 min
step 480/2000  loss 0.0709  val macro-AUROC 0.7818 (best 0.7818, 71 labels)  0.6 min
step 520/2000  loss 0.0716  val macro-AUROC 0.7998 (best 0.7998, 71 labels)  0.6 min
step 560/2000  loss 0.0655  val macro-AUROC 0.7889 (best 0.7998, 71 labels)  0.6 min
step 600/2000  loss 0.0601  val macro-AUROC 0.7840 (best 0.7998, 71 labels)  0.7 min
step 640/2000  loss 0.0602  val macro-AUROC 0.7848 (best 0.7998, 71 labels)  0.7 min
step 680/2000  loss 0.0513  val macro-AUROC 0.8152 (best 0.8152, 71 labels)  0.8 min
step 720/2000  loss 0.0489  val macro-AUROC 0.7918 (best 0.8152, 71 labels)  0.8 min
step 760/2000  loss 0.0414  val macro-AUROC 0.8020 (best 0.8152, 71 labels)  0.9 min
step 800/2000  loss 0.0431  val macro-AUROC 0.7902 (best 0.8152, 71 labels)  0.9 min
step 840/2000  loss 0.0426  val macro-AUROC 0.7906 (best 0.8152, 71 labels)  1.0 min
step 880/2000  loss 0.0376  val macro-AUROC 0.7896 (best 0.8152, 71 labels)  1.0 min
step 920/2000  loss 0.0307  val macro-AUROC 0.7923 (best 0.8152, 71 labels)  1.1 min
step 960/2000  loss 0.0299  val macro-AUROC 0.7863 (best 0.8152, 71 labels)  1.1 min
step 1000/2000  loss 0.0326  val macro-AUROC 0.8042 (best 0.8152, 71 labels)  1.1 min
step 1040/2000  loss 0.0274  val macro-AUROC 0.7671 (best 0.8152, 71 labels)  1.2 min
step 1080/2000  loss 0.0284  val macro-AUROC 0.7903 (best 0.8152, 71 labels)  1.2 min
step 1120/2000  loss 0.0213  val macro-AUROC 0.7874 (best 0.8152, 71 labels)  1.3 min
step 1160/2000  loss 0.0221  val macro-AUROC 0.7705 (best 0.8152, 71 labels)  1.3 min
step 1200/2000  loss 0.0189  val macro-AUROC 0.7754 (best 0.8152, 71 labels)  1.4 min
step 1240/2000  loss 0.0207  val macro-AUROC 0.7779 (best 0.8152, 71 labels)  1.4 min
step 1280/2000  loss 0.0218  val macro-AUROC 0.7759 (best 0.8152, 71 labels)  1.5 min
step 1320/2000  loss 0.0173  val macro-AUROC 0.7770 (best 0.8152, 71 labels)  1.5 min
step 1360/2000  loss 0.0161  val macro-AUROC 0.7766 (best 0.8152, 71 labels)  1.6 min
step 1400/2000  loss 0.0142  val macro-AUROC 0.7655 (best 0.8152, 71 labels)  1.6 min
step 1440/2000  loss 0.0123  val macro-AUROC 0.7805 (best 0.8152, 71 labels)  1.6 min
step 1480/2000  loss 0.0101  val macro-AUROC 0.7834 (best 0.8152, 71 labels)  1.7 min
step 1520/2000  loss 0.0161  val macro-AUROC 0.7873 (best 0.8152, 71 labels)  1.7 min
step 1560/2000  loss 0.0133  val macro-AUROC 0.7804 (best 0.8152, 71 labels)  1.8 min
step 1600/2000  loss 0.0117  val macro-AUROC 0.7777 (best 0.8152, 71 labels)  1.8 min
step 1640/2000  loss 0.0101  val macro-AUROC 0.7843 (best 0.8152, 71 labels)  1.9 min
step 1680/2000  loss 0.0079  val macro-AUROC 0.7810 (best 0.8152, 71 labels)  1.9 min
step 1720/2000  loss 0.0093  val macro-AUROC 0.7784 (best 0.8152, 71 labels)  2.0 min
step 1760/2000  loss 0.0102  val macro-AUROC 0.7811 (best 0.8152, 71 labels)  2.0 min
step 1800/2000  loss 0.0084  val macro-AUROC 0.7824 (best 0.8152, 71 labels)  2.0 min
step 1840/2000  loss 0.0079  val macro-AUROC 0.7803 (best 0.8152, 71 labels)  2.1 min
step 1880/2000  loss 0.0065  val macro-AUROC 0.7813 (best 0.8152, 71 labels)  2.1 min
step 1920/2000  loss 0.0087  val macro-AUROC 0.7830 (best 0.8152, 71 labels)  2.2 min
step 1960/2000  loss 0.0077  val macro-AUROC 0.7822 (best 0.8152, 71 labels)  2.2 min
step 2000/2000  loss 0.0092  val macro-AUROC 0.7822 (best 0.8152, 71 labels)  2.3 min
{"run_id": "S0_b0.05_s3_lik0", "test_macro_auroc": 0.8172609719365911, "test_e3_macro_auroc": 0.9161498824431666, "sph_e3_macro_auroc": 0.933954039228118}
