S0_b0.25_s3_lik0: train=4384 records, 2000 steps, eval every 40, device=cuda
/tmp/robust-ecg-ssl/scripts/train.py:143: UserWarning: Converting a tensor with requires_grad=True to a scalar may lead to unexpected behavior.
Consider using tensor.detach() first. (Triggered internally at /pytorch/torch/csrc/autograd/generated/python_variable_methods.cpp:836.)
  print(f"step {step}/{total}  loss {float(loss):.4f}  val macro-AUROC {auc:.4f} "
step 40/2000  loss 0.8748  val macro-AUROC 0.5653 (best 0.5653, 71 labels)  0.1 min
step 80/2000  loss 0.7909  val macro-AUROC 0.6117 (best 0.6117, 71 labels)  0.1 min
step 120/2000  loss 0.6387  val macro-AUROC 0.6378 (best 0.6378, 71 labels)  0.2 min
step 160/2000  loss 0.3125  val macro-AUROC 0.6420 (best 0.6420, 71 labels)  0.2 min
step 200/2000  loss 0.1426  val macro-AUROC 0.7128 (best 0.7128, 71 labels)  0.2 min
step 240/2000  loss 0.1007  val macro-AUROC 0.7148 (best 0.7148, 71 labels)  0.3 min
step 280/2000  loss 0.0939  val macro-AUROC 0.7559 (best 0.7559, 71 labels)  0.3 min
step 320/2000  loss 0.0885  val macro-AUROC 0.7660 (best 0.7660, 71 labels)  0.4 min
step 360/2000  loss 0.0924  val macro-AUROC 0.7666 (best 0.7666, 71 labels)  0.4 min
step 400/2000  loss 0.0981  val macro-AUROC 0.7925 (best 0.7925, 71 labels)  0.5 min
step 440/2000  loss 0.0798  val macro-AUROC 0.8045 (best 0.8045, 71 labels)  0.5 min
step 480/2000  loss 0.1066  val macro-AUROC 0.7973 (best 0.8045, 71 labels)  0.6 min
step 520/2000  loss 0.0807  val macro-AUROC 0.8214 (best 0.8214, 71 labels)  0.6 min
step 560/2000  loss 0.0856  val macro-AUROC 0.8242 (best 0.8242, 71 labels)  0.7 min
step 600/2000  loss 0.0711  val macro-AUROC 0.8333 (best 0.8333, 71 labels)  0.7 min
step 640/2000  loss 0.0761  val macro-AUROC 0.8418 (best 0.8418, 71 labels)  0.8 min
step 680/2000  loss 0.0707  val macro-AUROC 0.8403 (best 0.8418, 71 labels)  0.8 min
step 720/2000  loss 0.0684  val macro-AUROC 0.8424 (best 0.8424, 71 labels)  0.8 min
step 760/2000  loss 0.0739  val macro-AUROC 0.8413 (best 0.8424, 71 labels)  0.9 min
step 800/2000  loss 0.0819  val macro-AUROC 0.8553 (best 0.8553, 71 labels)  0.9 min
step 840/2000  loss 0.0675  val macro-AUROC 0.8584 (best 0.8584, 71 labels)  1.0 min
step 880/2000  loss 0.0654  val macro-AUROC 0.8453 (best 0.8584, 71 labels)  1.0 min
step 920/2000  loss 0.0765  val macro-AUROC 0.8621 (best 0.8621, 71 labels)  1.1 min
step 960/2000  loss 0.0613  val macro-AUROC 0.8682 (best 0.8682, 71 labels)  1.1 min
step 1000/2000  loss 0.0688  val macro-AUROC 0.8661 (best 0.8682, 71 labels)  1.2 min
step 1040/2000  loss 0.0666  val macro-AUROC 0.8661 (best 0.8682, 71 labels)  1.2 min
step 1080/2000  loss 0.0653  val macro-AUROC 0.8635 (best 0.8682, 71 labels)  1.3 min
step 1120/2000  loss 0.0660  val macro-AUROC 0.8637 (best 0.8682, 71 labels)  1.3 min
step 1160/2000  loss 0.0579  val macro-AUROC 0.8677 (best 0.8682, 71 labels)  1.4 min
step 1200/2000  loss 0.0577  val macro-AUROC 0.8731 (best 0.8731, 71 labels)  1.4 min
step 1240/2000  loss 0.0559  val macro-AUROC 0.8716 (best 0.8731, 71 labels)  1.4 min
step 1280/2000  loss 0.0621  val macro-AUROC 0.8763 (best 0.8763, 71 labels)  1.5 min
step 1320/2000  loss 0.0604  val macro-AUROC 0.8692 (best 0.8763, 71 labels)  1.5 min
step 1360/2000  loss 0.0588  val macro-AUROC 0.8735 (best 0.8763, 71 labels)  1.6 min
step 1400/2000  loss 0.0570  val macro-AUROC 0.8720 (best 0.8763, 71 labels)  1.6 min
step 1440/2000  loss 0.0495  val macro-AUROC 0.8762 (best 0.8763, 71 labels)  1.7 min
step 1480/2000  loss 0.0520  val macro-AUROC 0.8758 (best 0.8763, 71 labels)  1.7 min
step 1520/2000  loss 0.0573  val macro-AUROC 0.8811 (best 0.8811, 71 labels)  1.8 min
step 1560/2000  loss 0.0549  val macro-AUROC 0.8842 (best 0.8842, 71 labels)  1.8 min
step 1600/2000  loss 0.0559  val macro-AUROC 0.8788 (best 0.8842, 71 labels)  1.9 min
step 1640/2000  loss 0.0461  val macro-AUROC 0.8795 (best 0.8842, 71 labels)  1.9 min
step 1680/2000  loss 0.0532  val macro-AUROC 0.8802 (best 0.8842, 71 labels)  2.0 min
step 1720/2000  loss 0.0478  val macro-AUROC 0.8805 (best 0.8842, 71 labels)  2.0 min
step 1760/2000  loss 0.0549  val macro-AUROC 0.8818 (best 0.8842, 71 labels)  2.0 min
step 1800/2000  loss 0.0560  val macro-AUROC 0.8822 (best 0.8842, 71 labels)  2.1 min
step 1840/2000  loss 0.0573  val macro-AUROC 0.8826 (best 0.8842, 71 labels)  2.1 min
step 1880/2000  loss 0.0581  val macro-AUROC 0.8822 (best 0.8842, 71 labels)  2.2 min
step 1920/2000  loss 0.0485  val macro-AUROC 0.8817 (best 0.8842, 71 labels)  2.2 min
step 1960/2000  loss 0.0544  val macro-AUROC 0.8814 (best 0.8842, 71 labels)  2.3 min
step 2000/2000  loss 0.0516  val macro-AUROC 0.8819 (best 0.8842, 71 labels)  2.3 min
{"run_id": "S0_b0.25_s3_lik0", "test_macro_auroc": 0.8904028869918968, "test_e3_macro_auroc": 0.9639262111076099, "sph_e3_macro_auroc": 0.9655170909044813}
