S0_b0.01_s2_lik0: train=165 records, 2000 steps, eval every 40, device=cuda
/tmp/robust-ecg-ssl/scripts/train.py:143: UserWarning: Converting a tensor with requires_grad=True to a scalar may lead to unexpected behavior.
Consider using tensor.detach() first. (Triggered internally at /pytorch/torch/csrc/autograd/generated/python_variable_methods.cpp:836.)
  print(f"step {step}/{total}  loss {float(loss):.4f}  val macro-AUROC {auc:.4f} "
step 40/2000  loss 0.8586  val macro-AUROC 0.5580 (best 0.5580, 71 labels)  0.1 min
step 80/2000  loss 0.7611  val macro-AUROC 0.5761 (best 0.5761, 71 labels)  0.1 min
step 120/2000  loss 0.5934  val macro-AUROC 0.6075 (best 0.6075, 71 labels)  0.2 min
step 160/2000  loss 0.2780  val macro-AUROC 0.6132 (best 0.6132, 71 labels)  0.2 min
step 200/2000  loss 0.0999  val macro-AUROC 0.6556 (best 0.6556, 71 labels)  0.3 min
step 240/2000  loss 0.0647  val macro-AUROC 0.6925 (best 0.6925, 71 labels)  0.3 min
step 280/2000  loss 0.0649  val macro-AUROC 0.6181 (best 0.6925, 71 labels)  0.3 min
step 320/2000  loss 0.0467  val macro-AUROC 0.6554 (best 0.6925, 71 labels)  0.4 min
step 360/2000  loss 0.0326  val macro-AUROC 0.6628 (best 0.6925, 71 labels)  0.4 min
step 400/2000  loss 0.0228  val macro-AUROC 0.6325 (best 0.6925, 71 labels)  0.5 min
step 440/2000  loss 0.0213  val macro-AUROC 0.6631 (best 0.6925, 71 labels)  0.5 min
step 480/2000  loss 0.0142  val macro-AUROC 0.6481 (best 0.6925, 71 labels)  0.6 min
step 520/2000  loss 0.0157  val macro-AUROC 0.6493 (best 0.6925, 71 labels)  0.6 min
step 560/2000  loss 0.0100  val macro-AUROC 0.6619 (best 0.6925, 71 labels)  0.7 min
step 600/2000  loss 0.0092  val macro-AUROC 0.6626 (best 0.6925, 71 labels)  0.7 min
step 640/2000  loss 0.0066  val macro-AUROC 0.6679 (best 0.6925, 71 labels)  0.8 min
step 680/2000  loss 0.0081  val macro-AUROC 0.6404 (best 0.6925, 71 labels)  0.8 min
step 720/2000  loss 0.0045  val macro-AUROC 0.6536 (best 0.6925, 71 labels)  0.9 min
step 760/2000  loss 0.0040  val macro-AUROC 0.6455 (best 0.6925, 71 labels)  0.9 min
step 800/2000  loss 0.0050  val macro-AUROC 0.6902 (best 0.6925, 71 labels)  1.0 min
step 840/2000  loss 0.0045  val macro-AUROC 0.6977 (best 0.6977, 71 labels)  1.0 min
step 880/2000  loss 0.0034  val macro-AUROC 0.6833 (best 0.6977, 71 labels)  1.0 min
step 920/2000  loss 0.0033  val macro-AUROC 0.6895 (best 0.6977, 71 labels)  1.1 min
step 960/2000  loss 0.0032  val macro-AUROC 0.6854 (best 0.6977, 71 labels)  1.1 min
step 1000/2000  loss 0.0030  val macro-AUROC 0.6813 (best 0.6977, 71 labels)  1.2 min
step 1040/2000  loss 0.0028  val macro-AUROC 0.7153 (best 0.7153, 71 labels)  1.2 min
step 1080/2000  loss 0.0034  val macro-AUROC 0.6632 (best 0.7153, 71 labels)  1.3 min
step 1120/2000  loss 0.0018  val macro-AUROC 0.6798 (best 0.7153, 71 labels)  1.3 min
step 1160/2000  loss 0.0023  val macro-AUROC 0.6582 (best 0.7153, 71 labels)  1.4 min
step 1200/2000  loss 0.0022  val macro-AUROC 0.6929 (best 0.7153, 71 labels)  1.4 min
step 1240/2000  loss 0.0019  val macro-AUROC 0.6736 (best 0.7153, 71 labels)  1.5 min
step 1280/2000  loss 0.0018  val macro-AUROC 0.6725 (best 0.7153, 71 labels)  1.5 min
step 1320/2000  loss 0.0015  val macro-AUROC 0.6616 (best 0.7153, 71 labels)  1.6 min
step 1360/2000  loss 0.0015  val macro-AUROC 0.7030 (best 0.7153, 71 labels)  1.6 min
step 1400/2000  loss 0.0017  val macro-AUROC 0.6634 (best 0.7153, 71 labels)  1.7 min
step 1440/2000  loss 0.0015  val macro-AUROC 0.6674 (best 0.7153, 71 labels)  1.7 min
step 1480/2000  loss 0.0018  val macro-AUROC 0.6797 (best 0.7153, 71 labels)  1.8 min
step 1520/2000  loss 0.0013  val macro-AUROC 0.6717 (best 0.7153, 71 labels)  1.8 min
step 1560/2000  loss 0.0016  val macro-AUROC 0.6906 (best 0.7153, 71 labels)  1.9 min
step 1600/2000  loss 0.0015  val macro-AUROC 0.6969 (best 0.7153, 71 labels)  1.9 min
step 1640/2000  loss 0.0022  val macro-AUROC 0.6733 (best 0.7153, 71 labels)  1.9 min
step 1680/2000  loss 0.0012  val macro-AUROC 0.6758 (best 0.7153, 71 labels)  2.0 min
step 1720/2000  loss 0.0017  val macro-AUROC 0.6901 (best 0.7153, 71 labels)  2.0 min
step 1760/2000  loss 0.0011  val macro-AUROC 0.6784 (best 0.7153, 71 labels)  2.1 min
step 1800/2000  loss 0.0008  val macro-AUROC 0.6692 (best 0.7153, 71 labels)  2.1 min
step 1840/2000  loss 0.0022  val macro-AUROC 0.6681 (best 0.7153, 71 labels)  2.2 min
step 1880/2000  loss 0.0014  val macro-AUROC 0.6737 (best 0.7153, 71 labels)  2.2 min
step 1920/2000  loss 0.0011  val macro-AUROC 0.6697 (best 0.7153, 71 labels)  2.3 min
step 1960/2000  loss 0.0021  val macro-AUROC 0.6693 (best 0.7153, 71 labels)  2.3 min
step 2000/2000  loss 0.0010  val macro-AUROC 0.6717 (best 0.7153, 71 labels)  2.4 min
{"run_id": "S0_b0.01_s2_lik0", "test_macro_auroc": 0.683362329314589, "test_e3_macro_auroc": 0.8134447996426721, "sph_e3_macro_auroc": 0.8557221727915139}
