S0_b0.1_s4_lik0: train=1752 records, 2000 steps, eval every 40, device=cuda
/tmp/robust-ecg-ssl/scripts/train.py:143: UserWarning: Converting a tensor with requires_grad=True to a scalar may lead to unexpected behavior.
Consider using tensor.detach() first. (Triggered internally at /pytorch/torch/csrc/autograd/generated/python_variable_methods.cpp:836.)
  print(f"step {step}/{total}  loss {float(loss):.4f}  val macro-AUROC {auc:.4f} "
step 40/2000  loss 0.8782  val macro-AUROC 0.5780 (best 0.5780, 71 labels)  0.1 min
step 80/2000  loss 0.7746  val macro-AUROC 0.6083 (best 0.6083, 71 labels)  0.1 min
step 120/2000  loss 0.6249  val macro-AUROC 0.6191 (best 0.6191, 71 labels)  0.2 min
step 160/2000  loss 0.3369  val macro-AUROC 0.6310 (best 0.6310, 71 labels)  0.2 min
step 200/2000  loss 0.1306  val macro-AUROC 0.7167 (best 0.7167, 71 labels)  0.2 min
step 240/2000  loss 0.1210  val macro-AUROC 0.7321 (best 0.7321, 71 labels)  0.3 min
step 280/2000  loss 0.1048  val macro-AUROC 0.7475 (best 0.7475, 71 labels)  0.3 min
step 320/2000  loss 0.0887  val macro-AUROC 0.7630 (best 0.7630, 71 labels)  0.4 min
step 360/2000  loss 0.0862  val macro-AUROC 0.7835 (best 0.7835, 71 labels)  0.4 min
step 400/2000  loss 0.0832  val macro-AUROC 0.7893 (best 0.7893, 71 labels)  0.5 min
step 440/2000  loss 0.0875  val macro-AUROC 0.8082 (best 0.8082, 71 labels)  0.5 min
step 480/2000  loss 0.0881  val macro-AUROC 0.8197 (best 0.8197, 71 labels)  0.6 min
step 520/2000  loss 0.0915  val macro-AUROC 0.7948 (best 0.8197, 71 labels)  0.6 min
step 560/2000  loss 0.0848  val macro-AUROC 0.8188 (best 0.8197, 71 labels)  0.7 min
step 600/2000  loss 0.0878  val macro-AUROC 0.8264 (best 0.8264, 71 labels)  0.7 min
step 640/2000  loss 0.0693  val macro-AUROC 0.8271 (best 0.8271, 71 labels)  0.8 min
step 680/2000  loss 0.0748  val macro-AUROC 0.8172 (best 0.8271, 71 labels)  0.8 min
step 720/2000  loss 0.0768  val macro-AUROC 0.8272 (best 0.8272, 71 labels)  0.9 min
step 760/2000  loss 0.0645  val macro-AUROC 0.8230 (best 0.8272, 71 labels)  0.9 min
step 800/2000  loss 0.0588  val macro-AUROC 0.8322 (best 0.8322, 71 labels)  1.0 min
step 840/2000  loss 0.0619  val macro-AUROC 0.8366 (best 0.8366, 71 labels)  1.0 min
step 880/2000  loss 0.0655  val macro-AUROC 0.8211 (best 0.8366, 71 labels)  1.1 min
step 920/2000  loss 0.0569  val macro-AUROC 0.8326 (best 0.8366, 71 labels)  1.1 min
step 960/2000  loss 0.0580  val macro-AUROC 0.8356 (best 0.8366, 71 labels)  1.1 min
step 1000/2000  loss 0.0476  val macro-AUROC 0.8492 (best 0.8492, 71 labels)  1.2 min
step 1040/2000  loss 0.0595  val macro-AUROC 0.8442 (best 0.8492, 71 labels)  1.2 min
step 1080/2000  loss 0.0589  val macro-AUROC 0.8453 (best 0.8492, 71 labels)  1.3 min
step 1120/2000  loss 0.0502  val macro-AUROC 0.8478 (best 0.8492, 71 labels)  1.3 min
step 1160/2000  loss 0.0484  val macro-AUROC 0.8421 (best 0.8492, 71 labels)  1.4 min
step 1200/2000  loss 0.0444  val macro-AUROC 0.8505 (best 0.8505, 71 labels)  1.4 min
step 1240/2000  loss 0.0436  val macro-AUROC 0.8336 (best 0.8505, 71 labels)  1.5 min
step 1280/2000  loss 0.0442  val macro-AUROC 0.8439 (best 0.8505, 71 labels)  1.5 min
step 1320/2000  loss 0.0461  val macro-AUROC 0.8271 (best 0.8505, 71 labels)  1.6 min
step 1360/2000  loss 0.0380  val macro-AUROC 0.8428 (best 0.8505, 71 labels)  1.6 min
step 1400/2000  loss 0.0374  val macro-AUROC 0.8490 (best 0.8505, 71 labels)  1.7 min
step 1440/2000  loss 0.0377  val macro-AUROC 0.8367 (best 0.8505, 71 labels)  1.7 min
step 1480/2000  loss 0.0353  val macro-AUROC 0.8503 (best 0.8505, 71 labels)  1.8 min
step 1520/2000  loss 0.0350  val macro-AUROC 0.8461 (best 0.8505, 71 labels)  1.8 min
step 1560/2000  loss 0.0340  val macro-AUROC 0.8462 (best 0.8505, 71 labels)  1.9 min
step 1600/2000  loss 0.0277  val macro-AUROC 0.8379 (best 0.8505, 71 labels)  1.9 min
step 1640/2000  loss 0.0279  val macro-AUROC 0.8400 (best 0.8505, 71 labels)  1.9 min
step 1680/2000  loss 0.0263  val macro-AUROC 0.8439 (best 0.8505, 71 labels)  2.0 min
step 1720/2000  loss 0.0265  val macro-AUROC 0.8448 (best 0.8505, 71 labels)  2.0 min
step 1760/2000  loss 0.0292  val macro-AUROC 0.8431 (best 0.8505, 71 labels)  2.1 min
step 1800/2000  loss 0.0300  val macro-AUROC 0.8442 (best 0.8505, 71 labels)  2.1 min
step 1840/2000  loss 0.0267  val macro-AUROC 0.8446 (best 0.8505, 71 labels)  2.2 min
step 1880/2000  loss 0.0252  val macro-AUROC 0.8446 (best 0.8505, 71 labels)  2.2 min
step 1920/2000  loss 0.0249  val macro-AUROC 0.8429 (best 0.8505, 71 labels)  2.3 min
step 1960/2000  loss 0.0290  val macro-AUROC 0.8429 (best 0.8505, 71 labels)  2.3 min
step 2000/2000  loss 0.0258  val macro-AUROC 0.8435 (best 0.8505, 71 labels)  2.4 min
{"run_id": "S0_b0.1_s4_lik0", "test_macro_auroc": 0.8484111496121275, "test_e3_macro_auroc": 0.9343221387689375, "sph_e3_macro_auroc": 0.9508598313546011}
