S0_b0.25_s2_lik0: train=4378 records, 2000 steps, eval every 40, device=cuda
/tmp/robust-ecg-ssl/scripts/train.py:143: UserWarning: Converting a tensor with requires_grad=True to a scalar may lead to unexpected behavior.
Consider using tensor.detach() first. (Triggered internally at /pytorch/torch/csrc/autograd/generated/python_variable_methods.cpp:836.)
  print(f"step {step}/{total}  loss {float(loss):.4f}  val macro-AUROC {auc:.4f} "
step 40/2000  loss 0.8788  val macro-AUROC 0.5640 (best 0.5640, 71 labels)  0.1 min
step 80/2000  loss 0.7745  val macro-AUROC 0.5848 (best 0.5848, 71 labels)  0.1 min
step 120/2000  loss 0.6393  val macro-AUROC 0.6182 (best 0.6182, 71 labels)  0.2 min
step 160/2000  loss 0.2979  val macro-AUROC 0.6854 (best 0.6854, 71 labels)  0.2 min
step 200/2000  loss 0.1297  val macro-AUROC 0.7229 (best 0.7229, 71 labels)  0.3 min
step 240/2000  loss 0.0983  val macro-AUROC 0.7444 (best 0.7444, 71 labels)  0.3 min
step 280/2000  loss 0.0991  val macro-AUROC 0.7377 (best 0.7444, 71 labels)  0.3 min
step 320/2000  loss 0.0948  val macro-AUROC 0.7864 (best 0.7864, 71 labels)  0.4 min
step 360/2000  loss 0.0899  val macro-AUROC 0.7957 (best 0.7957, 71 labels)  0.4 min
step 400/2000  loss 0.0946  val macro-AUROC 0.7603 (best 0.7957, 71 labels)  0.5 min
step 440/2000  loss 0.0862  val macro-AUROC 0.8177 (best 0.8177, 71 labels)  0.5 min
step 480/2000  loss 0.0899  val macro-AUROC 0.8342 (best 0.8342, 71 labels)  0.6 min
step 520/2000  loss 0.0799  val macro-AUROC 0.7691 (best 0.8342, 71 labels)  0.6 min
step 560/2000  loss 0.0765  val macro-AUROC 0.8346 (best 0.8346, 71 labels)  0.7 min
step 600/2000  loss 0.0884  val macro-AUROC 0.8410 (best 0.8410, 71 labels)  0.7 min
step 640/2000  loss 0.0718  val macro-AUROC 0.8228 (best 0.8410, 71 labels)  0.8 min
step 680/2000  loss 0.0766  val macro-AUROC 0.8521 (best 0.8521, 71 labels)  0.8 min
step 720/2000  loss 0.0714  val macro-AUROC 0.8531 (best 0.8531, 71 labels)  0.8 min
step 760/2000  loss 0.0750  val macro-AUROC 0.8503 (best 0.8531, 71 labels)  0.9 min
step 800/2000  loss 0.0801  val macro-AUROC 0.8606 (best 0.8606, 71 labels)  0.9 min
step 840/2000  loss 0.0670  val macro-AUROC 0.8500 (best 0.8606, 71 labels)  1.0 min
step 880/2000  loss 0.0724  val macro-AUROC 0.8754 (best 0.8754, 71 labels)  1.0 min
step 920/2000  loss 0.0670  val macro-AUROC 0.8692 (best 0.8754, 71 labels)  1.1 min
step 960/2000  loss 0.0635  val macro-AUROC 0.8777 (best 0.8777, 71 labels)  1.1 min
step 1000/2000  loss 0.0710  val macro-AUROC 0.8748 (best 0.8777, 71 labels)  1.2 min
step 1040/2000  loss 0.0648  val macro-AUROC 0.8809 (best 0.8809, 71 labels)  1.2 min
step 1080/2000  loss 0.0614  val macro-AUROC 0.8690 (best 0.8809, 71 labels)  1.3 min
step 1120/2000  loss 0.0643  val macro-AUROC 0.8826 (best 0.8826, 71 labels)  1.3 min
step 1160/2000  loss 0.0619  val macro-AUROC 0.8792 (best 0.8826, 71 labels)  1.3 min
step 1200/2000  loss 0.0734  val macro-AUROC 0.8847 (best 0.8847, 71 labels)  1.4 min
step 1240/2000  loss 0.0553  val macro-AUROC 0.8709 (best 0.8847, 71 labels)  1.4 min
step 1280/2000  loss 0.0696  val macro-AUROC 0.8814 (best 0.8847, 71 labels)  1.5 min
step 1320/2000  loss 0.0669  val macro-AUROC 0.8830 (best 0.8847, 71 labels)  1.5 min
step 1360/2000  loss 0.0601  val macro-AUROC 0.8896 (best 0.8896, 71 labels)  1.6 min
step 1400/2000  loss 0.0700  val macro-AUROC 0.8799 (best 0.8896, 71 labels)  1.6 min
step 1440/2000  loss 0.0594  val macro-AUROC 0.8859 (best 0.8896, 71 labels)  1.7 min
step 1480/2000  loss 0.0635  val macro-AUROC 0.8880 (best 0.8896, 71 labels)  1.7 min
step 1520/2000  loss 0.0541  val macro-AUROC 0.8840 (best 0.8896, 71 labels)  1.8 min
step 1560/2000  loss 0.0465  val macro-AUROC 0.8898 (best 0.8898, 71 labels)  1.8 min
step 1600/2000  loss 0.0468  val macro-AUROC 0.8861 (best 0.8898, 71 labels)  1.9 min
step 1640/2000  loss 0.0584  val macro-AUROC 0.8858 (best 0.8898, 71 labels)  1.9 min
step 1680/2000  loss 0.0539  val macro-AUROC 0.8879 (best 0.8898, 71 labels)  1.9 min
step 1720/2000  loss 0.0522  val macro-AUROC 0.8887 (best 0.8898, 71 labels)  2.0 min
step 1760/2000  loss 0.0517  val macro-AUROC 0.8886 (best 0.8898, 71 labels)  2.0 min
step 1800/2000  loss 0.0503  val macro-AUROC 0.8883 (best 0.8898, 71 labels)  2.1 min
step 1840/2000  loss 0.0467  val macro-AUROC 0.8887 (best 0.8898, 71 labels)  2.1 min
step 1880/2000  loss 0.0580  val macro-AUROC 0.8886 (best 0.8898, 71 labels)  2.2 min
step 1920/2000  loss 0.0621  val macro-AUROC 0.8878 (best 0.8898, 71 labels)  2.2 min
step 1960/2000  loss 0.0422  val macro-AUROC 0.8881 (best 0.8898, 71 labels)  2.3 min
step 2000/2000  loss 0.0532  val macro-AUROC 0.8879 (best 0.8898, 71 labels)  2.3 min
{"run_id": "S0_b0.25_s2_lik0", "test_macro_auroc": 0.8752870082835111, "test_e3_macro_auroc": 0.9594169974893413, "sph_e3_macro_auroc": 0.9665117743657977}
