S0_b0.1_s2_lik0: train=1717 records, 2000 steps, eval every 40, device=cuda
/tmp/robust-ecg-ssl/scripts/train.py:143: UserWarning: Converting a tensor with requires_grad=True to a scalar may lead to unexpected behavior.
Consider using tensor.detach() first. (Triggered internally at /pytorch/torch/csrc/autograd/generated/python_variable_methods.cpp:836.)
  print(f"step {step}/{total}  loss {float(loss):.4f}  val macro-AUROC {auc:.4f} "
step 40/2000  loss 0.8454  val macro-AUROC 0.5442 (best 0.5442, 71 labels)  0.1 min
step 80/2000  loss 0.7514  val macro-AUROC 0.5885 (best 0.5885, 71 labels)  0.1 min
step 120/2000  loss 0.6187  val macro-AUROC 0.6093 (best 0.6093, 71 labels)  0.2 min
step 160/2000  loss 0.3414  val macro-AUROC 0.6592 (best 0.6592, 71 labels)  0.2 min
step 200/2000  loss 0.1362  val macro-AUROC 0.7434 (best 0.7434, 71 labels)  0.3 min
step 240/2000  loss 0.0897  val macro-AUROC 0.7542 (best 0.7542, 71 labels)  0.3 min
step 280/2000  loss 0.0895  val macro-AUROC 0.7659 (best 0.7659, 71 labels)  0.4 min
step 320/2000  loss 0.0966  val macro-AUROC 0.7503 (best 0.7659, 71 labels)  0.4 min
step 360/2000  loss 0.0784  val macro-AUROC 0.8093 (best 0.8093, 71 labels)  0.4 min
step 400/2000  loss 0.0946  val macro-AUROC 0.8028 (best 0.8093, 71 labels)  0.5 min
step 440/2000  loss 0.0818  val macro-AUROC 0.8203 (best 0.8203, 71 labels)  0.5 min
step 480/2000  loss 0.0708  val macro-AUROC 0.8226 (best 0.8226, 71 labels)  0.6 min
step 520/2000  loss 0.0695  val macro-AUROC 0.8255 (best 0.8255, 71 labels)  0.6 min
step 560/2000  loss 0.0650  val macro-AUROC 0.7359 (best 0.8255, 71 labels)  0.7 min
step 600/2000  loss 0.0768  val macro-AUROC 0.8384 (best 0.8384, 71 labels)  0.7 min
step 640/2000  loss 0.0697  val macro-AUROC 0.8417 (best 0.8417, 71 labels)  0.8 min
step 680/2000  loss 0.0692  val macro-AUROC 0.8245 (best 0.8417, 71 labels)  0.8 min
step 720/2000  loss 0.0584  val macro-AUROC 0.8555 (best 0.8555, 71 labels)  0.9 min
step 760/2000  loss 0.0618  val macro-AUROC 0.8436 (best 0.8555, 71 labels)  0.9 min
step 800/2000  loss 0.0627  val macro-AUROC 0.8610 (best 0.8610, 71 labels)  0.9 min
step 840/2000  loss 0.0660  val macro-AUROC 0.8276 (best 0.8610, 71 labels)  1.0 min
step 880/2000  loss 0.0602  val macro-AUROC 0.8548 (best 0.8610, 71 labels)  1.0 min
step 920/2000  loss 0.0687  val macro-AUROC 0.8443 (best 0.8610, 71 labels)  1.1 min
step 960/2000  loss 0.0706  val macro-AUROC 0.8560 (best 0.8610, 71 labels)  1.1 min
step 1000/2000  loss 0.0649  val macro-AUROC 0.8499 (best 0.8610, 71 labels)  1.2 min
step 1040/2000  loss 0.0528  val macro-AUROC 0.8612 (best 0.8612, 71 labels)  1.2 min
step 1080/2000  loss 0.0460  val macro-AUROC 0.8484 (best 0.8612, 71 labels)  1.2 min
step 1120/2000  loss 0.0464  val macro-AUROC 0.8433 (best 0.8612, 71 labels)  1.3 min
step 1160/2000  loss 0.0525  val macro-AUROC 0.8637 (best 0.8637, 71 labels)  1.3 min
step 1200/2000  loss 0.0436  val macro-AUROC 0.8503 (best 0.8637, 71 labels)  1.4 min
step 1240/2000  loss 0.0482  val macro-AUROC 0.8522 (best 0.8637, 71 labels)  1.4 min
step 1280/2000  loss 0.0525  val macro-AUROC 0.8502 (best 0.8637, 71 labels)  1.5 min
step 1320/2000  loss 0.0365  val macro-AUROC 0.8364 (best 0.8637, 71 labels)  1.5 min
step 1360/2000  loss 0.0388  val macro-AUROC 0.8475 (best 0.8637, 71 labels)  1.6 min
step 1400/2000  loss 0.0383  val macro-AUROC 0.8467 (best 0.8637, 71 labels)  1.6 min
step 1440/2000  loss 0.0325  val macro-AUROC 0.8442 (best 0.8637, 71 labels)  1.7 min
step 1480/2000  loss 0.0412  val macro-AUROC 0.8405 (best 0.8637, 71 labels)  1.7 min
step 1520/2000  loss 0.0311  val macro-AUROC 0.8459 (best 0.8637, 71 labels)  1.8 min
step 1560/2000  loss 0.0352  val macro-AUROC 0.8435 (best 0.8637, 71 labels)  1.8 min
step 1600/2000  loss 0.0313  val macro-AUROC 0.8437 (best 0.8637, 71 labels)  1.8 min
step 1640/2000  loss 0.0254  val macro-AUROC 0.8430 (best 0.8637, 71 labels)  1.9 min
step 1680/2000  loss 0.0293  val macro-AUROC 0.8446 (best 0.8637, 71 labels)  1.9 min
step 1720/2000  loss 0.0204  val macro-AUROC 0.8415 (best 0.8637, 71 labels)  2.0 min
step 1760/2000  loss 0.0218  val macro-AUROC 0.8413 (best 0.8637, 71 labels)  2.0 min
step 1800/2000  loss 0.0220  val macro-AUROC 0.8393 (best 0.8637, 71 labels)  2.1 min
step 1840/2000  loss 0.0256  val macro-AUROC 0.8408 (best 0.8637, 71 labels)  2.1 min
step 1880/2000  loss 0.0224  val macro-AUROC 0.8413 (best 0.8637, 71 labels)  2.2 min
step 1920/2000  loss 0.0282  val macro-AUROC 0.8399 (best 0.8637, 71 labels)  2.2 min
step 1960/2000  loss 0.0246  val macro-AUROC 0.8397 (best 0.8637, 71 labels)  2.3 min
step 2000/2000  loss 0.0261  val macro-AUROC 0.8405 (best 0.8637, 71 labels)  2.3 min
{"run_id": "S0_b0.1_s2_lik0", "test_macro_auroc": 0.8461942468369521, "test_e3_macro_auroc": 0.939451124030144, "sph_e3_macro_auroc": 0.9564285148775105}
