S0_b0.01_s3_lik0: train=186 records, 2000 steps, eval every 40, device=cuda
/tmp/robust-ecg-ssl/scripts/train.py:143: UserWarning: Converting a tensor with requires_grad=True to a scalar may lead to unexpected behavior.
Consider using tensor.detach() first. (Triggered internally at /pytorch/torch/csrc/autograd/generated/python_variable_methods.cpp:836.)
  print(f"step {step}/{total}  loss {float(loss):.4f}  val macro-AUROC {auc:.4f} "
step 40/2000  loss 0.8693  val macro-AUROC 0.5441 (best 0.5441, 71 labels)  0.1 min
step 80/2000  loss 0.7720  val macro-AUROC 0.5698 (best 0.5698, 71 labels)  0.1 min
step 120/2000  loss 0.6011  val macro-AUROC 0.5633 (best 0.5698, 71 labels)  0.1 min
step 160/2000  loss 0.3217  val macro-AUROC 0.5790 (best 0.5790, 71 labels)  0.2 min
step 200/2000  loss 0.1054  val macro-AUROC 0.5836 (best 0.5836, 71 labels)  0.2 min
step 240/2000  loss 0.0742  val macro-AUROC 0.6717 (best 0.6717, 71 labels)  0.3 min
step 280/2000  loss 0.0608  val macro-AUROC 0.6499 (best 0.6717, 71 labels)  0.3 min
step 320/2000  loss 0.0502  val macro-AUROC 0.6075 (best 0.6717, 71 labels)  0.4 min
step 360/2000  loss 0.0289  val macro-AUROC 0.5939 (best 0.6717, 71 labels)  0.4 min
step 400/2000  loss 0.0266  val macro-AUROC 0.5929 (best 0.6717, 71 labels)  0.5 min
step 440/2000  loss 0.0186  val macro-AUROC 0.6374 (best 0.6717, 71 labels)  0.5 min
step 480/2000  loss 0.0143  val macro-AUROC 0.5897 (best 0.6717, 71 labels)  0.6 min
step 520/2000  loss 0.0110  val macro-AUROC 0.6328 (best 0.6717, 71 labels)  0.6 min
step 560/2000  loss 0.0097  val macro-AUROC 0.6069 (best 0.6717, 71 labels)  0.6 min
step 600/2000  loss 0.0082  val macro-AUROC 0.6096 (best 0.6717, 71 labels)  0.7 min
step 640/2000  loss 0.0083  val macro-AUROC 0.6012 (best 0.6717, 71 labels)  0.7 min
step 680/2000  loss 0.0062  val macro-AUROC 0.6255 (best 0.6717, 71 labels)  0.8 min
step 720/2000  loss 0.0062  val macro-AUROC 0.6465 (best 0.6717, 71 labels)  0.8 min
step 760/2000  loss 0.0048  val macro-AUROC 0.6084 (best 0.6717, 71 labels)  0.9 min
step 800/2000  loss 0.0050  val macro-AUROC 0.6012 (best 0.6717, 71 labels)  0.9 min
step 840/2000  loss 0.0059  val macro-AUROC 0.6593 (best 0.6717, 71 labels)  1.0 min
step 880/2000  loss 0.0043  val macro-AUROC 0.6213 (best 0.6717, 71 labels)  1.0 min
step 920/2000  loss 0.0039  val macro-AUROC 0.6322 (best 0.6717, 71 labels)  1.1 min
step 960/2000  loss 0.0040  val macro-AUROC 0.6301 (best 0.6717, 71 labels)  1.1 min
step 1000/2000  loss 0.0032  val macro-AUROC 0.6337 (best 0.6717, 71 labels)  1.1 min
step 1040/2000  loss 0.0031  val macro-AUROC 0.6127 (best 0.6717, 71 labels)  1.2 min
step 1080/2000  loss 0.0041  val macro-AUROC 0.6169 (best 0.6717, 71 labels)  1.2 min
step 1120/2000  loss 0.0037  val macro-AUROC 0.6360 (best 0.6717, 71 labels)  1.3 min
step 1160/2000  loss 0.0025  val macro-AUROC 0.6039 (best 0.6717, 71 labels)  1.3 min
step 1200/2000  loss 0.0018  val macro-AUROC 0.6363 (best 0.6717, 71 labels)  1.4 min
step 1240/2000  loss 0.0025  val macro-AUROC 0.6411 (best 0.6717, 71 labels)  1.4 min
step 1280/2000  loss 0.0021  val macro-AUROC 0.6382 (best 0.6717, 71 labels)  1.5 min
step 1320/2000  loss 0.0014  val macro-AUROC 0.6177 (best 0.6717, 71 labels)  1.5 min
step 1360/2000  loss 0.0019  val macro-AUROC 0.6405 (best 0.6717, 71 labels)  1.5 min
step 1400/2000  loss 0.0024  val macro-AUROC 0.6441 (best 0.6717, 71 labels)  1.6 min
step 1440/2000  loss 0.0017  val macro-AUROC 0.6405 (best 0.6717, 71 labels)  1.6 min
step 1480/2000  loss 0.0015  val macro-AUROC 0.6376 (best 0.6717, 71 labels)  1.7 min
step 1520/2000  loss 0.0019  val macro-AUROC 0.6334 (best 0.6717, 71 labels)  1.7 min
step 1560/2000  loss 0.0018  val macro-AUROC 0.6307 (best 0.6717, 71 labels)  1.8 min
step 1600/2000  loss 0.0017  val macro-AUROC 0.6396 (best 0.6717, 71 labels)  1.8 min
step 1640/2000  loss 0.0016  val macro-AUROC 0.6331 (best 0.6717, 71 labels)  1.8 min
step 1680/2000  loss 0.0012  val macro-AUROC 0.6335 (best 0.6717, 71 labels)  1.9 min
step 1720/2000  loss 0.0013  val macro-AUROC 0.6368 (best 0.6717, 71 labels)  1.9 min
step 1760/2000  loss 0.0018  val macro-AUROC 0.6339 (best 0.6717, 71 labels)  2.0 min
step 1800/2000  loss 0.0013  val macro-AUROC 0.6304 (best 0.6717, 71 labels)  2.0 min
step 1840/2000  loss 0.0016  val macro-AUROC 0.6281 (best 0.6717, 71 labels)  2.1 min
step 1880/2000  loss 0.0014  val macro-AUROC 0.6299 (best 0.6717, 71 labels)  2.1 min
step 1920/2000  loss 0.0019  val macro-AUROC 0.6289 (best 0.6717, 71 labels)  2.2 min
step 1960/2000  loss 0.0015  val macro-AUROC 0.6311 (best 0.6717, 71 labels)  2.2 min
step 2000/2000  loss 0.0011  val macro-AUROC 0.6325 (best 0.6717, 71 labels)  2.3 min
{"run_id": "S0_b0.01_s3_lik0", "test_macro_auroc": 0.6643739622102243, "test_e3_macro_auroc": 0.7928521951016275, "sph_e3_macro_auroc": 0.8390721227506361}
