S0_b0.01_s4_lik0: train=173 records, 2000 steps, eval every 40, device=cuda
/tmp/robust-ecg-ssl/scripts/train.py:143: UserWarning: Converting a tensor with requires_grad=True to a scalar may lead to unexpected behavior.
Consider using tensor.detach() first. (Triggered internally at /pytorch/torch/csrc/autograd/generated/python_variable_methods.cpp:836.)
  print(f"step {step}/{total}  loss {float(loss):.4f}  val macro-AUROC {auc:.4f} "
step 40/2000  loss 0.8213  val macro-AUROC 0.5929 (best 0.5929, 71 labels)  0.1 min
step 80/2000  loss 0.7143  val macro-AUROC 0.6178 (best 0.6178, 71 labels)  0.1 min
step 120/2000  loss 0.5976  val macro-AUROC 0.6591 (best 0.6591, 71 labels)  0.1 min
step 160/2000  loss 0.2930  val macro-AUROC 0.6608 (best 0.6608, 71 labels)  0.2 min
step 200/2000  loss 0.1050  val macro-AUROC 0.7026 (best 0.7026, 71 labels)  0.2 min
step 240/2000  loss 0.0769  val macro-AUROC 0.6606 (best 0.7026, 71 labels)  0.3 min
step 280/2000  loss 0.0919  val macro-AUROC 0.6828 (best 0.7026, 71 labels)  0.3 min
step 320/2000  loss 0.0465  val macro-AUROC 0.6613 (best 0.7026, 71 labels)  0.4 min
step 360/2000  loss 0.0311  val macro-AUROC 0.6428 (best 0.7026, 71 labels)  0.4 min
step 400/2000  loss 0.0218  val macro-AUROC 0.6319 (best 0.7026, 71 labels)  0.5 min
step 440/2000  loss 0.0158  val macro-AUROC 0.6372 (best 0.7026, 71 labels)  0.5 min
step 480/2000  loss 0.0155  val macro-AUROC 0.6539 (best 0.7026, 71 labels)  0.6 min
step 520/2000  loss 0.0135  val macro-AUROC 0.6695 (best 0.7026, 71 labels)  0.6 min
step 560/2000  loss 0.0087  val macro-AUROC 0.6370 (best 0.7026, 71 labels)  0.7 min
step 600/2000  loss 0.0085  val macro-AUROC 0.7082 (best 0.7082, 71 labels)  0.7 min
step 640/2000  loss 0.0078  val macro-AUROC 0.6511 (best 0.7082, 71 labels)  0.7 min
step 680/2000  loss 0.0068  val macro-AUROC 0.6556 (best 0.7082, 71 labels)  0.8 min
step 720/2000  loss 0.0050  val macro-AUROC 0.6492 (best 0.7082, 71 labels)  0.8 min
step 760/2000  loss 0.0062  val macro-AUROC 0.6555 (best 0.7082, 71 labels)  0.9 min
step 800/2000  loss 0.0047  val macro-AUROC 0.6727 (best 0.7082, 71 labels)  0.9 min
step 840/2000  loss 0.0048  val macro-AUROC 0.6826 (best 0.7082, 71 labels)  1.0 min
step 880/2000  loss 0.0048  val macro-AUROC 0.6672 (best 0.7082, 71 labels)  1.0 min
step 920/2000  loss 0.0040  val macro-AUROC 0.6541 (best 0.7082, 71 labels)  1.1 min
step 960/2000  loss 0.0043  val macro-AUROC 0.6741 (best 0.7082, 71 labels)  1.1 min
step 1000/2000  loss 0.0038  val macro-AUROC 0.7061 (best 0.7082, 71 labels)  1.2 min
step 1040/2000  loss 0.0047  val macro-AUROC 0.6563 (best 0.7082, 71 labels)  1.2 min
step 1080/2000  loss 0.0022  val macro-AUROC 0.6848 (best 0.7082, 71 labels)  1.3 min
step 1120/2000  loss 0.0041  val macro-AUROC 0.6758 (best 0.7082, 71 labels)  1.3 min
step 1160/2000  loss 0.0032  val macro-AUROC 0.6879 (best 0.7082, 71 labels)  1.4 min
step 1200/2000  loss 0.0031  val macro-AUROC 0.6794 (best 0.7082, 71 labels)  1.4 min
step 1240/2000  loss 0.0026  val macro-AUROC 0.6841 (best 0.7082, 71 labels)  1.4 min
step 1280/2000  loss 0.0024  val macro-AUROC 0.6854 (best 0.7082, 71 labels)  1.5 min
step 1320/2000  loss 0.0026  val macro-AUROC 0.6944 (best 0.7082, 71 labels)  1.5 min
step 1360/2000  loss 0.0024  val macro-AUROC 0.6808 (best 0.7082, 71 labels)  1.6 min
step 1400/2000  loss 0.0028  val macro-AUROC 0.6758 (best 0.7082, 71 labels)  1.6 min
step 1440/2000  loss 0.0015  val macro-AUROC 0.6818 (best 0.7082, 71 labels)  1.7 min
step 1480/2000  loss 0.0022  val macro-AUROC 0.6850 (best 0.7082, 71 labels)  1.7 min
step 1520/2000  loss 0.0026  val macro-AUROC 0.6816 (best 0.7082, 71 labels)  1.8 min
step 1560/2000  loss 0.0017  val macro-AUROC 0.6769 (best 0.7082, 71 labels)  1.8 min
step 1600/2000  loss 0.0025  val macro-AUROC 0.6702 (best 0.7082, 71 labels)  1.9 min
step 1640/2000  loss 0.0014  val macro-AUROC 0.6900 (best 0.7082, 71 labels)  1.9 min
step 1680/2000  loss 0.0012  val macro-AUROC 0.6864 (best 0.7082, 71 labels)  2.0 min
step 1720/2000  loss 0.0014  val macro-AUROC 0.6863 (best 0.7082, 71 labels)  2.0 min
step 1760/2000  loss 0.0013  val macro-AUROC 0.6848 (best 0.7082, 71 labels)  2.1 min
step 1800/2000  loss 0.0011  val macro-AUROC 0.6828 (best 0.7082, 71 labels)  2.1 min
step 1840/2000  loss 0.0021  val macro-AUROC 0.6867 (best 0.7082, 71 labels)  2.1 min
step 1880/2000  loss 0.0014  val macro-AUROC 0.6805 (best 0.7082, 71 labels)  2.2 min
step 1920/2000  loss 0.0010  val macro-AUROC 0.6839 (best 0.7082, 71 labels)  2.2 min
step 1960/2000  loss 0.0013  val macro-AUROC 0.6846 (best 0.7082, 71 labels)  2.3 min
step 2000/2000  loss 0.0016  val macro-AUROC 0.6855 (best 0.7082, 71 labels)  2.3 min
{"run_id": "S0_b0.01_s4_lik0", "test_macro_auroc": 0.6749852795360997, "test_e3_macro_auroc": 0.8104566551067005, "sph_e3_macro_auroc": 0.8560703236244973}
