S0_b0.25_s1_lik0: train=4369 records, 2000 steps, eval every 40, device=cuda
/tmp/robust-ecg-ssl/scripts/train.py:143: UserWarning: Converting a tensor with requires_grad=True to a scalar may lead to unexpected behavior.
Consider using tensor.detach() first. (Triggered internally at /pytorch/torch/csrc/autograd/generated/python_variable_methods.cpp:836.)
  print(f"step {step}/{total}  loss {float(loss):.4f}  val macro-AUROC {auc:.4f} "
step 40/2000  loss 0.8813  val macro-AUROC 0.5627 (best 0.5627, 71 labels)  0.1 min
step 80/2000  loss 0.7482  val macro-AUROC 0.5896 (best 0.5896, 71 labels)  0.1 min
step 120/2000  loss 0.6141  val macro-AUROC 0.6193 (best 0.6193, 71 labels)  0.2 min
step 160/2000  loss 0.3101  val macro-AUROC 0.6255 (best 0.6255, 71 labels)  0.2 min
step 200/2000  loss 0.1237  val macro-AUROC 0.7321 (best 0.7321, 71 labels)  0.2 min
step 240/2000  loss 0.1121  val macro-AUROC 0.7489 (best 0.7489, 71 labels)  0.3 min
step 280/2000  loss 0.1016  val macro-AUROC 0.7488 (best 0.7489, 71 labels)  0.3 min
step 320/2000  loss 0.0986  val macro-AUROC 0.7648 (best 0.7648, 71 labels)  0.4 min
step 360/2000  loss 0.0859  val macro-AUROC 0.8022 (best 0.8022, 71 labels)  0.4 min
step 400/2000  loss 0.1213  val macro-AUROC 0.7918 (best 0.8022, 71 labels)  0.5 min
step 440/2000  loss 0.0908  val macro-AUROC 0.7799 (best 0.8022, 71 labels)  0.5 min
step 480/2000  loss 0.0954  val macro-AUROC 0.8092 (best 0.8092, 71 labels)  0.6 min
step 520/2000  loss 0.0869  val macro-AUROC 0.8269 (best 0.8269, 71 labels)  0.6 min
step 560/2000  loss 0.0784  val macro-AUROC 0.8276 (best 0.8276, 71 labels)  0.7 min
step 600/2000  loss 0.0745  val macro-AUROC 0.8151 (best 0.8276, 71 labels)  0.7 min
step 640/2000  loss 0.0758  val macro-AUROC 0.8458 (best 0.8458, 71 labels)  0.7 min
step 680/2000  loss 0.0813  val macro-AUROC 0.8552 (best 0.8552, 71 labels)  0.8 min
step 720/2000  loss 0.0749  val macro-AUROC 0.8620 (best 0.8620, 71 labels)  0.8 min
step 760/2000  loss 0.0708  val macro-AUROC 0.8503 (best 0.8620, 71 labels)  0.9 min
step 800/2000  loss 0.0707  val macro-AUROC 0.8513 (best 0.8620, 71 labels)  0.9 min
step 840/2000  loss 0.0677  val macro-AUROC 0.8497 (best 0.8620, 71 labels)  1.0 min
step 880/2000  loss 0.0712  val macro-AUROC 0.8651 (best 0.8651, 71 labels)  1.0 min
step 920/2000  loss 0.0702  val macro-AUROC 0.8651 (best 0.8651, 71 labels)  1.1 min
step 960/2000  loss 0.0662  val macro-AUROC 0.8670 (best 0.8670, 71 labels)  1.1 min
step 1000/2000  loss 0.0742  val macro-AUROC 0.8662 (best 0.8670, 71 labels)  1.2 min
step 1040/2000  loss 0.0729  val macro-AUROC 0.8774 (best 0.8774, 71 labels)  1.2 min
step 1080/2000  loss 0.0591  val macro-AUROC 0.8735 (best 0.8774, 71 labels)  1.3 min
step 1120/2000  loss 0.0763  val macro-AUROC 0.8738 (best 0.8774, 71 labels)  1.3 min
step 1160/2000  loss 0.0618  val macro-AUROC 0.8761 (best 0.8774, 71 labels)  1.3 min
step 1200/2000  loss 0.0585  val macro-AUROC 0.8763 (best 0.8774, 71 labels)  1.4 min
step 1240/2000  loss 0.0657  val macro-AUROC 0.8787 (best 0.8787, 71 labels)  1.4 min
step 1280/2000  loss 0.0638  val macro-AUROC 0.8760 (best 0.8787, 71 labels)  1.5 min
step 1320/2000  loss 0.0601  val macro-AUROC 0.8761 (best 0.8787, 71 labels)  1.5 min
step 1360/2000  loss 0.0541  val macro-AUROC 0.8832 (best 0.8832, 71 labels)  1.6 min
step 1400/2000  loss 0.0641  val macro-AUROC 0.8812 (best 0.8832, 71 labels)  1.6 min
step 1440/2000  loss 0.0504  val macro-AUROC 0.8847 (best 0.8847, 71 labels)  1.7 min
step 1480/2000  loss 0.0633  val macro-AUROC 0.8793 (best 0.8847, 71 labels)  1.7 min
step 1520/2000  loss 0.0593  val macro-AUROC 0.8801 (best 0.8847, 71 labels)  1.8 min
step 1560/2000  loss 0.0560  val macro-AUROC 0.8816 (best 0.8847, 71 labels)  1.8 min
step 1600/2000  loss 0.0554  val macro-AUROC 0.8833 (best 0.8847, 71 labels)  1.9 min
step 1640/2000  loss 0.0578  val macro-AUROC 0.8818 (best 0.8847, 71 labels)  1.9 min
step 1680/2000  loss 0.0560  val macro-AUROC 0.8821 (best 0.8847, 71 labels)  1.9 min
step 1720/2000  loss 0.0525  val macro-AUROC 0.8796 (best 0.8847, 71 labels)  2.0 min
step 1760/2000  loss 0.0479  val macro-AUROC 0.8798 (best 0.8847, 71 labels)  2.0 min
step 1800/2000  loss 0.0545  val macro-AUROC 0.8809 (best 0.8847, 71 labels)  2.1 min
step 1840/2000  loss 0.0475  val macro-AUROC 0.8810 (best 0.8847, 71 labels)  2.1 min
step 1880/2000  loss 0.0454  val macro-AUROC 0.8803 (best 0.8847, 71 labels)  2.2 min
step 1920/2000  loss 0.0477  val macro-AUROC 0.8798 (best 0.8847, 71 labels)  2.2 min
step 1960/2000  loss 0.0487  val macro-AUROC 0.8803 (best 0.8847, 71 labels)  2.3 min
step 2000/2000  loss 0.0574  val macro-AUROC 0.8806 (best 0.8847, 71 labels)  2.3 min
{"run_id": "S0_b0.25_s1_lik0", "test_macro_auroc": 0.8849214642019522, "test_e3_macro_auroc": 0.9657811141233912, "sph_e3_macro_auroc": 0.9680324822773638}
