S0_b0.05_s1_lik0: train=873 records, 2000 steps, eval every 40, device=cuda
/tmp/robust-ecg-ssl/scripts/train.py:143: UserWarning: Converting a tensor with requires_grad=True to a scalar may lead to unexpected behavior.
Consider using tensor.detach() first. (Triggered internally at /pytorch/torch/csrc/autograd/generated/python_variable_methods.cpp:836.)
  print(f"step {step}/{total}  loss {float(loss):.4f}  val macro-AUROC {auc:.4f} "
step 40/2000  loss 0.8797  val macro-AUROC 0.5596 (best 0.5596, 71 labels)  0.1 min
step 80/2000  loss 0.7705  val macro-AUROC 0.5885 (best 0.5885, 71 labels)  0.1 min
step 120/2000  loss 0.6160  val macro-AUROC 0.5815 (best 0.5885, 71 labels)  0.2 min
step 160/2000  loss 0.3157  val macro-AUROC 0.6479 (best 0.6479, 71 labels)  0.2 min
step 200/2000  loss 0.1273  val macro-AUROC 0.6998 (best 0.6998, 71 labels)  0.3 min
step 240/2000  loss 0.0996  val macro-AUROC 0.6948 (best 0.6998, 71 labels)  0.3 min
step 280/2000  loss 0.1031  val macro-AUROC 0.7265 (best 0.7265, 71 labels)  0.3 min
step 320/2000  loss 0.0861  val macro-AUROC 0.7329 (best 0.7329, 71 labels)  0.4 min
step 360/2000  loss 0.0857  val macro-AUROC 0.7548 (best 0.7548, 71 labels)  0.4 min
step 400/2000  loss 0.0799  val macro-AUROC 0.7571 (best 0.7571, 71 labels)  0.5 min
step 440/2000  loss 0.0703  val macro-AUROC 0.7116 (best 0.7571, 71 labels)  0.5 min
step 480/2000  loss 0.0691  val macro-AUROC 0.7873 (best 0.7873, 71 labels)  0.6 min
step 520/2000  loss 0.0722  val macro-AUROC 0.7732 (best 0.7873, 71 labels)  0.6 min
step 560/2000  loss 0.0667  val macro-AUROC 0.7623 (best 0.7873, 71 labels)  0.7 min
step 600/2000  loss 0.0638  val macro-AUROC 0.7934 (best 0.7934, 71 labels)  0.7 min
step 640/2000  loss 0.0520  val macro-AUROC 0.7804 (best 0.7934, 71 labels)  0.7 min
step 680/2000  loss 0.0525  val macro-AUROC 0.7910 (best 0.7934, 71 labels)  0.8 min
step 720/2000  loss 0.0525  val macro-AUROC 0.8056 (best 0.8056, 71 labels)  0.8 min
step 760/2000  loss 0.0433  val macro-AUROC 0.7851 (best 0.8056, 71 labels)  0.9 min
step 800/2000  loss 0.0456  val macro-AUROC 0.7667 (best 0.8056, 71 labels)  0.9 min
step 840/2000  loss 0.0445  val macro-AUROC 0.7844 (best 0.8056, 71 labels)  1.0 min
step 880/2000  loss 0.0360  val macro-AUROC 0.8088 (best 0.8088, 71 labels)  1.0 min
step 920/2000  loss 0.0339  val macro-AUROC 0.8032 (best 0.8088, 71 labels)  1.1 min
step 960/2000  loss 0.0348  val macro-AUROC 0.7887 (best 0.8088, 71 labels)  1.1 min
step 1000/2000  loss 0.0256  val macro-AUROC 0.7780 (best 0.8088, 71 labels)  1.1 min
step 1040/2000  loss 0.0265  val macro-AUROC 0.7957 (best 0.8088, 71 labels)  1.2 min
step 1080/2000  loss 0.0324  val macro-AUROC 0.8004 (best 0.8088, 71 labels)  1.2 min
step 1120/2000  loss 0.0228  val macro-AUROC 0.7991 (best 0.8088, 71 labels)  1.3 min
step 1160/2000  loss 0.0205  val macro-AUROC 0.8039 (best 0.8088, 71 labels)  1.3 min
step 1200/2000  loss 0.0289  val macro-AUROC 0.7894 (best 0.8088, 71 labels)  1.4 min
step 1240/2000  loss 0.0202  val macro-AUROC 0.7995 (best 0.8088, 71 labels)  1.4 min
step 1280/2000  loss 0.0150  val macro-AUROC 0.7850 (best 0.8088, 71 labels)  1.5 min
step 1320/2000  loss 0.0162  val macro-AUROC 0.8061 (best 0.8088, 71 labels)  1.5 min
step 1360/2000  loss 0.0164  val macro-AUROC 0.7817 (best 0.8088, 71 labels)  1.6 min
step 1400/2000  loss 0.0149  val macro-AUROC 0.7814 (best 0.8088, 71 labels)  1.6 min
step 1440/2000  loss 0.0147  val macro-AUROC 0.8072 (best 0.8088, 71 labels)  1.6 min
step 1480/2000  loss 0.0141  val macro-AUROC 0.8036 (best 0.8088, 71 labels)  1.7 min
step 1520/2000  loss 0.0115  val macro-AUROC 0.8053 (best 0.8088, 71 labels)  1.7 min
step 1560/2000  loss 0.0098  val macro-AUROC 0.7992 (best 0.8088, 71 labels)  1.8 min
step 1600/2000  loss 0.0076  val macro-AUROC 0.7948 (best 0.8088, 71 labels)  1.8 min
step 1640/2000  loss 0.0092  val macro-AUROC 0.7930 (best 0.8088, 71 labels)  1.9 min
step 1680/2000  loss 0.0080  val macro-AUROC 0.7893 (best 0.8088, 71 labels)  1.9 min
step 1720/2000  loss 0.0060  val macro-AUROC 0.7962 (best 0.8088, 71 labels)  2.0 min
step 1760/2000  loss 0.0088  val macro-AUROC 0.7896 (best 0.8088, 71 labels)  2.0 min
step 1800/2000  loss 0.0097  val macro-AUROC 0.7986 (best 0.8088, 71 labels)  2.1 min
step 1840/2000  loss 0.0098  val macro-AUROC 0.7913 (best 0.8088, 71 labels)  2.1 min
step 1880/2000  loss 0.0093  val macro-AUROC 0.7929 (best 0.8088, 71 labels)  2.1 min
step 1920/2000  loss 0.0103  val macro-AUROC 0.7930 (best 0.8088, 71 labels)  2.2 min
step 1960/2000  loss 0.0065  val macro-AUROC 0.7933 (best 0.8088, 71 labels)  2.2 min
step 2000/2000  loss 0.0067  val macro-AUROC 0.7913 (best 0.8088, 71 labels)  2.3 min
{"run_id": "S0_b0.05_s1_lik0", "test_macro_auroc": 0.8213090096262055, "test_e3_macro_auroc": 0.9158598867774495, "sph_e3_macro_auroc": 0.933707895238834}
