S0_b0.25_s0_lik0: train=4326 records, 2000 steps, eval every 40, device=cuda
/tmp/robust-ecg-ssl/scripts/train.py:143: UserWarning: Converting a tensor with requires_grad=True to a scalar may lead to unexpected behavior.
Consider using tensor.detach() first. (Triggered internally at /pytorch/torch/csrc/autograd/generated/python_variable_methods.cpp:836.)
  print(f"step {step}/{total}  loss {float(loss):.4f}  val macro-AUROC {auc:.4f} "
step 40/2000  loss 0.8511  val macro-AUROC 0.5302 (best 0.5302, 71 labels)  0.1 min
step 80/2000  loss 0.7623  val macro-AUROC 0.5655 (best 0.5655, 71 labels)  0.1 min
step 120/2000  loss 0.6469  val macro-AUROC 0.6169 (best 0.6169, 71 labels)  0.2 min
step 160/2000  loss 0.3037  val macro-AUROC 0.5760 (best 0.6169, 71 labels)  0.2 min
step 200/2000  loss 0.1333  val macro-AUROC 0.6625 (best 0.6625, 71 labels)  0.2 min
step 240/2000  loss 0.0984  val macro-AUROC 0.7064 (best 0.7064, 71 labels)  0.3 min
step 280/2000  loss 0.1055  val macro-AUROC 0.7628 (best 0.7628, 71 labels)  0.3 min
step 320/2000  loss 0.0974  val macro-AUROC 0.7675 (best 0.7675, 71 labels)  0.4 min
step 360/2000  loss 0.0889  val macro-AUROC 0.7849 (best 0.7849, 71 labels)  0.4 min
step 400/2000  loss 0.0910  val macro-AUROC 0.7774 (best 0.7849, 71 labels)  0.5 min
step 440/2000  loss 0.0817  val macro-AUROC 0.8093 (best 0.8093, 71 labels)  0.5 min
step 480/2000  loss 0.0841  val macro-AUROC 0.7977 (best 0.8093, 71 labels)  0.6 min
step 520/2000  loss 0.0840  val macro-AUROC 0.8152 (best 0.8152, 71 labels)  0.6 min
step 560/2000  loss 0.0819  val macro-AUROC 0.8052 (best 0.8152, 71 labels)  0.7 min
step 600/2000  loss 0.0793  val macro-AUROC 0.8357 (best 0.8357, 71 labels)  0.7 min
step 640/2000  loss 0.0808  val macro-AUROC 0.8435 (best 0.8435, 71 labels)  0.7 min
step 680/2000  loss 0.0691  val macro-AUROC 0.8439 (best 0.8439, 71 labels)  0.8 min
step 720/2000  loss 0.0715  val macro-AUROC 0.8470 (best 0.8470, 71 labels)  0.8 min
step 760/2000  loss 0.0698  val macro-AUROC 0.8465 (best 0.8470, 71 labels)  0.9 min
step 800/2000  loss 0.0726  val macro-AUROC 0.8600 (best 0.8600, 71 labels)  0.9 min
step 840/2000  loss 0.0701  val macro-AUROC 0.8631 (best 0.8631, 71 labels)  1.0 min
step 880/2000  loss 0.0686  val macro-AUROC 0.8571 (best 0.8631, 71 labels)  1.0 min
step 920/2000  loss 0.0677  val macro-AUROC 0.8637 (best 0.8637, 71 labels)  1.1 min
step 960/2000  loss 0.0688  val macro-AUROC 0.8543 (best 0.8637, 71 labels)  1.1 min
step 1000/2000  loss 0.0600  val macro-AUROC 0.8603 (best 0.8637, 71 labels)  1.2 min
step 1040/2000  loss 0.0620  val macro-AUROC 0.8623 (best 0.8637, 71 labels)  1.2 min
step 1080/2000  loss 0.0691  val macro-AUROC 0.8687 (best 0.8687, 71 labels)  1.2 min
step 1120/2000  loss 0.0661  val macro-AUROC 0.8692 (best 0.8692, 71 labels)  1.3 min
step 1160/2000  loss 0.0615  val macro-AUROC 0.8786 (best 0.8786, 71 labels)  1.3 min
step 1200/2000  loss 0.0650  val macro-AUROC 0.8707 (best 0.8786, 71 labels)  1.4 min
step 1240/2000  loss 0.0699  val macro-AUROC 0.8761 (best 0.8786, 71 labels)  1.4 min
step 1280/2000  loss 0.0630  val macro-AUROC 0.8732 (best 0.8786, 71 labels)  1.5 min
step 1320/2000  loss 0.0599  val macro-AUROC 0.8747 (best 0.8786, 71 labels)  1.5 min
step 1360/2000  loss 0.0539  val macro-AUROC 0.8689 (best 0.8786, 71 labels)  1.6 min
step 1400/2000  loss 0.0674  val macro-AUROC 0.8728 (best 0.8786, 71 labels)  1.6 min
step 1440/2000  loss 0.0589  val macro-AUROC 0.8748 (best 0.8786, 71 labels)  1.7 min
step 1480/2000  loss 0.0546  val macro-AUROC 0.8774 (best 0.8786, 71 labels)  1.7 min
step 1520/2000  loss 0.0624  val macro-AUROC 0.8785 (best 0.8786, 71 labels)  1.8 min
step 1560/2000  loss 0.0616  val macro-AUROC 0.8772 (best 0.8786, 71 labels)  1.8 min
step 1600/2000  loss 0.0551  val macro-AUROC 0.8793 (best 0.8793, 71 labels)  1.9 min
step 1640/2000  loss 0.0478  val macro-AUROC 0.8798 (best 0.8798, 71 labels)  1.9 min
step 1680/2000  loss 0.0557  val macro-AUROC 0.8763 (best 0.8798, 71 labels)  2.0 min
step 1720/2000  loss 0.0572  val macro-AUROC 0.8778 (best 0.8798, 71 labels)  2.0 min
step 1760/2000  loss 0.0483  val macro-AUROC 0.8772 (best 0.8798, 71 labels)  2.0 min
step 1800/2000  loss 0.0569  val macro-AUROC 0.8758 (best 0.8798, 71 labels)  2.1 min
step 1840/2000  loss 0.0445  val macro-AUROC 0.8768 (best 0.8798, 71 labels)  2.1 min
step 1880/2000  loss 0.0466  val macro-AUROC 0.8765 (best 0.8798, 71 labels)  2.2 min
step 1920/2000  loss 0.0423  val macro-AUROC 0.8786 (best 0.8798, 71 labels)  2.2 min
step 1960/2000  loss 0.0531  val macro-AUROC 0.8758 (best 0.8798, 71 labels)  2.3 min
step 2000/2000  loss 0.0521  val macro-AUROC 0.8779 (best 0.8798, 71 labels)  2.3 min
{"run_id": "S0_b0.25_s0_lik0", "test_macro_auroc": 0.8834692130603496, "test_e3_macro_auroc": 0.9640297791555211, "sph_e3_macro_auroc": 0.9641234779425114}
