S0_b0.1_s1_lik0: train=1739 records, 2000 steps, eval every 40, device=cuda
/tmp/robust-ecg-ssl/scripts/train.py:143: UserWarning: Converting a tensor with requires_grad=True to a scalar may lead to unexpected behavior.
Consider using tensor.detach() first. (Triggered internally at /pytorch/torch/csrc/autograd/generated/python_variable_methods.cpp:836.)
  print(f"step {step}/{total}  loss {float(loss):.4f}  val macro-AUROC {auc:.4f} "
step 40/2000  loss 0.8606  val macro-AUROC 0.5666 (best 0.5666, 71 labels)  0.1 min
step 80/2000  loss 0.7506  val macro-AUROC 0.6102 (best 0.6102, 71 labels)  0.1 min
step 120/2000  loss 0.6450  val macro-AUROC 0.6098 (best 0.6102, 71 labels)  0.2 min
step 160/2000  loss 0.3391  val macro-AUROC 0.6220 (best 0.6220, 71 labels)  0.2 min
step 200/2000  loss 0.1194  val macro-AUROC 0.6450 (best 0.6450, 71 labels)  0.2 min
step 240/2000  loss 0.1091  val macro-AUROC 0.7047 (best 0.7047, 71 labels)  0.3 min
step 280/2000  loss 0.1046  val macro-AUROC 0.7586 (best 0.7586, 71 labels)  0.3 min
step 320/2000  loss 0.0868  val macro-AUROC 0.7827 (best 0.7827, 71 labels)  0.4 min
step 360/2000  loss 0.0856  val macro-AUROC 0.7717 (best 0.7827, 71 labels)  0.4 min
step 400/2000  loss 0.0917  val macro-AUROC 0.8040 (best 0.8040, 71 labels)  0.5 min
step 440/2000  loss 0.0850  val macro-AUROC 0.8146 (best 0.8146, 71 labels)  0.5 min
step 480/2000  loss 0.0733  val macro-AUROC 0.8034 (best 0.8146, 71 labels)  0.6 min
step 520/2000  loss 0.0802  val macro-AUROC 0.8009 (best 0.8146, 71 labels)  0.6 min
step 560/2000  loss 0.0824  val macro-AUROC 0.7742 (best 0.8146, 71 labels)  0.7 min
step 600/2000  loss 0.0729  val macro-AUROC 0.8153 (best 0.8153, 71 labels)  0.7 min
step 640/2000  loss 0.0635  val macro-AUROC 0.7984 (best 0.8153, 71 labels)  0.8 min
step 680/2000  loss 0.0685  val macro-AUROC 0.8048 (best 0.8153, 71 labels)  0.8 min
step 720/2000  loss 0.0716  val macro-AUROC 0.8272 (best 0.8272, 71 labels)  0.8 min
step 760/2000  loss 0.0604  val macro-AUROC 0.8183 (best 0.8272, 71 labels)  0.9 min
step 800/2000  loss 0.0603  val macro-AUROC 0.8432 (best 0.8432, 71 labels)  0.9 min
step 840/2000  loss 0.0566  val macro-AUROC 0.7999 (best 0.8432, 71 labels)  1.0 min
step 880/2000  loss 0.0575  val macro-AUROC 0.8416 (best 0.8432, 71 labels)  1.0 min
step 920/2000  loss 0.0550  val macro-AUROC 0.8365 (best 0.8432, 71 labels)  1.1 min
step 960/2000  loss 0.0611  val macro-AUROC 0.8374 (best 0.8432, 71 labels)  1.1 min
step 1000/2000  loss 0.0566  val macro-AUROC 0.8247 (best 0.8432, 71 labels)  1.2 min
step 1040/2000  loss 0.0550  val macro-AUROC 0.8364 (best 0.8432, 71 labels)  1.2 min
step 1080/2000  loss 0.0532  val macro-AUROC 0.8389 (best 0.8432, 71 labels)  1.3 min
step 1120/2000  loss 0.0476  val macro-AUROC 0.8182 (best 0.8432, 71 labels)  1.3 min
step 1160/2000  loss 0.0480  val macro-AUROC 0.8376 (best 0.8432, 71 labels)  1.3 min
step 1200/2000  loss 0.0396  val macro-AUROC 0.8352 (best 0.8432, 71 labels)  1.4 min
step 1240/2000  loss 0.0408  val macro-AUROC 0.8214 (best 0.8432, 71 labels)  1.4 min
step 1280/2000  loss 0.0440  val macro-AUROC 0.8223 (best 0.8432, 71 labels)  1.5 min
step 1320/2000  loss 0.0458  val macro-AUROC 0.8266 (best 0.8432, 71 labels)  1.5 min
step 1360/2000  loss 0.0445  val macro-AUROC 0.8229 (best 0.8432, 71 labels)  1.6 min
step 1400/2000  loss 0.0337  val macro-AUROC 0.8342 (best 0.8432, 71 labels)  1.6 min
step 1440/2000  loss 0.0284  val macro-AUROC 0.8198 (best 0.8432, 71 labels)  1.7 min
step 1480/2000  loss 0.0363  val macro-AUROC 0.8384 (best 0.8432, 71 labels)  1.7 min
step 1520/2000  loss 0.0302  val macro-AUROC 0.8144 (best 0.8432, 71 labels)  1.8 min
step 1560/2000  loss 0.0297  val macro-AUROC 0.8258 (best 0.8432, 71 labels)  1.8 min
step 1600/2000  loss 0.0260  val macro-AUROC 0.8200 (best 0.8432, 71 labels)  1.8 min
step 1640/2000  loss 0.0282  val macro-AUROC 0.8203 (best 0.8432, 71 labels)  1.9 min
step 1680/2000  loss 0.0268  val macro-AUROC 0.8242 (best 0.8432, 71 labels)  1.9 min
step 1720/2000  loss 0.0255  val macro-AUROC 0.8268 (best 0.8432, 71 labels)  2.0 min
step 1760/2000  loss 0.0205  val macro-AUROC 0.8275 (best 0.8432, 71 labels)  2.0 min
step 1800/2000  loss 0.0242  val macro-AUROC 0.8236 (best 0.8432, 71 labels)  2.1 min
step 1840/2000  loss 0.0251  val macro-AUROC 0.8217 (best 0.8432, 71 labels)  2.1 min
step 1880/2000  loss 0.0254  val macro-AUROC 0.8240 (best 0.8432, 71 labels)  2.2 min
step 1920/2000  loss 0.0178  val macro-AUROC 0.8220 (best 0.8432, 71 labels)  2.2 min
step 1960/2000  loss 0.0214  val macro-AUROC 0.8214 (best 0.8432, 71 labels)  2.3 min
step 2000/2000  loss 0.0237  val macro-AUROC 0.8226 (best 0.8432, 71 labels)  2.3 min
{"run_id": "S0_b0.1_s1_lik0", "test_macro_auroc": 0.8457754889303968, "test_e3_macro_auroc": 0.9315291121289201, "sph_e3_macro_auroc": 0.9539350289939397}
