S1_b0.05_s0_lik0: train=866 records, 2000 steps, eval every 40, device=cuda
/tmp/robust-ecg-ssl/scripts/train.py:143: UserWarning: Converting a tensor with requires_grad=True to a scalar may lead to unexpected behavior.
Consider using tensor.detach() first. (Triggered internally at /pytorch/torch/csrc/autograd/generated/python_variable_methods.cpp:836.)
  print(f"step {step}/{total}  loss {float(loss):.4f}  val macro-AUROC {auc:.4f} "
step 40/2000  loss 0.8380  val macro-AUROC 0.5333 (best 0.5333, 71 labels)  0.1 min
step 80/2000  loss 0.7676  val macro-AUROC 0.5567 (best 0.5567, 71 labels)  0.1 min
step 120/2000  loss 0.6269  val macro-AUROC 0.5949 (best 0.5949, 71 labels)  0.2 min
step 160/2000  loss 0.3471  val macro-AUROC 0.5874 (best 0.5949, 71 labels)  0.2 min
step 200/2000  loss 0.1215  val macro-AUROC 0.6137 (best 0.6137, 71 labels)  0.3 min
step 240/2000  loss 0.0956  val macro-AUROC 0.7110 (best 0.7110, 71 labels)  0.3 min
step 280/2000  loss 0.0874  val macro-AUROC 0.7202 (best 0.7202, 71 labels)  0.4 min
step 320/2000  loss 0.0804  val macro-AUROC 0.7206 (best 0.7206, 71 labels)  0.4 min
step 360/2000  loss 0.0919  val macro-AUROC 0.7226 (best 0.7226, 71 labels)  0.5 min
step 400/2000  loss 0.0850  val macro-AUROC 0.7710 (best 0.7710, 71 labels)  0.5 min
step 440/2000  loss 0.0666  val macro-AUROC 0.7860 (best 0.7860, 71 labels)  0.6 min
step 480/2000  loss 0.0685  val macro-AUROC 0.7818 (best 0.7860, 71 labels)  0.6 min
step 520/2000  loss 0.0682  val macro-AUROC 0.8087 (best 0.8087, 71 labels)  0.7 min
step 560/2000  loss 0.0618  val macro-AUROC 0.8014 (best 0.8087, 71 labels)  0.7 min
step 600/2000  loss 0.0652  val macro-AUROC 0.7526 (best 0.8087, 71 labels)  0.8 min
step 640/2000  loss 0.0641  val macro-AUROC 0.7924 (best 0.8087, 71 labels)  0.8 min
step 680/2000  loss 0.0574  val macro-AUROC 0.8036 (best 0.8087, 71 labels)  0.9 min
step 720/2000  loss 0.0532  val macro-AUROC 0.7827 (best 0.8087, 71 labels)  0.9 min
step 760/2000  loss 0.0454  val macro-AUROC 0.7931 (best 0.8087, 71 labels)  0.9 min
step 800/2000  loss 0.0578  val macro-AUROC 0.7940 (best 0.8087, 71 labels)  1.0 min
step 840/2000  loss 0.0432  val macro-AUROC 0.7927 (best 0.8087, 71 labels)  1.0 min
step 880/2000  loss 0.0406  val macro-AUROC 0.8074 (best 0.8087, 71 labels)  1.1 min
step 920/2000  loss 0.0368  val macro-AUROC 0.8015 (best 0.8087, 71 labels)  1.1 min
step 960/2000  loss 0.0396  val macro-AUROC 0.7930 (best 0.8087, 71 labels)  1.2 min
step 1000/2000  loss 0.0336  val macro-AUROC 0.7937 (best 0.8087, 71 labels)  1.2 min
step 1040/2000  loss 0.0348  val macro-AUROC 0.8088 (best 0.8088, 71 labels)  1.3 min
step 1080/2000  loss 0.0320  val macro-AUROC 0.7974 (best 0.8088, 71 labels)  1.3 min
step 1120/2000  loss 0.0249  val macro-AUROC 0.7708 (best 0.8088, 71 labels)  1.4 min
step 1160/2000  loss 0.0252  val macro-AUROC 0.7854 (best 0.8088, 71 labels)  1.4 min
step 1200/2000  loss 0.0259  val macro-AUROC 0.7878 (best 0.8088, 71 labels)  1.5 min
step 1240/2000  loss 0.0216  val macro-AUROC 0.7887 (best 0.8088, 71 labels)  1.5 min
step 1280/2000  loss 0.0178  val macro-AUROC 0.8001 (best 0.8088, 71 labels)  1.5 min
step 1320/2000  loss 0.0231  val macro-AUROC 0.7710 (best 0.8088, 71 labels)  1.6 min
step 1360/2000  loss 0.0171  val macro-AUROC 0.7822 (best 0.8088, 71 labels)  1.6 min
step 1400/2000  loss 0.0178  val macro-AUROC 0.7761 (best 0.8088, 71 labels)  1.7 min
step 1440/2000  loss 0.0172  val macro-AUROC 0.7935 (best 0.8088, 71 labels)  1.7 min
step 1480/2000  loss 0.0173  val macro-AUROC 0.7708 (best 0.8088, 71 labels)  1.8 min
step 1520/2000  loss 0.0169  val macro-AUROC 0.7815 (best 0.8088, 71 labels)  1.8 min
step 1560/2000  loss 0.0167  val macro-AUROC 0.7967 (best 0.8088, 71 labels)  1.9 min
step 1600/2000  loss 0.0133  val macro-AUROC 0.7753 (best 0.8088, 71 labels)  1.9 min
step 1640/2000  loss 0.0112  val macro-AUROC 0.7885 (best 0.8088, 71 labels)  2.0 min
step 1680/2000  loss 0.0113  val macro-AUROC 0.7776 (best 0.8088, 71 labels)  2.0 min
step 1720/2000  loss 0.0110  val macro-AUROC 0.7773 (best 0.8088, 71 labels)  2.0 min
step 1760/2000  loss 0.0125  val macro-AUROC 0.7846 (best 0.8088, 71 labels)  2.1 min
step 1800/2000  loss 0.0123  val macro-AUROC 0.7818 (best 0.8088, 71 labels)  2.1 min
step 1840/2000  loss 0.0109  val macro-AUROC 0.7805 (best 0.8088, 71 labels)  2.2 min
step 1880/2000  loss 0.0101  val macro-AUROC 0.7805 (best 0.8088, 71 labels)  2.2 min
step 1920/2000  loss 0.0099  val macro-AUROC 0.7795 (best 0.8088, 71 labels)  2.3 min
step 1960/2000  loss 0.0106  val macro-AUROC 0.7814 (best 0.8088, 71 labels)  2.3 min
step 2000/2000  loss 0.0103  val macro-AUROC 0.7793 (best 0.8088, 71 labels)  2.4 min
{"run_id": "S1_b0.05_s0_lik0", "test_macro_auroc": 0.7884991587756092, "test_e3_macro_auroc": 0.9083645392680901, "sph_e3_macro_auroc": 0.9388526301649088}
