S1_b0.1_s0_lik0: train=1746 records, 2000 steps, eval every 40, device=cuda
/tmp/robust-ecg-ssl/scripts/train.py:143: UserWarning: Converting a tensor with requires_grad=True to a scalar may lead to unexpected behavior.
Consider using tensor.detach() first. (Triggered internally at /pytorch/torch/csrc/autograd/generated/python_variable_methods.cpp:836.)
  print(f"step {step}/{total}  loss {float(loss):.4f}  val macro-AUROC {auc:.4f} "
step 40/2000  loss 0.8091  val macro-AUROC 0.5450 (best 0.5450, 71 labels)  0.1 min
step 80/2000  loss 0.7734  val macro-AUROC 0.5456 (best 0.5456, 71 labels)  0.1 min
step 120/2000  loss 0.6384  val macro-AUROC 0.5988 (best 0.5988, 71 labels)  0.2 min
step 160/2000  loss 0.3076  val macro-AUROC 0.6279 (best 0.6279, 71 labels)  0.2 min
step 200/2000  loss 0.1292  val macro-AUROC 0.6988 (best 0.6988, 71 labels)  0.3 min
step 240/2000  loss 0.1004  val macro-AUROC 0.7298 (best 0.7298, 71 labels)  0.3 min
step 280/2000  loss 0.0842  val macro-AUROC 0.7603 (best 0.7603, 71 labels)  0.4 min
step 320/2000  loss 0.0896  val macro-AUROC 0.6630 (best 0.7603, 71 labels)  0.4 min
step 360/2000  loss 0.0848  val macro-AUROC 0.7569 (best 0.7603, 71 labels)  0.4 min
step 400/2000  loss 0.0832  val macro-AUROC 0.7734 (best 0.7734, 71 labels)  0.5 min
step 440/2000  loss 0.0817  val macro-AUROC 0.7946 (best 0.7946, 71 labels)  0.5 min
step 480/2000  loss 0.0742  val macro-AUROC 0.7973 (best 0.7973, 71 labels)  0.6 min
step 520/2000  loss 0.0868  val macro-AUROC 0.7757 (best 0.7973, 71 labels)  0.6 min
step 560/2000  loss 0.0676  val macro-AUROC 0.7704 (best 0.7973, 71 labels)  0.7 min
step 600/2000  loss 0.0666  val macro-AUROC 0.8264 (best 0.8264, 71 labels)  0.7 min
step 640/2000  loss 0.0691  val macro-AUROC 0.8385 (best 0.8385, 71 labels)  0.8 min
step 680/2000  loss 0.0722  val macro-AUROC 0.8348 (best 0.8385, 71 labels)  0.8 min
step 720/2000  loss 0.0688  val macro-AUROC 0.8374 (best 0.8385, 71 labels)  0.9 min
step 760/2000  loss 0.0590  val macro-AUROC 0.8318 (best 0.8385, 71 labels)  0.9 min
step 800/2000  loss 0.0670  val macro-AUROC 0.8427 (best 0.8427, 71 labels)  1.0 min
step 840/2000  loss 0.0674  val macro-AUROC 0.8255 (best 0.8427, 71 labels)  1.0 min
step 880/2000  loss 0.0555  val macro-AUROC 0.8329 (best 0.8427, 71 labels)  1.1 min
step 920/2000  loss 0.0704  val macro-AUROC 0.8480 (best 0.8480, 71 labels)  1.1 min
step 960/2000  loss 0.0689  val macro-AUROC 0.8557 (best 0.8557, 71 labels)  1.2 min
step 1000/2000  loss 0.0580  val macro-AUROC 0.8441 (best 0.8557, 71 labels)  1.2 min
step 1040/2000  loss 0.0522  val macro-AUROC 0.8556 (best 0.8557, 71 labels)  1.3 min
step 1080/2000  loss 0.0478  val macro-AUROC 0.8431 (best 0.8557, 71 labels)  1.3 min
step 1120/2000  loss 0.0483  val macro-AUROC 0.8530 (best 0.8557, 71 labels)  1.4 min
step 1160/2000  loss 0.0465  val macro-AUROC 0.8450 (best 0.8557, 71 labels)  1.4 min
step 1200/2000  loss 0.0510  val macro-AUROC 0.8437 (best 0.8557, 71 labels)  1.4 min
step 1240/2000  loss 0.0405  val macro-AUROC 0.8514 (best 0.8557, 71 labels)  1.5 min
step 1280/2000  loss 0.0450  val macro-AUROC 0.8359 (best 0.8557, 71 labels)  1.5 min
step 1320/2000  loss 0.0393  val macro-AUROC 0.8386 (best 0.8557, 71 labels)  1.6 min
step 1360/2000  loss 0.0425  val macro-AUROC 0.8408 (best 0.8557, 71 labels)  1.6 min
step 1400/2000  loss 0.0410  val macro-AUROC 0.8476 (best 0.8557, 71 labels)  1.7 min
step 1440/2000  loss 0.0402  val macro-AUROC 0.8393 (best 0.8557, 71 labels)  1.7 min
step 1480/2000  loss 0.0351  val macro-AUROC 0.8397 (best 0.8557, 71 labels)  1.8 min
step 1520/2000  loss 0.0428  val macro-AUROC 0.8539 (best 0.8557, 71 labels)  1.8 min
step 1560/2000  loss 0.0365  val macro-AUROC 0.8373 (best 0.8557, 71 labels)  1.9 min
step 1600/2000  loss 0.0338  val macro-AUROC 0.8449 (best 0.8557, 71 labels)  1.9 min
step 1640/2000  loss 0.0353  val macro-AUROC 0.8452 (best 0.8557, 71 labels)  2.0 min
step 1680/2000  loss 0.0334  val macro-AUROC 0.8431 (best 0.8557, 71 labels)  2.0 min
step 1720/2000  loss 0.0353  val macro-AUROC 0.8376 (best 0.8557, 71 labels)  2.1 min
step 1760/2000  loss 0.0263  val macro-AUROC 0.8431 (best 0.8557, 71 labels)  2.1 min
step 1800/2000  loss 0.0250  val macro-AUROC 0.8413 (best 0.8557, 71 labels)  2.2 min
step 1840/2000  loss 0.0319  val macro-AUROC 0.8411 (best 0.8557, 71 labels)  2.2 min
step 1880/2000  loss 0.0271  val macro-AUROC 0.8384 (best 0.8557, 71 labels)  2.3 min
step 1920/2000  loss 0.0262  val macro-AUROC 0.8394 (best 0.8557, 71 labels)  2.3 min
step 1960/2000  loss 0.0294  val macro-AUROC 0.8393 (best 0.8557, 71 labels)  2.3 min
step 2000/2000  loss 0.0297  val macro-AUROC 0.8392 (best 0.8557, 71 labels)  2.4 min
{"run_id": "S1_b0.1_s0_lik0", "test_macro_auroc": 0.8505644852721095, "test_e3_macro_auroc": 0.9468380503751277, "sph_e3_macro_auroc": 0.9624385898168223}
