S1_b0.1_s2_lik0: train=1717 records, 2000 steps, eval every 40, device=cuda
/tmp/robust-ecg-ssl/scripts/train.py:143: UserWarning: Converting a tensor with requires_grad=True to a scalar may lead to unexpected behavior.
Consider using tensor.detach() first. (Triggered internally at /pytorch/torch/csrc/autograd/generated/python_variable_methods.cpp:836.)
  print(f"step {step}/{total}  loss {float(loss):.4f}  val macro-AUROC {auc:.4f} "
step 40/2000  loss 0.8555  val macro-AUROC 0.5618 (best 0.5618, 71 labels)  0.1 min
step 80/2000  loss 0.7654  val macro-AUROC 0.5568 (best 0.5618, 71 labels)  0.1 min
step 120/2000  loss 0.6378  val macro-AUROC 0.6064 (best 0.6064, 71 labels)  0.2 min
step 160/2000  loss 0.3071  val macro-AUROC 0.6091 (best 0.6091, 71 labels)  0.2 min
step 200/2000  loss 0.1424  val macro-AUROC 0.6143 (best 0.6143, 71 labels)  0.2 min
step 240/2000  loss 0.0955  val macro-AUROC 0.7418 (best 0.7418, 71 labels)  0.3 min
step 280/2000  loss 0.0944  val macro-AUROC 0.7634 (best 0.7634, 71 labels)  0.3 min
step 320/2000  loss 0.1112  val macro-AUROC 0.7653 (best 0.7653, 71 labels)  0.4 min
step 360/2000  loss 0.0929  val macro-AUROC 0.7092 (best 0.7653, 71 labels)  0.4 min
step 400/2000  loss 0.0959  val macro-AUROC 0.7702 (best 0.7702, 71 labels)  0.5 min
step 440/2000  loss 0.0843  val macro-AUROC 0.7781 (best 0.7781, 71 labels)  0.5 min
step 480/2000  loss 0.0757  val macro-AUROC 0.8104 (best 0.8104, 71 labels)  0.6 min
step 520/2000  loss 0.0813  val macro-AUROC 0.7898 (best 0.8104, 71 labels)  0.6 min
step 560/2000  loss 0.0621  val macro-AUROC 0.8342 (best 0.8342, 71 labels)  0.7 min
step 600/2000  loss 0.0735  val macro-AUROC 0.8325 (best 0.8342, 71 labels)  0.7 min
step 640/2000  loss 0.0754  val macro-AUROC 0.8487 (best 0.8487, 71 labels)  0.8 min
step 680/2000  loss 0.0739  val macro-AUROC 0.8097 (best 0.8487, 71 labels)  0.8 min
step 720/2000  loss 0.0662  val macro-AUROC 0.8398 (best 0.8487, 71 labels)  0.9 min
step 760/2000  loss 0.0668  val macro-AUROC 0.8448 (best 0.8487, 71 labels)  0.9 min
step 800/2000  loss 0.0719  val macro-AUROC 0.8564 (best 0.8564, 71 labels)  1.0 min
step 840/2000  loss 0.0725  val macro-AUROC 0.8467 (best 0.8564, 71 labels)  1.0 min
step 880/2000  loss 0.0679  val macro-AUROC 0.8520 (best 0.8564, 71 labels)  1.1 min
step 920/2000  loss 0.0768  val macro-AUROC 0.8530 (best 0.8564, 71 labels)  1.1 min
step 960/2000  loss 0.0777  val macro-AUROC 0.8590 (best 0.8590, 71 labels)  1.1 min
step 1000/2000  loss 0.0693  val macro-AUROC 0.8505 (best 0.8590, 71 labels)  1.2 min
step 1040/2000  loss 0.0640  val macro-AUROC 0.8565 (best 0.8590, 71 labels)  1.2 min
step 1080/2000  loss 0.0519  val macro-AUROC 0.8538 (best 0.8590, 71 labels)  1.3 min
step 1120/2000  loss 0.0583  val macro-AUROC 0.8483 (best 0.8590, 71 labels)  1.3 min
step 1160/2000  loss 0.0631  val macro-AUROC 0.8570 (best 0.8590, 71 labels)  1.4 min
step 1200/2000  loss 0.0517  val macro-AUROC 0.8555 (best 0.8590, 71 labels)  1.4 min
step 1240/2000  loss 0.0551  val macro-AUROC 0.8542 (best 0.8590, 71 labels)  1.5 min
step 1280/2000  loss 0.0629  val macro-AUROC 0.8577 (best 0.8590, 71 labels)  1.5 min
step 1320/2000  loss 0.0495  val macro-AUROC 0.8514 (best 0.8590, 71 labels)  1.6 min
step 1360/2000  loss 0.0508  val macro-AUROC 0.8595 (best 0.8595, 71 labels)  1.6 min
step 1400/2000  loss 0.0527  val macro-AUROC 0.8588 (best 0.8595, 71 labels)  1.7 min
step 1440/2000  loss 0.0399  val macro-AUROC 0.8519 (best 0.8595, 71 labels)  1.7 min
step 1480/2000  loss 0.0570  val macro-AUROC 0.8523 (best 0.8595, 71 labels)  1.8 min
step 1520/2000  loss 0.0416  val macro-AUROC 0.8563 (best 0.8595, 71 labels)  1.8 min
step 1560/2000  loss 0.0479  val macro-AUROC 0.8473 (best 0.8595, 71 labels)  1.9 min
step 1600/2000  loss 0.0416  val macro-AUROC 0.8481 (best 0.8595, 71 labels)  1.9 min
step 1640/2000  loss 0.0349  val macro-AUROC 0.8505 (best 0.8595, 71 labels)  2.0 min
step 1680/2000  loss 0.0392  val macro-AUROC 0.8486 (best 0.8595, 71 labels)  2.0 min
step 1720/2000  loss 0.0314  val macro-AUROC 0.8505 (best 0.8595, 71 labels)  2.1 min
step 1760/2000  loss 0.0330  val macro-AUROC 0.8540 (best 0.8595, 71 labels)  2.1 min
step 1800/2000  loss 0.0369  val macro-AUROC 0.8542 (best 0.8595, 71 labels)  2.1 min
step 1840/2000  loss 0.0318  val macro-AUROC 0.8537 (best 0.8595, 71 labels)  2.2 min
step 1880/2000  loss 0.0361  val macro-AUROC 0.8523 (best 0.8595, 71 labels)  2.2 min
step 1920/2000  loss 0.0396  val macro-AUROC 0.8510 (best 0.8595, 71 labels)  2.3 min
step 1960/2000  loss 0.0403  val macro-AUROC 0.8512 (best 0.8595, 71 labels)  2.3 min
step 2000/2000  loss 0.0367  val macro-AUROC 0.8518 (best 0.8595, 71 labels)  2.4 min
{"run_id": "S1_b0.1_s2_lik0", "test_macro_auroc": 0.8615235514020619, "test_e3_macro_auroc": 0.9400849175444113, "sph_e3_macro_auroc": 0.9549273203428699}
