S1_b1_s0_lik0: train=17418 records, 6800 steps, eval every 136, device=cuda
/tmp/robust-ecg-ssl/scripts/train.py:143: UserWarning: Converting a tensor with requires_grad=True to a scalar may lead to unexpected behavior.
Consider using tensor.detach() first. (Triggered internally at /pytorch/torch/csrc/autograd/generated/python_variable_methods.cpp:836.)
  print(f"step {step}/{total}  loss {float(loss):.4f}  val macro-AUROC {auc:.4f} "
step 136/6800  loss 0.6732  val macro-AUROC 0.5559 (best 0.5559, 71 labels)  0.1 min
step 272/6800  loss 0.2855  val macro-AUROC 0.6154 (best 0.6154, 71 labels)  0.2 min
step 408/6800  loss 0.1473  val macro-AUROC 0.6853 (best 0.6853, 71 labels)  0.4 min
step 544/6800  loss 0.0984  val macro-AUROC 0.7698 (best 0.7698, 71 labels)  0.5 min
step 680/6800  loss 0.0874  val macro-AUROC 0.7991 (best 0.7991, 71 labels)  0.6 min
step 816/6800  loss 0.0850  val macro-AUROC 0.8153 (best 0.8153, 71 labels)  0.7 min
step 952/6800  loss 0.0876  val macro-AUROC 0.8316 (best 0.8316, 71 labels)  0.8 min
step 1088/6800  loss 0.0717  val macro-AUROC 0.8275 (best 0.8316, 71 labels)  0.9 min
step 1224/6800  loss 0.0818  val macro-AUROC 0.8509 (best 0.8509, 71 labels)  1.0 min
step 1360/6800  loss 0.0661  val macro-AUROC 0.8444 (best 0.8509, 71 labels)  1.1 min
step 1496/6800  loss 0.0784  val macro-AUROC 0.8651 (best 0.8651, 71 labels)  1.2 min
step 1632/6800  loss 0.0696  val macro-AUROC 0.8633 (best 0.8651, 71 labels)  1.4 min
step 1768/6800  loss 0.0711  val macro-AUROC 0.8811 (best 0.8811, 71 labels)  1.5 min
step 1904/6800  loss 0.0767  val macro-AUROC 0.8902 (best 0.8902, 71 labels)  1.6 min
step 2040/6800  loss 0.0659  val macro-AUROC 0.8910 (best 0.8910, 71 labels)  1.7 min
step 2176/6800  loss 0.0710  val macro-AUROC 0.8963 (best 0.8963, 71 labels)  1.8 min
step 2312/6800  loss 0.0657  val macro-AUROC 0.9002 (best 0.9002, 71 labels)  1.9 min
step 2448/6800  loss 0.0642  val macro-AUROC 0.9003 (best 0.9003, 71 labels)  2.0 min
step 2584/6800  loss 0.0611  val macro-AUROC 0.9023 (best 0.9023, 71 labels)  2.1 min
step 2720/6800  loss 0.0614  val macro-AUROC 0.9058 (best 0.9058, 71 labels)  2.3 min
step 2856/6800  loss 0.0661  val macro-AUROC 0.9068 (best 0.9068, 71 labels)  2.4 min
step 2992/6800  loss 0.0592  val macro-AUROC 0.9083 (best 0.9083, 71 labels)  2.5 min
step 3128/6800  loss 0.0707  val macro-AUROC 0.9086 (best 0.9086, 71 labels)  2.6 min
step 3264/6800  loss 0.0719  val macro-AUROC 0.9119 (best 0.9119, 71 labels)  2.7 min
step 3400/6800  loss 0.0588  val macro-AUROC 0.9123 (best 0.9123, 71 labels)  2.8 min
step 3536/6800  loss 0.0585  val macro-AUROC 0.9108 (best 0.9123, 71 labels)  2.9 min
step 3672/6800  loss 0.0697  val macro-AUROC 0.9144 (best 0.9144, 71 labels)  3.0 min
step 3808/6800  loss 0.0608  val macro-AUROC 0.9144 (best 0.9144, 71 labels)  3.2 min
step 3944/6800  loss 0.0622  val macro-AUROC 0.9206 (best 0.9206, 71 labels)  3.3 min
step 4080/6800  loss 0.0729  val macro-AUROC 0.9138 (best 0.9206, 71 labels)  3.4 min
step 4216/6800  loss 0.0560  val macro-AUROC 0.9206 (best 0.9206, 71 labels)  3.5 min
step 4352/6800  loss 0.0573  val macro-AUROC 0.9207 (best 0.9207, 71 labels)  3.6 min
step 4488/6800  loss 0.0730  val macro-AUROC 0.9197 (best 0.9207, 71 labels)  3.7 min
step 4624/6800  loss 0.0615  val macro-AUROC 0.9217 (best 0.9217, 71 labels)  3.8 min
step 4760/6800  loss 0.0539  val macro-AUROC 0.9206 (best 0.9217, 71 labels)  3.9 min
step 4896/6800  loss 0.0591  val macro-AUROC 0.9244 (best 0.9244, 71 labels)  4.0 min
step 5032/6800  loss 0.0511  val macro-AUROC 0.9236 (best 0.9244, 71 labels)  4.2 min
step 5168/6800  loss 0.0524  val macro-AUROC 0.9213 (best 0.9244, 71 labels)  4.3 min
step 5304/6800  loss 0.0611  val macro-AUROC 0.9210 (best 0.9244, 71 labels)  4.4 min
step 5440/6800  loss 0.0583  val macro-AUROC 0.9239 (best 0.9244, 71 labels)  4.5 min
step 5576/6800  loss 0.0555  val macro-AUROC 0.9226 (best 0.9244, 71 labels)  4.6 min
step 5712/6800  loss 0.0597  val macro-AUROC 0.9243 (best 0.9244, 71 labels)  4.7 min
step 5848/6800  loss 0.0550  val macro-AUROC 0.9237 (best 0.9244, 71 labels)  4.8 min
step 5984/6800  loss 0.0617  val macro-AUROC 0.9264 (best 0.9264, 71 labels)  4.9 min
step 6120/6800  loss 0.0525  val macro-AUROC 0.9271 (best 0.9271, 71 labels)  5.0 min
step 6256/6800  loss 0.0603  val macro-AUROC 0.9254 (best 0.9271, 71 labels)  5.1 min
step 6392/6800  loss 0.0464  val macro-AUROC 0.9252 (best 0.9271, 71 labels)  5.3 min
step 6528/6800  loss 0.0467  val macro-AUROC 0.9256 (best 0.9271, 71 labels)  5.4 min
step 6664/6800  loss 0.0532  val macro-AUROC 0.9259 (best 0.9271, 71 labels)  5.5 min
step 6800/6800  loss 0.0517  val macro-AUROC 0.9257 (best 0.9271, 71 labels)  5.6 min
{"run_id": "S1_b1_s0_lik0", "test_macro_auroc": 0.9264528209744711, "test_e3_macro_auroc": 0.9774745784890145, "sph_e3_macro_auroc": 0.9721939738828015}
