S1_b0.5_s1_lik0: train=8752 records, 3400 steps, eval every 68, device=cuda
/tmp/robust-ecg-ssl/scripts/train.py:143: UserWarning: Converting a tensor with requires_grad=True to a scalar may lead to unexpected behavior.
Consider using tensor.detach() first. (Triggered internally at /pytorch/torch/csrc/autograd/generated/python_variable_methods.cpp:836.)
  print(f"step {step}/{total}  loss {float(loss):.4f}  val macro-AUROC {auc:.4f} "
step 68/3400  loss 0.8132  val macro-AUROC 0.5932 (best 0.5932, 71 labels)  0.1 min
step 136/3400  loss 0.6670  val macro-AUROC 0.5885 (best 0.5932, 71 labels)  0.2 min
step 204/3400  loss 0.3320  val macro-AUROC 0.5497 (best 0.5932, 71 labels)  0.2 min
step 272/3400  loss 0.1273  val macro-AUROC 0.7455 (best 0.7455, 71 labels)  0.3 min
step 340/3400  loss 0.1098  val macro-AUROC 0.7660 (best 0.7660, 71 labels)  0.4 min
step 408/3400  loss 0.0954  val macro-AUROC 0.7723 (best 0.7723, 71 labels)  0.4 min
step 476/3400  loss 0.0917  val macro-AUROC 0.7807 (best 0.7807, 71 labels)  0.5 min
step 544/3400  loss 0.0980  val macro-AUROC 0.7522 (best 0.7807, 71 labels)  0.6 min
step 612/3400  loss 0.0833  val macro-AUROC 0.8099 (best 0.8099, 71 labels)  0.6 min
step 680/3400  loss 0.0798  val macro-AUROC 0.8367 (best 0.8367, 71 labels)  0.7 min
step 748/3400  loss 0.1024  val macro-AUROC 0.8476 (best 0.8476, 71 labels)  0.8 min
step 816/3400  loss 0.0775  val macro-AUROC 0.8355 (best 0.8476, 71 labels)  0.8 min
step 884/3400  loss 0.0752  val macro-AUROC 0.8125 (best 0.8476, 71 labels)  0.9 min
step 952/3400  loss 0.0726  val macro-AUROC 0.8604 (best 0.8604, 71 labels)  1.0 min
step 1020/3400  loss 0.0721  val macro-AUROC 0.8589 (best 0.8604, 71 labels)  1.0 min
step 1088/3400  loss 0.0656  val macro-AUROC 0.8581 (best 0.8604, 71 labels)  1.1 min
step 1156/3400  loss 0.0718  val macro-AUROC 0.8715 (best 0.8715, 71 labels)  1.2 min
step 1224/3400  loss 0.0794  val macro-AUROC 0.8748 (best 0.8748, 71 labels)  1.3 min
step 1292/3400  loss 0.0763  val macro-AUROC 0.8820 (best 0.8820, 71 labels)  1.3 min
step 1360/3400  loss 0.0807  val macro-AUROC 0.8860 (best 0.8860, 71 labels)  1.4 min
step 1428/3400  loss 0.0608  val macro-AUROC 0.8862 (best 0.8862, 71 labels)  1.5 min
step 1496/3400  loss 0.0639  val macro-AUROC 0.8941 (best 0.8941, 71 labels)  1.5 min
step 1564/3400  loss 0.0672  val macro-AUROC 0.8909 (best 0.8941, 71 labels)  1.6 min
step 1632/3400  loss 0.0702  val macro-AUROC 0.8965 (best 0.8965, 71 labels)  1.7 min
step 1700/3400  loss 0.0634  val macro-AUROC 0.8969 (best 0.8969, 71 labels)  1.7 min
step 1768/3400  loss 0.0727  val macro-AUROC 0.8900 (best 0.8969, 71 labels)  1.8 min
step 1836/3400  loss 0.0708  val macro-AUROC 0.8979 (best 0.8979, 71 labels)  1.9 min
step 1904/3400  loss 0.0684  val macro-AUROC 0.8961 (best 0.8979, 71 labels)  1.9 min
step 1972/3400  loss 0.0575  val macro-AUROC 0.9008 (best 0.9008, 71 labels)  2.0 min
step 2040/3400  loss 0.0588  val macro-AUROC 0.8992 (best 0.9008, 71 labels)  2.1 min
step 2108/3400  loss 0.0594  val macro-AUROC 0.9048 (best 0.9048, 71 labels)  2.1 min
step 2176/3400  loss 0.0593  val macro-AUROC 0.9069 (best 0.9069, 71 labels)  2.2 min
step 2244/3400  loss 0.0672  val macro-AUROC 0.9041 (best 0.9069, 71 labels)  2.3 min
step 2312/3400  loss 0.0612  val macro-AUROC 0.9104 (best 0.9104, 71 labels)  2.3 min
step 2380/3400  loss 0.0640  val macro-AUROC 0.9060 (best 0.9104, 71 labels)  2.4 min
step 2448/3400  loss 0.0645  val macro-AUROC 0.9043 (best 0.9104, 71 labels)  2.5 min
step 2516/3400  loss 0.0661  val macro-AUROC 0.9064 (best 0.9104, 71 labels)  2.5 min
step 2584/3400  loss 0.0603  val macro-AUROC 0.9091 (best 0.9104, 71 labels)  2.6 min
step 2652/3400  loss 0.0598  val macro-AUROC 0.9062 (best 0.9104, 71 labels)  2.7 min
step 2720/3400  loss 0.0568  val macro-AUROC 0.9105 (best 0.9105, 71 labels)  2.7 min
step 2788/3400  loss 0.0592  val macro-AUROC 0.9112 (best 0.9112, 71 labels)  2.8 min
step 2856/3400  loss 0.0574  val macro-AUROC 0.9110 (best 0.9112, 71 labels)  2.9 min
step 2924/3400  loss 0.0582  val macro-AUROC 0.9100 (best 0.9112, 71 labels)  3.0 min
step 2992/3400  loss 0.0717  val macro-AUROC 0.9094 (best 0.9112, 71 labels)  3.0 min
step 3060/3400  loss 0.0537  val macro-AUROC 0.9097 (best 0.9112, 71 labels)  3.1 min
step 3128/3400  loss 0.0545  val macro-AUROC 0.9105 (best 0.9112, 71 labels)  3.2 min
step 3196/3400  loss 0.0466  val macro-AUROC 0.9108 (best 0.9112, 71 labels)  3.2 min
step 3264/3400  loss 0.0551  val macro-AUROC 0.9102 (best 0.9112, 71 labels)  3.3 min
step 3332/3400  loss 0.0589  val macro-AUROC 0.9105 (best 0.9112, 71 labels)  3.4 min
step 3400/3400  loss 0.0523  val macro-AUROC 0.9104 (best 0.9112, 71 labels)  3.5 min
{"run_id": "S1_b0.5_s1_lik0", "test_macro_auroc": 0.9062931699611968, "test_e3_macro_auroc": 0.9725180707962539, "sph_e3_macro_auroc": 0.9725595465755971}
