S1_b0.25_s0_lik0: train=4326 records, 2000 steps, eval every 40, device=cuda
/tmp/robust-ecg-ssl/scripts/train.py:143: UserWarning: Converting a tensor with requires_grad=True to a scalar may lead to unexpected behavior.
Consider using tensor.detach() first. (Triggered internally at /pytorch/torch/csrc/autograd/generated/python_variable_methods.cpp:836.)
  print(f"step {step}/{total}  loss {float(loss):.4f}  val macro-AUROC {auc:.4f} "
step 40/2000  loss 0.8485  val macro-AUROC 0.5371 (best 0.5371, 71 labels)  0.1 min
step 80/2000  loss 0.7628  val macro-AUROC 0.5523 (best 0.5523, 71 labels)  0.1 min
step 120/2000  loss 0.6109  val macro-AUROC 0.6017 (best 0.6017, 71 labels)  0.2 min
step 160/2000  loss 0.3007  val macro-AUROC 0.6225 (best 0.6225, 71 labels)  0.2 min
step 200/2000  loss 0.1385  val macro-AUROC 0.7199 (best 0.7199, 71 labels)  0.3 min
step 240/2000  loss 0.0937  val macro-AUROC 0.7400 (best 0.7400, 71 labels)  0.3 min
step 280/2000  loss 0.1114  val macro-AUROC 0.6517 (best 0.7400, 71 labels)  0.4 min
step 320/2000  loss 0.1037  val macro-AUROC 0.7750 (best 0.7750, 71 labels)  0.4 min
step 360/2000  loss 0.0831  val macro-AUROC 0.7791 (best 0.7791, 71 labels)  0.4 min
step 400/2000  loss 0.0879  val macro-AUROC 0.8128 (best 0.8128, 71 labels)  0.5 min
step 440/2000  loss 0.0841  val macro-AUROC 0.8041 (best 0.8128, 71 labels)  0.5 min
step 480/2000  loss 0.0917  val macro-AUROC 0.6513 (best 0.8128, 71 labels)  0.6 min
step 520/2000  loss 0.0873  val macro-AUROC 0.8006 (best 0.8128, 71 labels)  0.6 min
step 560/2000  loss 0.0818  val macro-AUROC 0.8004 (best 0.8128, 71 labels)  0.7 min
step 600/2000  loss 0.0741  val macro-AUROC 0.8229 (best 0.8229, 71 labels)  0.7 min
step 640/2000  loss 0.0830  val macro-AUROC 0.8359 (best 0.8359, 71 labels)  0.8 min
step 680/2000  loss 0.0702  val macro-AUROC 0.8305 (best 0.8359, 71 labels)  0.8 min
step 720/2000  loss 0.0729  val macro-AUROC 0.8462 (best 0.8462, 71 labels)  0.9 min
step 760/2000  loss 0.0804  val macro-AUROC 0.8309 (best 0.8462, 71 labels)  0.9 min
step 800/2000  loss 0.0708  val macro-AUROC 0.8469 (best 0.8469, 71 labels)  1.0 min
step 840/2000  loss 0.0743  val macro-AUROC 0.8530 (best 0.8530, 71 labels)  1.0 min
step 880/2000  loss 0.0663  val macro-AUROC 0.8586 (best 0.8586, 71 labels)  1.1 min
step 920/2000  loss 0.0712  val macro-AUROC 0.8600 (best 0.8600, 71 labels)  1.1 min
step 960/2000  loss 0.0686  val macro-AUROC 0.8570 (best 0.8600, 71 labels)  1.2 min
step 1000/2000  loss 0.0640  val macro-AUROC 0.8541 (best 0.8600, 71 labels)  1.2 min
step 1040/2000  loss 0.0673  val macro-AUROC 0.8647 (best 0.8647, 71 labels)  1.3 min
step 1080/2000  loss 0.0722  val macro-AUROC 0.8657 (best 0.8657, 71 labels)  1.3 min
step 1120/2000  loss 0.0662  val macro-AUROC 0.8691 (best 0.8691, 71 labels)  1.3 min
step 1160/2000  loss 0.0647  val macro-AUROC 0.8658 (best 0.8691, 71 labels)  1.4 min
step 1200/2000  loss 0.0707  val macro-AUROC 0.8675 (best 0.8691, 71 labels)  1.4 min
step 1240/2000  loss 0.0720  val macro-AUROC 0.8680 (best 0.8691, 71 labels)  1.5 min
step 1280/2000  loss 0.0658  val macro-AUROC 0.8754 (best 0.8754, 71 labels)  1.5 min
step 1320/2000  loss 0.0582  val macro-AUROC 0.8787 (best 0.8787, 71 labels)  1.6 min
step 1360/2000  loss 0.0572  val macro-AUROC 0.8772 (best 0.8787, 71 labels)  1.6 min
step 1400/2000  loss 0.0681  val macro-AUROC 0.8772 (best 0.8787, 71 labels)  1.7 min
step 1440/2000  loss 0.0626  val macro-AUROC 0.8802 (best 0.8802, 71 labels)  1.7 min
step 1480/2000  loss 0.0608  val macro-AUROC 0.8802 (best 0.8802, 71 labels)  1.8 min
step 1520/2000  loss 0.0653  val macro-AUROC 0.8841 (best 0.8841, 71 labels)  1.8 min
step 1560/2000  loss 0.0630  val macro-AUROC 0.8766 (best 0.8841, 71 labels)  1.9 min
step 1600/2000  loss 0.0602  val macro-AUROC 0.8822 (best 0.8841, 71 labels)  1.9 min
step 1640/2000  loss 0.0524  val macro-AUROC 0.8829 (best 0.8841, 71 labels)  2.0 min
step 1680/2000  loss 0.0602  val macro-AUROC 0.8796 (best 0.8841, 71 labels)  2.0 min
step 1720/2000  loss 0.0594  val macro-AUROC 0.8833 (best 0.8841, 71 labels)  2.1 min
step 1760/2000  loss 0.0522  val macro-AUROC 0.8808 (best 0.8841, 71 labels)  2.1 min
step 1800/2000  loss 0.0628  val macro-AUROC 0.8810 (best 0.8841, 71 labels)  2.2 min
step 1840/2000  loss 0.0509  val macro-AUROC 0.8822 (best 0.8841, 71 labels)  2.2 min
step 1880/2000  loss 0.0543  val macro-AUROC 0.8825 (best 0.8841, 71 labels)  2.3 min
step 1920/2000  loss 0.0457  val macro-AUROC 0.8829 (best 0.8841, 71 labels)  2.3 min
step 1960/2000  loss 0.0623  val macro-AUROC 0.8823 (best 0.8841, 71 labels)  2.3 min
step 2000/2000  loss 0.0558  val macro-AUROC 0.8827 (best 0.8841, 71 labels)  2.4 min
{"run_id": "S1_b0.25_s0_lik0", "test_macro_auroc": 0.8818209580567369, "test_e3_macro_auroc": 0.963806820188911, "sph_e3_macro_auroc": 0.971215073161696}
