S1_b0.01_s4_lik0: train=173 records, 2000 steps, eval every 40, device=cuda
/tmp/robust-ecg-ssl/scripts/train.py:143: UserWarning: Converting a tensor with requires_grad=True to a scalar may lead to unexpected behavior.
Consider using tensor.detach() first. (Triggered internally at /pytorch/torch/csrc/autograd/generated/python_variable_methods.cpp:836.)
  print(f"step {step}/{total}  loss {float(loss):.4f}  val macro-AUROC {auc:.4f} "
step 40/2000  loss 0.8014  val macro-AUROC 0.6020 (best 0.6020, 71 labels)  0.1 min
step 80/2000  loss 0.7097  val macro-AUROC 0.6058 (best 0.6058, 71 labels)  0.1 min
step 120/2000  loss 0.5884  val macro-AUROC 0.6590 (best 0.6590, 71 labels)  0.2 min
step 160/2000  loss 0.3007  val macro-AUROC 0.6706 (best 0.6706, 71 labels)  0.2 min
step 200/2000  loss 0.1070  val macro-AUROC 0.7165 (best 0.7165, 71 labels)  0.3 min
step 240/2000  loss 0.0804  val macro-AUROC 0.7020 (best 0.7165, 71 labels)  0.3 min
step 280/2000  loss 0.0663  val macro-AUROC 0.6880 (best 0.7165, 71 labels)  0.3 min
step 320/2000  loss 0.0526  val macro-AUROC 0.6862 (best 0.7165, 71 labels)  0.4 min
step 360/2000  loss 0.0394  val macro-AUROC 0.6836 (best 0.7165, 71 labels)  0.4 min
step 400/2000  loss 0.0334  val macro-AUROC 0.6718 (best 0.7165, 71 labels)  0.5 min
step 440/2000  loss 0.0221  val macro-AUROC 0.6737 (best 0.7165, 71 labels)  0.5 min
step 480/2000  loss 0.0201  val macro-AUROC 0.6551 (best 0.7165, 71 labels)  0.6 min
step 520/2000  loss 0.0174  val macro-AUROC 0.6470 (best 0.7165, 71 labels)  0.6 min
step 560/2000  loss 0.0124  val macro-AUROC 0.6804 (best 0.7165, 71 labels)  0.7 min
step 600/2000  loss 0.0118  val macro-AUROC 0.6780 (best 0.7165, 71 labels)  0.7 min
step 640/2000  loss 0.0065  val macro-AUROC 0.6649 (best 0.7165, 71 labels)  0.8 min
step 680/2000  loss 0.0088  val macro-AUROC 0.6874 (best 0.7165, 71 labels)  0.8 min
step 720/2000  loss 0.0063  val macro-AUROC 0.6915 (best 0.7165, 71 labels)  0.9 min
step 760/2000  loss 0.0063  val macro-AUROC 0.6790 (best 0.7165, 71 labels)  0.9 min
step 800/2000  loss 0.0058  val macro-AUROC 0.6994 (best 0.7165, 71 labels)  1.0 min
step 840/2000  loss 0.0045  val macro-AUROC 0.6786 (best 0.7165, 71 labels)  1.0 min
step 880/2000  loss 0.0049  val macro-AUROC 0.7164 (best 0.7165, 71 labels)  1.1 min
step 920/2000  loss 0.0033  val macro-AUROC 0.6942 (best 0.7165, 71 labels)  1.1 min
step 960/2000  loss 0.0044  val macro-AUROC 0.7129 (best 0.7165, 71 labels)  1.2 min
step 1000/2000  loss 0.0043  val macro-AUROC 0.6896 (best 0.7165, 71 labels)  1.2 min
step 1040/2000  loss 0.0056  val macro-AUROC 0.7061 (best 0.7165, 71 labels)  1.3 min
step 1080/2000  loss 0.0032  val macro-AUROC 0.7002 (best 0.7165, 71 labels)  1.3 min
step 1120/2000  loss 0.0027  val macro-AUROC 0.7036 (best 0.7165, 71 labels)  1.3 min
step 1160/2000  loss 0.0027  val macro-AUROC 0.7233 (best 0.7233, 71 labels)  1.4 min
step 1200/2000  loss 0.0043  val macro-AUROC 0.7162 (best 0.7233, 71 labels)  1.4 min
step 1240/2000  loss 0.0017  val macro-AUROC 0.7063 (best 0.7233, 71 labels)  1.5 min
step 1280/2000  loss 0.0029  val macro-AUROC 0.7195 (best 0.7233, 71 labels)  1.5 min
step 1320/2000  loss 0.0035  val macro-AUROC 0.7097 (best 0.7233, 71 labels)  1.6 min
step 1360/2000  loss 0.0021  val macro-AUROC 0.7165 (best 0.7233, 71 labels)  1.6 min
step 1400/2000  loss 0.0023  val macro-AUROC 0.7267 (best 0.7267, 71 labels)  1.7 min
step 1440/2000  loss 0.0035  val macro-AUROC 0.7197 (best 0.7267, 71 labels)  1.7 min
step 1480/2000  loss 0.0018  val macro-AUROC 0.7262 (best 0.7267, 71 labels)  1.8 min
step 1520/2000  loss 0.0021  val macro-AUROC 0.7111 (best 0.7267, 71 labels)  1.8 min
step 1560/2000  loss 0.0024  val macro-AUROC 0.7109 (best 0.7267, 71 labels)  1.9 min
step 1600/2000  loss 0.0015  val macro-AUROC 0.7118 (best 0.7267, 71 labels)  1.9 min
step 1640/2000  loss 0.0012  val macro-AUROC 0.7115 (best 0.7267, 71 labels)  2.0 min
step 1680/2000  loss 0.0013  val macro-AUROC 0.7262 (best 0.7267, 71 labels)  2.0 min
step 1720/2000  loss 0.0028  val macro-AUROC 0.7256 (best 0.7267, 71 labels)  2.1 min
step 1760/2000  loss 0.0017  val macro-AUROC 0.7193 (best 0.7267, 71 labels)  2.1 min
step 1800/2000  loss 0.0017  val macro-AUROC 0.7182 (best 0.7267, 71 labels)  2.2 min
step 1840/2000  loss 0.0021  val macro-AUROC 0.7208 (best 0.7267, 71 labels)  2.2 min
step 1880/2000  loss 0.0020  val macro-AUROC 0.7203 (best 0.7267, 71 labels)  2.3 min
step 1920/2000  loss 0.0027  val macro-AUROC 0.7211 (best 0.7267, 71 labels)  2.3 min
step 1960/2000  loss 0.0012  val macro-AUROC 0.7211 (best 0.7267, 71 labels)  2.3 min
step 2000/2000  loss 0.0020  val macro-AUROC 0.7225 (best 0.7267, 71 labels)  2.4 min
{"run_id": "S1_b0.01_s4_lik0", "test_macro_auroc": 0.6957562499146565, "test_e3_macro_auroc": 0.8393941889568322, "sph_e3_macro_auroc": 0.8836168389495032}
