S1_b0.01_s2_lik0: train=165 records, 2000 steps, eval every 40, device=cuda
/tmp/robust-ecg-ssl/scripts/train.py:143: UserWarning: Converting a tensor with requires_grad=True to a scalar may lead to unexpected behavior.
Consider using tensor.detach() first. (Triggered internally at /pytorch/torch/csrc/autograd/generated/python_variable_methods.cpp:836.)
  print(f"step {step}/{total}  loss {float(loss):.4f}  val macro-AUROC {auc:.4f} "
step 40/2000  loss 0.8527  val macro-AUROC 0.5479 (best 0.5479, 71 labels)  0.1 min
step 80/2000  loss 0.7434  val macro-AUROC 0.5420 (best 0.5479, 71 labels)  0.1 min
step 120/2000  loss 0.5923  val macro-AUROC 0.5944 (best 0.5944, 71 labels)  0.2 min
step 160/2000  loss 0.2863  val macro-AUROC 0.6450 (best 0.6450, 71 labels)  0.2 min
step 200/2000  loss 0.1015  val macro-AUROC 0.6100 (best 0.6450, 71 labels)  0.3 min
step 240/2000  loss 0.0662  val macro-AUROC 0.7019 (best 0.7019, 71 labels)  0.3 min
step 280/2000  loss 0.0589  val macro-AUROC 0.7041 (best 0.7041, 71 labels)  0.4 min
step 320/2000  loss 0.0508  val macro-AUROC 0.6647 (best 0.7041, 71 labels)  0.4 min
step 360/2000  loss 0.0350  val macro-AUROC 0.6357 (best 0.7041, 71 labels)  0.4 min
step 400/2000  loss 0.0332  val macro-AUROC 0.6172 (best 0.7041, 71 labels)  0.5 min
step 440/2000  loss 0.0193  val macro-AUROC 0.6515 (best 0.7041, 71 labels)  0.5 min
step 480/2000  loss 0.0144  val macro-AUROC 0.6802 (best 0.7041, 71 labels)  0.6 min
step 520/2000  loss 0.0166  val macro-AUROC 0.6417 (best 0.7041, 71 labels)  0.6 min
step 560/2000  loss 0.0105  val macro-AUROC 0.6423 (best 0.7041, 71 labels)  0.7 min
step 600/2000  loss 0.0084  val macro-AUROC 0.6856 (best 0.7041, 71 labels)  0.7 min
step 640/2000  loss 0.0061  val macro-AUROC 0.6680 (best 0.7041, 71 labels)  0.8 min
step 680/2000  loss 0.0073  val macro-AUROC 0.6616 (best 0.7041, 71 labels)  0.8 min
step 720/2000  loss 0.0058  val macro-AUROC 0.6813 (best 0.7041, 71 labels)  0.9 min
step 760/2000  loss 0.0041  val macro-AUROC 0.6500 (best 0.7041, 71 labels)  0.9 min
step 800/2000  loss 0.0052  val macro-AUROC 0.6558 (best 0.7041, 71 labels)  1.0 min
step 840/2000  loss 0.0076  val macro-AUROC 0.7010 (best 0.7041, 71 labels)  1.0 min
step 880/2000  loss 0.0034  val macro-AUROC 0.6741 (best 0.7041, 71 labels)  1.1 min
step 920/2000  loss 0.0049  val macro-AUROC 0.6649 (best 0.7041, 71 labels)  1.1 min
step 960/2000  loss 0.0030  val macro-AUROC 0.6726 (best 0.7041, 71 labels)  1.2 min
step 1000/2000  loss 0.0034  val macro-AUROC 0.6865 (best 0.7041, 71 labels)  1.2 min
step 1040/2000  loss 0.0025  val macro-AUROC 0.7014 (best 0.7041, 71 labels)  1.3 min
step 1080/2000  loss 0.0028  val macro-AUROC 0.6810 (best 0.7041, 71 labels)  1.3 min
step 1120/2000  loss 0.0031  val macro-AUROC 0.6942 (best 0.7041, 71 labels)  1.4 min
step 1160/2000  loss 0.0024  val macro-AUROC 0.6846 (best 0.7041, 71 labels)  1.4 min
step 1200/2000  loss 0.0018  val macro-AUROC 0.6826 (best 0.7041, 71 labels)  1.5 min
step 1240/2000  loss 0.0016  val macro-AUROC 0.6831 (best 0.7041, 71 labels)  1.5 min
step 1280/2000  loss 0.0015  val macro-AUROC 0.7032 (best 0.7041, 71 labels)  1.6 min
step 1320/2000  loss 0.0014  val macro-AUROC 0.6790 (best 0.7041, 71 labels)  1.6 min
step 1360/2000  loss 0.0027  val macro-AUROC 0.7068 (best 0.7068, 71 labels)  1.6 min
step 1400/2000  loss 0.0021  val macro-AUROC 0.6878 (best 0.7068, 71 labels)  1.7 min
step 1440/2000  loss 0.0023  val macro-AUROC 0.6753 (best 0.7068, 71 labels)  1.7 min
step 1480/2000  loss 0.0018  val macro-AUROC 0.6932 (best 0.7068, 71 labels)  1.8 min
step 1520/2000  loss 0.0015  val macro-AUROC 0.6939 (best 0.7068, 71 labels)  1.8 min
step 1560/2000  loss 0.0013  val macro-AUROC 0.6861 (best 0.7068, 71 labels)  1.9 min
step 1600/2000  loss 0.0011  val macro-AUROC 0.6995 (best 0.7068, 71 labels)  1.9 min
step 1640/2000  loss 0.0020  val macro-AUROC 0.6844 (best 0.7068, 71 labels)  2.0 min
step 1680/2000  loss 0.0017  val macro-AUROC 0.6858 (best 0.7068, 71 labels)  2.0 min
step 1720/2000  loss 0.0013  val macro-AUROC 0.6860 (best 0.7068, 71 labels)  2.1 min
step 1760/2000  loss 0.0010  val macro-AUROC 0.6828 (best 0.7068, 71 labels)  2.1 min
step 1800/2000  loss 0.0016  val macro-AUROC 0.6862 (best 0.7068, 71 labels)  2.2 min
step 1840/2000  loss 0.0013  val macro-AUROC 0.6921 (best 0.7068, 71 labels)  2.2 min
step 1880/2000  loss 0.0018  val macro-AUROC 0.6934 (best 0.7068, 71 labels)  2.3 min
step 1920/2000  loss 0.0019  val macro-AUROC 0.6924 (best 0.7068, 71 labels)  2.3 min
step 1960/2000  loss 0.0012  val macro-AUROC 0.6927 (best 0.7068, 71 labels)  2.4 min
step 2000/2000  loss 0.0024  val macro-AUROC 0.6930 (best 0.7068, 71 labels)  2.4 min
{"run_id": "S1_b0.01_s2_lik0", "test_macro_auroc": 0.7065302581636044, "test_e3_macro_auroc": 0.8356147310161351, "sph_e3_macro_auroc": 0.8675311745469249}
