S1_b0.25_s1_lik0: train=4369 records, 2000 steps, eval every 40, device=cuda
/tmp/robust-ecg-ssl/scripts/train.py:143: UserWarning: Converting a tensor with requires_grad=True to a scalar may lead to unexpected behavior.
Consider using tensor.detach() first. (Triggered internally at /pytorch/torch/csrc/autograd/generated/python_variable_methods.cpp:836.)
  print(f"step {step}/{total}  loss {float(loss):.4f}  val macro-AUROC {auc:.4f} "
step 40/2000  loss 0.8757  val macro-AUROC 0.5609 (best 0.5609, 71 labels)  0.1 min
step 80/2000  loss 0.7415  val macro-AUROC 0.5918 (best 0.5918, 71 labels)  0.1 min
step 120/2000  loss 0.6209  val macro-AUROC 0.6173 (best 0.6173, 71 labels)  0.2 min
step 160/2000  loss 0.3153  val macro-AUROC 0.6612 (best 0.6612, 71 labels)  0.2 min
step 200/2000  loss 0.1323  val macro-AUROC 0.7116 (best 0.7116, 71 labels)  0.3 min
step 240/2000  loss 0.1118  val macro-AUROC 0.6782 (best 0.7116, 71 labels)  0.3 min
step 280/2000  loss 0.0954  val macro-AUROC 0.7530 (best 0.7530, 71 labels)  0.4 min
step 320/2000  loss 0.0969  val macro-AUROC 0.7736 (best 0.7736, 71 labels)  0.4 min
step 360/2000  loss 0.1162  val macro-AUROC 0.7951 (best 0.7951, 71 labels)  0.5 min
step 400/2000  loss 0.1114  val macro-AUROC 0.7601 (best 0.7951, 71 labels)  0.5 min
step 440/2000  loss 0.0904  val macro-AUROC 0.8072 (best 0.8072, 71 labels)  0.5 min
step 480/2000  loss 0.0923  val macro-AUROC 0.8150 (best 0.8150, 71 labels)  0.6 min
step 520/2000  loss 0.0908  val macro-AUROC 0.7842 (best 0.8150, 71 labels)  0.6 min
step 560/2000  loss 0.0766  val macro-AUROC 0.8176 (best 0.8176, 71 labels)  0.7 min
step 600/2000  loss 0.0705  val macro-AUROC 0.8018 (best 0.8176, 71 labels)  0.7 min
step 640/2000  loss 0.0725  val macro-AUROC 0.8426 (best 0.8426, 71 labels)  0.8 min
step 680/2000  loss 0.0820  val macro-AUROC 0.8472 (best 0.8472, 71 labels)  0.8 min
step 720/2000  loss 0.0765  val macro-AUROC 0.8488 (best 0.8488, 71 labels)  0.9 min
step 760/2000  loss 0.0699  val macro-AUROC 0.8448 (best 0.8488, 71 labels)  0.9 min
step 800/2000  loss 0.0644  val macro-AUROC 0.8507 (best 0.8507, 71 labels)  1.0 min
step 840/2000  loss 0.0684  val macro-AUROC 0.8552 (best 0.8552, 71 labels)  1.0 min
step 880/2000  loss 0.0716  val macro-AUROC 0.8584 (best 0.8584, 71 labels)  1.1 min
step 920/2000  loss 0.0684  val macro-AUROC 0.8608 (best 0.8608, 71 labels)  1.1 min
step 960/2000  loss 0.0654  val macro-AUROC 0.8663 (best 0.8663, 71 labels)  1.2 min
step 1000/2000  loss 0.0758  val macro-AUROC 0.8751 (best 0.8751, 71 labels)  1.2 min
step 1040/2000  loss 0.0743  val macro-AUROC 0.8745 (best 0.8751, 71 labels)  1.3 min
step 1080/2000  loss 0.0638  val macro-AUROC 0.8708 (best 0.8751, 71 labels)  1.3 min
step 1120/2000  loss 0.0784  val macro-AUROC 0.8753 (best 0.8753, 71 labels)  1.4 min
step 1160/2000  loss 0.0644  val macro-AUROC 0.8769 (best 0.8769, 71 labels)  1.4 min
step 1200/2000  loss 0.0593  val macro-AUROC 0.8850 (best 0.8850, 71 labels)  1.5 min
step 1240/2000  loss 0.0674  val macro-AUROC 0.8833 (best 0.8850, 71 labels)  1.5 min
step 1280/2000  loss 0.0619  val macro-AUROC 0.8802 (best 0.8850, 71 labels)  1.6 min
step 1320/2000  loss 0.0603  val macro-AUROC 0.8811 (best 0.8850, 71 labels)  1.6 min
step 1360/2000  loss 0.0538  val macro-AUROC 0.8865 (best 0.8865, 71 labels)  1.7 min
step 1400/2000  loss 0.0638  val macro-AUROC 0.8874 (best 0.8874, 71 labels)  1.7 min
step 1440/2000  loss 0.0511  val macro-AUROC 0.8847 (best 0.8874, 71 labels)  1.7 min
step 1480/2000  loss 0.0605  val macro-AUROC 0.8867 (best 0.8874, 71 labels)  1.8 min
step 1520/2000  loss 0.0612  val macro-AUROC 0.8873 (best 0.8874, 71 labels)  1.8 min
step 1560/2000  loss 0.0602  val macro-AUROC 0.8857 (best 0.8874, 71 labels)  1.9 min
step 1600/2000  loss 0.0579  val macro-AUROC 0.8859 (best 0.8874, 71 labels)  1.9 min
step 1640/2000  loss 0.0601  val macro-AUROC 0.8863 (best 0.8874, 71 labels)  2.0 min
step 1680/2000  loss 0.0606  val macro-AUROC 0.8877 (best 0.8877, 71 labels)  2.0 min
step 1720/2000  loss 0.0554  val macro-AUROC 0.8911 (best 0.8911, 71 labels)  2.1 min
step 1760/2000  loss 0.0490  val macro-AUROC 0.8896 (best 0.8911, 71 labels)  2.1 min
step 1800/2000  loss 0.0567  val macro-AUROC 0.8915 (best 0.8915, 71 labels)  2.2 min
step 1840/2000  loss 0.0496  val macro-AUROC 0.8916 (best 0.8916, 71 labels)  2.2 min
step 1880/2000  loss 0.0508  val macro-AUROC 0.8919 (best 0.8919, 71 labels)  2.3 min
step 1920/2000  loss 0.0473  val macro-AUROC 0.8912 (best 0.8919, 71 labels)  2.3 min
step 1960/2000  loss 0.0510  val macro-AUROC 0.8913 (best 0.8919, 71 labels)  2.4 min
step 2000/2000  loss 0.0610  val macro-AUROC 0.8916 (best 0.8919, 71 labels)  2.4 min
{"run_id": "S1_b0.25_s1_lik0", "test_macro_auroc": 0.8896875579872695, "test_e3_macro_auroc": 0.9638925667225651, "sph_e3_macro_auroc": 0.9676510081596587}
