S1_b1_s4_lik0: train=17418 records, 6800 steps, eval every 136, device=cuda
/tmp/robust-ecg-ssl/scripts/train.py:143: UserWarning: Converting a tensor with requires_grad=True to a scalar may lead to unexpected behavior.
Consider using tensor.detach() first. (Triggered internally at /pytorch/torch/csrc/autograd/generated/python_variable_methods.cpp:836.)
  print(f"step {step}/{total}  loss {float(loss):.4f}  val macro-AUROC {auc:.4f} "
step 136/6800  loss 0.7179  val macro-AUROC 0.6338 (best 0.6338, 71 labels)  0.1 min
step 272/6800  loss 0.3028  val macro-AUROC 0.6645 (best 0.6645, 71 labels)  0.3 min
step 408/6800  loss 0.1231  val macro-AUROC 0.7400 (best 0.7400, 71 labels)  0.4 min
step 544/6800  loss 0.1059  val macro-AUROC 0.7723 (best 0.7723, 71 labels)  0.5 min
step 680/6800  loss 0.0831  val macro-AUROC 0.8105 (best 0.8105, 71 labels)  0.6 min
step 816/6800  loss 0.0984  val macro-AUROC 0.8266 (best 0.8266, 71 labels)  0.7 min
step 952/6800  loss 0.0887  val macro-AUROC 0.8393 (best 0.8393, 71 labels)  0.8 min
step 1088/6800  loss 0.0897  val macro-AUROC 0.8478 (best 0.8478, 71 labels)  1.0 min
step 1224/6800  loss 0.0793  val macro-AUROC 0.8625 (best 0.8625, 71 labels)  1.1 min
step 1360/6800  loss 0.0823  val macro-AUROC 0.8624 (best 0.8625, 71 labels)  1.2 min
step 1496/6800  loss 0.0707  val macro-AUROC 0.8627 (best 0.8627, 71 labels)  1.3 min
step 1632/6800  loss 0.0636  val macro-AUROC 0.8863 (best 0.8863, 71 labels)  1.4 min
step 1768/6800  loss 0.0912  val macro-AUROC 0.8876 (best 0.8876, 71 labels)  1.5 min
step 1904/6800  loss 0.0713  val macro-AUROC 0.8898 (best 0.8898, 71 labels)  1.6 min
step 2040/6800  loss 0.0715  val macro-AUROC 0.8916 (best 0.8916, 71 labels)  1.8 min
step 2176/6800  loss 0.0625  val macro-AUROC 0.8962 (best 0.8962, 71 labels)  1.9 min
step 2312/6800  loss 0.0643  val macro-AUROC 0.8970 (best 0.8970, 71 labels)  2.0 min
step 2448/6800  loss 0.0661  val macro-AUROC 0.9006 (best 0.9006, 71 labels)  2.1 min
step 2584/6800  loss 0.0561  val macro-AUROC 0.9063 (best 0.9063, 71 labels)  2.2 min
step 2720/6800  loss 0.0600  val macro-AUROC 0.9086 (best 0.9086, 71 labels)  2.3 min
step 2856/6800  loss 0.0641  val macro-AUROC 0.9084 (best 0.9086, 71 labels)  2.4 min
step 2992/6800  loss 0.0644  val macro-AUROC 0.9044 (best 0.9086, 71 labels)  2.6 min
step 3128/6800  loss 0.0724  val macro-AUROC 0.9108 (best 0.9108, 71 labels)  2.7 min
step 3264/6800  loss 0.0579  val macro-AUROC 0.9125 (best 0.9125, 71 labels)  2.8 min
step 3400/6800  loss 0.0653  val macro-AUROC 0.9154 (best 0.9154, 71 labels)  2.9 min
step 3536/6800  loss 0.0552  val macro-AUROC 0.9144 (best 0.9154, 71 labels)  3.0 min
step 3672/6800  loss 0.0623  val macro-AUROC 0.9155 (best 0.9155, 71 labels)  3.1 min
step 3808/6800  loss 0.0674  val macro-AUROC 0.9139 (best 0.9155, 71 labels)  3.2 min
step 3944/6800  loss 0.0542  val macro-AUROC 0.9173 (best 0.9173, 71 labels)  3.4 min
step 4080/6800  loss 0.0556  val macro-AUROC 0.9179 (best 0.9179, 71 labels)  3.5 min
step 4216/6800  loss 0.0614  val macro-AUROC 0.9163 (best 0.9179, 71 labels)  3.6 min
step 4352/6800  loss 0.0632  val macro-AUROC 0.9207 (best 0.9207, 71 labels)  3.7 min
step 4488/6800  loss 0.0663  val macro-AUROC 0.9191 (best 0.9207, 71 labels)  3.8 min
step 4624/6800  loss 0.0586  val macro-AUROC 0.9233 (best 0.9233, 71 labels)  3.9 min
step 4760/6800  loss 0.0589  val macro-AUROC 0.9233 (best 0.9233, 71 labels)  4.0 min
step 4896/6800  loss 0.0536  val macro-AUROC 0.9220 (best 0.9233, 71 labels)  4.2 min
step 5032/6800  loss 0.0604  val macro-AUROC 0.9222 (best 0.9233, 71 labels)  4.3 min
step 5168/6800  loss 0.0573  val macro-AUROC 0.9239 (best 0.9239, 71 labels)  4.4 min
step 5304/6800  loss 0.0708  val macro-AUROC 0.9253 (best 0.9253, 71 labels)  4.5 min
step 5440/6800  loss 0.0554  val macro-AUROC 0.9245 (best 0.9253, 71 labels)  4.6 min
step 5576/6800  loss 0.0514  val macro-AUROC 0.9239 (best 0.9253, 71 labels)  4.7 min
step 5712/6800  loss 0.0533  val macro-AUROC 0.9272 (best 0.9272, 71 labels)  4.8 min
step 5848/6800  loss 0.0521  val macro-AUROC 0.9276 (best 0.9276, 71 labels)  5.0 min
step 5984/6800  loss 0.0559  val macro-AUROC 0.9273 (best 0.9276, 71 labels)  5.1 min
step 6120/6800  loss 0.0482  val macro-AUROC 0.9273 (best 0.9276, 71 labels)  5.2 min
step 6256/6800  loss 0.0583  val macro-AUROC 0.9269 (best 0.9276, 71 labels)  5.3 min
step 6392/6800  loss 0.0443  val macro-AUROC 0.9264 (best 0.9276, 71 labels)  5.4 min
step 6528/6800  loss 0.0586  val macro-AUROC 0.9259 (best 0.9276, 71 labels)  5.5 min
step 6664/6800  loss 0.0476  val macro-AUROC 0.9261 (best 0.9276, 71 labels)  5.6 min
step 6800/6800  loss 0.0552  val macro-AUROC 0.9255 (best 0.9276, 71 labels)  5.7 min
{"run_id": "S1_b1_s4_lik0", "test_macro_auroc": 0.9233665227250764, "test_e3_macro_auroc": 0.9763390271742226, "sph_e3_macro_auroc": 0.969389161528558}
