S1_b1_s1_lik0: train=17418 records, 6800 steps, eval every 136, device=cuda
/tmp/robust-ecg-ssl/scripts/train.py:143: UserWarning: Converting a tensor with requires_grad=True to a scalar may lead to unexpected behavior.
Consider using tensor.detach() first. (Triggered internally at /pytorch/torch/csrc/autograd/generated/python_variable_methods.cpp:836.)
  print(f"step {step}/{total}  loss {float(loss):.4f}  val macro-AUROC {auc:.4f} "
step 136/6800  loss 0.7095  val macro-AUROC 0.5969 (best 0.5969, 71 labels)  0.1 min
step 272/6800  loss 0.3228  val macro-AUROC 0.6799 (best 0.6799, 71 labels)  0.2 min
step 408/6800  loss 0.1173  val macro-AUROC 0.7387 (best 0.7387, 71 labels)  0.4 min
step 544/6800  loss 0.0996  val macro-AUROC 0.7625 (best 0.7625, 71 labels)  0.5 min
step 680/6800  loss 0.0865  val macro-AUROC 0.8036 (best 0.8036, 71 labels)  0.6 min
step 816/6800  loss 0.0842  val macro-AUROC 0.8160 (best 0.8160, 71 labels)  0.7 min
step 952/6800  loss 0.0763  val macro-AUROC 0.8334 (best 0.8334, 71 labels)  0.8 min
step 1088/6800  loss 0.0785  val macro-AUROC 0.8458 (best 0.8458, 71 labels)  0.9 min
step 1224/6800  loss 0.0756  val macro-AUROC 0.8520 (best 0.8520, 71 labels)  1.0 min
step 1360/6800  loss 0.0801  val macro-AUROC 0.8697 (best 0.8697, 71 labels)  1.2 min
step 1496/6800  loss 0.0647  val macro-AUROC 0.8694 (best 0.8697, 71 labels)  1.3 min
step 1632/6800  loss 0.0682  val macro-AUROC 0.8797 (best 0.8797, 71 labels)  1.4 min
step 1768/6800  loss 0.0649  val macro-AUROC 0.8901 (best 0.8901, 71 labels)  1.5 min
step 1904/6800  loss 0.0627  val macro-AUROC 0.8958 (best 0.8958, 71 labels)  1.6 min
step 2040/6800  loss 0.0708  val macro-AUROC 0.9019 (best 0.9019, 71 labels)  1.7 min
step 2176/6800  loss 0.0652  val macro-AUROC 0.9019 (best 0.9019, 71 labels)  1.8 min
step 2312/6800  loss 0.0667  val macro-AUROC 0.9047 (best 0.9047, 71 labels)  2.0 min
step 2448/6800  loss 0.0682  val macro-AUROC 0.9043 (best 0.9047, 71 labels)  2.1 min
step 2584/6800  loss 0.0702  val macro-AUROC 0.9102 (best 0.9102, 71 labels)  2.2 min
step 2720/6800  loss 0.0647  val macro-AUROC 0.9084 (best 0.9102, 71 labels)  2.3 min
step 2856/6800  loss 0.0575  val macro-AUROC 0.9118 (best 0.9118, 71 labels)  2.4 min
step 2992/6800  loss 0.0622  val macro-AUROC 0.9156 (best 0.9156, 71 labels)  2.5 min
step 3128/6800  loss 0.0595  val macro-AUROC 0.9094 (best 0.9156, 71 labels)  2.6 min
step 3264/6800  loss 0.0592  val macro-AUROC 0.9140 (best 0.9156, 71 labels)  2.7 min
step 3400/6800  loss 0.0524  val macro-AUROC 0.9124 (best 0.9156, 71 labels)  2.8 min
step 3536/6800  loss 0.0667  val macro-AUROC 0.9149 (best 0.9156, 71 labels)  3.0 min
step 3672/6800  loss 0.0620  val macro-AUROC 0.9169 (best 0.9169, 71 labels)  3.1 min
step 3808/6800  loss 0.0537  val macro-AUROC 0.9192 (best 0.9192, 71 labels)  3.2 min
step 3944/6800  loss 0.0530  val macro-AUROC 0.9202 (best 0.9202, 71 labels)  3.3 min
step 4080/6800  loss 0.0646  val macro-AUROC 0.9219 (best 0.9219, 71 labels)  3.4 min
step 4216/6800  loss 0.0569  val macro-AUROC 0.9188 (best 0.9219, 71 labels)  3.5 min
step 4352/6800  loss 0.0558  val macro-AUROC 0.9214 (best 0.9219, 71 labels)  3.6 min
step 4488/6800  loss 0.0530  val macro-AUROC 0.9185 (best 0.9219, 71 labels)  3.7 min
step 4624/6800  loss 0.0607  val macro-AUROC 0.9217 (best 0.9219, 71 labels)  3.9 min
step 4760/6800  loss 0.0507  val macro-AUROC 0.9219 (best 0.9219, 71 labels)  4.0 min
step 4896/6800  loss 0.0561  val macro-AUROC 0.9245 (best 0.9245, 71 labels)  4.1 min
step 5032/6800  loss 0.0581  val macro-AUROC 0.9240 (best 0.9245, 71 labels)  4.2 min
step 5168/6800  loss 0.0546  val macro-AUROC 0.9230 (best 0.9245, 71 labels)  4.3 min
step 5304/6800  loss 0.0510  val macro-AUROC 0.9242 (best 0.9245, 71 labels)  4.4 min
step 5440/6800  loss 0.0556  val macro-AUROC 0.9237 (best 0.9245, 71 labels)  4.5 min
step 5576/6800  loss 0.0594  val macro-AUROC 0.9273 (best 0.9273, 71 labels)  4.6 min
step 5712/6800  loss 0.0460  val macro-AUROC 0.9276 (best 0.9276, 71 labels)  4.7 min
step 5848/6800  loss 0.0529  val macro-AUROC 0.9269 (best 0.9276, 71 labels)  4.9 min
step 5984/6800  loss 0.0571  val macro-AUROC 0.9258 (best 0.9276, 71 labels)  5.0 min
step 6120/6800  loss 0.0564  val macro-AUROC 0.9266 (best 0.9276, 71 labels)  5.1 min
step 6256/6800  loss 0.0595  val macro-AUROC 0.9261 (best 0.9276, 71 labels)  5.2 min
step 6392/6800  loss 0.0633  val macro-AUROC 0.9265 (best 0.9276, 71 labels)  5.3 min
step 6528/6800  loss 0.0535  val macro-AUROC 0.9264 (best 0.9276, 71 labels)  5.4 min
step 6664/6800  loss 0.0501  val macro-AUROC 0.9262 (best 0.9276, 71 labels)  5.5 min
step 6800/6800  loss 0.0499  val macro-AUROC 0.9264 (best 0.9276, 71 labels)  5.6 min
{"run_id": "S1_b1_s1_lik0", "test_macro_auroc": 0.9260878306308046, "test_e3_macro_auroc": 0.9766161000260625, "sph_e3_macro_auroc": 0.9689235662860908}
