S1_b0.05_s4_lik0: train=873 records, 2000 steps, eval every 40, device=cuda
/tmp/robust-ecg-ssl/scripts/train.py:143: UserWarning: Converting a tensor with requires_grad=True to a scalar may lead to unexpected behavior.
Consider using tensor.detach() first. (Triggered internally at /pytorch/torch/csrc/autograd/generated/python_variable_methods.cpp:836.)
  print(f"step {step}/{total}  loss {float(loss):.4f}  val macro-AUROC {auc:.4f} "
step 40/2000  loss 0.8416  val macro-AUROC 0.5804 (best 0.5804, 71 labels)  0.1 min
step 80/2000  loss 0.7296  val macro-AUROC 0.5997 (best 0.5997, 71 labels)  0.1 min
step 120/2000  loss 0.6077  val macro-AUROC 0.6149 (best 0.6149, 71 labels)  0.2 min
step 160/2000  loss 0.3153  val macro-AUROC 0.6646 (best 0.6646, 71 labels)  0.2 min
step 200/2000  loss 0.1355  val macro-AUROC 0.7162 (best 0.7162, 71 labels)  0.3 min
step 240/2000  loss 0.1009  val macro-AUROC 0.7414 (best 0.7414, 71 labels)  0.3 min
step 280/2000  loss 0.0935  val macro-AUROC 0.7621 (best 0.7621, 71 labels)  0.4 min
step 320/2000  loss 0.0864  val macro-AUROC 0.7644 (best 0.7644, 71 labels)  0.4 min
step 360/2000  loss 0.0890  val macro-AUROC 0.7274 (best 0.7644, 71 labels)  0.5 min
step 400/2000  loss 0.0815  val macro-AUROC 0.7521 (best 0.7644, 71 labels)  0.5 min
step 440/2000  loss 0.0752  val macro-AUROC 0.8042 (best 0.8042, 71 labels)  0.5 min
step 480/2000  loss 0.0860  val macro-AUROC 0.7811 (best 0.8042, 71 labels)  0.6 min
step 520/2000  loss 0.0736  val macro-AUROC 0.7998 (best 0.8042, 71 labels)  0.6 min
step 560/2000  loss 0.0709  val macro-AUROC 0.7945 (best 0.8042, 71 labels)  0.7 min
step 600/2000  loss 0.0599  val macro-AUROC 0.7878 (best 0.8042, 71 labels)  0.7 min
step 640/2000  loss 0.0626  val macro-AUROC 0.7941 (best 0.8042, 71 labels)  0.8 min
step 680/2000  loss 0.0681  val macro-AUROC 0.7953 (best 0.8042, 71 labels)  0.8 min
step 720/2000  loss 0.0578  val macro-AUROC 0.7889 (best 0.8042, 71 labels)  0.9 min
step 760/2000  loss 0.0484  val macro-AUROC 0.8018 (best 0.8042, 71 labels)  0.9 min
step 800/2000  loss 0.0480  val macro-AUROC 0.7908 (best 0.8042, 71 labels)  1.0 min
step 840/2000  loss 0.0393  val macro-AUROC 0.7990 (best 0.8042, 71 labels)  1.0 min
step 880/2000  loss 0.0474  val macro-AUROC 0.7831 (best 0.8042, 71 labels)  1.1 min
step 920/2000  loss 0.0428  val macro-AUROC 0.7899 (best 0.8042, 71 labels)  1.1 min
step 960/2000  loss 0.0379  val macro-AUROC 0.8057 (best 0.8057, 71 labels)  1.2 min
step 1000/2000  loss 0.0406  val macro-AUROC 0.7909 (best 0.8057, 71 labels)  1.2 min
step 1040/2000  loss 0.0344  val macro-AUROC 0.7782 (best 0.8057, 71 labels)  1.2 min
step 1080/2000  loss 0.0371  val macro-AUROC 0.7842 (best 0.8057, 71 labels)  1.3 min
step 1120/2000  loss 0.0286  val macro-AUROC 0.7799 (best 0.8057, 71 labels)  1.3 min
step 1160/2000  loss 0.0305  val macro-AUROC 0.7971 (best 0.8057, 71 labels)  1.4 min
step 1200/2000  loss 0.0329  val macro-AUROC 0.7814 (best 0.8057, 71 labels)  1.4 min
step 1240/2000  loss 0.0190  val macro-AUROC 0.7822 (best 0.8057, 71 labels)  1.5 min
step 1280/2000  loss 0.0231  val macro-AUROC 0.7643 (best 0.8057, 71 labels)  1.5 min
step 1320/2000  loss 0.0221  val macro-AUROC 0.7848 (best 0.8057, 71 labels)  1.6 min
step 1360/2000  loss 0.0202  val macro-AUROC 0.7829 (best 0.8057, 71 labels)  1.6 min
step 1400/2000  loss 0.0150  val macro-AUROC 0.7762 (best 0.8057, 71 labels)  1.7 min
step 1440/2000  loss 0.0151  val macro-AUROC 0.7740 (best 0.8057, 71 labels)  1.7 min
step 1480/2000  loss 0.0183  val macro-AUROC 0.7733 (best 0.8057, 71 labels)  1.8 min
step 1520/2000  loss 0.0169  val macro-AUROC 0.7726 (best 0.8057, 71 labels)  1.8 min
step 1560/2000  loss 0.0152  val macro-AUROC 0.7676 (best 0.8057, 71 labels)  1.9 min
step 1600/2000  loss 0.0178  val macro-AUROC 0.7763 (best 0.8057, 71 labels)  1.9 min
step 1640/2000  loss 0.0131  val macro-AUROC 0.7739 (best 0.8057, 71 labels)  2.0 min
step 1680/2000  loss 0.0137  val macro-AUROC 0.7686 (best 0.8057, 71 labels)  2.0 min
step 1720/2000  loss 0.0145  val macro-AUROC 0.7746 (best 0.8057, 71 labels)  2.0 min
step 1760/2000  loss 0.0108  val macro-AUROC 0.7644 (best 0.8057, 71 labels)  2.1 min
step 1800/2000  loss 0.0114  val macro-AUROC 0.7671 (best 0.8057, 71 labels)  2.1 min
step 1840/2000  loss 0.0092  val macro-AUROC 0.7687 (best 0.8057, 71 labels)  2.2 min
step 1880/2000  loss 0.0106  val macro-AUROC 0.7681 (best 0.8057, 71 labels)  2.2 min
step 1920/2000  loss 0.0087  val macro-AUROC 0.7673 (best 0.8057, 71 labels)  2.3 min
step 1960/2000  loss 0.0100  val macro-AUROC 0.7677 (best 0.8057, 71 labels)  2.3 min
step 2000/2000  loss 0.0129  val macro-AUROC 0.7686 (best 0.8057, 71 labels)  2.4 min
{"run_id": "S1_b0.05_s4_lik0", "test_macro_auroc": 0.7969811393248115, "test_e3_macro_auroc": 0.9116457003017726, "sph_e3_macro_auroc": 0.942795636555592}
