S1_b1_s2_lik0: train=17418 records, 6800 steps, eval every 136, device=cuda
/tmp/robust-ecg-ssl/scripts/train.py:143: UserWarning: Converting a tensor with requires_grad=True to a scalar may lead to unexpected behavior.
Consider using tensor.detach() first. (Triggered internally at /pytorch/torch/csrc/autograd/generated/python_variable_methods.cpp:836.)
  print(f"step {step}/{total}  loss {float(loss):.4f}  val macro-AUROC {auc:.4f} "
step 136/6800  loss 0.7134  val macro-AUROC 0.5993 (best 0.5993, 71 labels)  0.1 min
step 272/6800  loss 0.3188  val macro-AUROC 0.6634 (best 0.6634, 71 labels)  0.2 min
step 408/6800  loss 0.1225  val macro-AUROC 0.7517 (best 0.7517, 71 labels)  0.4 min
step 544/6800  loss 0.0947  val macro-AUROC 0.7939 (best 0.7939, 71 labels)  0.5 min
step 680/6800  loss 0.0790  val macro-AUROC 0.8126 (best 0.8126, 71 labels)  0.6 min
step 816/6800  loss 0.0886  val macro-AUROC 0.8238 (best 0.8238, 71 labels)  0.7 min
step 952/6800  loss 0.0810  val macro-AUROC 0.8390 (best 0.8390, 71 labels)  0.8 min
step 1088/6800  loss 0.0860  val macro-AUROC 0.8547 (best 0.8547, 71 labels)  0.9 min
step 1224/6800  loss 0.0796  val macro-AUROC 0.8608 (best 0.8608, 71 labels)  1.0 min
step 1360/6800  loss 0.0801  val macro-AUROC 0.8695 (best 0.8695, 71 labels)  1.2 min
step 1496/6800  loss 0.0728  val macro-AUROC 0.8797 (best 0.8797, 71 labels)  1.3 min
step 1632/6800  loss 0.0627  val macro-AUROC 0.8754 (best 0.8797, 71 labels)  1.4 min
step 1768/6800  loss 0.0666  val macro-AUROC 0.8854 (best 0.8854, 71 labels)  1.5 min
step 1904/6800  loss 0.0631  val macro-AUROC 0.8818 (best 0.8854, 71 labels)  1.6 min
step 2040/6800  loss 0.0685  val macro-AUROC 0.8941 (best 0.8941, 71 labels)  1.7 min
step 2176/6800  loss 0.0602  val macro-AUROC 0.8990 (best 0.8990, 71 labels)  1.8 min
step 2312/6800  loss 0.0625  val macro-AUROC 0.9046 (best 0.9046, 71 labels)  1.9 min
step 2448/6800  loss 0.0674  val macro-AUROC 0.9006 (best 0.9046, 71 labels)  2.1 min
step 2584/6800  loss 0.0648  val macro-AUROC 0.9070 (best 0.9070, 71 labels)  2.2 min
step 2720/6800  loss 0.0664  val macro-AUROC 0.9109 (best 0.9109, 71 labels)  2.3 min
step 2856/6800  loss 0.0638  val macro-AUROC 0.9091 (best 0.9109, 71 labels)  2.4 min
step 2992/6800  loss 0.0606  val macro-AUROC 0.9085 (best 0.9109, 71 labels)  2.5 min
step 3128/6800  loss 0.0633  val macro-AUROC 0.9082 (best 0.9109, 71 labels)  2.6 min
step 3264/6800  loss 0.0539  val macro-AUROC 0.9043 (best 0.9109, 71 labels)  2.7 min
step 3400/6800  loss 0.0625  val macro-AUROC 0.9141 (best 0.9141, 71 labels)  2.8 min
step 3536/6800  loss 0.0569  val macro-AUROC 0.9121 (best 0.9141, 71 labels)  3.0 min
step 3672/6800  loss 0.0571  val macro-AUROC 0.9162 (best 0.9162, 71 labels)  3.1 min
step 3808/6800  loss 0.0577  val macro-AUROC 0.9157 (best 0.9162, 71 labels)  3.2 min
step 3944/6800  loss 0.0508  val macro-AUROC 0.9164 (best 0.9164, 71 labels)  3.3 min
step 4080/6800  loss 0.0614  val macro-AUROC 0.9185 (best 0.9185, 71 labels)  3.4 min
step 4216/6800  loss 0.0659  val macro-AUROC 0.9174 (best 0.9185, 71 labels)  3.5 min
step 4352/6800  loss 0.0649  val macro-AUROC 0.9207 (best 0.9207, 71 labels)  3.6 min
step 4488/6800  loss 0.0599  val macro-AUROC 0.9189 (best 0.9207, 71 labels)  3.7 min
step 4624/6800  loss 0.0648  val macro-AUROC 0.9211 (best 0.9211, 71 labels)  3.8 min
step 4760/6800  loss 0.0599  val macro-AUROC 0.9224 (best 0.9224, 71 labels)  3.9 min
step 4896/6800  loss 0.0605  val macro-AUROC 0.9241 (best 0.9241, 71 labels)  4.1 min
step 5032/6800  loss 0.0518  val macro-AUROC 0.9241 (best 0.9241, 71 labels)  4.2 min
step 5168/6800  loss 0.0687  val macro-AUROC 0.9278 (best 0.9278, 71 labels)  4.3 min
step 5304/6800  loss 0.0526  val macro-AUROC 0.9282 (best 0.9282, 71 labels)  4.4 min
step 5440/6800  loss 0.0582  val macro-AUROC 0.9287 (best 0.9287, 71 labels)  4.5 min
step 5576/6800  loss 0.0480  val macro-AUROC 0.9291 (best 0.9291, 71 labels)  4.6 min
step 5712/6800  loss 0.0560  val macro-AUROC 0.9290 (best 0.9291, 71 labels)  4.7 min
step 5848/6800  loss 0.0490  val macro-AUROC 0.9298 (best 0.9298, 71 labels)  4.8 min
step 5984/6800  loss 0.0519  val macro-AUROC 0.9298 (best 0.9298, 71 labels)  4.9 min
step 6120/6800  loss 0.0507  val macro-AUROC 0.9306 (best 0.9306, 71 labels)  5.0 min
step 6256/6800  loss 0.0602  val macro-AUROC 0.9299 (best 0.9306, 71 labels)  5.2 min
step 6392/6800  loss 0.0510  val macro-AUROC 0.9305 (best 0.9306, 71 labels)  5.3 min
step 6528/6800  loss 0.0523  val macro-AUROC 0.9305 (best 0.9306, 71 labels)  5.4 min
step 6664/6800  loss 0.0551  val macro-AUROC 0.9305 (best 0.9306, 71 labels)  5.5 min
step 6800/6800  loss 0.0508  val macro-AUROC 0.9302 (best 0.9306, 71 labels)  5.6 min
{"run_id": "S1_b1_s2_lik0", "test_macro_auroc": 0.9226768254409158, "test_e3_macro_auroc": 0.9756916475096735, "sph_e3_macro_auroc": 0.9702788737839774}
