S1_b0.5_s4_lik0: train=8705 records, 3400 steps, eval every 68, device=cuda
/tmp/robust-ecg-ssl/scripts/train.py:143: UserWarning: Converting a tensor with requires_grad=True to a scalar may lead to unexpected behavior.
Consider using tensor.detach() first. (Triggered internally at /pytorch/torch/csrc/autograd/generated/python_variable_methods.cpp:836.)
  print(f"step {step}/{total}  loss {float(loss):.4f}  val macro-AUROC {auc:.4f} "
step 68/3400  loss 0.7886  val macro-AUROC 0.5914 (best 0.5914, 71 labels)  0.1 min
step 136/3400  loss 0.6406  val macro-AUROC 0.6141 (best 0.6141, 71 labels)  0.2 min
step 204/3400  loss 0.3200  val macro-AUROC 0.6598 (best 0.6598, 71 labels)  0.2 min
step 272/3400  loss 0.1430  val macro-AUROC 0.7280 (best 0.7280, 71 labels)  0.3 min
step 340/3400  loss 0.0919  val macro-AUROC 0.7601 (best 0.7601, 71 labels)  0.3 min
step 408/3400  loss 0.0983  val macro-AUROC 0.7728 (best 0.7728, 71 labels)  0.4 min
step 476/3400  loss 0.0965  val macro-AUROC 0.8084 (best 0.8084, 71 labels)  0.5 min
step 544/3400  loss 0.0881  val macro-AUROC 0.8179 (best 0.8179, 71 labels)  0.6 min
step 612/3400  loss 0.0826  val macro-AUROC 0.8135 (best 0.8179, 71 labels)  0.6 min
step 680/3400  loss 0.0858  val macro-AUROC 0.8108 (best 0.8179, 71 labels)  0.7 min
step 748/3400  loss 0.0788  val macro-AUROC 0.8508 (best 0.8508, 71 labels)  0.7 min
step 816/3400  loss 0.0853  val macro-AUROC 0.8406 (best 0.8508, 71 labels)  0.8 min
step 884/3400  loss 0.0769  val macro-AUROC 0.8530 (best 0.8530, 71 labels)  0.9 min
step 952/3400  loss 0.0831  val macro-AUROC 0.8569 (best 0.8569, 71 labels)  0.9 min
step 1020/3400  loss 0.0822  val macro-AUROC 0.8610 (best 0.8610, 71 labels)  1.0 min
step 1088/3400  loss 0.0643  val macro-AUROC 0.8694 (best 0.8694, 71 labels)  1.1 min
step 1156/3400  loss 0.0710  val macro-AUROC 0.8808 (best 0.8808, 71 labels)  1.1 min
step 1224/3400  loss 0.0683  val macro-AUROC 0.8844 (best 0.8844, 71 labels)  1.2 min
step 1292/3400  loss 0.0742  val macro-AUROC 0.8908 (best 0.8908, 71 labels)  1.3 min
step 1360/3400  loss 0.0737  val macro-AUROC 0.8925 (best 0.8925, 71 labels)  1.3 min
step 1428/3400  loss 0.0776  val macro-AUROC 0.8966 (best 0.8966, 71 labels)  1.4 min
step 1496/3400  loss 0.0700  val macro-AUROC 0.8892 (best 0.8966, 71 labels)  1.5 min
step 1564/3400  loss 0.0642  val macro-AUROC 0.8969 (best 0.8969, 71 labels)  1.5 min
step 1632/3400  loss 0.0617  val macro-AUROC 0.8934 (best 0.8969, 71 labels)  1.6 min
step 1700/3400  loss 0.0710  val macro-AUROC 0.8982 (best 0.8982, 71 labels)  1.7 min
step 1768/3400  loss 0.0652  val macro-AUROC 0.8989 (best 0.8989, 71 labels)  1.7 min
step 1836/3400  loss 0.0689  val macro-AUROC 0.9014 (best 0.9014, 71 labels)  1.8 min
step 1904/3400  loss 0.0649  val macro-AUROC 0.9020 (best 0.9020, 71 labels)  1.9 min
step 1972/3400  loss 0.0619  val macro-AUROC 0.9042 (best 0.9042, 71 labels)  1.9 min
step 2040/3400  loss 0.0661  val macro-AUROC 0.9032 (best 0.9042, 71 labels)  2.0 min
step 2108/3400  loss 0.0694  val macro-AUROC 0.9057 (best 0.9057, 71 labels)  2.1 min
step 2176/3400  loss 0.0542  val macro-AUROC 0.9052 (best 0.9057, 71 labels)  2.1 min
step 2244/3400  loss 0.0644  val macro-AUROC 0.9058 (best 0.9058, 71 labels)  2.2 min
step 2312/3400  loss 0.0582  val macro-AUROC 0.9081 (best 0.9081, 71 labels)  2.3 min
step 2380/3400  loss 0.0644  val macro-AUROC 0.9122 (best 0.9122, 71 labels)  2.3 min
step 2448/3400  loss 0.0615  val macro-AUROC 0.9093 (best 0.9122, 71 labels)  2.4 min
step 2516/3400  loss 0.0548  val macro-AUROC 0.9101 (best 0.9122, 71 labels)  2.5 min
step 2584/3400  loss 0.0565  val macro-AUROC 0.9065 (best 0.9122, 71 labels)  2.5 min
step 2652/3400  loss 0.0555  val macro-AUROC 0.9090 (best 0.9122, 71 labels)  2.6 min
step 2720/3400  loss 0.0513  val macro-AUROC 0.9078 (best 0.9122, 71 labels)  2.7 min
step 2788/3400  loss 0.0624  val macro-AUROC 0.9097 (best 0.9122, 71 labels)  2.7 min
step 2856/3400  loss 0.0593  val macro-AUROC 0.9100 (best 0.9122, 71 labels)  2.8 min
step 2924/3400  loss 0.0510  val macro-AUROC 0.9092 (best 0.9122, 71 labels)  2.9 min
step 2992/3400  loss 0.0577  val macro-AUROC 0.9096 (best 0.9122, 71 labels)  2.9 min
step 3060/3400  loss 0.0577  val macro-AUROC 0.9090 (best 0.9122, 71 labels)  3.0 min
step 3128/3400  loss 0.0489  val macro-AUROC 0.9093 (best 0.9122, 71 labels)  3.0 min
step 3196/3400  loss 0.0496  val macro-AUROC 0.9096 (best 0.9122, 71 labels)  3.1 min
step 3264/3400  loss 0.0492  val macro-AUROC 0.9091 (best 0.9122, 71 labels)  3.2 min
step 3332/3400  loss 0.0532  val macro-AUROC 0.9096 (best 0.9122, 71 labels)  3.2 min
step 3400/3400  loss 0.0548  val macro-AUROC 0.9096 (best 0.9122, 71 labels)  3.3 min
{"run_id": "S1_b0.5_s4_lik0", "test_macro_auroc": 0.9038424973318081, "test_e3_macro_auroc": 0.9736917955001808, "sph_e3_macro_auroc": 0.9695236420667894}
