S1_b0.01_s3_lik0: train=186 records, 2000 steps, eval every 40, device=cuda
/tmp/robust-ecg-ssl/scripts/train.py:143: UserWarning: Converting a tensor with requires_grad=True to a scalar may lead to unexpected behavior.
Consider using tensor.detach() first. (Triggered internally at /pytorch/torch/csrc/autograd/generated/python_variable_methods.cpp:836.)
  print(f"step {step}/{total}  loss {float(loss):.4f}  val macro-AUROC {auc:.4f} "
step 40/2000  loss 0.8465  val macro-AUROC 0.5604 (best 0.5604, 71 labels)  0.1 min
step 80/2000  loss 0.7579  val macro-AUROC 0.5639 (best 0.5639, 71 labels)  0.1 min
step 120/2000  loss 0.6261  val macro-AUROC 0.5740 (best 0.5740, 71 labels)  0.2 min
step 160/2000  loss 0.2884  val macro-AUROC 0.6272 (best 0.6272, 71 labels)  0.2 min
step 200/2000  loss 0.1120  val macro-AUROC 0.6838 (best 0.6838, 71 labels)  0.2 min
step 240/2000  loss 0.0874  val macro-AUROC 0.6541 (best 0.6838, 71 labels)  0.3 min
step 280/2000  loss 0.0578  val macro-AUROC 0.6278 (best 0.6838, 71 labels)  0.3 min
step 320/2000  loss 0.0525  val macro-AUROC 0.6008 (best 0.6838, 71 labels)  0.4 min
step 360/2000  loss 0.0331  val macro-AUROC 0.6377 (best 0.6838, 71 labels)  0.4 min
step 400/2000  loss 0.0312  val macro-AUROC 0.6544 (best 0.6838, 71 labels)  0.5 min
step 440/2000  loss 0.0254  val macro-AUROC 0.5773 (best 0.6838, 71 labels)  0.5 min
step 480/2000  loss 0.0179  val macro-AUROC 0.6320 (best 0.6838, 71 labels)  0.6 min
step 520/2000  loss 0.0149  val macro-AUROC 0.6361 (best 0.6838, 71 labels)  0.6 min
step 560/2000  loss 0.0152  val macro-AUROC 0.6270 (best 0.6838, 71 labels)  0.7 min
step 600/2000  loss 0.0107  val macro-AUROC 0.6396 (best 0.6838, 71 labels)  0.7 min
step 640/2000  loss 0.0080  val macro-AUROC 0.5968 (best 0.6838, 71 labels)  0.8 min
step 680/2000  loss 0.0075  val macro-AUROC 0.6447 (best 0.6838, 71 labels)  0.8 min
step 720/2000  loss 0.0104  val macro-AUROC 0.6351 (best 0.6838, 71 labels)  0.8 min
step 760/2000  loss 0.0064  val macro-AUROC 0.6748 (best 0.6838, 71 labels)  0.9 min
step 800/2000  loss 0.0057  val macro-AUROC 0.6441 (best 0.6838, 71 labels)  0.9 min
step 840/2000  loss 0.0059  val macro-AUROC 0.6913 (best 0.6913, 71 labels)  1.0 min
step 880/2000  loss 0.0043  val macro-AUROC 0.6661 (best 0.6913, 71 labels)  1.0 min
step 920/2000  loss 0.0049  val macro-AUROC 0.6759 (best 0.6913, 71 labels)  1.1 min
step 960/2000  loss 0.0056  val macro-AUROC 0.6892 (best 0.6913, 71 labels)  1.1 min
step 1000/2000  loss 0.0037  val macro-AUROC 0.6727 (best 0.6913, 71 labels)  1.2 min
step 1040/2000  loss 0.0036  val macro-AUROC 0.6631 (best 0.6913, 71 labels)  1.2 min
step 1080/2000  loss 0.0043  val macro-AUROC 0.6667 (best 0.6913, 71 labels)  1.3 min
step 1120/2000  loss 0.0025  val macro-AUROC 0.6554 (best 0.6913, 71 labels)  1.3 min
step 1160/2000  loss 0.0026  val macro-AUROC 0.6353 (best 0.6913, 71 labels)  1.4 min
step 1200/2000  loss 0.0023  val macro-AUROC 0.6671 (best 0.6913, 71 labels)  1.4 min
step 1240/2000  loss 0.0022  val macro-AUROC 0.6679 (best 0.6913, 71 labels)  1.4 min
step 1280/2000  loss 0.0017  val macro-AUROC 0.6843 (best 0.6913, 71 labels)  1.5 min
step 1320/2000  loss 0.0023  val macro-AUROC 0.6682 (best 0.6913, 71 labels)  1.5 min
step 1360/2000  loss 0.0043  val macro-AUROC 0.6628 (best 0.6913, 71 labels)  1.6 min
step 1400/2000  loss 0.0016  val macro-AUROC 0.6785 (best 0.6913, 71 labels)  1.6 min
step 1440/2000  loss 0.0020  val macro-AUROC 0.6679 (best 0.6913, 71 labels)  1.7 min
step 1480/2000  loss 0.0023  val macro-AUROC 0.6845 (best 0.6913, 71 labels)  1.7 min
step 1520/2000  loss 0.0024  val macro-AUROC 0.6688 (best 0.6913, 71 labels)  1.8 min
step 1560/2000  loss 0.0009  val macro-AUROC 0.6752 (best 0.6913, 71 labels)  1.8 min
step 1600/2000  loss 0.0018  val macro-AUROC 0.6638 (best 0.6913, 71 labels)  1.9 min
step 1640/2000  loss 0.0015  val macro-AUROC 0.6744 (best 0.6913, 71 labels)  1.9 min
step 1680/2000  loss 0.0016  val macro-AUROC 0.6696 (best 0.6913, 71 labels)  2.0 min
step 1720/2000  loss 0.0015  val macro-AUROC 0.6662 (best 0.6913, 71 labels)  2.0 min
step 1760/2000  loss 0.0011  val macro-AUROC 0.6723 (best 0.6913, 71 labels)  2.1 min
step 1800/2000  loss 0.0016  val macro-AUROC 0.6678 (best 0.6913, 71 labels)  2.1 min
step 1840/2000  loss 0.0014  val macro-AUROC 0.6649 (best 0.6913, 71 labels)  2.2 min
step 1880/2000  loss 0.0015  val macro-AUROC 0.6664 (best 0.6913, 71 labels)  2.2 min
step 1920/2000  loss 0.0011  val macro-AUROC 0.6670 (best 0.6913, 71 labels)  2.2 min
step 1960/2000  loss 0.0012  val macro-AUROC 0.6671 (best 0.6913, 71 labels)  2.3 min
step 2000/2000  loss 0.0013  val macro-AUROC 0.6645 (best 0.6913, 71 labels)  2.3 min
{"run_id": "S1_b0.01_s3_lik0", "test_macro_auroc": 0.6657441263405646, "test_e3_macro_auroc": 0.8318400621253302, "sph_e3_macro_auroc": 0.8675416477999933}
