S1_b0.1_s1_lik0: train=1739 records, 2000 steps, eval every 40, device=cuda
/tmp/robust-ecg-ssl/scripts/train.py:143: UserWarning: Converting a tensor with requires_grad=True to a scalar may lead to unexpected behavior.
Consider using tensor.detach() first. (Triggered internally at /pytorch/torch/csrc/autograd/generated/python_variable_methods.cpp:836.)
  print(f"step {step}/{total}  loss {float(loss):.4f}  val macro-AUROC {auc:.4f} "
step 40/2000  loss 0.8693  val macro-AUROC 0.5662 (best 0.5662, 71 labels)  0.1 min
step 80/2000  loss 0.7678  val macro-AUROC 0.5892 (best 0.5892, 71 labels)  0.1 min
step 120/2000  loss 0.6126  val macro-AUROC 0.6024 (best 0.6024, 71 labels)  0.2 min
step 160/2000  loss 0.3382  val macro-AUROC 0.6659 (best 0.6659, 71 labels)  0.2 min
step 200/2000  loss 0.1165  val macro-AUROC 0.7307 (best 0.7307, 71 labels)  0.3 min
step 240/2000  loss 0.1144  val macro-AUROC 0.7138 (best 0.7307, 71 labels)  0.3 min
step 280/2000  loss 0.1034  val macro-AUROC 0.7371 (best 0.7371, 71 labels)  0.4 min
step 320/2000  loss 0.0859  val macro-AUROC 0.7752 (best 0.7752, 71 labels)  0.4 min
step 360/2000  loss 0.0950  val macro-AUROC 0.7827 (best 0.7827, 71 labels)  0.5 min
step 400/2000  loss 0.0882  val macro-AUROC 0.7773 (best 0.7827, 71 labels)  0.5 min
step 440/2000  loss 0.0946  val macro-AUROC 0.8094 (best 0.8094, 71 labels)  0.6 min
step 480/2000  loss 0.0815  val macro-AUROC 0.8065 (best 0.8094, 71 labels)  0.6 min
step 520/2000  loss 0.0799  val macro-AUROC 0.8216 (best 0.8216, 71 labels)  0.7 min
step 560/2000  loss 0.0812  val macro-AUROC 0.8168 (best 0.8216, 71 labels)  0.7 min
step 600/2000  loss 0.0750  val macro-AUROC 0.8140 (best 0.8216, 71 labels)  0.8 min
step 640/2000  loss 0.0572  val macro-AUROC 0.8177 (best 0.8216, 71 labels)  0.8 min
step 680/2000  loss 0.0668  val macro-AUROC 0.8345 (best 0.8345, 71 labels)  0.9 min
step 720/2000  loss 0.0692  val macro-AUROC 0.8259 (best 0.8345, 71 labels)  0.9 min
step 760/2000  loss 0.0560  val macro-AUROC 0.8366 (best 0.8366, 71 labels)  0.9 min
step 800/2000  loss 0.0597  val macro-AUROC 0.8296 (best 0.8366, 71 labels)  1.0 min
step 840/2000  loss 0.0569  val macro-AUROC 0.8426 (best 0.8426, 71 labels)  1.0 min
step 880/2000  loss 0.0573  val macro-AUROC 0.8328 (best 0.8426, 71 labels)  1.1 min
step 920/2000  loss 0.0542  val macro-AUROC 0.8383 (best 0.8426, 71 labels)  1.1 min
step 960/2000  loss 0.0622  val macro-AUROC 0.8535 (best 0.8535, 71 labels)  1.2 min
step 1000/2000  loss 0.0545  val macro-AUROC 0.8468 (best 0.8535, 71 labels)  1.2 min
step 1040/2000  loss 0.0581  val macro-AUROC 0.8426 (best 0.8535, 71 labels)  1.3 min
step 1080/2000  loss 0.0530  val macro-AUROC 0.8334 (best 0.8535, 71 labels)  1.3 min
step 1120/2000  loss 0.0489  val macro-AUROC 0.8414 (best 0.8535, 71 labels)  1.4 min
step 1160/2000  loss 0.0511  val macro-AUROC 0.8343 (best 0.8535, 71 labels)  1.4 min
step 1200/2000  loss 0.0407  val macro-AUROC 0.8581 (best 0.8581, 71 labels)  1.5 min
step 1240/2000  loss 0.0441  val macro-AUROC 0.8467 (best 0.8581, 71 labels)  1.5 min
step 1280/2000  loss 0.0446  val macro-AUROC 0.8485 (best 0.8581, 71 labels)  1.6 min
step 1320/2000  loss 0.0450  val macro-AUROC 0.8535 (best 0.8581, 71 labels)  1.6 min
step 1360/2000  loss 0.0480  val macro-AUROC 0.8546 (best 0.8581, 71 labels)  1.7 min
step 1400/2000  loss 0.0367  val macro-AUROC 0.8501 (best 0.8581, 71 labels)  1.7 min
step 1440/2000  loss 0.0343  val macro-AUROC 0.8419 (best 0.8581, 71 labels)  1.8 min
step 1480/2000  loss 0.0408  val macro-AUROC 0.8384 (best 0.8581, 71 labels)  1.8 min
step 1520/2000  loss 0.0369  val macro-AUROC 0.8394 (best 0.8581, 71 labels)  1.9 min
step 1560/2000  loss 0.0381  val macro-AUROC 0.8416 (best 0.8581, 71 labels)  1.9 min
step 1600/2000  loss 0.0253  val macro-AUROC 0.8346 (best 0.8581, 71 labels)  2.0 min
step 1640/2000  loss 0.0325  val macro-AUROC 0.8422 (best 0.8581, 71 labels)  2.0 min
step 1680/2000  loss 0.0300  val macro-AUROC 0.8333 (best 0.8581, 71 labels)  2.0 min
step 1720/2000  loss 0.0296  val macro-AUROC 0.8374 (best 0.8581, 71 labels)  2.1 min
step 1760/2000  loss 0.0240  val macro-AUROC 0.8425 (best 0.8581, 71 labels)  2.1 min
step 1800/2000  loss 0.0289  val macro-AUROC 0.8378 (best 0.8581, 71 labels)  2.2 min
step 1840/2000  loss 0.0272  val macro-AUROC 0.8386 (best 0.8581, 71 labels)  2.2 min
step 1880/2000  loss 0.0296  val macro-AUROC 0.8398 (best 0.8581, 71 labels)  2.3 min
step 1920/2000  loss 0.0203  val macro-AUROC 0.8394 (best 0.8581, 71 labels)  2.3 min
step 1960/2000  loss 0.0260  val macro-AUROC 0.8401 (best 0.8581, 71 labels)  2.4 min
step 2000/2000  loss 0.0280  val macro-AUROC 0.8400 (best 0.8581, 71 labels)  2.4 min
{"run_id": "S1_b0.1_s1_lik0", "test_macro_auroc": 0.841658162812317, "test_e3_macro_auroc": 0.9411882318571527, "sph_e3_macro_auroc": 0.9540365954834797}
