S1_b0.1_s3_lik0: train=1766 records, 2000 steps, eval every 40, device=cuda
/tmp/robust-ecg-ssl/scripts/train.py:143: UserWarning: Converting a tensor with requires_grad=True to a scalar may lead to unexpected behavior.
Consider using tensor.detach() first. (Triggered internally at /pytorch/torch/csrc/autograd/generated/python_variable_methods.cpp:836.)
  print(f"step {step}/{total}  loss {float(loss):.4f}  val macro-AUROC {auc:.4f} "
step 40/2000  loss 0.8809  val macro-AUROC 0.5740 (best 0.5740, 71 labels)  0.1 min
step 80/2000  loss 0.7734  val macro-AUROC 0.5917 (best 0.5917, 71 labels)  0.1 min
step 120/2000  loss 0.6106  val macro-AUROC 0.6309 (best 0.6309, 71 labels)  0.2 min
step 160/2000  loss 0.3144  val macro-AUROC 0.6249 (best 0.6309, 71 labels)  0.2 min
step 200/2000  loss 0.1224  val macro-AUROC 0.7160 (best 0.7160, 71 labels)  0.3 min
step 240/2000  loss 0.1120  val macro-AUROC 0.7295 (best 0.7295, 71 labels)  0.3 min
step 280/2000  loss 0.1037  val macro-AUROC 0.7208 (best 0.7295, 71 labels)  0.3 min
step 320/2000  loss 0.0924  val macro-AUROC 0.7641 (best 0.7641, 71 labels)  0.4 min
step 360/2000  loss 0.1006  val macro-AUROC 0.7501 (best 0.7641, 71 labels)  0.4 min
step 400/2000  loss 0.0864  val macro-AUROC 0.7804 (best 0.7804, 71 labels)  0.5 min
step 440/2000  loss 0.0849  val macro-AUROC 0.7780 (best 0.7804, 71 labels)  0.5 min
step 480/2000  loss 0.0876  val macro-AUROC 0.8040 (best 0.8040, 71 labels)  0.6 min
step 520/2000  loss 0.0637  val macro-AUROC 0.8128 (best 0.8128, 71 labels)  0.6 min
step 560/2000  loss 0.0800  val macro-AUROC 0.8196 (best 0.8196, 71 labels)  0.7 min
step 600/2000  loss 0.0647  val macro-AUROC 0.8241 (best 0.8241, 71 labels)  0.7 min
step 640/2000  loss 0.0780  val macro-AUROC 0.8313 (best 0.8313, 71 labels)  0.8 min
step 680/2000  loss 0.0725  val macro-AUROC 0.8313 (best 0.8313, 71 labels)  0.8 min
step 720/2000  loss 0.0686  val macro-AUROC 0.8447 (best 0.8447, 71 labels)  0.9 min
step 760/2000  loss 0.0730  val macro-AUROC 0.8364 (best 0.8447, 71 labels)  0.9 min
step 800/2000  loss 0.0616  val macro-AUROC 0.8313 (best 0.8447, 71 labels)  1.0 min
step 840/2000  loss 0.0618  val macro-AUROC 0.8333 (best 0.8447, 71 labels)  1.0 min
step 880/2000  loss 0.0672  val macro-AUROC 0.8341 (best 0.8447, 71 labels)  1.1 min
step 920/2000  loss 0.0590  val macro-AUROC 0.8387 (best 0.8447, 71 labels)  1.1 min
step 960/2000  loss 0.0685  val macro-AUROC 0.8244 (best 0.8447, 71 labels)  1.1 min
step 1000/2000  loss 0.0640  val macro-AUROC 0.8362 (best 0.8447, 71 labels)  1.2 min
step 1040/2000  loss 0.0577  val macro-AUROC 0.8498 (best 0.8498, 71 labels)  1.2 min
step 1080/2000  loss 0.0585  val macro-AUROC 0.8363 (best 0.8498, 71 labels)  1.3 min
step 1120/2000  loss 0.0604  val macro-AUROC 0.8356 (best 0.8498, 71 labels)  1.3 min
step 1160/2000  loss 0.0456  val macro-AUROC 0.8474 (best 0.8498, 71 labels)  1.4 min
step 1200/2000  loss 0.0409  val macro-AUROC 0.8512 (best 0.8512, 71 labels)  1.4 min
step 1240/2000  loss 0.0565  val macro-AUROC 0.8428 (best 0.8512, 71 labels)  1.5 min
step 1280/2000  loss 0.0414  val macro-AUROC 0.8439 (best 0.8512, 71 labels)  1.5 min
step 1320/2000  loss 0.0491  val macro-AUROC 0.8353 (best 0.8512, 71 labels)  1.6 min
step 1360/2000  loss 0.0488  val macro-AUROC 0.8415 (best 0.8512, 71 labels)  1.6 min
step 1400/2000  loss 0.0467  val macro-AUROC 0.8417 (best 0.8512, 71 labels)  1.6 min
step 1440/2000  loss 0.0477  val macro-AUROC 0.8507 (best 0.8512, 71 labels)  1.7 min
step 1480/2000  loss 0.0516  val macro-AUROC 0.8417 (best 0.8512, 71 labels)  1.7 min
step 1520/2000  loss 0.0395  val macro-AUROC 0.8455 (best 0.8512, 71 labels)  1.8 min
step 1560/2000  loss 0.0370  val macro-AUROC 0.8385 (best 0.8512, 71 labels)  1.8 min
step 1600/2000  loss 0.0349  val macro-AUROC 0.8467 (best 0.8512, 71 labels)  1.9 min
step 1640/2000  loss 0.0378  val macro-AUROC 0.8426 (best 0.8512, 71 labels)  1.9 min
step 1680/2000  loss 0.0345  val macro-AUROC 0.8451 (best 0.8512, 71 labels)  2.0 min
step 1720/2000  loss 0.0342  val macro-AUROC 0.8436 (best 0.8512, 71 labels)  2.0 min
step 1760/2000  loss 0.0292  val macro-AUROC 0.8390 (best 0.8512, 71 labels)  2.1 min
step 1800/2000  loss 0.0312  val macro-AUROC 0.8376 (best 0.8512, 71 labels)  2.1 min
step 1840/2000  loss 0.0341  val macro-AUROC 0.8408 (best 0.8512, 71 labels)  2.2 min
step 1880/2000  loss 0.0309  val macro-AUROC 0.8391 (best 0.8512, 71 labels)  2.2 min
step 1920/2000  loss 0.0404  val macro-AUROC 0.8395 (best 0.8512, 71 labels)  2.3 min
step 1960/2000  loss 0.0275  val macro-AUROC 0.8397 (best 0.8512, 71 labels)  2.3 min
step 2000/2000  loss 0.0336  val macro-AUROC 0.8389 (best 0.8512, 71 labels)  2.3 min
{"run_id": "S1_b0.1_s3_lik0", "test_macro_auroc": 0.8554592001559873, "test_e3_macro_auroc": 0.9502074621393244, "sph_e3_macro_auroc": 0.960677227359093}
