S1_b0.05_s3_lik0: train=887 records, 2000 steps, eval every 40, device=cuda
/tmp/robust-ecg-ssl/scripts/train.py:143: UserWarning: Converting a tensor with requires_grad=True to a scalar may lead to unexpected behavior.
Consider using tensor.detach() first. (Triggered internally at /pytorch/torch/csrc/autograd/generated/python_variable_methods.cpp:836.)
  print(f"step {step}/{total}  loss {float(loss):.4f}  val macro-AUROC {auc:.4f} "
step 40/2000  loss 0.8653  val macro-AUROC 0.5555 (best 0.5555, 71 labels)  0.1 min
step 80/2000  loss 0.7507  val macro-AUROC 0.5852 (best 0.5852, 71 labels)  0.1 min
step 120/2000  loss 0.6590  val macro-AUROC 0.6153 (best 0.6153, 71 labels)  0.2 min
step 160/2000  loss 0.3253  val macro-AUROC 0.6333 (best 0.6333, 71 labels)  0.2 min
step 200/2000  loss 0.1272  val macro-AUROC 0.6475 (best 0.6475, 71 labels)  0.3 min
step 240/2000  loss 0.0938  val macro-AUROC 0.7395 (best 0.7395, 71 labels)  0.3 min
step 280/2000  loss 0.0887  val macro-AUROC 0.7646 (best 0.7646, 71 labels)  0.4 min
step 320/2000  loss 0.0848  val macro-AUROC 0.7423 (best 0.7646, 71 labels)  0.4 min
step 360/2000  loss 0.0746  val macro-AUROC 0.7538 (best 0.7646, 71 labels)  0.4 min
step 400/2000  loss 0.0873  val macro-AUROC 0.4965 (best 0.7646, 71 labels)  0.5 min
step 440/2000  loss 0.0714  val macro-AUROC 0.7498 (best 0.7646, 71 labels)  0.5 min
step 480/2000  loss 0.0731  val macro-AUROC 0.7858 (best 0.7858, 71 labels)  0.6 min
step 520/2000  loss 0.0778  val macro-AUROC 0.7907 (best 0.7907, 71 labels)  0.6 min
step 560/2000  loss 0.0786  val macro-AUROC 0.6690 (best 0.7907, 71 labels)  0.7 min
step 600/2000  loss 0.0683  val macro-AUROC 0.7854 (best 0.7907, 71 labels)  0.7 min
step 640/2000  loss 0.0718  val macro-AUROC 0.7915 (best 0.7915, 71 labels)  0.8 min
step 680/2000  loss 0.0596  val macro-AUROC 0.7921 (best 0.7921, 71 labels)  0.8 min
step 720/2000  loss 0.0547  val macro-AUROC 0.7993 (best 0.7993, 71 labels)  0.9 min
step 760/2000  loss 0.0523  val macro-AUROC 0.8120 (best 0.8120, 71 labels)  0.9 min
step 800/2000  loss 0.0570  val macro-AUROC 0.8064 (best 0.8120, 71 labels)  1.0 min
step 840/2000  loss 0.0572  val macro-AUROC 0.7893 (best 0.8120, 71 labels)  1.0 min
step 880/2000  loss 0.0459  val macro-AUROC 0.7890 (best 0.8120, 71 labels)  1.0 min
step 920/2000  loss 0.0374  val macro-AUROC 0.8099 (best 0.8120, 71 labels)  1.1 min
step 960/2000  loss 0.0340  val macro-AUROC 0.7826 (best 0.8120, 71 labels)  1.1 min
step 1000/2000  loss 0.0437  val macro-AUROC 0.8012 (best 0.8120, 71 labels)  1.2 min
step 1040/2000  loss 0.0335  val macro-AUROC 0.7576 (best 0.8120, 71 labels)  1.2 min
step 1080/2000  loss 0.0367  val macro-AUROC 0.8025 (best 0.8120, 71 labels)  1.3 min
step 1120/2000  loss 0.0337  val macro-AUROC 0.7881 (best 0.8120, 71 labels)  1.3 min
step 1160/2000  loss 0.0327  val macro-AUROC 0.7476 (best 0.8120, 71 labels)  1.4 min
step 1200/2000  loss 0.0325  val macro-AUROC 0.7915 (best 0.8120, 71 labels)  1.4 min
step 1240/2000  loss 0.0253  val macro-AUROC 0.7854 (best 0.8120, 71 labels)  1.5 min
step 1280/2000  loss 0.0299  val macro-AUROC 0.7946 (best 0.8120, 71 labels)  1.5 min
step 1320/2000  loss 0.0242  val macro-AUROC 0.7896 (best 0.8120, 71 labels)  1.6 min
step 1360/2000  loss 0.0251  val macro-AUROC 0.7710 (best 0.8120, 71 labels)  1.6 min
step 1400/2000  loss 0.0232  val macro-AUROC 0.7609 (best 0.8120, 71 labels)  1.7 min
step 1440/2000  loss 0.0185  val macro-AUROC 0.7861 (best 0.8120, 71 labels)  1.7 min
step 1480/2000  loss 0.0182  val macro-AUROC 0.7923 (best 0.8120, 71 labels)  1.7 min
step 1520/2000  loss 0.0185  val macro-AUROC 0.7903 (best 0.8120, 71 labels)  1.8 min
step 1560/2000  loss 0.0196  val macro-AUROC 0.7788 (best 0.8120, 71 labels)  1.8 min
step 1600/2000  loss 0.0163  val macro-AUROC 0.7696 (best 0.8120, 71 labels)  1.9 min
step 1640/2000  loss 0.0148  val macro-AUROC 0.7853 (best 0.8120, 71 labels)  1.9 min
step 1680/2000  loss 0.0138  val macro-AUROC 0.7776 (best 0.8120, 71 labels)  2.0 min
step 1720/2000  loss 0.0136  val macro-AUROC 0.7899 (best 0.8120, 71 labels)  2.0 min
step 1760/2000  loss 0.0127  val macro-AUROC 0.7778 (best 0.8120, 71 labels)  2.1 min
step 1800/2000  loss 0.0129  val macro-AUROC 0.7803 (best 0.8120, 71 labels)  2.1 min
step 1840/2000  loss 0.0119  val macro-AUROC 0.7810 (best 0.8120, 71 labels)  2.2 min
step 1880/2000  loss 0.0135  val macro-AUROC 0.7803 (best 0.8120, 71 labels)  2.2 min
step 1920/2000  loss 0.0109  val macro-AUROC 0.7809 (best 0.8120, 71 labels)  2.3 min
step 1960/2000  loss 0.0107  val macro-AUROC 0.7796 (best 0.8120, 71 labels)  2.3 min
step 2000/2000  loss 0.0123  val macro-AUROC 0.7784 (best 0.8120, 71 labels)  2.4 min
{"run_id": "S1_b0.05_s3_lik0", "test_macro_auroc": 0.8090276623378776, "test_e3_macro_auroc": 0.9212179262410187, "sph_e3_macro_auroc": 0.9444143914274513}
