S1_b0.01_s0_lik0: train=175 records, 2000 steps, eval every 40, device=cuda
/tmp/robust-ecg-ssl/scripts/train.py:143: UserWarning: Converting a tensor with requires_grad=True to a scalar may lead to unexpected behavior.
Consider using tensor.detach() first. (Triggered internally at /pytorch/torch/csrc/autograd/generated/python_variable_methods.cpp:836.)
  print(f"step {step}/{total}  loss {float(loss):.4f}  val macro-AUROC {auc:.4f} "
step 40/2000  loss 0.8517  val macro-AUROC 0.5329 (best 0.5329, 71 labels)  0.1 min
step 80/2000  loss 0.7671  val macro-AUROC 0.5573 (best 0.5573, 71 labels)  0.1 min
step 120/2000  loss 0.5992  val macro-AUROC 0.5936 (best 0.5936, 71 labels)  0.2 min
step 160/2000  loss 0.2892  val macro-AUROC 0.6216 (best 0.6216, 71 labels)  0.2 min
step 200/2000  loss 0.1151  val macro-AUROC 0.6705 (best 0.6705, 71 labels)  0.3 min
step 240/2000  loss 0.0822  val macro-AUROC 0.6780 (best 0.6780, 71 labels)  0.3 min
step 280/2000  loss 0.0722  val macro-AUROC 0.6812 (best 0.6812, 71 labels)  0.4 min
step 320/2000  loss 0.0578  val macro-AUROC 0.6956 (best 0.6956, 71 labels)  0.4 min
step 360/2000  loss 0.0510  val macro-AUROC 0.6129 (best 0.6956, 71 labels)  0.5 min
step 400/2000  loss 0.0351  val macro-AUROC 0.6661 (best 0.6956, 71 labels)  0.5 min
step 440/2000  loss 0.0320  val macro-AUROC 0.6452 (best 0.6956, 71 labels)  0.6 min
step 480/2000  loss 0.0243  val macro-AUROC 0.6371 (best 0.6956, 71 labels)  0.6 min
step 520/2000  loss 0.0157  val macro-AUROC 0.6519 (best 0.6956, 71 labels)  0.7 min
step 560/2000  loss 0.0171  val macro-AUROC 0.6676 (best 0.6956, 71 labels)  0.7 min
step 600/2000  loss 0.0124  val macro-AUROC 0.6255 (best 0.6956, 71 labels)  0.8 min
step 640/2000  loss 0.0110  val macro-AUROC 0.6537 (best 0.6956, 71 labels)  0.8 min
step 680/2000  loss 0.0102  val macro-AUROC 0.6771 (best 0.6956, 71 labels)  0.9 min
step 720/2000  loss 0.0101  val macro-AUROC 0.6749 (best 0.6956, 71 labels)  0.9 min
step 760/2000  loss 0.0064  val macro-AUROC 0.6718 (best 0.6956, 71 labels)  0.9 min
step 800/2000  loss 0.0086  val macro-AUROC 0.6731 (best 0.6956, 71 labels)  1.0 min
step 840/2000  loss 0.0057  val macro-AUROC 0.6611 (best 0.6956, 71 labels)  1.0 min
step 880/2000  loss 0.0048  val macro-AUROC 0.6545 (best 0.6956, 71 labels)  1.1 min
step 920/2000  loss 0.0049  val macro-AUROC 0.6489 (best 0.6956, 71 labels)  1.1 min
step 960/2000  loss 0.0040  val macro-AUROC 0.6792 (best 0.6956, 71 labels)  1.2 min
step 1000/2000  loss 0.0042  val macro-AUROC 0.6491 (best 0.6956, 71 labels)  1.2 min
step 1040/2000  loss 0.0057  val macro-AUROC 0.6795 (best 0.6956, 71 labels)  1.3 min
step 1080/2000  loss 0.0029  val macro-AUROC 0.6525 (best 0.6956, 71 labels)  1.3 min
step 1120/2000  loss 0.0028  val macro-AUROC 0.6697 (best 0.6956, 71 labels)  1.4 min
step 1160/2000  loss 0.0047  val macro-AUROC 0.6636 (best 0.6956, 71 labels)  1.4 min
step 1200/2000  loss 0.0047  val macro-AUROC 0.6618 (best 0.6956, 71 labels)  1.5 min
step 1240/2000  loss 0.0028  val macro-AUROC 0.6634 (best 0.6956, 71 labels)  1.5 min
step 1280/2000  loss 0.0029  val macro-AUROC 0.6718 (best 0.6956, 71 labels)  1.6 min
step 1320/2000  loss 0.0035  val macro-AUROC 0.6673 (best 0.6956, 71 labels)  1.6 min
step 1360/2000  loss 0.0031  val macro-AUROC 0.6673 (best 0.6956, 71 labels)  1.7 min
step 1400/2000  loss 0.0021  val macro-AUROC 0.6797 (best 0.6956, 71 labels)  1.7 min
step 1440/2000  loss 0.0019  val macro-AUROC 0.6700 (best 0.6956, 71 labels)  1.8 min
step 1480/2000  loss 0.0025  val macro-AUROC 0.6590 (best 0.6956, 71 labels)  1.8 min
step 1520/2000  loss 0.0018  val macro-AUROC 0.6688 (best 0.6956, 71 labels)  1.9 min
step 1560/2000  loss 0.0018  val macro-AUROC 0.6709 (best 0.6956, 71 labels)  1.9 min
step 1600/2000  loss 0.0024  val macro-AUROC 0.6817 (best 0.6956, 71 labels)  2.0 min
step 1640/2000  loss 0.0018  val macro-AUROC 0.6803 (best 0.6956, 71 labels)  2.0 min
step 1680/2000  loss 0.0021  val macro-AUROC 0.6765 (best 0.6956, 71 labels)  2.0 min
step 1720/2000  loss 0.0017  val macro-AUROC 0.6793 (best 0.6956, 71 labels)  2.1 min
step 1760/2000  loss 0.0011  val macro-AUROC 0.6763 (best 0.6956, 71 labels)  2.1 min
step 1800/2000  loss 0.0022  val macro-AUROC 0.6790 (best 0.6956, 71 labels)  2.2 min
step 1840/2000  loss 0.0024  val macro-AUROC 0.6775 (best 0.6956, 71 labels)  2.2 min
step 1880/2000  loss 0.0013  val macro-AUROC 0.6728 (best 0.6956, 71 labels)  2.3 min
step 1920/2000  loss 0.0016  val macro-AUROC 0.6741 (best 0.6956, 71 labels)  2.3 min
step 1960/2000  loss 0.0027  val macro-AUROC 0.6755 (best 0.6956, 71 labels)  2.4 min
step 2000/2000  loss 0.0014  val macro-AUROC 0.6742 (best 0.6956, 71 labels)  2.4 min
{"run_id": "S1_b0.01_s0_lik0", "test_macro_auroc": 0.6749638426591248, "test_e3_macro_auroc": 0.8100068449427988, "sph_e3_macro_auroc": 0.8407502838872691}
