S1_b0.01_s1_lik0: train=182 records, 2000 steps, eval every 40, device=cuda
/tmp/robust-ecg-ssl/scripts/train.py:143: UserWarning: Converting a tensor with requires_grad=True to a scalar may lead to unexpected behavior.
Consider using tensor.detach() first. (Triggered internally at /pytorch/torch/csrc/autograd/generated/python_variable_methods.cpp:836.)
  print(f"step {step}/{total}  loss {float(loss):.4f}  val macro-AUROC {auc:.4f} "
step 40/2000  loss 0.8397  val macro-AUROC 0.5336 (best 0.5336, 71 labels)  0.1 min
step 80/2000  loss 0.7860  val macro-AUROC 0.5950 (best 0.5950, 71 labels)  0.1 min
step 120/2000  loss 0.5868  val macro-AUROC 0.6048 (best 0.6048, 71 labels)  0.1 min
step 160/2000  loss 0.3282  val macro-AUROC 0.6489 (best 0.6489, 71 labels)  0.2 min
step 200/2000  loss 0.1115  val macro-AUROC 0.6983 (best 0.6983, 71 labels)  0.2 min
step 240/2000  loss 0.0785  val macro-AUROC 0.6751 (best 0.6983, 71 labels)  0.3 min
step 280/2000  loss 0.0687  val macro-AUROC 0.6022 (best 0.6983, 71 labels)  0.3 min
step 320/2000  loss 0.0476  val macro-AUROC 0.6019 (best 0.6983, 71 labels)  0.4 min
step 360/2000  loss 0.0359  val macro-AUROC 0.6883 (best 0.6983, 71 labels)  0.4 min
step 400/2000  loss 0.0267  val macro-AUROC 0.6468 (best 0.6983, 71 labels)  0.5 min
step 440/2000  loss 0.0240  val macro-AUROC 0.6629 (best 0.6983, 71 labels)  0.5 min
step 480/2000  loss 0.0180  val macro-AUROC 0.6571 (best 0.6983, 71 labels)  0.6 min
step 520/2000  loss 0.0153  val macro-AUROC 0.6621 (best 0.6983, 71 labels)  0.6 min
step 560/2000  loss 0.0125  val macro-AUROC 0.6764 (best 0.6983, 71 labels)  0.7 min
step 600/2000  loss 0.0128  val macro-AUROC 0.6677 (best 0.6983, 71 labels)  0.7 min
step 640/2000  loss 0.0097  val macro-AUROC 0.6228 (best 0.6983, 71 labels)  0.8 min
step 680/2000  loss 0.0064  val macro-AUROC 0.6695 (best 0.6983, 71 labels)  0.8 min
step 720/2000  loss 0.0058  val macro-AUROC 0.6638 (best 0.6983, 71 labels)  0.9 min
step 760/2000  loss 0.0050  val macro-AUROC 0.6598 (best 0.6983, 71 labels)  0.9 min
step 800/2000  loss 0.0053  val macro-AUROC 0.6616 (best 0.6983, 71 labels)  1.0 min
step 840/2000  loss 0.0054  val macro-AUROC 0.6561 (best 0.6983, 71 labels)  1.0 min
step 880/2000  loss 0.0039  val macro-AUROC 0.6786 (best 0.6983, 71 labels)  1.1 min
step 920/2000  loss 0.0047  val macro-AUROC 0.7159 (best 0.7159, 71 labels)  1.1 min
step 960/2000  loss 0.0039  val macro-AUROC 0.6645 (best 0.7159, 71 labels)  1.2 min
step 1000/2000  loss 0.0024  val macro-AUROC 0.7045 (best 0.7159, 71 labels)  1.2 min
step 1040/2000  loss 0.0029  val macro-AUROC 0.6396 (best 0.7159, 71 labels)  1.2 min
step 1080/2000  loss 0.0031  val macro-AUROC 0.6787 (best 0.7159, 71 labels)  1.3 min
step 1120/2000  loss 0.0020  val macro-AUROC 0.6600 (best 0.7159, 71 labels)  1.3 min
step 1160/2000  loss 0.0028  val macro-AUROC 0.6786 (best 0.7159, 71 labels)  1.4 min
step 1200/2000  loss 0.0033  val macro-AUROC 0.6883 (best 0.7159, 71 labels)  1.4 min
step 1240/2000  loss 0.0034  val macro-AUROC 0.6765 (best 0.7159, 71 labels)  1.5 min
step 1280/2000  loss 0.0024  val macro-AUROC 0.6819 (best 0.7159, 71 labels)  1.5 min
step 1320/2000  loss 0.0025  val macro-AUROC 0.6817 (best 0.7159, 71 labels)  1.6 min
step 1360/2000  loss 0.0022  val macro-AUROC 0.6949 (best 0.7159, 71 labels)  1.6 min
step 1400/2000  loss 0.0019  val macro-AUROC 0.6646 (best 0.7159, 71 labels)  1.7 min
step 1440/2000  loss 0.0015  val macro-AUROC 0.6708 (best 0.7159, 71 labels)  1.7 min
step 1480/2000  loss 0.0018  val macro-AUROC 0.6740 (best 0.7159, 71 labels)  1.8 min
step 1520/2000  loss 0.0013  val macro-AUROC 0.6689 (best 0.7159, 71 labels)  1.8 min
step 1560/2000  loss 0.0014  val macro-AUROC 0.6596 (best 0.7159, 71 labels)  1.9 min
step 1600/2000  loss 0.0012  val macro-AUROC 0.6670 (best 0.7159, 71 labels)  1.9 min
step 1640/2000  loss 0.0013  val macro-AUROC 0.6667 (best 0.7159, 71 labels)  2.0 min
step 1680/2000  loss 0.0018  val macro-AUROC 0.6893 (best 0.7159, 71 labels)  2.0 min
step 1720/2000  loss 0.0011  val macro-AUROC 0.6840 (best 0.7159, 71 labels)  2.0 min
step 1760/2000  loss 0.0014  val macro-AUROC 0.6713 (best 0.7159, 71 labels)  2.1 min
step 1800/2000  loss 0.0017  val macro-AUROC 0.6730 (best 0.7159, 71 labels)  2.1 min
step 1840/2000  loss 0.0017  val macro-AUROC 0.6771 (best 0.7159, 71 labels)  2.2 min
step 1880/2000  loss 0.0012  val macro-AUROC 0.6812 (best 0.7159, 71 labels)  2.2 min
step 1920/2000  loss 0.0019  val macro-AUROC 0.6813 (best 0.7159, 71 labels)  2.3 min
step 1960/2000  loss 0.0015  val macro-AUROC 0.6794 (best 0.7159, 71 labels)  2.3 min
step 2000/2000  loss 0.0016  val macro-AUROC 0.6778 (best 0.7159, 71 labels)  2.4 min
{"run_id": "S1_b0.01_s1_lik0", "test_macro_auroc": 0.6953444322123612, "test_e3_macro_auroc": 0.8368137774858894, "sph_e3_macro_auroc": 0.8564746175318736}
