S1_b0.25_s4_lik0: train=4396 records, 2000 steps, eval every 40, device=cuda
/tmp/robust-ecg-ssl/scripts/train.py:143: UserWarning: Converting a tensor with requires_grad=True to a scalar may lead to unexpected behavior.
Consider using tensor.detach() first. (Triggered internally at /pytorch/torch/csrc/autograd/generated/python_variable_methods.cpp:836.)
  print(f"step {step}/{total}  loss {float(loss):.4f}  val macro-AUROC {auc:.4f} "
step 40/2000  loss 0.8839  val macro-AUROC 0.5737 (best 0.5737, 71 labels)  0.1 min
step 80/2000  loss 0.7461  val macro-AUROC 0.5998 (best 0.5998, 71 labels)  0.1 min
step 120/2000  loss 0.6241  val macro-AUROC 0.6291 (best 0.6291, 71 labels)  0.2 min
step 160/2000  loss 0.3292  val macro-AUROC 0.6379 (best 0.6379, 71 labels)  0.2 min
step 200/2000  loss 0.1175  val macro-AUROC 0.7146 (best 0.7146, 71 labels)  0.3 min
step 240/2000  loss 0.0998  val macro-AUROC 0.7506 (best 0.7506, 71 labels)  0.3 min
step 280/2000  loss 0.1125  val macro-AUROC 0.7684 (best 0.7684, 71 labels)  0.4 min
step 320/2000  loss 0.1050  val macro-AUROC 0.7696 (best 0.7696, 71 labels)  0.4 min
step 360/2000  loss 0.1008  val macro-AUROC 0.7881 (best 0.7881, 71 labels)  0.4 min
step 400/2000  loss 0.0898  val macro-AUROC 0.7980 (best 0.7980, 71 labels)  0.5 min
step 440/2000  loss 0.0914  val macro-AUROC 0.7883 (best 0.7980, 71 labels)  0.5 min
step 480/2000  loss 0.0759  val macro-AUROC 0.7954 (best 0.7980, 71 labels)  0.6 min
step 520/2000  loss 0.0742  val macro-AUROC 0.7882 (best 0.7980, 71 labels)  0.6 min
step 560/2000  loss 0.0786  val macro-AUROC 0.8363 (best 0.8363, 71 labels)  0.7 min
step 600/2000  loss 0.0785  val macro-AUROC 0.8297 (best 0.8363, 71 labels)  0.7 min
step 640/2000  loss 0.0785  val macro-AUROC 0.8352 (best 0.8363, 71 labels)  0.8 min
step 680/2000  loss 0.0893  val macro-AUROC 0.8393 (best 0.8393, 71 labels)  0.8 min
step 720/2000  loss 0.0646  val macro-AUROC 0.8565 (best 0.8565, 71 labels)  0.9 min
step 760/2000  loss 0.0685  val macro-AUROC 0.8594 (best 0.8594, 71 labels)  0.9 min
step 800/2000  loss 0.0634  val macro-AUROC 0.8627 (best 0.8627, 71 labels)  1.0 min
step 840/2000  loss 0.0741  val macro-AUROC 0.8695 (best 0.8695, 71 labels)  1.0 min
step 880/2000  loss 0.0724  val macro-AUROC 0.8639 (best 0.8695, 71 labels)  1.1 min
step 920/2000  loss 0.0753  val macro-AUROC 0.8737 (best 0.8737, 71 labels)  1.1 min
step 960/2000  loss 0.0685  val macro-AUROC 0.8706 (best 0.8737, 71 labels)  1.2 min
step 1000/2000  loss 0.0758  val macro-AUROC 0.8697 (best 0.8737, 71 labels)  1.2 min
step 1040/2000  loss 0.0750  val macro-AUROC 0.8772 (best 0.8772, 71 labels)  1.2 min
step 1080/2000  loss 0.0787  val macro-AUROC 0.8788 (best 0.8788, 71 labels)  1.3 min
step 1120/2000  loss 0.0670  val macro-AUROC 0.8859 (best 0.8859, 71 labels)  1.3 min
step 1160/2000  loss 0.0656  val macro-AUROC 0.8785 (best 0.8859, 71 labels)  1.4 min
step 1200/2000  loss 0.0553  val macro-AUROC 0.8832 (best 0.8859, 71 labels)  1.4 min
step 1240/2000  loss 0.0578  val macro-AUROC 0.8845 (best 0.8859, 71 labels)  1.5 min
step 1280/2000  loss 0.0603  val macro-AUROC 0.8895 (best 0.8895, 71 labels)  1.5 min
step 1320/2000  loss 0.0623  val macro-AUROC 0.8884 (best 0.8895, 71 labels)  1.6 min
step 1360/2000  loss 0.0618  val macro-AUROC 0.8927 (best 0.8927, 71 labels)  1.6 min
step 1400/2000  loss 0.0612  val macro-AUROC 0.8870 (best 0.8927, 71 labels)  1.7 min
step 1440/2000  loss 0.0660  val macro-AUROC 0.8884 (best 0.8927, 71 labels)  1.7 min
step 1480/2000  loss 0.0608  val macro-AUROC 0.8899 (best 0.8927, 71 labels)  1.8 min
step 1520/2000  loss 0.0519  val macro-AUROC 0.8882 (best 0.8927, 71 labels)  1.8 min
step 1560/2000  loss 0.0590  val macro-AUROC 0.8925 (best 0.8927, 71 labels)  1.8 min
step 1600/2000  loss 0.0634  val macro-AUROC 0.8924 (best 0.8927, 71 labels)  1.9 min
step 1640/2000  loss 0.0587  val macro-AUROC 0.8927 (best 0.8927, 71 labels)  2.0 min
step 1680/2000  loss 0.0514  val macro-AUROC 0.8895 (best 0.8927, 71 labels)  2.0 min
step 1720/2000  loss 0.0558  val macro-AUROC 0.8895 (best 0.8927, 71 labels)  2.0 min
step 1760/2000  loss 0.0538  val macro-AUROC 0.8914 (best 0.8927, 71 labels)  2.1 min
step 1800/2000  loss 0.0553  val macro-AUROC 0.8916 (best 0.8927, 71 labels)  2.1 min
step 1840/2000  loss 0.0515  val macro-AUROC 0.8915 (best 0.8927, 71 labels)  2.2 min
step 1880/2000  loss 0.0525  val macro-AUROC 0.8904 (best 0.8927, 71 labels)  2.2 min
step 1920/2000  loss 0.0575  val macro-AUROC 0.8908 (best 0.8927, 71 labels)  2.3 min
step 1960/2000  loss 0.0585  val macro-AUROC 0.8909 (best 0.8927, 71 labels)  2.3 min
step 2000/2000  loss 0.0510  val macro-AUROC 0.8908 (best 0.8927, 71 labels)  2.4 min
{"run_id": "S1_b0.25_s4_lik0", "test_macro_auroc": 0.8864289346291515, "test_e3_macro_auroc": 0.9668346800481084, "sph_e3_macro_auroc": 0.9679492866162942}
