S1_b0.25_s3_lik0: train=4384 records, 2000 steps, eval every 40, device=cuda
/tmp/robust-ecg-ssl/scripts/train.py:143: UserWarning: Converting a tensor with requires_grad=True to a scalar may lead to unexpected behavior.
Consider using tensor.detach() first. (Triggered internally at /pytorch/torch/csrc/autograd/generated/python_variable_methods.cpp:836.)
  print(f"step {step}/{total}  loss {float(loss):.4f}  val macro-AUROC {auc:.4f} "
step 40/2000  loss 0.8516  val macro-AUROC 0.5768 (best 0.5768, 71 labels)  0.1 min
step 80/2000  loss 0.7677  val macro-AUROC 0.6237 (best 0.6237, 71 labels)  0.1 min
step 120/2000  loss 0.6140  val macro-AUROC 0.6299 (best 0.6299, 71 labels)  0.2 min
step 160/2000  loss 0.3208  val macro-AUROC 0.6588 (best 0.6588, 71 labels)  0.2 min
step 200/2000  loss 0.1264  val macro-AUROC 0.7023 (best 0.7023, 71 labels)  0.3 min
step 240/2000  loss 0.1042  val macro-AUROC 0.7462 (best 0.7462, 71 labels)  0.3 min
step 280/2000  loss 0.0999  val macro-AUROC 0.7583 (best 0.7583, 71 labels)  0.3 min
step 320/2000  loss 0.0831  val macro-AUROC 0.7756 (best 0.7756, 71 labels)  0.4 min
step 360/2000  loss 0.1024  val macro-AUROC 0.4508 (best 0.7756, 71 labels)  0.4 min
step 400/2000  loss 0.0954  val macro-AUROC 0.7742 (best 0.7756, 71 labels)  0.5 min
step 440/2000  loss 0.0836  val macro-AUROC 0.7901 (best 0.7901, 71 labels)  0.5 min
step 480/2000  loss 0.0852  val macro-AUROC 0.8077 (best 0.8077, 71 labels)  0.6 min
step 520/2000  loss 0.0871  val macro-AUROC 0.8273 (best 0.8273, 71 labels)  0.6 min
step 560/2000  loss 0.1018  val macro-AUROC 0.7634 (best 0.8273, 71 labels)  0.7 min
step 600/2000  loss 0.0753  val macro-AUROC 0.8247 (best 0.8273, 71 labels)  0.7 min
step 640/2000  loss 0.0813  val macro-AUROC 0.8471 (best 0.8471, 71 labels)  0.8 min
step 680/2000  loss 0.0737  val macro-AUROC 0.8187 (best 0.8471, 71 labels)  0.8 min
step 720/2000  loss 0.0758  val macro-AUROC 0.8429 (best 0.8471, 71 labels)  0.9 min
step 760/2000  loss 0.0790  val macro-AUROC 0.8477 (best 0.8477, 71 labels)  0.9 min
step 800/2000  loss 0.0862  val macro-AUROC 0.8505 (best 0.8505, 71 labels)  1.0 min
step 840/2000  loss 0.0692  val macro-AUROC 0.8506 (best 0.8506, 71 labels)  1.0 min
step 880/2000  loss 0.0656  val macro-AUROC 0.8583 (best 0.8583, 71 labels)  1.1 min
step 920/2000  loss 0.0784  val macro-AUROC 0.8659 (best 0.8659, 71 labels)  1.1 min
step 960/2000  loss 0.0636  val macro-AUROC 0.8641 (best 0.8659, 71 labels)  1.2 min
step 1000/2000  loss 0.0743  val macro-AUROC 0.8635 (best 0.8659, 71 labels)  1.2 min
step 1040/2000  loss 0.0692  val macro-AUROC 0.8700 (best 0.8700, 71 labels)  1.2 min
step 1080/2000  loss 0.0670  val macro-AUROC 0.8639 (best 0.8700, 71 labels)  1.3 min
step 1120/2000  loss 0.0675  val macro-AUROC 0.8628 (best 0.8700, 71 labels)  1.3 min
step 1160/2000  loss 0.0638  val macro-AUROC 0.8737 (best 0.8737, 71 labels)  1.4 min
step 1200/2000  loss 0.0614  val macro-AUROC 0.8743 (best 0.8743, 71 labels)  1.4 min
step 1240/2000  loss 0.0586  val macro-AUROC 0.8770 (best 0.8770, 71 labels)  1.5 min
step 1280/2000  loss 0.0642  val macro-AUROC 0.8833 (best 0.8833, 71 labels)  1.5 min
step 1320/2000  loss 0.0638  val macro-AUROC 0.8779 (best 0.8833, 71 labels)  1.6 min
step 1360/2000  loss 0.0645  val macro-AUROC 0.8782 (best 0.8833, 71 labels)  1.6 min
step 1400/2000  loss 0.0590  val macro-AUROC 0.8847 (best 0.8847, 71 labels)  1.7 min
step 1440/2000  loss 0.0538  val macro-AUROC 0.8882 (best 0.8882, 71 labels)  1.7 min
step 1480/2000  loss 0.0567  val macro-AUROC 0.8849 (best 0.8882, 71 labels)  1.8 min
step 1520/2000  loss 0.0584  val macro-AUROC 0.8875 (best 0.8882, 71 labels)  1.8 min
step 1560/2000  loss 0.0565  val macro-AUROC 0.8854 (best 0.8882, 71 labels)  1.9 min
step 1600/2000  loss 0.0602  val macro-AUROC 0.8866 (best 0.8882, 71 labels)  1.9 min
step 1640/2000  loss 0.0504  val macro-AUROC 0.8846 (best 0.8882, 71 labels)  2.0 min
step 1680/2000  loss 0.0559  val macro-AUROC 0.8879 (best 0.8882, 71 labels)  2.0 min
step 1720/2000  loss 0.0547  val macro-AUROC 0.8905 (best 0.8905, 71 labels)  2.1 min
step 1760/2000  loss 0.0611  val macro-AUROC 0.8913 (best 0.8913, 71 labels)  2.1 min
step 1800/2000  loss 0.0594  val macro-AUROC 0.8880 (best 0.8913, 71 labels)  2.1 min
step 1840/2000  loss 0.0635  val macro-AUROC 0.8896 (best 0.8913, 71 labels)  2.2 min
step 1880/2000  loss 0.0622  val macro-AUROC 0.8901 (best 0.8913, 71 labels)  2.2 min
step 1920/2000  loss 0.0557  val macro-AUROC 0.8904 (best 0.8913, 71 labels)  2.3 min
step 1960/2000  loss 0.0625  val macro-AUROC 0.8895 (best 0.8913, 71 labels)  2.3 min
step 2000/2000  loss 0.0566  val macro-AUROC 0.8906 (best 0.8913, 71 labels)  2.4 min
{"run_id": "S1_b0.25_s3_lik0", "test_macro_auroc": 0.8877976360968576, "test_e3_macro_auroc": 0.9633104656070418, "sph_e3_macro_auroc": 0.9651309458271111}
