S1_b0.05_s2_lik0: train=860 records, 2000 steps, eval every 40, device=cuda
/tmp/robust-ecg-ssl/scripts/train.py:143: UserWarning: Converting a tensor with requires_grad=True to a scalar may lead to unexpected behavior.
Consider using tensor.detach() first. (Triggered internally at /pytorch/torch/csrc/autograd/generated/python_variable_methods.cpp:836.)
  print(f"step {step}/{total}  loss {float(loss):.4f}  val macro-AUROC {auc:.4f} "
step 40/2000  loss 0.8757  val macro-AUROC 0.5676 (best 0.5676, 71 labels)  0.1 min
step 80/2000  loss 0.7449  val macro-AUROC 0.5804 (best 0.5804, 71 labels)  0.1 min
step 120/2000  loss 0.6402  val macro-AUROC 0.6239 (best 0.6239, 71 labels)  0.2 min
step 160/2000  loss 0.2820  val macro-AUROC 0.6410 (best 0.6410, 71 labels)  0.2 min
step 200/2000  loss 0.1175  val macro-AUROC 0.7149 (best 0.7149, 71 labels)  0.3 min
step 240/2000  loss 0.0915  val macro-AUROC 0.7606 (best 0.7606, 71 labels)  0.3 min
step 280/2000  loss 0.0890  val macro-AUROC 0.7855 (best 0.7855, 71 labels)  0.4 min
step 320/2000  loss 0.0887  val macro-AUROC 0.6742 (best 0.7855, 71 labels)  0.4 min
step 360/2000  loss 0.0824  val macro-AUROC 0.7964 (best 0.7964, 71 labels)  0.5 min
step 400/2000  loss 0.0886  val macro-AUROC 0.7939 (best 0.7964, 71 labels)  0.5 min
step 440/2000  loss 0.0748  val macro-AUROC 0.7937 (best 0.7964, 71 labels)  0.5 min
step 480/2000  loss 0.0915  val macro-AUROC 0.7847 (best 0.7964, 71 labels)  0.6 min
step 520/2000  loss 0.0835  val macro-AUROC 0.7990 (best 0.7990, 71 labels)  0.6 min
step 560/2000  loss 0.0644  val macro-AUROC 0.8166 (best 0.8166, 71 labels)  0.7 min
step 600/2000  loss 0.0601  val macro-AUROC 0.8146 (best 0.8166, 71 labels)  0.7 min
step 640/2000  loss 0.0494  val macro-AUROC 0.7928 (best 0.8166, 71 labels)  0.8 min
step 680/2000  loss 0.0492  val macro-AUROC 0.7965 (best 0.8166, 71 labels)  0.8 min
step 720/2000  loss 0.0590  val macro-AUROC 0.8060 (best 0.8166, 71 labels)  0.9 min
step 760/2000  loss 0.0550  val macro-AUROC 0.7938 (best 0.8166, 71 labels)  0.9 min
step 800/2000  loss 0.0478  val macro-AUROC 0.8185 (best 0.8185, 71 labels)  1.0 min
step 840/2000  loss 0.0399  val macro-AUROC 0.8115 (best 0.8185, 71 labels)  1.0 min
step 880/2000  loss 0.0393  val macro-AUROC 0.8151 (best 0.8185, 71 labels)  1.1 min
step 920/2000  loss 0.0316  val macro-AUROC 0.7986 (best 0.8185, 71 labels)  1.1 min
step 960/2000  loss 0.0402  val macro-AUROC 0.7988 (best 0.8185, 71 labels)  1.2 min
step 1000/2000  loss 0.0298  val macro-AUROC 0.8259 (best 0.8259, 71 labels)  1.2 min
step 1040/2000  loss 0.0307  val macro-AUROC 0.8175 (best 0.8259, 71 labels)  1.3 min
step 1080/2000  loss 0.0334  val macro-AUROC 0.8177 (best 0.8259, 71 labels)  1.3 min
step 1120/2000  loss 0.0226  val macro-AUROC 0.8056 (best 0.8259, 71 labels)  1.3 min
step 1160/2000  loss 0.0278  val macro-AUROC 0.8102 (best 0.8259, 71 labels)  1.4 min
step 1200/2000  loss 0.0191  val macro-AUROC 0.8050 (best 0.8259, 71 labels)  1.4 min
step 1240/2000  loss 0.0217  val macro-AUROC 0.8039 (best 0.8259, 71 labels)  1.5 min
step 1280/2000  loss 0.0218  val macro-AUROC 0.8165 (best 0.8259, 71 labels)  1.5 min
step 1320/2000  loss 0.0199  val macro-AUROC 0.8158 (best 0.8259, 71 labels)  1.6 min
step 1360/2000  loss 0.0163  val macro-AUROC 0.8090 (best 0.8259, 71 labels)  1.6 min
step 1400/2000  loss 0.0152  val macro-AUROC 0.8149 (best 0.8259, 71 labels)  1.7 min
step 1440/2000  loss 0.0153  val macro-AUROC 0.7953 (best 0.8259, 71 labels)  1.7 min
step 1480/2000  loss 0.0155  val macro-AUROC 0.8066 (best 0.8259, 71 labels)  1.8 min
step 1520/2000  loss 0.0117  val macro-AUROC 0.8109 (best 0.8259, 71 labels)  1.8 min
step 1560/2000  loss 0.0134  val macro-AUROC 0.8069 (best 0.8259, 71 labels)  1.9 min
step 1600/2000  loss 0.0135  val macro-AUROC 0.7967 (best 0.8259, 71 labels)  1.9 min
step 1640/2000  loss 0.0104  val macro-AUROC 0.8092 (best 0.8259, 71 labels)  1.9 min
step 1680/2000  loss 0.0099  val macro-AUROC 0.8058 (best 0.8259, 71 labels)  2.0 min
step 1720/2000  loss 0.0082  val macro-AUROC 0.8046 (best 0.8259, 71 labels)  2.0 min
step 1760/2000  loss 0.0119  val macro-AUROC 0.7993 (best 0.8259, 71 labels)  2.1 min
step 1800/2000  loss 0.0138  val macro-AUROC 0.8015 (best 0.8259, 71 labels)  2.1 min
step 1840/2000  loss 0.0119  val macro-AUROC 0.8003 (best 0.8259, 71 labels)  2.2 min
step 1880/2000  loss 0.0148  val macro-AUROC 0.8023 (best 0.8259, 71 labels)  2.2 min
step 1920/2000  loss 0.0093  val macro-AUROC 0.8004 (best 0.8259, 71 labels)  2.3 min
step 1960/2000  loss 0.0087  val macro-AUROC 0.8000 (best 0.8259, 71 labels)  2.3 min
step 2000/2000  loss 0.0110  val macro-AUROC 0.8010 (best 0.8259, 71 labels)  2.4 min
{"run_id": "S1_b0.05_s2_lik0", "test_macro_auroc": 0.8001011776067489, "test_e3_macro_auroc": 0.9153655089855588, "sph_e3_macro_auroc": 0.9427964854320765}
