PTB-XL likelihood values on shared statements:
 0.0       4843
10.0         1
14.0         1
15.0      1722
30.0         1
34.0         1
35.0       383
50.0      2397
80.0      2136
100.0    17185

validated_by_human share: 0.737
by strat_fold: {1: 0.673, 2: 0.663, 3: 0.67, 4: 0.681, 5: 0.677, 6: 0.642, 7: 0.679, 8: 0.678, 9: 1.0, 10: 1.0}

PTB-XL train positives (min/max across seeds) by budget:
                             min                              max                            
budget                     0.01 0.05 0.10  0.25  0.50  1.00 0.01 0.05 0.10  0.25  0.50  1.00
role             label                                                                      
exploratory      MI_ANY      27  151  296   760  1575  3145   33  162  318   830  1649  3145
                 NORM        69  365  747  1851  3752  7542   81  399  802  1900  3773  7542
                 TWAVE_ABN    2   11   20    64   126   263    3   12   26    68   132   263
primary          AF           6   45  113   302   587  1211   10   69  134   305   634  1211
                 ASMI         8   70  152   388   790  1610   21   89  162   439   859  1610
                 CLBBB        1   19   36   104   212   428    4   22   48   119   227   428
                 CRBBB        2   22   41   109   220   431    8   26   50   119   241   431
                 IMI         11   64  123   306   672  1366   16   71  126   337   689  1366
                 IRBBB        9   29   76   212   438   891   11   40   84   245   486   891
                 LAFB        13   58  118   295   607  1298   13   65  132   330   648  1298
                 LVH         13   63  120   331   693  1411   16   70  138   373   729  1411
                 PR_PROL      7   41   73   181   396   805    7   48   89   231   427   805
secondary        SARRH        6   21   51   141   290   618    7   44   74   173   314   618
                 SBRAD        1   24   48   122   248   509    6   35   63   148   267   509
                 STACH        3   30   59   154   308   661    7   34   75   178   356   661
window_dependent PAC          2   10   27    71   151   318    4   17   34    86   164   318
                 PVC          5   33   78   214   432   915    9   45  102   253   510   915

SPH positives:
                        role  pos_records  pos_patients
label                                                 
AF                  primary          675           634
PR_PROL             primary          238           233
CRBBB               primary          710           658
IRBBB               primary         1259          1238
CLBBB               primary           84            79
LAFB                primary          154           149
LVH                 primary          209           201
IMI                 primary          120           117
ASMI                primary           91            82
MI_ANY          exploratory          260           242
TWAVE_ABN       exploratory         2218          2155
NORM            exploratory        13905         13498
SBRAD             secondary         2711          2640
STACH             secondary          725           705
SARRH             secondary         1553          1527
PVC        window_dependent         1067          1032
PAC        window_dependent          539           525

Cells below 10 positives are flagged, not dropped. Written: results/e3_label_support_lik50diag.csv
